============================= test session starts ==============================
platform darwin -- Python 3.13.11, pytest-9.0.2, pluggy-1.6.0 -- /Users/mini/Documents/GitHub/codomyrmex/.venv/bin/python3
cachedir: .pytest_cache
benchmark: 5.2.3 (defaults: timer=time.perf_counter disable_gc=False min_rounds=5 min_time=0.000005 max_time=1.0 calibration_precision=10 warmup=False warmup_iterations=100000)
rootdir: /Users/mini/Documents/GitHub/codomyrmex
configfile: pytest.ini
testpaths: src/codomyrmex
plugins: anyio-4.12.1, benchmark-5.2.3, mock-3.15.1, timeout-2.4.0, asyncio-1.3.0, cov-7.0.0
timeout: 300.0s
timeout method: thread
timeout func_only: False
asyncio: mode=Mode.AUTO, debug=False, asyncio_default_fixture_loop_scope=function, asyncio_default_test_loop_scope=function
collecting ... collected 9864 items / 7 skipped

src/codomyrmex/tests/agents/learning/test_skills.py::test_skill_management PASSED [  0%]
src/codomyrmex/tests/agents/learning/test_skills.py::test_duplicate_skill PASSED [  0%]
src/codomyrmex/tests/benchmarks/test_benchmarks.py::test_module_import_time PASSED [  0%]
src/codomyrmex/tests/benchmarks/test_benchmarks.py::test_ast_parsing_speed SKIPPED [  0%]
src/codomyrmex/tests/bio_simulation/test_colony.py::test_colony_simulation PASSED [  0%]
src/codomyrmex/tests/bio_simulation/test_colony.py::test_census PASSED   [  0%]
src/codomyrmex/tests/education/test_curriculum.py::test_curriculum_basics PASSED [  0%]
src/codomyrmex/tests/education/test_curriculum.py::test_lesson_prerequisites PASSED [  0%]
src/codomyrmex/tests/examples/test_config_validation.py::TestConfigValidation::test_config_file_syntax PASSED [  0%]
src/codomyrmex/tests/examples/test_config_validation.py::TestConfigValidation::test_config_required_fields PASSED [  0%]
src/codomyrmex/tests/examples/test_config_validation.py::TestConfigValidation::test_config_field_types PASSED [  0%]
src/codomyrmex/tests/examples/test_config_validation.py::TestConfigValidation::test_environment_variable_substitution PASSED [  0%]
src/codomyrmex/tests/examples/test_config_validation.py::TestConfigValidation::test_config_file_discovery PASSED [  0%]
src/codomyrmex/tests/examples/test_example_execution.py::TestExampleExecution::test_example_execution_basic PASSED [  0%]
src/codomyrmex/tests/examples/test_example_execution.py::TestExampleExecution::test_workflow_execution PASSED [  0%]
src/codomyrmex/tests/examples/test_example_execution.py::TestExampleExecution::test_example_discovery PASSED [  0%]
src/codomyrmex/tests/examples/test_example_execution.py::TestExampleExecution::test_all_examples_execution PASSED [  0%]
src/codomyrmex/tests/examples/test_output_validation.py::TestOutputValidation::test_output_file_generation PASSED [  0%]
src/codomyrmex/tests/examples/test_output_validation.py::TestOutputValidation::test_output_file_naming PASSED [  0%]
src/codomyrmex/tests/examples/test_output_validation.py::TestOutputValidation::test_output_directory_structure PASSED [  0%]
src/codomyrmex/tests/examples/test_output_validation.py::TestOutputValidation::test_output_data_reasonableness PASSED [  0%]
src/codomyrmex/tests/examples/test_output_validation.py::TestOutputValidation::test_log_file_generation PASSED [  0%]
src/codomyrmex/tests/finance/test_ledger.py::test_ledger_initialization PASSED [  0%]
src/codomyrmex/tests/finance/test_ledger.py::test_create_account PASSED  [  0%]
src/codomyrmex/tests/finance/test_ledger.py::test_record_transaction PASSED [  0%]
src/codomyrmex/tests/finance/test_ledger.py::test_invalid_transaction PASSED [  0%]
src/codomyrmex/tests/finance/test_ledger.py::test_trial_balance PASSED   [  0%]
src/codomyrmex/tests/governance/test_contracts.py::test_contract_lifecycle PASSED [  0%]
src/codomyrmex/tests/governance/test_contracts.py::test_invalid_signer PASSED [  0%]
src/codomyrmex/tests/governance/test_contracts.py::test_duplicate_signature PASSED [  0%]
src/codomyrmex/tests/governance/test_policy.py::test_policy_enforcement PASSED [  0%]
src/codomyrmex/tests/governance/test_policy.py::test_multiple_policies PASSED [  0%]
src/codomyrmex/tests/integration/ai_code_editing/test_ai_code_execution_flow.py::TestAICodeExecutionWorkflow::test_simple_function_generation_and_execution SKIPPED [  0%]
src/codomyrmex/tests/integration/ai_code_editing/test_ai_code_execution_flow.py::TestAICodeExecutionWorkflow::test_code_with_input_execution SKIPPED [  0%]
src/codomyrmex/tests/integration/ai_code_editing/test_ai_code_execution_flow.py::TestAICodeExecutionWorkflow::test_execution_with_resource_limits SKIPPED [  0%]
src/codomyrmex/tests/integration/ai_code_editing/test_ai_code_execution_flow.py::TestAICodeExecutionWorkflow::test_execution_timeout_handling SKIPPED [  0%]
src/codomyrmex/tests/integration/ai_code_editing/test_ai_code_execution_flow.py::TestAICodeExecutionWorkflow::test_security_isolation PASSED [  0%]
src/codomyrmex/tests/integration/ai_code_editing/test_ai_code_execution_flow.py::TestAICodeExecutionWorkflow::test_error_handling_workflow SKIPPED [  0%]
src/codomyrmex/tests/integration/ai_code_editing/test_ai_code_execution_flow.py::TestAICodeExecutionWorkflow::test_multiple_languages_integration PASSED [  0%]
src/codomyrmex/tests/integration/ai_code_editing/test_ai_code_execution_flow.py::TestAICodeExecutionWorkflow::test_workflow_performance_monitoring SKIPPED [  0%]
src/codomyrmex/tests/integration/ai_code_editing/test_ai_code_execution_flow.py::TestAICodeExecutionWorkflow::test_workflow_error_recovery PASSED [  0%]
src/codomyrmex/tests/integration/ai_code_editing/test_ai_code_execution_flow.py::TestAICodeExecutionWorkflow::test_large_output_handling SKIPPED [  0%]
src/codomyrmex/tests/integration/data_visualization/test_visualization_performance.py::TestVisualizationPerformanceWorkflow::test_basic_visualization_creation SKIPPED [  0%]
src/codomyrmex/tests/integration/data_visualization/test_visualization_performance.py::TestVisualizationPerformanceWorkflow::test_performance_function_profiling PASSED [  0%]
src/codomyrmex/tests/integration/data_visualization/test_visualization_performance.py::TestVisualizationPerformanceWorkflow::test_benchmark_execution PASSED [  0%]
src/codomyrmex/tests/integration/data_visualization/test_visualization_performance.py::TestVisualizationPerformanceWorkflow::test_performance_logger_integration PASSED [  0%]
src/codomyrmex/tests/integration/data_visualization/test_visualization_performance.py::TestVisualizationPerformanceWorkflow::test_visualization_performance_integration SKIPPED [  0%]
src/codomyrmex/tests/integration/data_visualization/test_visualization_performance.py::TestVisualizationPerformanceWorkflow::test_performance_data_visualization SKIPPED [  0%]
src/codomyrmex/tests/integration/data_visualization/test_visualization_performance.py::TestVisualizationPerformanceWorkflow::test_visualization_error_handling SKIPPED [  0%]
src/codomyrmex/tests/integration/data_visualization/test_visualization_performance.py::TestVisualizationPerformanceWorkflow::test_performance_error_handling PASSED [  0%]
src/codomyrmex/tests/integration/data_visualization/test_visualization_performance.py::TestVisualizationPerformanceWorkflow::test_performance_profiler_class PASSED [  0%]
src/codomyrmex/tests/integration/data_visualization/test_visualization_performance.py::TestVisualizationPerformanceWorkflow::test_workflow_data_consistency PASSED [  0%]
src/codomyrmex/tests/integration/data_visualization/test_visualization_performance.py::TestVisualizationPerformanceWorkflow::test_memory_performance_tracking PASSED [  0%]
src/codomyrmex/tests/integration/data_visualization/test_visualization_performance.py::TestVisualizationPerformanceWorkflow::test_cpu_performance_tracking PASSED [  0%]
src/codomyrmex/tests/integration/data_visualization/test_visualization_performance.py::TestVisualizationPerformanceWorkflow::test_visualization_output_formats PASSED [  0%]
src/codomyrmex/tests/integration/data_visualization/test_visualization_performance.py::TestVisualizationPerformanceWorkflow::test_performance_benchmark_statistics PASSED [  0%]
src/codomyrmex/tests/integration/data_visualization/test_visualization_performance.py::TestVisualizationPerformanceWorkflow::test_integration_workflow_performance PASSED [  0%]
src/codomyrmex/tests/integration/documentation/test_documentation_accuracy.py::TestDocumentationAccuracy::test_data_visualization_api_exists PASSED [  0%]
src/codomyrmex/tests/integration/documentation/test_documentation_accuracy.py::TestDocumentationAccuracy::test_data_visualization_functionality PASSED [  0%]
src/codomyrmex/tests/integration/documentation/test_documentation_accuracy.py::TestDocumentationAccuracy::test_static_analysis_api_exists PASSED [  0%]
src/codomyrmex/tests/integration/documentation/test_documentation_accuracy.py::TestDocumentationAccuracy::test_static_analysis_functionality PASSED [  0%]
src/codomyrmex/tests/integration/documentation/test_documentation_accuracy.py::TestDocumentationAccuracy::test_code_execution_api_exists PASSED [  0%]
src/codomyrmex/tests/integration/documentation/test_documentation_accuracy.py::TestDocumentationAccuracy::test_code_execution_functionality SKIPPED [  0%]
src/codomyrmex/tests/integration/documentation/test_documentation_accuracy.py::TestDocumentationAccuracy::test_git_operations_api_exists PASSED [  0%]
src/codomyrmex/tests/integration/documentation/test_documentation_accuracy.py::TestDocumentationAccuracy::test_environment_setup_api_exists PASSED [  0%]
src/codomyrmex/tests/integration/documentation/test_documentation_accuracy.py::TestDocumentationAccuracy::test_build_synthesis_api_exists PASSED [  0%]
src/codomyrmex/tests/integration/documentation/test_documentation_accuracy.py::TestDocumentationAccuracy::test_logging_api_exists PASSED [  0%]
src/codomyrmex/tests/integration/documentation/test_documentation_accuracy.py::TestDocumentationAccuracy::test_plot_utilities_api_exists PASSED [  0%]
src/codomyrmex/tests/integration/documentation/test_documentation_accuracy.py::TestDocumentationAccuracy::test_all_visualization_modules_exist PASSED [  0%]
src/codomyrmex/tests/integration/documentation/test_documentation_accuracy.py::TestDocumentationAccuracy::test_mcp_schemas_exist PASSED [  0%]
src/codomyrmex/tests/integration/documentation/test_documentation_accuracy.py::TestDocumentationAccuracy::test_repository_management_classes_exist PASSED [  0%]
src/codomyrmex/tests/integration/documentation/test_documentation_accuracy.py::TestDocumentationAccuracy::test_comprehensive_workflow_functions_work_together PASSED [  0%]
src/codomyrmex/tests/integration/documentation/test_documentation_accuracy.py::TestDocumentationAccuracy::test_no_documented_functions_are_missing PASSED [  0%]
src/codomyrmex/tests/integration/documentation/test_documentation_accuracy.py::TestRealMethodsInDocumentation::test_performance_benchmarks_use_real_functions PASSED [  0%]
src/codomyrmex/tests/integration/documentation/test_documentation_accuracy.py::TestRealMethodsInDocumentation::test_testing_strategy_examples_work PASSED [  0%]
src/codomyrmex/tests/integration/documents/test_documents_integration.py::TestDocumentWorkflows::test_read_write_workflow PASSED [  0%]
src/codomyrmex/tests/integration/documents/test_documents_integration.py::TestDocumentWorkflows::test_format_conversion_workflow PASSED [  0%]
src/codomyrmex/tests/integration/documents/test_documents_integration.py::TestDocumentWorkflows::test_merge_workflow PASSED [  0%]
src/codomyrmex/tests/integration/documents/test_documents_integration.py::TestCrossFormatOperations::test_json_to_yaml_roundtrip PASSED [  0%]
src/codomyrmex/tests/integration/documents/test_documents_integration.py::TestErrorPropagation::test_error_handling_in_workflow PASSED [  0%]
src/codomyrmex/tests/integration/documents/test_documents_integration.py::TestErrorPropagation::test_invalid_format_handling PASSED [  0%]
src/codomyrmex/tests/integration/git_operations/test_git_integration.py::test_git_workflow_real_repo PASSED [  0%]
src/codomyrmex/tests/integration/git_operations/test_git_integration.py::test_git_init_real PASSED [  0%]
src/codomyrmex/tests/integration/git_operations/test_github_functionality_demo.py::test_all_git_operations PASSED [  0%]
src/codomyrmex/tests/integration/security/test_analysis_security_cicd.py::TestAnalysisSecurityCICDWorkflow::test_static_analysis_integration PASSED [  0%]
src/codomyrmex/tests/integration/security/test_analysis_security_cicd.py::TestAnalysisSecurityCICDWorkflow::test_security_audit_integration PASSED [  0%]
src/codomyrmex/tests/integration/security/test_analysis_security_cicd.py::TestAnalysisSecurityCICDWorkflow::test_compliance_checking_integration PASSED [  0%]
src/codomyrmex/tests/integration/security/test_analysis_security_cicd.py::TestAnalysisSecurityCICDWorkflow::test_advanced_security_analysis_integration PASSED [  0%]
src/codomyrmex/tests/integration/security/test_analysis_security_cicd.py::TestAnalysisSecurityCICDWorkflow::test_cicd_pipeline_creation SKIPPED [  0%]
src/codomyrmex/tests/integration/security/test_analysis_security_cicd.py::TestAnalysisSecurityCICDWorkflow::test_pipeline_validation_integration SKIPPED [  0%]
src/codomyrmex/tests/integration/security/test_analysis_security_cicd.py::TestAnalysisSecurityCICDWorkflow::test_complete_workflow_integration SKIPPED [  0%]
src/codomyrmex/tests/integration/security/test_analysis_security_cicd.py::TestAnalysisSecurityCICDWorkflow::test_workflow_error_handling PASSED [  0%]
src/codomyrmex/tests/integration/security/test_analysis_security_cicd.py::TestAnalysisSecurityCICDWorkflow::test_workflow_performance PASSED [  0%]
src/codomyrmex/tests/integration/security/test_analysis_security_cicd.py::TestAnalysisSecurityCICDWorkflow::test_data_flow_between_modules PASSED [  0%]
src/codomyrmex/tests/integration/security/test_security_integration.py::TestCrossSubmoduleWorkflows::test_comprehensive_security_assessment PASSED [  0%]
src/codomyrmex/tests/integration/security/test_security_integration.py::TestCrossSubmoduleWorkflows::test_security_workflow_with_risk_assessment PASSED [  0%]
src/codomyrmex/tests/integration/security/test_security_integration.py::TestSecurityIntegrationWithOtherModules::test_security_with_logging PASSED [  0%]
src/codomyrmex/tests/integration/security/test_security_integration.py::TestSecurityIntegrationWithOtherModules::test_security_with_static_analysis PASSED [  0%]
src/codomyrmex/tests/integration/test_correlation_e2e.py::test_call_tool_correlation PASSED [  1%]
src/codomyrmex/tests/integration/test_correlation_e2e.py::test_mcp_server_http_correlation PASSED [  1%]
src/codomyrmex/tests/integration/test_cross_module_workflows.py::TestCrossModuleWorkflows::test_development_workflow SKIPPED [  1%]
src/codomyrmex/tests/integration/test_cross_module_workflows.py::TestCrossModuleWorkflows::test_ci_cd_quality_gate_workflow SKIPPED [  1%]
src/codomyrmex/tests/integration/test_cross_module_workflows.py::TestCrossModuleWorkflows::test_performance_testing_workflow SKIPPED [  1%]
src/codomyrmex/tests/integration/test_cross_module_workflows.py::TestCrossModuleWorkflows::test_workflow_coordination_and_reporting PASSED [  1%]
src/codomyrmex/tests/integration/test_cross_module_workflows.py::TestCrossModuleWorkflows::test_error_handling_across_workflows PASSED [  1%]
src/codomyrmex/tests/integration/test_cross_module_workflows.py::TestCrossModuleWorkflows::test_workflow_performance_metrics PASSED [  1%]
src/codomyrmex/tests/integration/test_cross_module_workflows.py::TestCrossModuleWorkflows::test_data_consistency_across_workflows PASSED [  1%]
src/codomyrmex/tests/integration/test_cross_module_workflows.py::TestCrossModuleWorkflows::test_module_interoperability PASSED [  1%]
src/codomyrmex/tests/integration/test_improvements.py::TestComprehensiveImprovements::test_exception_hierarchy_available PASSED [  1%]
src/codomyrmex/tests/integration/test_improvements.py::TestComprehensiveImprovements::test_logging_infrastructure_available PASSED [  1%]
src/codomyrmex/tests/integration/test_improvements.py::TestComprehensiveImprovements::test_module_imports_work PASSED [  1%]
src/codomyrmex/tests/integration/test_improvements.py::TestComprehensiveImprovements::test_exception_context_functionality PASSED [  1%]
src/codomyrmex/tests/integration/test_improvements.py::TestComprehensiveImprovements::test_exception_serialization PASSED [  1%]
src/codomyrmex/tests/integration/test_improvements.py::TestComprehensiveImprovements::test_cross_module_exception_handling PASSED [  1%]
src/codomyrmex/tests/integration/test_improvements.py::TestComprehensiveImprovements::test_overall_infrastructure_health PASSED [  1%]
src/codomyrmex/tests/integration/test_scripts_integration.py::test_audit_documentation_help PASSED [  1%]
src/codomyrmex/tests/integration/test_scripts_integration.py::test_fix_missing_docstrings_help PASSED [  1%]
src/codomyrmex/tests/integration/test_scripts_integration.py::test_run_all_scripts_help PASSED [  1%]
src/codomyrmex/tests/integration/test_scripts_integration.py::test_launch_dashboard_help PASSED [  1%]
src/codomyrmex/tests/integration/test_scripts_integration.py::test_demo_defense_import PASSED [  1%]
src/codomyrmex/tests/integration/test_scripts_integration.py::test_verify_phase1_execution PASSED [  1%]
src/codomyrmex/tests/integration/test_scripts_integration.py::test_finalize_root_docs_help PASSED [  1%]
src/codomyrmex/tests/integration/test_scripts_integration.py::test_remediate_documentation_help PASSED [  1%]
src/codomyrmex/tests/integration/test_scripts_integration.py::test_restore_descriptions_help PASSED [  1%]
src/codomyrmex/tests/integration/test_scripts_integration.py::test_update_pai_docs_help PASSED [  1%]
src/codomyrmex/tests/integration/test_scripts_integration.py::test_update_root_docs_help PASSED [  1%]
src/codomyrmex/tests/integration/test_scripts_integration.py::test_update_spec_md_help PASSED [  1%]
src/codomyrmex/tests/integration/workflows/test_cli_doctor.py::TestCLIDoctor::test_check_module_imports PASSED [  1%]
src/codomyrmex/tests/integration/workflows/test_cli_doctor.py::TestCLIDoctor::test_check_pai PASSED [  1%]
src/codomyrmex/tests/integration/workflows/test_cli_doctor.py::TestCLIDoctor::test_check_mcp PASSED [  1%]
src/codomyrmex/tests/integration/workflows/test_cli_doctor.py::TestCLIDoctor::test_check_rasp PASSED [  1%]
src/codomyrmex/tests/integration/workflows/test_cli_doctor.py::TestCLIDoctor::test_check_workflows PASSED [  1%]
src/codomyrmex/tests/integration/workflows/test_cli_doctor.py::TestCLIDoctor::test_run_doctor_default PASSED [  1%]
src/codomyrmex/tests/integration/workflows/test_cli_doctor.py::TestCLIDoctor::test_run_doctor_json_output PASSED [  1%]
src/codomyrmex/tests/integration/workflows/test_cli_doctor.py::TestCLIDoctor::test_run_doctor_all PASSED [  1%]
src/codomyrmex/tests/integration/workflows/test_infinite_conversation.py::TestInfiniteConversation::test_ollama_reachable PASSED [  1%]
src/codomyrmex/tests/integration/workflows/test_infinite_conversation.py::TestInfiniteConversation::test_single_turn_ollama_conversation PASSED [  1%]
src/codomyrmex/tests/integration/workflows/test_infinite_conversation.py::TestInfiniteConversation::test_multi_turn_conversation PASSED [  1%]
src/codomyrmex/tests/integration/workflows/test_infinite_conversation.py::TestInfiniteConversation::test_multi_agent_relay_persistence PASSED [  1%]
src/codomyrmex/tests/integration/workflows/test_infinite_conversation.py::TestInfiniteConversation::test_conversation_log_structure PASSED [  1%]
src/codomyrmex/tests/integration/workflows/test_infinite_conversation.py::TestInfiniteConversation::test_graceful_shutdown PASSED [  1%]
src/codomyrmex/tests/integration/workflows/test_infinite_conversation.py::TestInfiniteConversation::test_three_agent_conversation PASSED [  1%]
src/codomyrmex/tests/integration/workflows/test_infinite_conversation.py::TestInfiniteConversation::test_conversation_export_to_jsonl PASSED [  1%]
src/codomyrmex/tests/integration/workflows/test_infinite_conversation.py::TestInfiniteConversation::test_correlation_id_threaded PASSED [  1%]
src/codomyrmex/tests/integration/workflows/test_infinite_conversation.py::TestInfiniteConversation::test_antigravity_agent_identity PASSED [  1%]
src/codomyrmex/tests/integration/workflows/test_infinite_conversation.py::TestInfiniteConversation::test_agent_specific_system_prompts PASSED [  1%]
src/codomyrmex/tests/integration/workflows/test_infinite_conversation.py::TestInfiniteConversation::test_multi_provider_identity PASSED [  1%]
src/codomyrmex/tests/integration/workflows/test_infinite_conversation.py::TestFileInjection::test_file_context_reads_real_file PASSED [  1%]
src/codomyrmex/tests/integration/workflows/test_infinite_conversation.py::TestFileInjection::test_file_context_clips_long_files PASSED [  1%]
src/codomyrmex/tests/integration/workflows/test_infinite_conversation.py::TestFileInjection::test_extract_todo_items PASSED [  1%]
src/codomyrmex/tests/integration/workflows/test_infinite_conversation.py::TestFileInjection::test_context_files_injected_into_prompt PASSED [  1%]
src/codomyrmex/tests/integration/workflows/test_infinite_conversation.py::TestFileInjection::test_todo_scaffolding_cycles_items PASSED [  1%]
src/codomyrmex/tests/integration/workflows/test_infinite_conversation.py::TestFileInjection::test_dev_loop_constructor PASSED [  1%]
src/codomyrmex/tests/integration/workflows/test_workflow_analyze.py::TestWorkflowAnalyze::test_analyze_utils_module SKIPPED [  1%]
src/codomyrmex/tests/integration/workflows/test_workflow_analyze.py::TestWorkflowAnalyze::test_analyze_returns_dict SKIPPED [  1%]
src/codomyrmex/tests/integration/workflows/test_workflow_analyze.py::TestWorkflowAnalyze::test_analyze_nonexistent_path SKIPPED [  1%]
src/codomyrmex/tests/integration/workflows/test_workflow_concurrent.py::TestWorkflowConcurrent::test_concurrent_module_listing PASSED [  1%]
src/codomyrmex/tests/integration/workflows/test_workflow_concurrent.py::TestWorkflowConcurrent::test_concurrent_readme_fetches PASSED [  1%]
src/codomyrmex/tests/integration/workflows/test_workflow_concurrent.py::TestWorkflowConcurrent::test_concurrent_verify_is_safe PASSED [  1%]
src/codomyrmex/tests/integration/workflows/test_workflow_concurrent.py::TestWorkflowConcurrent::test_concurrent_results_independent PASSED [  1%]
src/codomyrmex/tests/integration/workflows/test_workflow_docs.py::TestWorkflowDocs::test_get_module_readme[orchestrator] PASSED [  1%]
src/codomyrmex/tests/integration/workflows/test_workflow_docs.py::TestWorkflowDocs::test_get_module_readme[events] PASSED [  1%]
src/codomyrmex/tests/integration/workflows/test_workflow_docs.py::TestWorkflowDocs::test_get_module_readme[agents] PASSED [  1%]
src/codomyrmex/tests/integration/workflows/test_workflow_docs.py::TestWorkflowDocs::test_get_module_readme[model_context_protocol] PASSED [  1%]
src/codomyrmex/tests/integration/workflows/test_workflow_docs.py::TestWorkflowDocs::test_get_module_readme[logging_monitoring] PASSED [  1%]
src/codomyrmex/tests/integration/workflows/test_workflow_docs.py::TestWorkflowDocs::test_readme_has_heading[orchestrator] PASSED [  1%]
src/codomyrmex/tests/integration/workflows/test_workflow_docs.py::TestWorkflowDocs::test_readme_has_heading[events] PASSED [  1%]
src/codomyrmex/tests/integration/workflows/test_workflow_docs.py::TestWorkflowDocs::test_readme_has_heading[agents] PASSED [  1%]
src/codomyrmex/tests/integration/workflows/test_workflow_docs.py::TestWorkflowDocs::test_readme_has_heading[model_context_protocol] PASSED [  1%]
src/codomyrmex/tests/integration/workflows/test_workflow_docs.py::TestWorkflowDocs::test_readme_has_heading[logging_monitoring] PASSED [  1%]
src/codomyrmex/tests/integration/workflows/test_workflow_docs.py::TestWorkflowDocs::test_nonexistent_module_returns_error PASSED [  1%]
src/codomyrmex/tests/integration/workflows/test_workflow_memory.py::TestWorkflowMemory::test_add_memory_returns_result SKIPPED [  1%]
src/codomyrmex/tests/integration/workflows/test_workflow_memory.py::TestWorkflowMemory::test_add_memory_with_high_importance SKIPPED [  1%]
src/codomyrmex/tests/integration/workflows/test_workflow_roundtrip.py::TestWorkflowRoundtrip::test_create_mcp_server PASSED [  1%]
src/codomyrmex/tests/integration/workflows/test_workflow_roundtrip.py::TestWorkflowRoundtrip::test_tool_registry_has_tools PASSED [  1%]
src/codomyrmex/tests/integration/workflows/test_workflow_roundtrip.py::TestWorkflowRoundtrip::test_call_tool_list_modules PASSED [  1%]
src/codomyrmex/tests/integration/workflows/test_workflow_roundtrip.py::TestWorkflowRoundtrip::test_call_tool_module_info PASSED [  1%]
src/codomyrmex/tests/integration/workflows/test_workflow_roundtrip.py::TestWorkflowRoundtrip::test_call_tool_list_workflows PASSED [  1%]
src/codomyrmex/tests/integration/workflows/test_workflow_roundtrip.py::TestWorkflowRoundtrip::test_call_tool_unknown_raises_keyerror PASSED [  1%]
src/codomyrmex/tests/integration/workflows/test_workflow_search.py::TestWorkflowSearch::test_search_def_main PASSED [  1%]
src/codomyrmex/tests/integration/workflows/test_workflow_search.py::TestWorkflowSearch::test_search_returns_file_info PASSED [  1%]
src/codomyrmex/tests/integration/workflows/test_workflow_search.py::TestWorkflowSearch::test_search_empty_pattern_handled PASSED [  1%]
src/codomyrmex/tests/integration/workflows/test_workflow_search.py::TestWorkflowSearch::test_search_nonexistent_pattern PASSED [  1%]
src/codomyrmex/tests/integration/workflows/test_workflow_status.py::TestWorkflowStatus::test_pai_status_returns_dict PASSED [  1%]
src/codomyrmex/tests/integration/workflows/test_workflow_status.py::TestWorkflowStatus::test_pai_awareness_returns_dict PASSED [  1%]
src/codomyrmex/tests/integration/workflows/test_workflow_status.py::TestWorkflowStatus::test_combined_status_report PASSED [  1%]
src/codomyrmex/tests/integration/workflows/test_workflow_trust.py::TestWorkflowTrust::test_initial_state_untrusted PASSED [  1%]
src/codomyrmex/tests/integration/workflows/test_workflow_trust.py::TestWorkflowTrust::test_verify_capabilities_returns_report PASSED [  1%]
src/codomyrmex/tests/integration/workflows/test_workflow_trust.py::TestWorkflowTrust::test_trust_all_promotes_to_trusted PASSED [  1%]
src/codomyrmex/tests/integration/workflows/test_workflow_trust.py::TestWorkflowTrust::test_trusted_call_tool_succeeds_when_trusted PASSED [  1%]
src/codomyrmex/tests/integration/workflows/test_workflow_trust.py::TestWorkflowTrust::test_reset_trust_returns_to_untrusted PASSED [  1%]
src/codomyrmex/tests/integration/workflows/test_workflow_trust.py::TestWorkflowTrust::test_full_lifecycle PASSED [  1%]
src/codomyrmex/tests/integration/workflows/test_workflow_trust.py::TestWorkflowTrust::test_audit_log_populated_after_trust PASSED [  1%]
src/codomyrmex/tests/integration/workflows/test_workflow_trust.py::TestWorkflowTrust::test_audit_log_entry_structure PASSED [  1%]
src/codomyrmex/tests/integration/workflows/test_workflow_verify.py::TestWorkflowVerify::test_verify_capabilities_structure PASSED [  1%]
src/codomyrmex/tests/integration/workflows/test_workflow_verify.py::TestWorkflowVerify::test_verify_modules_count PASSED [  1%]
src/codomyrmex/tests/integration/workflows/test_workflow_verify.py::TestWorkflowVerify::test_verify_tools_present PASSED [  1%]
src/codomyrmex/tests/integration/workflows/test_workflow_verify.py::TestWorkflowVerify::test_verify_mcp_server_health PASSED [  2%]
src/codomyrmex/tests/integration/workflows/test_workflow_verify.py::TestWorkflowVerify::test_verify_is_idempotent PASSED [  2%]
src/codomyrmex/tests/performance/test_benchmarking.py::TestBenchmarkingUtilities::test_run_benchmark_basic PASSED [  2%]
src/codomyrmex/tests/performance/test_benchmarking.py::TestBenchmarkingUtilities::test_run_benchmark_with_different_iterations PASSED [  2%]
src/codomyrmex/tests/performance/test_benchmarking.py::TestBenchmarkingUtilities::test_run_benchmark_error_handling PASSED [  2%]
src/codomyrmex/tests/performance/test_benchmarking.py::TestBenchmarkingUtilities::test_profile_function_basic PASSED [  2%]
src/codomyrmex/tests/performance/test_benchmarking.py::TestBenchmarkingUtilities::test_profile_function_with_arguments PASSED [  2%]
src/codomyrmex/tests/performance/test_benchmarking.py::TestBenchmarkingUtilities::test_performance_profiler_class PASSED [  2%]
src/codomyrmex/tests/performance/test_benchmarking.py::TestBenchmarkingUtilities::test_benchmark_vs_profile_consistency PASSED [  2%]
src/codomyrmex/tests/performance/test_benchmarking.py::TestBenchmarkingUtilities::test_performance_logger_benchmarking PASSED [  2%]
src/codomyrmex/tests/performance/test_benchmarking.py::TestBenchmarkingScenarios::test_algorithm_comparison_benchmark PASSED [  2%]
src/codomyrmex/tests/performance/test_benchmarking.py::TestBenchmarkingScenarios::test_memory_intensive_benchmark PASSED [  2%]
src/codomyrmex/tests/performance/test_benchmarking.py::TestBenchmarkingScenarios::test_io_bound_benchmark PASSED [  2%]
src/codomyrmex/tests/performance/test_benchmarking.py::TestBenchmarkingScenarios::test_concurrent_benchmark PASSED [  2%]
src/codomyrmex/tests/performance/test_benchmarking.py::TestBenchmarkingEdgeCases::test_empty_function_benchmark PASSED [  2%]
src/codomyrmex/tests/performance/test_benchmarking.py::TestBenchmarkingEdgeCases::test_very_fast_function_benchmark PASSED [  2%]
src/codomyrmex/tests/performance/test_benchmarking.py::TestBenchmarkingEdgeCases::test_high_variance_benchmark PASSED [  2%]
src/codomyrmex/tests/performance/test_benchmarking.py::TestBenchmarkingEdgeCases::test_benchmark_result_statistics PASSED [  2%]
src/codomyrmex/tests/performance/test_benchmarking.py::TestBenchmarkingIntegration::test_benchmark_with_visualization PASSED [  2%]
src/codomyrmex/tests/performance/test_benchmarking.py::TestBenchmarkingIntegration::test_benchmark_with_logging PASSED [  2%]
src/codomyrmex/tests/performance/test_lazy_imports.py::TestCoreImportTime::test_codomyrmex_import_under_200ms PASSED [  2%]
src/codomyrmex/tests/performance/test_lazy_imports.py::TestLazyDependencies::test_matplotlib_not_eagerly_loaded PASSED [  2%]
src/codomyrmex/tests/performance/test_lazy_imports.py::TestLazyDependencies::test_chromadb_not_eagerly_loaded PASSED [  2%]
src/codomyrmex/tests/performance/test_lazy_imports.py::TestLazyDependencies::test_sentence_transformers_not_eagerly_loaded PASSED [  2%]
src/codomyrmex/tests/performance/test_lazy_imports.py::TestLazyDependencies::test_pyarrow_not_eagerly_loaded PASSED [  2%]
src/codomyrmex/tests/performance/test_lazy_imports.py::TestBenchmarkStartupUtilities::test_measure_import_time_returns_dict PASSED [  2%]
src/codomyrmex/tests/performance/test_lazy_imports.py::TestBenchmarkStartupUtilities::test_measure_import_time_nonexistent_module PASSED [  2%]
src/codomyrmex/tests/performance/test_lazy_imports.py::TestBenchmarkStartupUtilities::test_benchmark_cli_startup_returns_dict PASSED [  2%]
src/codomyrmex/tests/performance/test_lazy_imports.py::TestBenchmarkStartupUtilities::test_analyse_import_weights PASSED [  2%]
src/codomyrmex/tests/performance/test_mcp_load.py::TestMCPLoadConcurrent::test_100_concurrent_tool_registrations PASSED [  2%]
src/codomyrmex/tests/performance/test_mcp_load.py::TestMCPLoadConcurrent::test_100_concurrent_tool_lookups PASSED [  2%]
src/codomyrmex/tests/performance/test_mcp_load.py::TestMCPLoadConcurrent::test_100_concurrent_json_rpc_calls PASSED [  2%]
src/codomyrmex/tests/performance/test_mcp_load.py::TestMCPLoadConcurrent::test_tool_list_under_load PASSED [  2%]
src/codomyrmex/tests/performance/test_mcp_load.py::TestMCPMemoryProfile::test_registry_memory_growth PASSED [  2%]
src/codomyrmex/tests/performance/test_mcp_load.py::TestMCPThroughput::test_tool_registration_throughput PASSED [  2%]
src/codomyrmex/tests/performance/test_mcp_load.py::TestMCPThroughput::test_json_rpc_throughput PASSED [  2%]
src/codomyrmex/tests/performance/test_mcp_performance.py::TestMCPServerCreation::test_server_creation_speed PASSED [  2%]
src/codomyrmex/tests/performance/test_mcp_performance.py::TestMCPServerCreation::test_tool_registration_speed PASSED [  2%]
src/codomyrmex/tests/performance/test_mcp_performance.py::TestValidationOverhead::test_validation_overhead PASSED [  2%]
src/codomyrmex/tests/performance/test_mcp_performance.py::TestValidationOverhead::test_validation_empty_schema PASSED [  2%]
src/codomyrmex/tests/performance/test_mcp_performance.py::TestObservabilityOverhead::test_on_tool_call_end_overhead PASSED [  2%]
src/codomyrmex/tests/performance/test_mcp_performance.py::TestObservabilityOverhead::test_get_metrics_overhead PASSED [  2%]
src/codomyrmex/tests/performance/test_mcp_performance.py::TestRetryDecoratorOverhead::test_sync_no_retry_overhead PASSED [  2%]
src/codomyrmex/tests/performance/test_mcp_performance.py::TestRetryDecoratorOverhead::test_async_no_retry_overhead PASSED [  2%]
src/codomyrmex/tests/performance/test_mcp_performance.py::TestAsyncRunnerOverhead::test_runner_10_noop_tasks PASSED [  2%]
src/codomyrmex/tests/performance/test_mcp_performance.py::TestAsyncRunnerOverhead::test_runner_100_noop_tasks PASSED [  2%]
src/codomyrmex/tests/performance/test_mcp_performance.py::TestAsyncSchedulerOverhead::test_scheduler_10_jobs PASSED [  2%]
src/codomyrmex/tests/performance/test_mcp_performance.py::TestAsyncSchedulerOverhead::test_scheduler_100_jobs PASSED [  2%]
src/codomyrmex/tests/performance/test_module_performance.py::TestModulePerformanceBaselines::test_code_execution_performance PASSED [  2%]
src/codomyrmex/tests/performance/test_module_performance.py::TestModulePerformanceBaselines::test_static_analysis_performance PASSED [  2%]
src/codomyrmex/tests/performance/test_module_performance.py::TestModulePerformanceBaselines::test_security_audit_performance PASSED [  2%]
src/codomyrmex/tests/performance/test_module_performance.py::TestModulePerformanceBaselines::test_data_visualization_performance PASSED [  2%]
src/codomyrmex/tests/performance/test_module_performance.py::TestModulePerformanceBaselines::test_performance_module_performance PASSED [  2%]
src/codomyrmex/tests/performance/test_module_performance.py::TestPerformanceRegressionDetection::test_baseline_comparison PASSED [  2%]
src/codomyrmex/tests/performance/test_module_performance.py::TestPerformanceRegressionDetection::test_missing_baseline PASSED [  2%]
src/codomyrmex/tests/performance/test_module_performance.py::TestPerformanceReporting::test_performance_summary_report PASSED [  2%]
src/codomyrmex/tests/performance/test_module_performance.py::TestPerformanceReporting::test_empty_performance_suite PASSED [  2%]
src/codomyrmex/tests/performance/test_module_performance.py::TestPerformanceBenchmarking::test_benchmark_vs_profile_comparison PASSED [  2%]
src/codomyrmex/tests/performance/test_module_performance.py::TestPerformanceBenchmarking::test_performance_logger_integration PASSED [  2%]
src/codomyrmex/tests/relations/test_crm.py::test_contact_management PASSED [  2%]
src/codomyrmex/tests/relations/test_crm.py::test_interaction_logging PASSED [  2%]
src/codomyrmex/tests/test_visualization_integration.py::test_relations_visualization PASSED [  2%]
src/codomyrmex/tests/test_visualization_integration.py::test_education_curriculum_structure PASSED [  2%]
src/codomyrmex/tests/unit/accessibility/test_accessibility.py::TestWCAGLevel::test_level_a PASSED [  2%]
src/codomyrmex/tests/unit/accessibility/test_accessibility.py::TestWCAGLevel::test_level_aa PASSED [  2%]
src/codomyrmex/tests/unit/accessibility/test_accessibility.py::TestWCAGLevel::test_level_aaa PASSED [  2%]
src/codomyrmex/tests/unit/accessibility/test_accessibility.py::TestIssueType::test_error_type PASSED [  2%]
src/codomyrmex/tests/unit/accessibility/test_accessibility.py::TestIssueType::test_warning_type PASSED [  2%]
src/codomyrmex/tests/unit/accessibility/test_accessibility.py::TestIssueType::test_notice_type PASSED [  2%]
src/codomyrmex/tests/unit/accessibility/test_accessibility.py::TestAccessibilityIssue::test_create_issue PASSED [  2%]
src/codomyrmex/tests/unit/accessibility/test_accessibility.py::TestAccessibilityIssue::test_issue_defaults PASSED [  2%]
src/codomyrmex/tests/unit/accessibility/test_accessibility.py::TestAccessibilityIssue::test_issue_with_all_fields PASSED [  2%]
src/codomyrmex/tests/unit/accessibility/test_accessibility.py::TestAccessibilityReport::test_create_report PASSED [  2%]
src/codomyrmex/tests/unit/accessibility/test_accessibility.py::TestWCAGRule::test_create_rule PASSED [  2%]
src/codomyrmex/tests/unit/accessibility/test_accessibility.py::TestWCAGRule::test_rule_with_suggestion PASSED [  2%]
src/codomyrmex/tests/unit/accessibility/test_accessibility.py::TestA11yChecker::test_create_checker PASSED [  2%]
src/codomyrmex/tests/unit/accessibility/test_accessibility.py::TestA11yChecker::test_create_checker_with_level PASSED [  2%]
src/codomyrmex/tests/unit/accessibility/test_accessibility.py::TestCalculateContrastRatio::test_black_white_contrast PASSED [  2%]
src/codomyrmex/tests/unit/accessibility/test_accessibility.py::TestCalculateContrastRatio::test_same_color_contrast PASSED [  2%]
src/codomyrmex/tests/unit/accessibility/test_accessibility.py::TestCalculateContrastRatio::test_returns_float PASSED [  2%]
src/codomyrmex/tests/unit/accessibility/test_accessibility.py::TestCheckHeadingHierarchy::test_valid_hierarchy PASSED [  2%]
src/codomyrmex/tests/unit/accessibility/test_accessibility.py::TestCheckHeadingHierarchy::test_skipped_level PASSED [  2%]
src/codomyrmex/tests/unit/accessibility/test_accessibility.py::TestCheckHeadingHierarchy::test_empty_headings PASSED [  2%]
src/codomyrmex/tests/unit/accessibility/test_accessibility.py::TestAccessibilityReportScore::test_score_zero_errors_is_100 PASSED [  2%]
src/codomyrmex/tests/unit/accessibility/test_accessibility.py::TestAccessibilityReportScore::test_score_all_errors_is_zero PASSED [  2%]
src/codomyrmex/tests/unit/accessibility/test_accessibility.py::TestAccessibilityReportScore::test_score_half_errors PASSED [  2%]
src/codomyrmex/tests/unit/accessibility/test_accessibility.py::TestAccessibilityReportScore::test_score_no_checks_is_100 PASSED [  2%]
src/codomyrmex/tests/unit/accessibility/test_accessibility.py::TestAccessibilityReportScore::test_score_one_error_many_passed PASSED [  2%]
src/codomyrmex/tests/unit/accessibility/test_accessibility.py::TestAccessibilityReportScore::test_score_ignores_warnings_in_calculation PASSED [  2%]
src/codomyrmex/tests/unit/accessibility/test_accessibility.py::TestAccessibilityReportScore::test_score_returns_float PASSED [  2%]
src/codomyrmex/tests/unit/accessibility/test_accessibility.py::TestWCAGRuleCheck::test_check_returns_issue_when_check_fn_fails PASSED [  2%]
src/codomyrmex/tests/unit/accessibility/test_accessibility.py::TestWCAGRuleCheck::test_check_returns_none_when_check_fn_passes PASSED [  2%]
src/codomyrmex/tests/unit/accessibility/test_accessibility.py::TestWCAGRuleCheck::test_check_uses_element_selector PASSED [  2%]
src/codomyrmex/tests/unit/accessibility/test_accessibility.py::TestWCAGRuleCheck::test_check_missing_selector_defaults_to_empty PASSED [  2%]
src/codomyrmex/tests/unit/accessibility/test_accessibility.py::TestWCAGRuleCheck::test_check_issue_type_defaults_to_error PASSED [  2%]
src/codomyrmex/tests/unit/accessibility/test_accessibility.py::TestA11yCheckerCheckElements::test_img_missing_alt_produces_error PASSED [  2%]
src/codomyrmex/tests/unit/accessibility/test_accessibility.py::TestA11yCheckerCheckElements::test_img_with_alt_passes PASSED [  2%]
src/codomyrmex/tests/unit/accessibility/test_accessibility.py::TestA11yCheckerCheckElements::test_form_input_missing_label_produces_error PASSED [  2%]
src/codomyrmex/tests/unit/accessibility/test_accessibility.py::TestA11yCheckerCheckElements::test_form_select_missing_label PASSED [  3%]
src/codomyrmex/tests/unit/accessibility/test_accessibility.py::TestA11yCheckerCheckElements::test_form_textarea_missing_label PASSED [  3%]
src/codomyrmex/tests/unit/accessibility/test_accessibility.py::TestA11yCheckerCheckElements::test_link_without_text_produces_error PASSED [  3%]
src/codomyrmex/tests/unit/accessibility/test_accessibility.py::TestA11yCheckerCheckElements::test_link_with_whitespace_only_produces_error PASSED [  3%]
src/codomyrmex/tests/unit/accessibility/test_accessibility.py::TestA11yCheckerCheckElements::test_color_contrast_failure PASSED [  3%]
src/codomyrmex/tests/unit/accessibility/test_accessibility.py::TestA11yCheckerCheckElements::test_color_contrast_passes_at_threshold PASSED [  3%]
src/codomyrmex/tests/unit/accessibility/test_accessibility.py::TestA11yCheckerCheckElements::test_focus_indicator_missing PASSED [  3%]
src/codomyrmex/tests/unit/accessibility/test_accessibility.py::TestA11yCheckerCheckElements::test_focus_indicator_present_passes PASSED [  3%]
src/codomyrmex/tests/unit/accessibility/test_accessibility.py::TestA11yCheckerCheckElements::test_multiple_elements_accumulate_errors PASSED [  3%]
src/codomyrmex/tests/unit/accessibility/test_accessibility.py::TestA11yCheckerCheckElements::test_empty_elements_list PASSED [  3%]
src/codomyrmex/tests/unit/accessibility/test_accessibility.py::TestA11yCheckerCheckElements::test_report_passed_count_increments_per_rule_pass PASSED [  3%]
src/codomyrmex/tests/unit/accessibility/test_accessibility.py::TestA11yCheckerLevelFiltering::test_level_a_skips_aa_rules PASSED [  3%]
src/codomyrmex/tests/unit/accessibility/test_accessibility.py::TestA11yCheckerLevelFiltering::test_level_a_skips_aaa_rules PASSED [  3%]
src/codomyrmex/tests/unit/accessibility/test_accessibility.py::TestA11yCheckerLevelFiltering::test_level_aa_includes_a_and_aa PASSED [  3%]
src/codomyrmex/tests/unit/accessibility/test_accessibility.py::TestA11yCheckerLevelFiltering::test_level_aa_skips_aaa PASSED [  3%]
src/codomyrmex/tests/unit/accessibility/test_accessibility.py::TestA11yCheckerLevelFiltering::test_level_aaa_includes_all PASSED [  3%]
src/codomyrmex/tests/unit/accessibility/test_accessibility.py::TestA11yCheckerAddRule::test_custom_rule_is_applied PASSED [  3%]
src/codomyrmex/tests/unit/accessibility/test_accessibility.py::TestA11yCheckerAddRule::test_custom_rule_passes_when_satisfied PASSED [  3%]
src/codomyrmex/tests/unit/accessibility/test_accessibility.py::TestA11yCheckerAddRule::test_multiple_custom_rules PASSED [  3%]
src/codomyrmex/tests/unit/accessibility/test_accessibility.py::TestCalculateContrastRatioEdgeCases::test_invalid_hex_returns_zero PASSED [  3%]
src/codomyrmex/tests/unit/accessibility/test_accessibility.py::TestCalculateContrastRatioEdgeCases::test_partially_invalid_hex_returns_zero PASSED [  3%]
src/codomyrmex/tests/unit/accessibility/test_accessibility.py::TestCalculateContrastRatioEdgeCases::test_empty_string_returns_zero PASSED [  3%]
src/codomyrmex/tests/unit/accessibility/test_accessibility.py::TestCalculateContrastRatioEdgeCases::test_three_char_hex_not_supported PASSED [  3%]
src/codomyrmex/tests/unit/accessibility/test_accessibility.py::TestCalculateContrastRatioEdgeCases::test_without_hash_prefix PASSED [  3%]
src/codomyrmex/tests/unit/accessibility/test_accessibility.py::TestCalculateContrastRatioEdgeCases::test_white_on_white PASSED [  3%]
src/codomyrmex/tests/unit/accessibility/test_accessibility.py::TestCalculateContrastRatioEdgeCases::test_symmetric PASSED [  3%]
src/codomyrmex/tests/unit/accessibility/test_accessibility.py::TestCalculateContrastRatioEdgeCases::test_known_contrast_ratio PASSED [  3%]
src/codomyrmex/tests/unit/accessibility/test_accessibility.py::TestCheckHeadingHierarchyBehavioral::test_document_not_starting_with_h1 PASSED [  3%]
src/codomyrmex/tests/unit/accessibility/test_accessibility.py::TestCheckHeadingHierarchyBehavioral::test_document_starting_with_h3 PASSED [  3%]
src/codomyrmex/tests/unit/accessibility/test_accessibility.py::TestCheckHeadingHierarchyBehavioral::test_multiple_skips PASSED [  3%]
src/codomyrmex/tests/unit/accessibility/test_accessibility.py::TestCheckHeadingHierarchyBehavioral::test_valid_hierarchy_no_issues PASSED [  3%]
src/codomyrmex/tests/unit/accessibility/test_accessibility.py::TestCheckHeadingHierarchyBehavioral::test_repeated_same_level PASSED [  3%]
src/codomyrmex/tests/unit/accessibility/test_accessibility.py::TestCheckHeadingHierarchyBehavioral::test_going_back_up_levels PASSED [  3%]
src/codomyrmex/tests/unit/accessibility/test_accessibility.py::TestCheckHeadingHierarchyBehavioral::test_single_h1 PASSED [  3%]
src/codomyrmex/tests/unit/accessibility/test_accessibility.py::TestCheckHeadingHierarchyBehavioral::test_skip_message_contains_levels PASSED [  3%]
src/codomyrmex/tests/unit/accessibility/test_accessibility.py::TestAccessibilityReporterSummary::test_summary_format PASSED [  3%]
src/codomyrmex/tests/unit/accessibility/test_accessibility.py::TestAccessibilityReporterSummary::test_summary_score_value PASSED [  3%]
src/codomyrmex/tests/unit/accessibility/test_accessibility.py::TestAccessibilityReporterSummary::test_summary_clean_report PASSED [  3%]
src/codomyrmex/tests/unit/accessibility/test_accessibility.py::TestAccessibilityReporterSummary::test_summary_empty_report PASSED [  3%]
src/codomyrmex/tests/unit/accessibility/test_accessibility.py::TestAccessibilityReporterDict::test_dict_contains_all_keys PASSED [  3%]
src/codomyrmex/tests/unit/accessibility/test_accessibility.py::TestAccessibilityReporterDict::test_dict_score_is_rounded PASSED [  3%]
src/codomyrmex/tests/unit/accessibility/test_accessibility.py::TestAccessibilityReporterDict::test_dict_issues_serialized PASSED [  3%]
src/codomyrmex/tests/unit/accessibility/test_accessibility.py::TestAccessibilityReporterDict::test_dict_empty_issues PASSED [  3%]
src/codomyrmex/tests/unit/accessibility/test_accessibility.py::TestAccessibilityReporterJSON::test_json_is_valid PASSED [  3%]
src/codomyrmex/tests/unit/accessibility/test_accessibility.py::TestAccessibilityReporterJSON::test_json_default_indent PASSED [  3%]
src/codomyrmex/tests/unit/accessibility/test_accessibility.py::TestAccessibilityReporterJSON::test_json_custom_indent PASSED [  3%]
src/codomyrmex/tests/unit/accessibility/test_accessibility.py::TestAccessibilityReporterJSON::test_json_roundtrip_matches_dict PASSED [  3%]
src/codomyrmex/tests/unit/accessibility/test_accessibility.py::TestAccessibilityReporterMarkdown::test_markdown_has_heading PASSED [  3%]
src/codomyrmex/tests/unit/accessibility/test_accessibility.py::TestAccessibilityReporterMarkdown::test_markdown_contains_score PASSED [  3%]
src/codomyrmex/tests/unit/accessibility/test_accessibility.py::TestAccessibilityReporterMarkdown::test_markdown_includes_url_when_set PASSED [  3%]
src/codomyrmex/tests/unit/accessibility/test_accessibility.py::TestAccessibilityReporterMarkdown::test_markdown_no_url_when_empty PASSED [  3%]
src/codomyrmex/tests/unit/accessibility/test_accessibility.py::TestAccessibilityReporterMarkdown::test_markdown_has_issues_table_when_issues_exist PASSED [  3%]
src/codomyrmex/tests/unit/accessibility/test_accessibility.py::TestAccessibilityReporterMarkdown::test_markdown_no_issues_table_when_clean PASSED [  3%]
src/codomyrmex/tests/unit/accessibility/test_accessibility.py::TestAccessibilityReporterMarkdown::test_markdown_is_string PASSED [  3%]
src/codomyrmex/tests/unit/agentic_memory/obsidian/test_canvas.py::TestParseCanvas::test_parse_nodes PASSED [  3%]
src/codomyrmex/tests/unit/agentic_memory/obsidian/test_canvas.py::TestParseCanvas::test_parse_edges PASSED [  3%]
src/codomyrmex/tests/unit/agentic_memory/obsidian/test_canvas.py::TestParseCanvas::test_parse_node_types PASSED [  3%]
src/codomyrmex/tests/unit/agentic_memory/obsidian/test_canvas.py::TestParseCanvas::test_parse_text_node PASSED [  3%]
src/codomyrmex/tests/unit/agentic_memory/obsidian/test_canvas.py::TestParseCanvas::test_parse_file_not_found PASSED [  3%]
src/codomyrmex/tests/unit/agentic_memory/obsidian/test_canvas.py::TestParseCanvas::test_parse_sets_path PASSED [  3%]
src/codomyrmex/tests/unit/agentic_memory/obsidian/test_canvas.py::TestCreateCanvas::test_create_basic PASSED [  3%]
src/codomyrmex/tests/unit/agentic_memory/obsidian/test_canvas.py::TestCreateCanvas::test_create_roundtrip PASSED [  3%]
src/codomyrmex/tests/unit/agentic_memory/obsidian/test_canvas.py::TestCreateCanvas::test_create_empty PASSED [  3%]
src/codomyrmex/tests/unit/agentic_memory/obsidian/test_canvas.py::TestCanvasSerialization::test_to_dict PASSED [  3%]
src/codomyrmex/tests/unit/agentic_memory/obsidian/test_canvas.py::TestCanvasSerialization::test_from_dict PASSED [  3%]
src/codomyrmex/tests/unit/agentic_memory/obsidian/test_canvas.py::TestCanvasSerialization::test_roundtrip_dict PASSED [  3%]
src/codomyrmex/tests/unit/agentic_memory/obsidian/test_canvas.py::TestAddOperations::test_add_node PASSED [  3%]
src/codomyrmex/tests/unit/agentic_memory/obsidian/test_canvas.py::TestAddOperations::test_add_edge PASSED [  3%]
src/codomyrmex/tests/unit/agentic_memory/obsidian/test_crud.py::TestCreateNote::test_create_basic PASSED [  3%]
src/codomyrmex/tests/unit/agentic_memory/obsidian/test_crud.py::TestCreateNote::test_create_with_frontmatter PASSED [  3%]
src/codomyrmex/tests/unit/agentic_memory/obsidian/test_crud.py::TestCreateNote::test_create_in_subfolder PASSED [  3%]
src/codomyrmex/tests/unit/agentic_memory/obsidian/test_crud.py::TestCreateNote::test_create_adds_md_extension PASSED [  3%]
src/codomyrmex/tests/unit/agentic_memory/obsidian/test_crud.py::TestCreateNote::test_create_duplicate_raises PASSED [  3%]
src/codomyrmex/tests/unit/agentic_memory/obsidian/test_crud.py::TestCreateNote::test_create_traversal_blocked PASSED [  3%]
src/codomyrmex/tests/unit/agentic_memory/obsidian/test_crud.py::TestReadNote::test_read_existing PASSED [  3%]
src/codomyrmex/tests/unit/agentic_memory/obsidian/test_crud.py::TestReadNote::test_read_not_found PASSED [  3%]
src/codomyrmex/tests/unit/agentic_memory/obsidian/test_crud.py::TestReadNote::test_read_without_extension PASSED [  3%]
src/codomyrmex/tests/unit/agentic_memory/obsidian/test_crud.py::TestUpdateNote::test_update_content PASSED [  3%]
src/codomyrmex/tests/unit/agentic_memory/obsidian/test_crud.py::TestUpdateNote::test_update_frontmatter PASSED [  3%]
src/codomyrmex/tests/unit/agentic_memory/obsidian/test_crud.py::TestUpdateNote::test_update_not_found PASSED [  3%]
src/codomyrmex/tests/unit/agentic_memory/obsidian/test_crud.py::TestDeleteNote::test_delete_existing PASSED [  3%]
src/codomyrmex/tests/unit/agentic_memory/obsidian/test_crud.py::TestDeleteNote::test_delete_not_found PASSED [  3%]
src/codomyrmex/tests/unit/agentic_memory/obsidian/test_crud.py::TestDeleteNote::test_delete_traversal_blocked PASSED [  3%]
src/codomyrmex/tests/unit/agentic_memory/obsidian/test_crud.py::TestFrontmatter::test_get_frontmatter PASSED [  3%]
src/codomyrmex/tests/unit/agentic_memory/obsidian/test_crud.py::TestFrontmatter::test_set_frontmatter_merge PASSED [  3%]
src/codomyrmex/tests/unit/agentic_memory/obsidian/test_crud.py::TestRenameNote::test_rename_basic PASSED [  3%]
src/codomyrmex/tests/unit/agentic_memory/obsidian/test_crud.py::TestRenameNote::test_rename_updates_links PASSED [  3%]
src/codomyrmex/tests/unit/agentic_memory/obsidian/test_crud.py::TestRenameNote::test_rename_not_found PASSED [  3%]
src/codomyrmex/tests/unit/agentic_memory/obsidian/test_crud.py::TestRenameNote::test_rename_target_exists PASSED [  3%]
src/codomyrmex/tests/unit/agentic_memory/obsidian/test_graph.py::TestBuildLinkGraph::test_graph_has_nodes PASSED [  3%]
src/codomyrmex/tests/unit/agentic_memory/obsidian/test_graph.py::TestBuildLinkGraph::test_graph_has_edges PASSED [  3%]
src/codomyrmex/tests/unit/agentic_memory/obsidian/test_graph.py::TestBuildLinkGraph::test_graph_is_directed PASSED [  3%]
src/codomyrmex/tests/unit/agentic_memory/obsidian/test_graph.py::TestBacklinks::test_backlinks_found PASSED [  3%]
src/codomyrmex/tests/unit/agentic_memory/obsidian/test_graph.py::TestBacklinks::test_backlinks_none PASSED [  3%]
src/codomyrmex/tests/unit/agentic_memory/obsidian/test_graph.py::TestBacklinks::test_backlinks_not_found PASSED [  3%]
src/codomyrmex/tests/unit/agentic_memory/obsidian/test_graph.py::TestForwardLinks::test_forward_links PASSED [  3%]
src/codomyrmex/tests/unit/agentic_memory/obsidian/test_graph.py::TestOrphans::test_finds_orphans PASSED [  3%]
src/codomyrmex/tests/unit/agentic_memory/obsidian/test_graph.py::TestBrokenLinks::test_finds_broken PASSED [  3%]
src/codomyrmex/tests/unit/agentic_memory/obsidian/test_graph.py::TestBrokenLinks::test_valid_links_not_broken PASSED [  3%]
src/codomyrmex/tests/unit/agentic_memory/obsidian/test_graph.py::TestLinkStats::test_stats_structure PASSED [  4%]
src/codomyrmex/tests/unit/agentic_memory/obsidian/test_graph.py::TestLinkStats::test_stats_values PASSED [  4%]
src/codomyrmex/tests/unit/agentic_memory/obsidian/test_parser.py::TestParseFrontmatter::test_basic_frontmatter PASSED [  4%]
src/codomyrmex/tests/unit/agentic_memory/obsidian/test_parser.py::TestParseFrontmatter::test_no_frontmatter PASSED [  4%]
src/codomyrmex/tests/unit/agentic_memory/obsidian/test_parser.py::TestParseFrontmatter::test_empty_frontmatter PASSED [  4%]
src/codomyrmex/tests/unit/agentic_memory/obsidian/test_parser.py::TestParseFrontmatter::test_complex_frontmatter PASSED [  4%]
src/codomyrmex/tests/unit/agentic_memory/obsidian/test_parser.py::TestExtractWikilinks::test_simple_link PASSED [  4%]
src/codomyrmex/tests/unit/agentic_memory/obsidian/test_parser.py::TestExtractWikilinks::test_aliased_link PASSED [  4%]
src/codomyrmex/tests/unit/agentic_memory/obsidian/test_parser.py::TestExtractWikilinks::test_heading_link PASSED [  4%]
src/codomyrmex/tests/unit/agentic_memory/obsidian/test_parser.py::TestExtractWikilinks::test_block_link PASSED [  4%]
src/codomyrmex/tests/unit/agentic_memory/obsidian/test_parser.py::TestExtractWikilinks::test_multiple_links PASSED [  4%]
src/codomyrmex/tests/unit/agentic_memory/obsidian/test_parser.py::TestExtractWikilinks::test_no_embeds_captured PASSED [  4%]
src/codomyrmex/tests/unit/agentic_memory/obsidian/test_parser.py::TestExtractWikilinks::test_heading_and_alias PASSED [  4%]
src/codomyrmex/tests/unit/agentic_memory/obsidian/test_parser.py::TestExtractEmbeds::test_simple_embed PASSED [  4%]
src/codomyrmex/tests/unit/agentic_memory/obsidian/test_parser.py::TestExtractEmbeds::test_embed_with_width PASSED [  4%]
src/codomyrmex/tests/unit/agentic_memory/obsidian/test_parser.py::TestExtractEmbeds::test_embed_with_dimensions PASSED [  4%]
src/codomyrmex/tests/unit/agentic_memory/obsidian/test_parser.py::TestExtractEmbeds::test_multiple_embeds PASSED [  4%]
src/codomyrmex/tests/unit/agentic_memory/obsidian/test_parser.py::TestExtractTags::test_inline_tag PASSED [  4%]
src/codomyrmex/tests/unit/agentic_memory/obsidian/test_parser.py::TestExtractTags::test_nested_tag PASSED [  4%]
src/codomyrmex/tests/unit/agentic_memory/obsidian/test_parser.py::TestExtractTags::test_frontmatter_tags PASSED [  4%]
src/codomyrmex/tests/unit/agentic_memory/obsidian/test_parser.py::TestExtractTags::test_both_sources PASSED [  4%]
src/codomyrmex/tests/unit/agentic_memory/obsidian/test_parser.py::TestExtractTags::test_no_hashtag_in_url PASSED [  4%]
src/codomyrmex/tests/unit/agentic_memory/obsidian/test_parser.py::TestExtractCallouts::test_basic_callout PASSED [  4%]
src/codomyrmex/tests/unit/agentic_memory/obsidian/test_parser.py::TestExtractCallouts::test_foldable_closed PASSED [  4%]
src/codomyrmex/tests/unit/agentic_memory/obsidian/test_parser.py::TestExtractCallouts::test_foldable_open PASSED [  4%]
src/codomyrmex/tests/unit/agentic_memory/obsidian/test_parser.py::TestExtractCallouts::test_no_title PASSED [  4%]
src/codomyrmex/tests/unit/agentic_memory/obsidian/test_parser.py::TestExtractHeadings::test_headings PASSED [  4%]
src/codomyrmex/tests/unit/agentic_memory/obsidian/test_parser.py::TestParseNote::test_full_parse PASSED [  4%]
src/codomyrmex/tests/unit/agentic_memory/obsidian/test_parser.py::TestParseNote::test_parse_from_raw PASSED [  4%]
src/codomyrmex/tests/unit/agentic_memory/obsidian/test_parser.py::TestSerializeNote::test_round_trip PASSED [  4%]
src/codomyrmex/tests/unit/agentic_memory/obsidian/test_parser.py::TestSerializeNote::test_no_frontmatter_serialize PASSED [  4%]
src/codomyrmex/tests/unit/agentic_memory/obsidian/test_search.py::TestSearchVault::test_search_by_content PASSED [  4%]
src/codomyrmex/tests/unit/agentic_memory/obsidian/test_search.py::TestSearchVault::test_search_by_title PASSED [  4%]
src/codomyrmex/tests/unit/agentic_memory/obsidian/test_search.py::TestSearchVault::test_search_empty_query PASSED [  4%]
src/codomyrmex/tests/unit/agentic_memory/obsidian/test_search.py::TestSearchVault::test_search_no_match PASSED [  4%]
src/codomyrmex/tests/unit/agentic_memory/obsidian/test_search.py::TestSearchVault::test_search_limit PASSED [  4%]
src/codomyrmex/tests/unit/agentic_memory/obsidian/test_search.py::TestSearchVault::test_search_has_context PASSED [  4%]
src/codomyrmex/tests/unit/agentic_memory/obsidian/test_search.py::TestSearchVault::test_search_scores_descending PASSED [  4%]
src/codomyrmex/tests/unit/agentic_memory/obsidian/test_search.py::TestFilterByTag::test_filter_exact PASSED [  4%]
src/codomyrmex/tests/unit/agentic_memory/obsidian/test_search.py::TestFilterByTag::test_filter_nested_included PASSED [  4%]
src/codomyrmex/tests/unit/agentic_memory/obsidian/test_search.py::TestFilterByTag::test_filter_nested_excluded PASSED [  4%]
src/codomyrmex/tests/unit/agentic_memory/obsidian/test_search.py::TestFilterByTag::test_filter_no_match PASSED [  4%]
src/codomyrmex/tests/unit/agentic_memory/obsidian/test_search.py::TestFilterByTag::test_filter_strips_hash PASSED [  4%]
src/codomyrmex/tests/unit/agentic_memory/obsidian/test_search.py::TestFilterByFrontmatter::test_filter_key_exists PASSED [  4%]
src/codomyrmex/tests/unit/agentic_memory/obsidian/test_search.py::TestFilterByFrontmatter::test_filter_key_value PASSED [  4%]
src/codomyrmex/tests/unit/agentic_memory/obsidian/test_search.py::TestFilterByFrontmatter::test_filter_no_match PASSED [  4%]
src/codomyrmex/tests/unit/agentic_memory/obsidian/test_search.py::TestFilterByDate::test_filter_after PASSED [  4%]
src/codomyrmex/tests/unit/agentic_memory/obsidian/test_search.py::TestFilterByDate::test_filter_before PASSED [  4%]
src/codomyrmex/tests/unit/agentic_memory/obsidian/test_search.py::TestFilterByDate::test_filter_no_date_field PASSED [  4%]
src/codomyrmex/tests/unit/agentic_memory/obsidian/test_vault.py::TestObsidianVault::test_load_vault PASSED [  4%]
src/codomyrmex/tests/unit/agentic_memory/obsidian/test_vault.py::TestObsidianVault::test_vault_not_found PASSED [  4%]
src/codomyrmex/tests/unit/agentic_memory/obsidian/test_vault.py::TestObsidianVault::test_vault_not_directory PASSED [  4%]
src/codomyrmex/tests/unit/agentic_memory/obsidian/test_vault.py::TestObsidianVault::test_get_note_by_path PASSED [  4%]
src/codomyrmex/tests/unit/agentic_memory/obsidian/test_vault.py::TestObsidianVault::test_get_note_by_title PASSED [  4%]
src/codomyrmex/tests/unit/agentic_memory/obsidian/test_vault.py::TestObsidianVault::test_get_note_without_extension PASSED [  4%]
src/codomyrmex/tests/unit/agentic_memory/obsidian/test_vault.py::TestObsidianVault::test_get_note_not_found PASSED [  4%]
src/codomyrmex/tests/unit/agentic_memory/obsidian/test_vault.py::TestObsidianVault::test_metadata PASSED [  4%]
src/codomyrmex/tests/unit/agentic_memory/obsidian/test_vault.py::TestObsidianVault::test_refresh PASSED [  4%]
src/codomyrmex/tests/unit/agentic_memory/obsidian/test_vault.py::TestObsidianVault::test_excludes_dotfiles PASSED [  4%]
src/codomyrmex/tests/unit/agentic_memory/obsidian/test_vault.py::TestObsidianVault::test_get_config PASSED [  4%]
src/codomyrmex/tests/unit/agentic_memory/obsidian/test_vault.py::TestObsidianVault::test_get_all_tags PASSED [  4%]
src/codomyrmex/tests/unit/agentic_memory/obsidian/test_vault.py::TestObsidianVault::test_nested_note_found PASSED [  4%]
src/codomyrmex/tests/unit/agentic_memory/test_agentic_memory.py::TestMemory::test_create PASSED [  4%]
src/codomyrmex/tests/unit/agentic_memory/test_agentic_memory.py::TestMemory::test_access PASSED [  4%]
src/codomyrmex/tests/unit/agentic_memory/test_agentic_memory.py::TestMemory::test_to_dict PASSED [  4%]
src/codomyrmex/tests/unit/agentic_memory/test_agentic_memory.py::TestMemory::test_from_dict PASSED [  4%]
src/codomyrmex/tests/unit/agentic_memory/test_agentic_memory.py::TestInMemoryStore::test_save_and_get PASSED [  4%]
src/codomyrmex/tests/unit/agentic_memory/test_agentic_memory.py::TestInMemoryStore::test_delete PASSED [  4%]
src/codomyrmex/tests/unit/agentic_memory/test_agentic_memory.py::TestInMemoryStore::test_list_all PASSED [  4%]
src/codomyrmex/tests/unit/agentic_memory/test_agentic_memory.py::TestAgentMemory::test_remember PASSED [  4%]
src/codomyrmex/tests/unit/agentic_memory/test_agentic_memory.py::TestAgentMemory::test_recall PASSED [  4%]
src/codomyrmex/tests/unit/agentic_memory/test_agentic_memory.py::TestAgentMemory::test_recall_with_filter PASSED [  4%]
src/codomyrmex/tests/unit/agentic_memory/test_agentic_memory.py::TestAgentMemory::test_forget PASSED [  4%]
src/codomyrmex/tests/unit/agentic_memory/test_agentic_memory.py::TestAgentMemory::test_get_context PASSED [  4%]
src/codomyrmex/tests/unit/agentic_memory/test_agentic_memory.py::TestAgentMemory::test_importance_filter PASSED [  4%]
src/codomyrmex/tests/unit/agentic_memory/test_agentic_memory.py::TestConversationMemory::test_add_turn PASSED [  4%]
src/codomyrmex/tests/unit/agentic_memory/test_agentic_memory.py::TestKnowledgeMemory::test_add_fact PASSED [  4%]
src/codomyrmex/tests/unit/agentic_memory/test_agentic_memory.py::TestRetrievalResult::test_combined_score PASSED [  4%]
src/codomyrmex/tests/unit/agentic_memory/test_consolidation.py::TestConsolidationConfig::test_defaults PASSED [  4%]
src/codomyrmex/tests/unit/agentic_memory/test_consolidation.py::TestMemoryConsolidator::test_consolidate_basic PASSED [  4%]
src/codomyrmex/tests/unit/agentic_memory/test_consolidation.py::TestMemoryConsolidator::test_features_populated PASSED [  4%]
src/codomyrmex/tests/unit/agentic_memory/test_consolidation.py::TestMemoryConsolidator::test_context_populated PASSED [  4%]
src/codomyrmex/tests/unit/agentic_memory/test_consolidation.py::TestMemoryConsolidator::test_skip_low_importance PASSED [  4%]
src/codomyrmex/tests/unit/agentic_memory/test_consolidation.py::TestMemoryConsolidator::test_skip_short_content PASSED [  4%]
src/codomyrmex/tests/unit/agentic_memory/test_consolidation.py::TestMemoryConsolidator::test_no_duplicate_consolidation PASSED [  4%]
src/codomyrmex/tests/unit/agentic_memory/test_consolidation.py::TestMemoryConsolidator::test_batch_size_respected PASSED [  4%]
src/codomyrmex/tests/unit/agentic_memory/test_consolidation.py::TestMemoryConsolidator::test_metadata_source PASSED [  4%]
src/codomyrmex/tests/unit/agentic_memory/test_consolidation.py::TestMemoryConsolidator::test_mixed_importance PASSED [  4%]
src/codomyrmex/tests/unit/agents/context/test_project_context.py::TestFileInfo::test_auto_extension PASSED [  4%]
src/codomyrmex/tests/unit/agents/context/test_project_context.py::TestFileInfo::test_to_dict PASSED [  4%]
src/codomyrmex/tests/unit/agents/context/test_project_context.py::TestProjectContext::test_file_count PASSED [  4%]
src/codomyrmex/tests/unit/agents/context/test_project_context.py::TestProjectContext::test_files_by_extension PASSED [  4%]
src/codomyrmex/tests/unit/agents/context/test_project_context.py::TestProjectScanner::test_scan_real_dir PASSED [  4%]
src/codomyrmex/tests/unit/agents/context/test_project_context.py::TestProjectScanner::test_scan_nonexistent PASSED [  4%]
src/codomyrmex/tests/unit/agents/context/test_project_context.py::TestToolSelector::test_python_review PASSED [  4%]
src/codomyrmex/tests/unit/agents/context/test_project_context.py::TestToolSelector::test_toml_audit PASSED [  4%]
src/codomyrmex/tests/unit/agents/context/test_project_context.py::TestToolSelector::test_unknown_type PASSED [  4%]
src/codomyrmex/tests/unit/agents/context/test_project_context.py::TestSymbol::test_to_dict PASSED [  4%]
src/codomyrmex/tests/unit/agents/context/test_project_context.py::TestRepoIndex::test_filter_by_kind PASSED [  4%]
src/codomyrmex/tests/unit/agents/context/test_project_context.py::TestRepoIndexer::test_index_file PASSED [  5%]
src/codomyrmex/tests/unit/agents/context/test_project_context.py::TestRepoIndexer::test_missing_file PASSED [  5%]
src/codomyrmex/tests/unit/agents/context/test_project_context.py::TestRepoIndexer::test_index_directory PASSED [  5%]
src/codomyrmex/tests/unit/agents/core/test_thinking_agent.py::TestThinkingAgentConfig::test_defaults PASSED [  5%]
src/codomyrmex/tests/unit/agents/core/test_thinking_agent.py::TestThinkingAgent::test_creation PASSED [  5%]
src/codomyrmex/tests/unit/agents/core/test_thinking_agent.py::TestThinkingAgent::test_capabilities PASSED [  5%]
src/codomyrmex/tests/unit/agents/core/test_thinking_agent.py::TestThinkingAgent::test_test_connection PASSED [  5%]
src/codomyrmex/tests/unit/agents/core/test_thinking_agent.py::TestThinkingAgent::test_execute_basic PASSED [  5%]
src/codomyrmex/tests/unit/agents/core/test_thinking_agent.py::TestThinkingAgent::test_execute_stores_trace PASSED [  5%]
src/codomyrmex/tests/unit/agents/core/test_thinking_agent.py::TestThinkingAgent::test_trace_has_metadata PASSED [  5%]
src/codomyrmex/tests/unit/agents/core/test_thinking_agent.py::TestThinkingAgent::test_multiple_executions_accumulate_traces PASSED [  5%]
src/codomyrmex/tests/unit/agents/core/test_thinking_agent.py::TestThinkingAgent::test_depth_property PASSED [  5%]
src/codomyrmex/tests/unit/agents/core/test_thinking_agent.py::TestThinkingAgent::test_shallow_produces_fewer_steps PASSED [  5%]
src/codomyrmex/tests/unit/agents/core/test_thinking_agent.py::TestThinkingAgent::test_deep_produces_more_steps PASSED [  5%]
src/codomyrmex/tests/unit/agents/core/test_thinking_agent.py::TestThinkingAgent::test_context_summary PASSED [  5%]
src/codomyrmex/tests/unit/agents/core/test_thinking_agent.py::TestThinkingAgent::test_plan PASSED [  5%]
src/codomyrmex/tests/unit/agents/core/test_thinking_agent.py::TestThinkingAgent::test_act PASSED [  5%]
src/codomyrmex/tests/unit/agents/core/test_thinking_agent.py::TestThinkingAgent::test_observe PASSED [  5%]
src/codomyrmex/tests/unit/agents/core/test_thinking_agent.py::TestThinkingAgent::test_max_traces_limited PASSED [  5%]
src/codomyrmex/tests/unit/agents/core/test_thinking_agent.py::TestThinkingAgent::test_reflection_on_risks PASSED [  5%]
src/codomyrmex/tests/unit/agents/core/test_thinking_mcp_tools.py::TestThinkMCPTool::test_think_returns_success PASSED [  5%]
src/codomyrmex/tests/unit/agents/core/test_thinking_mcp_tools.py::TestThinkMCPTool::test_think_with_shallow_depth PASSED [  5%]
src/codomyrmex/tests/unit/agents/core/test_thinking_mcp_tools.py::TestThinkMCPTool::test_think_with_deep_depth PASSED [  5%]
src/codomyrmex/tests/unit/agents/core/test_thinking_mcp_tools.py::TestThinkMCPTool::test_think_with_unknown_depth_defaults_normal PASSED [  5%]
src/codomyrmex/tests/unit/agents/core/test_thinking_mcp_tools.py::TestGetThinkingDepth::test_returns_valid_depth PASSED [  5%]
src/codomyrmex/tests/unit/agents/core/test_thinking_mcp_tools.py::TestSetThinkingDepth::test_set_shallow PASSED [  5%]
src/codomyrmex/tests/unit/agents/core/test_thinking_mcp_tools.py::TestSetThinkingDepth::test_set_deep PASSED [  5%]
src/codomyrmex/tests/unit/agents/core/test_thinking_mcp_tools.py::TestSetThinkingDepth::test_set_normal PASSED [  5%]
src/codomyrmex/tests/unit/agents/core/test_thinking_mcp_tools.py::TestSetThinkingDepth::test_invalid_depth_returns_error PASSED [  5%]
src/codomyrmex/tests/unit/agents/core/test_thinking_mcp_tools.py::TestGetLastTrace::test_after_think_returns_trace PASSED [  5%]
src/codomyrmex/tests/unit/agents/core/test_thinking_mcp_tools.py::TestGetLastTrace::test_trace_has_expected_structure PASSED [  5%]
src/codomyrmex/tests/unit/agents/core/test_thinking_mcp_tools.py::TestThinkingAgentKnowledgeWiring::test_agent_without_retriever PASSED [  5%]
src/codomyrmex/tests/unit/agents/core/test_thinking_mcp_tools.py::TestThinkingAgentKnowledgeWiring::test_agent_with_retriever_property PASSED [  5%]
src/codomyrmex/tests/unit/agents/core/test_thinking_mcp_tools.py::TestThinkingAgentKnowledgeWiring::test_agent_executes_with_retriever PASSED [  5%]
src/codomyrmex/tests/unit/agents/core/test_thinking_mcp_tools.py::TestThinkingAgentKnowledgeWiring::test_agent_survives_retriever_failure PASSED [  5%]
src/codomyrmex/tests/unit/agents/every_code/test_every_code_client.py::TestEveryCodeClient::test_every_code_client_initialization PASSED [  5%]
src/codomyrmex/tests/unit/agents/every_code/test_every_code_client.py::TestEveryCodeClient::test_every_code_client_capabilities PASSED [  5%]
src/codomyrmex/tests/unit/agents/every_code/test_every_code_client.py::TestEveryCodeClient::test_every_code_client_execute_success PASSED [  5%]
src/codomyrmex/tests/unit/agents/every_code/test_every_code_client.py::TestEveryCodeClient::test_every_code_client_execute_failure_invalid_command PASSED [  5%]
src/codomyrmex/tests/unit/agents/every_code/test_every_code_client.py::TestEveryCodeClient::test_every_code_client_stream PASSED [  5%]
src/codomyrmex/tests/unit/agents/every_code/test_every_code_client.py::TestEveryCodeClient::test_every_code_client_execute_command PASSED [  5%]
src/codomyrmex/tests/unit/agents/every_code/test_every_code_client.py::TestEveryCodeClient::test_every_code_client_get_help PASSED [  5%]
src/codomyrmex/tests/unit/agents/every_code/test_every_code_client.py::TestEveryCodeClient::test_every_code_client_get_help_structure PASSED [  5%]
src/codomyrmex/tests/unit/agents/every_code/test_every_code_client.py::TestEveryCodeClient::test_every_code_client_get_version_structure PASSED [  5%]
src/codomyrmex/tests/unit/agents/every_code/test_every_code_client.py::TestEveryCodeClient::test_every_code_client_timeout_config PASSED [  5%]
src/codomyrmex/tests/unit/agents/every_code/test_every_code_client.py::TestEveryCodeClient::test_every_code_client_file_operations_structure PASSED [  5%]
src/codomyrmex/tests/unit/agents/every_code/test_every_code_client.py::TestEveryCodeClient::test_every_code_client_config_override PASSED [  5%]
src/codomyrmex/tests/unit/agents/every_code/test_every_code_client.py::TestEveryCodeClient::test_every_code_client_request_validation PASSED [  5%]
src/codomyrmex/tests/unit/agents/every_code/test_every_code_client.py::TestEveryCodeClient::test_every_code_client_special_commands PASSED [  5%]
src/codomyrmex/tests/unit/agents/every_code/test_every_code_integration.py::TestEveryCodeIntegrationAdapter::test_adapter_initialization PASSED [  5%]
src/codomyrmex/tests/unit/agents/every_code/test_every_code_integration.py::TestEveryCodeIntegrationAdapter::test_adapt_for_ai_code_editing PASSED [  5%]
src/codomyrmex/tests/unit/agents/every_code/test_every_code_integration.py::TestEveryCodeIntegrationAdapter::test_adapt_for_ai_code_editing_with_files PASSED [  5%]
src/codomyrmex/tests/unit/agents/every_code/test_every_code_integration.py::TestEveryCodeIntegrationAdapter::test_adapt_for_llm PASSED [  5%]
src/codomyrmex/tests/unit/agents/every_code/test_every_code_integration.py::TestEveryCodeIntegrationAdapter::test_adapt_for_llm_with_model PASSED [  5%]
src/codomyrmex/tests/unit/agents/every_code/test_every_code_integration.py::TestEveryCodeIntegrationAdapter::test_adapt_for_code_execution PASSED [  5%]
src/codomyrmex/tests/unit/agents/every_code/test_every_code_integration.py::TestEveryCodeIntegrationAdapter::test_adapt_for_ai_code_editing_structure PASSED [  5%]
src/codomyrmex/tests/unit/agents/every_code/test_every_code_integration.py::TestEveryCodeIntegrationAdapter::test_adapt_for_llm_structure PASSED [  5%]
src/codomyrmex/tests/unit/agents/gemini/test_gemini_cli.py::test_gemini_cli_version PASSED [  5%]
src/codomyrmex/tests/unit/agents/gemini/test_gemini_cli.py::test_gemini_cli_list_extensions PASSED [  5%]
src/codomyrmex/tests/unit/agents/gemini/test_gemini_cli.py::test_gemini_cli_execute_basic PASSED [  5%]
src/codomyrmex/tests/unit/agents/generic/test_base_agent_config.py::TestBaseAgentConfigExtraction::test_get_config_value_from_provided_config PASSED [  5%]
src/codomyrmex/tests/unit/agents/generic/test_base_agent_config.py::TestBaseAgentConfigExtraction::test_get_config_value_from_instance_config PASSED [  5%]
src/codomyrmex/tests/unit/agents/generic/test_base_agent_config.py::TestBaseAgentConfigExtraction::test_get_config_value_from_agent_config PASSED [  5%]
src/codomyrmex/tests/unit/agents/generic/test_base_agent_config.py::TestBaseAgentConfigExtraction::test_get_config_value_default PASSED [  5%]
src/codomyrmex/tests/unit/agents/generic/test_base_agent_config.py::TestBaseAgentConfigExtraction::test_get_config_value_priority_order PASSED [  5%]
src/codomyrmex/tests/unit/agents/generic/test_base_agent_config.py::TestBaseAgentConfigExtraction::test_get_config_value_none_handling PASSED [  5%]
src/codomyrmex/tests/unit/agents/generic/test_base_agent_config.py::TestBaseAgentConfigExtraction::test_get_config_value_missing_agent_config_attribute PASSED [  5%]
src/codomyrmex/tests/unit/agents/meta/test_meta_agent.py::TestOutcomeScorer::test_perfect_score PASSED [  5%]
src/codomyrmex/tests/unit/agents/meta/test_meta_agent.py::TestOutcomeScorer::test_zero_correctness PASSED [  5%]
src/codomyrmex/tests/unit/agents/meta/test_meta_agent.py::TestOutcomeScorer::test_efficiency PASSED [  5%]
src/codomyrmex/tests/unit/agents/meta/test_meta_agent.py::TestOutcomeScorer::test_quality PASSED [  5%]
src/codomyrmex/tests/unit/agents/meta/test_meta_agent.py::TestOutcomeScorer::test_to_dict PASSED [  5%]
src/codomyrmex/tests/unit/agents/meta/test_meta_agent.py::TestStrategy::test_record_outcome PASSED [  5%]
src/codomyrmex/tests/unit/agents/meta/test_meta_agent.py::TestStrategy::test_to_dict PASSED [  5%]
src/codomyrmex/tests/unit/agents/meta/test_meta_agent.py::TestStrategyLibrary::test_add_and_get PASSED [  5%]
src/codomyrmex/tests/unit/agents/meta/test_meta_agent.py::TestStrategyLibrary::test_remove PASSED [  5%]
src/codomyrmex/tests/unit/agents/meta/test_meta_agent.py::TestStrategyLibrary::test_best_strategy PASSED [  5%]
src/codomyrmex/tests/unit/agents/meta/test_meta_agent.py::TestStrategyLibrary::test_list_sorted PASSED [  5%]
src/codomyrmex/tests/unit/agents/meta/test_meta_agent.py::TestABTestEngine::test_clear_winner PASSED [  5%]
src/codomyrmex/tests/unit/agents/meta/test_meta_agent.py::TestABTestEngine::test_tie PASSED [  5%]
src/codomyrmex/tests/unit/agents/meta/test_meta_agent.py::TestABTestEngine::test_to_dict PASSED [  5%]
src/codomyrmex/tests/unit/agents/meta/test_meta_agent.py::TestMetaAgent::test_run_basic PASSED [  5%]
src/codomyrmex/tests/unit/agents/meta/test_meta_agent.py::TestMetaAgent::test_improvement_tracked PASSED [  5%]
src/codomyrmex/tests/unit/agents/meta/test_meta_agent.py::TestMetaAgent::test_no_strategies PASSED [  5%]
src/codomyrmex/tests/unit/agents/meta/test_meta_agent.py::TestMetaAgent::test_task_failure_handled PASSED [  5%]
src/codomyrmex/tests/unit/agents/mistral_vibe/test_mistral_vibe_client.py::TestMistralVibeClient::test_mistral_vibe_client_initialization SKIPPED [  5%]
src/codomyrmex/tests/unit/agents/mistral_vibe/test_mistral_vibe_client.py::TestMistralVibeClient::test_mistral_vibe_client_capabilities SKIPPED [  5%]
src/codomyrmex/tests/unit/agents/mistral_vibe/test_mistral_vibe_client.py::TestMistralVibeClient::test_mistral_vibe_client_execute_success SKIPPED [  5%]
src/codomyrmex/tests/unit/agents/mistral_vibe/test_mistral_vibe_client.py::TestMistralVibeClient::test_mistral_vibe_client_execute_failure_invalid_command SKIPPED [  5%]
src/codomyrmex/tests/unit/agents/mistral_vibe/test_mistral_vibe_client.py::TestMistralVibeClient::test_mistral_vibe_client_stream SKIPPED [  5%]
src/codomyrmex/tests/unit/agents/mistral_vibe/test_mistral_vibe_client.py::TestMistralVibeClient::test_mistral_vibe_client_execute_command SKIPPED [  5%]
src/codomyrmex/tests/unit/agents/mistral_vibe/test_mistral_vibe_client.py::TestMistralVibeClient::test_mistral_vibe_client_get_help SKIPPED [  5%]
src/codomyrmex/tests/unit/agents/mistral_vibe/test_mistral_vibe_client.py::TestMistralVibeClient::test_mistral_vibe_client_get_help_structure SKIPPED [  5%]
src/codomyrmex/tests/unit/agents/mistral_vibe/test_mistral_vibe_client.py::TestMistralVibeClient::test_mistral_vibe_client_timeout_config SKIPPED [  5%]
src/codomyrmex/tests/unit/agents/mistral_vibe/test_mistral_vibe_client.py::TestMistralVibeClient::test_mistral_vibe_client_file_operations_structure SKIPPED [  5%]
src/codomyrmex/tests/unit/agents/mistral_vibe/test_mistral_vibe_client.py::TestMistralVibeClient::test_mistral_vibe_client_config_override SKIPPED [  5%]
src/codomyrmex/tests/unit/agents/mistral_vibe/test_mistral_vibe_client.py::TestMistralVibeClient::test_mistral_vibe_client_request_validation SKIPPED [  5%]
src/codomyrmex/tests/unit/agents/mistral_vibe/test_mistral_vibe_integration.py::TestMistralVibeIntegrationAdapter::test_adapter_initialization SKIPPED [  5%]
src/codomyrmex/tests/unit/agents/mistral_vibe/test_mistral_vibe_integration.py::TestMistralVibeIntegrationAdapter::test_adapt_for_ai_code_editing SKIPPED [  6%]
src/codomyrmex/tests/unit/agents/mistral_vibe/test_mistral_vibe_integration.py::TestMistralVibeIntegrationAdapter::test_adapt_for_ai_code_editing_with_files SKIPPED [  6%]
src/codomyrmex/tests/unit/agents/mistral_vibe/test_mistral_vibe_integration.py::TestMistralVibeIntegrationAdapter::test_adapt_for_llm SKIPPED [  6%]
src/codomyrmex/tests/unit/agents/mistral_vibe/test_mistral_vibe_integration.py::TestMistralVibeIntegrationAdapter::test_adapt_for_llm_with_model SKIPPED [  6%]
src/codomyrmex/tests/unit/agents/mistral_vibe/test_mistral_vibe_integration.py::TestMistralVibeIntegrationAdapter::test_adapt_for_code_execution SKIPPED [  6%]
src/codomyrmex/tests/unit/agents/mistral_vibe/test_mistral_vibe_integration.py::TestMistralVibeIntegrationAdapter::test_adapt_for_ai_code_editing_structure SKIPPED [  6%]
src/codomyrmex/tests/unit/agents/mistral_vibe/test_mistral_vibe_integration.py::TestMistralVibeIntegrationAdapter::test_adapt_for_llm_structure SKIPPED [  6%]
src/codomyrmex/tests/unit/agents/openclaw/test_openclaw_client.py::TestOpenClawClient::test_openclaw_client_initialization PASSED [  6%]
src/codomyrmex/tests/unit/agents/openclaw/test_openclaw_client.py::TestOpenClawClient::test_openclaw_client_capabilities PASSED [  6%]
src/codomyrmex/tests/unit/agents/openclaw/test_openclaw_client.py::TestOpenClawClient::test_openclaw_client_execute_success SKIPPED [  6%]
src/codomyrmex/tests/unit/agents/openclaw/test_openclaw_client.py::TestOpenClawClient::test_openclaw_client_execute_with_context SKIPPED [  6%]
src/codomyrmex/tests/unit/agents/openclaw/test_openclaw_client.py::TestOpenClawClient::test_openclaw_client_execute_with_doctor SKIPPED [  6%]
src/codomyrmex/tests/unit/agents/openclaw/test_openclaw_client.py::TestOpenClawClient::test_openclaw_client_execute_failure_invalid_command PASSED [  6%]
src/codomyrmex/tests/unit/agents/openclaw/test_openclaw_client.py::TestOpenClawClient::test_openclaw_client_stream SKIPPED [  6%]
src/codomyrmex/tests/unit/agents/openclaw/test_openclaw_client.py::TestOpenClawClient::test_openclaw_client_get_version PASSED [  6%]
src/codomyrmex/tests/unit/agents/openclaw/test_openclaw_client.py::TestOpenClawClient::test_openclaw_client_run_doctor SKIPPED [  6%]
src/codomyrmex/tests/unit/agents/openclaw/test_openclaw_client.py::TestOpenClawClient::test_openclaw_client_send_message SKIPPED [  6%]
src/codomyrmex/tests/unit/agents/openclaw/test_openclaw_client.py::TestOpenClawIntegrationAdapter::test_adapter_initialization PASSED [  6%]
src/codomyrmex/tests/unit/agents/openclaw/test_openclaw_client.py::TestOpenClawIntegrationAdapter::test_adapter_ai_code_editing SKIPPED [  6%]
src/codomyrmex/tests/unit/agents/openclaw/test_openclaw_client.py::TestOpenClawIntegrationAdapter::test_adapter_ai_code_editing_failure SKIPPED [  6%]
src/codomyrmex/tests/unit/agents/openclaw/test_openclaw_client.py::TestOpenClawIntegrationAdapter::test_adapter_llm_integration SKIPPED [  6%]
src/codomyrmex/tests/unit/agents/openclaw/test_openclaw_client.py::TestOpenClawIntegrationAdapter::test_adapter_code_execution SKIPPED [  6%]
src/codomyrmex/tests/unit/agents/openclaw/test_openclaw_client.py::TestOpenClawOrchestration::test_openclaw_with_orchestrator_structure PASSED [  6%]
src/codomyrmex/tests/unit/agents/openclaw/test_openclaw_client.py::TestOpenClawOrchestration::test_openclaw_with_orchestrator_parallel SKIPPED [  6%]
src/codomyrmex/tests/unit/agents/openclaw/test_openclaw_client.py::TestOpenClawOrchestration::test_openclaw_with_orchestrator_sequential SKIPPED [  6%]
src/codomyrmex/tests/unit/agents/openclaw/test_openclaw_client.py::TestOpenClawOrchestration::test_openclaw_with_orchestrator_fallback SKIPPED [  6%]
src/codomyrmex/tests/unit/agents/openclaw/test_openclaw_client.py::TestOpenClawOrchestration::test_openclaw_capability_selection PASSED [  6%]
src/codomyrmex/tests/unit/agents/pai/test_pai_bridge_hardening.py::test_verify_capabilities_structure PASSED [  6%]
src/codomyrmex/tests/unit/agents/pai/test_pai_bridge_hardening.py::test_trusted_call_tool_validation_success PASSED [  6%]
src/codomyrmex/tests/unit/agents/pai/test_pai_bridge_hardening.py::test_trusted_call_tool_validation_failure PASSED [  6%]
src/codomyrmex/tests/unit/agents/pai/test_pai_bridge_hardening.py::test_tool_list_workflows PASSED [  6%]
src/codomyrmex/tests/unit/agents/pai/test_pai_bridge_hardening.py::test_tool_list_workflows_no_dir PASSED [  6%]
src/codomyrmex/tests/unit/agents/pai/test_pai_bridge_hardening.py::test_tool_invalidate_cache_full PASSED [  6%]
src/codomyrmex/tests/unit/agents/pai/test_pai_bridge_hardening.py::test_tool_invalidate_cache_module PASSED [  6%]
src/codomyrmex/tests/unit/agents/pai/test_pai_bridge_hardening.py::test_mcp_tool_decorator_metadata PASSED [  6%]
src/codomyrmex/tests/unit/agents/pai/test_pai_bridge_hardening.py::test_discovery_availability PASSED [  6%]
src/codomyrmex/tests/unit/agents/pai/test_trust_gateway_hardening.py::TestAuditLog::test_audit_log_records_success PASSED [  6%]
src/codomyrmex/tests/unit/agents/pai/test_trust_gateway_hardening.py::TestAuditLog::test_audit_log_records_error PASSED [  6%]
src/codomyrmex/tests/unit/agents/pai/test_trust_gateway_hardening.py::TestAuditLog::test_audit_log_records_blocked PASSED [  6%]
src/codomyrmex/tests/unit/agents/pai/test_trust_gateway_hardening.py::TestAuditLog::test_audit_log_filtering PASSED [  6%]
src/codomyrmex/tests/unit/agents/pai/test_trust_gateway_hardening.py::TestAuditLog::test_clear_audit_log PASSED [  6%]
src/codomyrmex/tests/unit/agents/pai/test_trust_gateway_hardening.py::TestAuditLog::test_export_audit_log PASSED [  6%]
src/codomyrmex/tests/unit/agents/pai/test_trust_gateway_hardening.py::TestTrustHooks::test_trust_change_callback PASSED [  6%]
src/codomyrmex/tests/unit/agents/pai/test_trust_gateway_hardening.py::TestTrustHooks::test_event_emission PASSED [  6%]
src/codomyrmex/tests/unit/agents/pai/test_trust_gateway_hardening.py::TestDestructiveConfirmation::test_safe_tool_bypasses_confirmation PASSED [  6%]
src/codomyrmex/tests/unit/agents/pai/test_trust_gateway_hardening.py::TestDestructiveConfirmation::test_destructive_tool_requires_confirmation PASSED [  6%]
src/codomyrmex/tests/unit/agents/pai/test_trust_gateway_hardening.py::TestDestructiveConfirmation::test_confirmation_token_execution PASSED [  6%]
src/codomyrmex/tests/unit/agents/pai/test_trust_gateway_hardening.py::TestDestructiveConfirmation::test_invalid_token_fails PASSED [  6%]
src/codomyrmex/tests/unit/agents/pai/test_trust_gateway_hardening.py::TestDestructiveConfirmation::test_mismatched_token_fails PASSED [  6%]
src/codomyrmex/tests/unit/agents/planner/test_feedback_loop.py::TestFeedbackConfig::test_defaults PASSED [  6%]
src/codomyrmex/tests/unit/agents/planner/test_feedback_loop.py::TestFeedbackConfig::test_custom_config PASSED [  6%]
src/codomyrmex/tests/unit/agents/planner/test_feedback_loop.py::TestPlanEvaluator::test_perfect_score PASSED [  6%]
src/codomyrmex/tests/unit/agents/planner/test_feedback_loop.py::TestPlanEvaluator::test_failed_steps_lower_score PASSED [  6%]
src/codomyrmex/tests/unit/agents/planner/test_feedback_loop.py::TestPlanEvaluator::test_later_iterations_lower_retry_score PASSED [  6%]
src/codomyrmex/tests/unit/agents/planner/test_feedback_loop.py::TestPlanEvaluator::test_compare_scores PASSED [  6%]
src/codomyrmex/tests/unit/agents/planner/test_feedback_loop.py::TestPlanEvaluator::test_convergence_detection PASSED [  6%]
src/codomyrmex/tests/unit/agents/planner/test_feedback_loop.py::TestPlanEvaluator::test_not_converging PASSED [  6%]
src/codomyrmex/tests/unit/agents/planner/test_feedback_loop.py::TestFeedbackLoop::test_happy_path_converges PASSED [  6%]
src/codomyrmex/tests/unit/agents/planner/test_feedback_loop.py::TestFeedbackLoop::test_memory_persisted PASSED [  6%]
src/codomyrmex/tests/unit/agents/planner/test_feedback_loop.py::TestFeedbackLoop::test_max_iterations_respected PASSED [  6%]
src/codomyrmex/tests/unit/agents/planner/test_feedback_loop.py::TestFeedbackLoop::test_quality_floor_triggers_replan PASSED [  6%]
src/codomyrmex/tests/unit/agents/planner/test_feedback_loop.py::TestFeedbackLoop::test_scores_tracked_across_iterations PASSED [  6%]
src/codomyrmex/tests/unit/agents/planner/test_feedback_loop.py::TestFeedbackLoop::test_no_retry_on_partial_failure PASSED [  6%]
src/codomyrmex/tests/unit/agents/planner/test_feedback_loop.py::TestFeedbackLoop::test_custom_plan_engine PASSED [  6%]
src/codomyrmex/tests/unit/agents/pooling/test_pooling.py::TestCircuitBreaker::test_closed_by_default PASSED [  6%]
src/codomyrmex/tests/unit/agents/pooling/test_pooling.py::TestCircuitBreaker::test_opens_after_failures PASSED [  6%]
src/codomyrmex/tests/unit/agents/pooling/test_pooling.py::TestCircuitBreaker::test_success_resets PASSED [  6%]
src/codomyrmex/tests/unit/agents/pooling/test_pooling.py::TestCircuitBreaker::test_reset PASSED [  6%]
src/codomyrmex/tests/unit/agents/pooling/test_pooling.py::TestAgentPool::test_add_agent PASSED [  6%]
src/codomyrmex/tests/unit/agents/pooling/test_pooling.py::TestAgentPool::test_remove_agent PASSED [  6%]
src/codomyrmex/tests/unit/agents/pooling/test_pooling.py::TestAgentPool::test_execute_success PASSED [  6%]
src/codomyrmex/tests/unit/agents/pooling/test_pooling.py::TestAgentPool::test_execute_with_failover PASSED [  6%]
src/codomyrmex/tests/unit/agents/pooling/test_pooling.py::TestAgentPool::test_round_robin PASSED [  6%]
src/codomyrmex/tests/unit/agents/pooling/test_pooling.py::TestAgentPool::test_weighted_distribution PASSED [  6%]
src/codomyrmex/tests/unit/agents/pooling/test_pooling.py::TestAgentPool::test_circuit_breaker_integration PASSED [  6%]
src/codomyrmex/tests/unit/agents/pooling/test_pooling.py::TestAgentPool::test_health_tracking PASSED [  6%]
src/codomyrmex/tests/unit/agents/pooling/test_pooling.py::TestAgentPool::test_reset_agent PASSED [  6%]
src/codomyrmex/tests/unit/agents/pooling/test_pooling.py::TestFallbackChain::test_primary_succeeds PASSED [  6%]
src/codomyrmex/tests/unit/agents/pooling/test_pooling.py::TestFallbackChain::test_fallback_on_failure PASSED [  6%]
src/codomyrmex/tests/unit/agents/pooling/test_pooling.py::TestFallbackChain::test_fallback_callback PASSED [  6%]
src/codomyrmex/tests/unit/agents/pooling/test_pooling.py::TestFallbackChain::test_all_fail PASSED [  6%]
src/codomyrmex/tests/unit/agents/specialized/test_improvement_pipeline.py::TestAntiPatternDetector::test_detects_bare_except PASSED [  6%]
src/codomyrmex/tests/unit/agents/specialized/test_improvement_pipeline.py::TestAntiPatternDetector::test_detects_mutable_default PASSED [  6%]
src/codomyrmex/tests/unit/agents/specialized/test_improvement_pipeline.py::TestAntiPatternDetector::test_detects_star_import PASSED [  6%]
src/codomyrmex/tests/unit/agents/specialized/test_improvement_pipeline.py::TestAntiPatternDetector::test_severity_threshold_filters PASSED [  6%]
src/codomyrmex/tests/unit/agents/specialized/test_improvement_pipeline.py::TestAntiPatternDetector::test_no_patterns_in_clean_code PASSED [  6%]
src/codomyrmex/tests/unit/agents/specialized/test_improvement_pipeline.py::TestImprovementPipeline::test_full_cycle PASSED [  6%]
src/codomyrmex/tests/unit/agents/specialized/test_improvement_pipeline.py::TestImprovementPipeline::test_max_changes_limit PASSED [  6%]
src/codomyrmex/tests/unit/agents/specialized/test_improvement_pipeline.py::TestImprovementPipeline::test_min_confidence_threshold PASSED [  6%]
src/codomyrmex/tests/unit/agents/specialized/test_improvement_pipeline.py::TestImprovementPipeline::test_clean_code_approved PASSED [  6%]
src/codomyrmex/tests/unit/agents/specialized/test_improvement_pipeline.py::TestImprovementPipeline::test_analyze_only PASSED [  6%]
src/codomyrmex/tests/unit/agents/specialized/test_improvement_pipeline.py::TestImprovementReport::test_report_to_markdown PASSED [  6%]
src/codomyrmex/tests/unit/agents/specialized/test_improvement_pipeline.py::TestImprovementReport::test_change_count PASSED [  6%]
src/codomyrmex/tests/unit/agents/specialized/test_improvement_pipeline.py::TestImprovementReport::test_approved_property PASSED [  6%]
src/codomyrmex/tests/unit/agents/specialized/test_improvement_pipeline.py::TestImprovementReport::test_test_suite_success_rate PASSED [  6%]
src/codomyrmex/tests/unit/agents/test_agents_core_config.py::TestBaseAgentInitialization::test_agent_initialization_with_defaults PASSED [  6%]
src/codomyrmex/tests/unit/agents/test_agents_core_config.py::TestBaseAgentInitialization::test_agent_initialization_with_config PASSED [  6%]
src/codomyrmex/tests/unit/agents/test_agents_core_config.py::TestBaseAgentInitialization::test_agent_setup_logging PASSED [  6%]
src/codomyrmex/tests/unit/agents/test_agents_core_config.py::TestBaseAgentInitialization::test_agent_test_connection_default PASSED [  6%]
src/codomyrmex/tests/unit/agents/test_agents_core_config.py::TestBaseAgentInitialization::test_agent_has_logger PASSED [  7%]
src/codomyrmex/tests/unit/agents/test_agents_core_config.py::TestAgentConfiguration::test_agent_config_dataclass_defaults PASSED [  7%]
src/codomyrmex/tests/unit/agents/test_agents_core_config.py::TestAgentConfiguration::test_agent_config_from_environment PASSED [  7%]
src/codomyrmex/tests/unit/agents/test_agents_core_config.py::TestAgentConfiguration::test_agent_config_to_dict PASSED [  7%]
src/codomyrmex/tests/unit/agents/test_agents_core_config.py::TestAgentConfiguration::test_agent_config_validation PASSED [  7%]
src/codomyrmex/tests/unit/agents/test_agents_core_config.py::TestAgentConfiguration::test_get_config_singleton PASSED [  7%]
src/codomyrmex/tests/unit/agents/test_agents_core_config.py::TestAgentConfiguration::test_set_config_overrides_singleton PASSED [  7%]
src/codomyrmex/tests/unit/agents/test_agents_core_config.py::TestAgentConfiguration::test_get_config_value_from_instance PASSED [  7%]
src/codomyrmex/tests/unit/agents/test_agents_core_config.py::TestAgentConfiguration::test_get_config_value_default PASSED [  7%]
src/codomyrmex/tests/unit/agents/test_agents_core_orchestration.py::TestAgentOrchestrator::test_orchestrator_initialization PASSED [  7%]
src/codomyrmex/tests/unit/agents/test_agents_core_orchestration.py::TestAgentOrchestrator::test_execute_parallel PASSED [  7%]
src/codomyrmex/tests/unit/agents/test_agents_core_orchestration.py::TestAgentOrchestrator::test_execute_parallel_with_failure PASSED [  7%]
src/codomyrmex/tests/unit/agents/test_agents_core_orchestration.py::TestAgentOrchestrator::test_execute_sequential PASSED [  7%]
src/codomyrmex/tests/unit/agents/test_agents_core_orchestration.py::TestAgentOrchestrator::test_execute_sequential_stop_on_success PASSED [  7%]
src/codomyrmex/tests/unit/agents/test_agents_core_orchestration.py::TestAgentOrchestrator::test_execute_with_fallback PASSED [  7%]
src/codomyrmex/tests/unit/agents/test_agents_core_orchestration.py::TestAgentOrchestrator::test_execute_with_fallback_all_fail PASSED [  7%]
src/codomyrmex/tests/unit/agents/test_agents_core_orchestration.py::TestAgentOrchestrator::test_execute_no_agents_raises PASSED [  7%]
src/codomyrmex/tests/unit/agents/test_agents_core_orchestration.py::TestAgentOrchestrator::test_select_agent_by_capability PASSED [  7%]
src/codomyrmex/tests/unit/agents/test_agents_core_session.py::TestAgentSession::test_session_creation PASSED [  7%]
src/codomyrmex/tests/unit/agents/test_agents_core_session.py::TestAgentSession::test_add_user_message PASSED [  7%]
src/codomyrmex/tests/unit/agents/test_agents_core_session.py::TestAgentSession::test_add_assistant_message PASSED [  7%]
src/codomyrmex/tests/unit/agents/test_agents_core_session.py::TestAgentSession::test_add_system_message PASSED [  7%]
src/codomyrmex/tests/unit/agents/test_agents_core_session.py::TestAgentSession::test_get_context PASSED [  7%]
src/codomyrmex/tests/unit/agents/test_agents_core_session.py::TestAgentSession::test_get_context_with_limit PASSED [  7%]
src/codomyrmex/tests/unit/agents/test_agents_core_session.py::TestAgentSession::test_get_last_response PASSED [  7%]
src/codomyrmex/tests/unit/agents/test_agents_core_session.py::TestAgentSession::test_get_last_response_none PASSED [  7%]
src/codomyrmex/tests/unit/agents/test_agents_core_session.py::TestAgentSession::test_session_clear PASSED [  7%]
src/codomyrmex/tests/unit/agents/test_agents_core_session.py::TestAgentSession::test_session_trim_history PASSED [  7%]
src/codomyrmex/tests/unit/agents/test_agents_core_session.py::TestAgentSession::test_session_save_and_load PASSED [  7%]
src/codomyrmex/tests/unit/agents/test_agents_core_session.py::TestAgentSession::test_message_to_dict PASSED [  7%]
src/codomyrmex/tests/unit/agents/test_agents_core_session.py::TestAgentSession::test_message_from_dict PASSED [  7%]
src/codomyrmex/tests/unit/agents/test_agents_core_session.py::TestSessionManager::test_create_session PASSED [  7%]
src/codomyrmex/tests/unit/agents/test_agents_core_session.py::TestSessionManager::test_get_session PASSED [  7%]
src/codomyrmex/tests/unit/agents/test_agents_core_session.py::TestSessionManager::test_get_or_create_existing PASSED [  7%]
src/codomyrmex/tests/unit/agents/test_agents_core_session.py::TestSessionManager::test_get_or_create_new PASSED [  7%]
src/codomyrmex/tests/unit/agents/test_agents_core_session.py::TestSessionManager::test_delete_session PASSED [  7%]
src/codomyrmex/tests/unit/agents/test_agents_core_session.py::TestSessionManager::test_list_sessions PASSED [  7%]
src/codomyrmex/tests/unit/agents/test_agents_core_session.py::TestSessionManager::test_list_sessions_filtered PASSED [  7%]
src/codomyrmex/tests/unit/agents/test_agents_core_session.py::TestSessionManager::test_save_all_sessions PASSED [  7%]
src/codomyrmex/tests/unit/agents/test_agents_core_session.py::TestSessionManager::test_load_all_sessions PASSED [  7%]
src/codomyrmex/tests/unit/agents/test_agents_core_tools.py::TestToolRegistry::test_register_tool PASSED [  7%]
src/codomyrmex/tests/unit/agents/test_agents_core_tools.py::TestToolRegistry::test_register_function PASSED [  7%]
src/codomyrmex/tests/unit/agents/test_agents_core_tools.py::TestToolRegistry::test_tool_execution PASSED [  7%]
src/codomyrmex/tests/unit/agents/test_agents_core_tools.py::TestToolRegistry::test_tool_execution_string_result PASSED [  7%]
src/codomyrmex/tests/unit/agents/test_agents_core_tools.py::TestToolRegistry::test_tool_not_found_raises PASSED [  7%]
src/codomyrmex/tests/unit/agents/test_agents_core_tools.py::TestToolRegistry::test_list_tools PASSED [  7%]
src/codomyrmex/tests/unit/agents/test_agents_core_tools.py::TestToolRegistry::test_get_schemas PASSED [  7%]
src/codomyrmex/tests/unit/agents/test_agents_core_tools.py::TestToolRegistry::test_tool_schema_structure PASSED [  7%]
src/codomyrmex/tests/unit/agents/test_agents_core_tools.py::TestToolRegistry::test_register_overwrites_existing PASSED [  7%]
src/codomyrmex/tests/unit/agents/test_claude_client.py::TestClaudePricing::test_pricing_is_dict PASSED [  7%]
src/codomyrmex/tests/unit/agents/test_claude_client.py::TestClaudePricing::test_pricing_has_expected_models PASSED [  7%]
src/codomyrmex/tests/unit/agents/test_claude_client.py::TestClaudePricing::test_pricing_values_are_positive PASSED [  7%]
src/codomyrmex/tests/unit/agents/test_claude_client.py::TestClaudePricing::test_pricing_output_greater_than_input PASSED [  7%]
src/codomyrmex/tests/unit/agents/test_claude_client.py::TestModuleExports::test_claude_client_exported PASSED [  7%]
src/codomyrmex/tests/unit/agents/test_claude_client.py::TestModuleExports::test_integration_adapter_exported PASSED [  7%]
src/codomyrmex/tests/unit/agents/test_claude_client.py::TestModuleExports::test_pricing_exported PASSED [  7%]
src/codomyrmex/tests/unit/agents/test_claude_client.py::TestModuleExports::test_version_string PASSED [  7%]
src/codomyrmex/tests/unit/agents/test_claude_client.py::TestClaudeClientInstantiation::test_instantiation_with_explicit_key PASSED [  7%]
src/codomyrmex/tests/unit/agents/test_claude_client.py::TestClaudeClientInstantiation::test_default_capabilities PASSED [  7%]
src/codomyrmex/tests/unit/agents/test_claude_client.py::TestClaudeClientInstantiation::test_custom_model_config PASSED [  7%]
src/codomyrmex/tests/unit/agents/test_claude_client.py::TestClaudeClientInstantiation::test_default_retry_settings PASSED [  7%]
src/codomyrmex/tests/unit/agents/test_claude_client.py::TestClaudeClientInstantiation::test_custom_retry_settings PASSED [  7%]
src/codomyrmex/tests/unit/agents/test_claude_client.py::TestClaudeToolRegistration::test_register_tool PASSED [  7%]
src/codomyrmex/tests/unit/agents/test_claude_client.py::TestClaudeToolRegistration::test_register_tool_with_handler PASSED [  7%]
src/codomyrmex/tests/unit/agents/test_claude_client.py::TestClaudeToolRegistration::test_register_multiple_tools PASSED [  7%]
src/codomyrmex/tests/unit/agents/test_claude_client.py::TestClaudeToolRegistration::test_execute_unregistered_tool_raises PASSED [  7%]
src/codomyrmex/tests/unit/agents/test_claude_client.py::TestClaudeSessionManagement::test_create_session PASSED [  7%]
src/codomyrmex/tests/unit/agents/test_claude_client.py::TestClaudeSessionManagement::test_create_session_with_id PASSED [  7%]
src/codomyrmex/tests/unit/agents/test_claude_client.py::TestClaudeSessionManagement::test_multiple_sessions PASSED [  7%]
src/codomyrmex/tests/unit/agents/test_claude_client.py::TestClaudeCostCalculation::test_cost_calculation_known_model PASSED [  7%]
src/codomyrmex/tests/unit/agents/test_claude_client.py::TestClaudeCostCalculation::test_cost_calculation_zero_tokens PASSED [  7%]
src/codomyrmex/tests/unit/agents/test_claude_client.py::TestClaudeCostCalculation::test_cost_proportional_to_tokens PASSED [  7%]
src/codomyrmex/tests/unit/agents/test_claude_client.py::TestClaudeIntegrationAdapter::test_adapter_creation PASSED [  7%]
src/codomyrmex/tests/unit/agents/test_claude_client.py::TestClaudeIntegrationAdapter::test_adapter_has_required_methods PASSED [  7%]
src/codomyrmex/tests/unit/agents/test_claude_client.py::TestClaudeLiveAPI::test_simple_execute SKIPPED [  7%]
src/codomyrmex/tests/unit/agents/test_claude_client.py::TestClaudeLiveAPI::test_execute_returns_cost SKIPPED [  7%]
src/codomyrmex/tests/unit/agents/test_claude_integration.py::TestAdapterConstruction::test_adapter_stores_agent_reference PASSED [  7%]
src/codomyrmex/tests/unit/agents/test_claude_integration.py::TestAdapterConstruction::test_adapter_has_logger PASSED [  7%]
src/codomyrmex/tests/unit/agents/test_claude_integration.py::TestAdapterConstruction::test_adapter_inherits_abstract_interface PASSED [  7%]
src/codomyrmex/tests/unit/agents/test_claude_integration.py::TestAdaptForAiCodeEditing::test_returns_string PASSED [  7%]
src/codomyrmex/tests/unit/agents/test_claude_integration.py::TestAdaptForAiCodeEditing::test_passes_prompt_to_agent PASSED [  7%]
src/codomyrmex/tests/unit/agents/test_claude_integration.py::TestAdaptForAiCodeEditing::test_context_includes_language PASSED [  7%]
src/codomyrmex/tests/unit/agents/test_claude_integration.py::TestAdaptForAiCodeEditing::test_context_includes_system_prompt PASSED [  7%]
src/codomyrmex/tests/unit/agents/test_claude_integration.py::TestAdaptForAiCodeEditing::test_context_code_prepended PASSED [  7%]
src/codomyrmex/tests/unit/agents/test_claude_integration.py::TestAdaptForAiCodeEditing::test_style_affects_system_prompt PASSED [  7%]
src/codomyrmex/tests/unit/agents/test_claude_integration.py::TestAdaptForAiCodeEditing::test_error_raises_runtime_error PASSED [  7%]
src/codomyrmex/tests/unit/agents/test_claude_integration.py::TestAdaptForAiCodeEditingStream::test_yields_chunks PASSED [  7%]
src/codomyrmex/tests/unit/agents/test_claude_integration.py::TestAdaptForLlm::test_returns_dict_with_expected_keys PASSED [  7%]
src/codomyrmex/tests/unit/agents/test_claude_integration.py::TestAdaptForLlm::test_extracts_system_message PASSED [  7%]
src/codomyrmex/tests/unit/agents/test_claude_integration.py::TestAdaptForLlm::test_system_prompt_parameter_takes_precedence PASSED [  7%]
src/codomyrmex/tests/unit/agents/test_claude_integration.py::TestAdaptForLlm::test_usage_dict_has_token_counts PASSED [  7%]
src/codomyrmex/tests/unit/agents/test_claude_integration.py::TestAdaptForCodeExecution::test_returns_dict_with_success PASSED [  7%]
src/codomyrmex/tests/unit/agents/test_claude_integration.py::TestAdaptForCodeExecution::test_analysis_type_in_context PASSED [  7%]
src/codomyrmex/tests/unit/agents/test_claude_integration.py::TestAdaptForCodeExecution::test_code_included_in_prompt PASSED [  7%]
src/codomyrmex/tests/unit/agents/test_claude_integration.py::TestAdaptForCodeExecution::test_error_response_includes_error_key PASSED [  7%]
src/codomyrmex/tests/unit/agents/test_claude_integration.py::TestAdaptForCodeRefactoring::test_returns_dict_with_expected_keys PASSED [  7%]
src/codomyrmex/tests/unit/agents/test_claude_integration.py::TestAdaptForCodeRefactoring::test_original_code_preserved PASSED [  7%]
src/codomyrmex/tests/unit/agents/test_claude_integration.py::TestCodeExtraction::test_extracts_from_language_code_block PASSED [  7%]
src/codomyrmex/tests/unit/agents/test_claude_integration.py::TestCodeExtraction::test_extracts_from_generic_code_block PASSED [  7%]
src/codomyrmex/tests/unit/agents/test_claude_integration.py::TestCodeExtraction::test_returns_stripped_original_when_no_block PASSED [  8%]
src/codomyrmex/tests/unit/agents/test_claude_integration.py::TestAnalysisOutputParsing::test_parses_issues PASSED [  8%]
src/codomyrmex/tests/unit/agents/test_claude_integration.py::TestAnalysisOutputParsing::test_parses_recommendations PASSED [  8%]
src/codomyrmex/tests/unit/agents/test_claude_integration.py::TestAnalysisOutputParsing::test_empty_output_returns_empty_lists PASSED [  8%]
src/codomyrmex/tests/unit/agents/test_claude_integration.py::TestSystemPromptBuilding::test_includes_language PASSED [  8%]
src/codomyrmex/tests/unit/agents/test_claude_integration.py::TestSystemPromptBuilding::test_style_hint_appended PASSED [  8%]
src/codomyrmex/tests/unit/agents/test_claude_integration.py::TestSystemPromptBuilding::test_unknown_style_ignored PASSED [  8%]
src/codomyrmex/tests/unit/agents/test_cli_configurations.py::TestSimpleConfigurationConfirmations::test_basic_info_command_configuration PASSED [  8%]
src/codomyrmex/tests/unit/agents/test_cli_configurations.py::TestSimpleConfigurationConfirmations::test_configuration_display PASSED [  8%]
src/codomyrmex/tests/unit/agents/test_cli_configurations.py::TestSimpleConfigurationConfirmations::test_single_agent_status PASSED [  8%]
src/codomyrmex/tests/unit/agents/test_cli_configurations.py::TestComplexConfigurationScenarios::test_multiple_agent_configurations PASSED [  8%]
src/codomyrmex/tests/unit/agents/test_cli_configurations.py::TestComplexConfigurationScenarios::test_environment_variable_handling PASSED [  8%]
src/codomyrmex/tests/unit/agents/test_cli_configurations.py::TestComplexConfigurationScenarios::test_configuration_precedence PASSED [  8%]
src/codomyrmex/tests/unit/agents/test_cli_configurations.py::TestComplexConfigurationScenarios::test_configuration_validation PASSED [  8%]
src/codomyrmex/tests/unit/agents/test_cli_configurations.py::TestComplexConfigurationScenarios::test_dynamic_configuration_updates PASSED [  8%]
src/codomyrmex/tests/unit/agents/test_cli_configurations.py::TestComplexConfigurationScenarios::test_configuration_persistence PASSED [  8%]
src/codomyrmex/tests/unit/agents/test_cli_configurations.py::TestComplexConfigurationScenarios::test_all_agents_configured_together PASSED [  8%]
src/codomyrmex/tests/unit/agents/test_cli_configurations.py::TestComplexConfigurationScenarios::test_output_directory_configuration PASSED [  8%]
src/codomyrmex/tests/unit/agents/test_cli_orchestration.py::TestCLICommands::test_info_command_basic PASSED [  8%]
src/codomyrmex/tests/unit/agents/test_cli_orchestration.py::TestCLICommands::test_info_command_verbose PASSED [  8%]
src/codomyrmex/tests/unit/agents/test_cli_orchestration.py::TestCLICommands::test_info_command_output_format PASSED [  8%]
src/codomyrmex/tests/unit/agents/test_cli_orchestration.py::TestCLICommands::test_unknown_command_handling PASSED [  8%]
src/codomyrmex/tests/unit/agents/test_cli_orchestration.py::TestCLICommands::test_cli_error_handling PASSED [  8%]
src/codomyrmex/tests/unit/agents/test_cli_orchestration.py::TestCLIOutputFormatting::test_json_output_format PASSED [  8%]
src/codomyrmex/tests/unit/agents/test_cli_orchestration.py::TestCLIOutputFormatting::test_config_dict_structure PASSED [  8%]
src/codomyrmex/tests/unit/agents/test_cli_orchestration.py::TestCLIOutputFormatting::test_sensitive_data_masking PASSED [  8%]
src/codomyrmex/tests/unit/agents/test_cli_orchestration.py::TestCLIConfigurationIntegration::test_cli_reads_global_config PASSED [  8%]
src/codomyrmex/tests/unit/agents/test_cli_orchestration.py::TestCLIConfigurationIntegration::test_cli_config_validation PASSED [  8%]
src/codomyrmex/tests/unit/agents/test_cli_orchestration.py::TestJulesCommands::test_jules_check_availability PASSED [  8%]
src/codomyrmex/tests/unit/agents/test_cli_orchestration.py::TestJulesCommands::test_jules_get_help PASSED [  8%]
src/codomyrmex/tests/unit/agents/test_cli_orchestration.py::TestJulesCommands::test_jules_execute_request PASSED [  8%]
src/codomyrmex/tests/unit/agents/test_cli_orchestration.py::TestClaudeCommands::test_claude_check_config PASSED [  8%]
src/codomyrmex/tests/unit/agents/test_cli_orchestration.py::TestClaudeCommands::test_claude_execute_request PASSED [  8%]
src/codomyrmex/tests/unit/agents/test_cli_orchestration.py::TestCodexCommands::test_codex_check_config PASSED [  8%]
src/codomyrmex/tests/unit/agents/test_cli_orchestration.py::TestCodexCommands::test_codex_execute_request PASSED [  8%]
src/codomyrmex/tests/unit/agents/test_cli_orchestration.py::TestOpenCodeCommands::test_opencode_check_availability PASSED [  8%]
src/codomyrmex/tests/unit/agents/test_cli_orchestration.py::TestOpenCodeCommands::test_opencode_get_version PASSED [  8%]
src/codomyrmex/tests/unit/agents/test_cli_orchestration.py::TestGeminiCommands::test_gemini_check_availability FAILED [  8%]
src/codomyrmex/tests/unit/agents/test_cli_orchestration.py::TestGeminiCommands::test_gemini_chat_operations FAILED [  8%]
src/codomyrmex/tests/unit/agents/test_cli_orchestration.py::TestDroidCommands::test_droid_controller_creation PASSED [  8%]
src/codomyrmex/tests/unit/agents/test_cli_orchestration.py::TestDroidCommands::test_droid_config_structure PASSED [  8%]
src/codomyrmex/tests/unit/agents/test_cli_orchestration.py::TestOrchestratorCommands::test_orchestrator_creation PASSED [  8%]
src/codomyrmex/tests/unit/agents/test_cli_orchestration.py::TestOrchestratorCommands::test_agent_request_creation PASSED [  8%]
src/codomyrmex/tests/unit/agents/test_cli_orchestration.py::TestOrchestratorCommands::test_agent_response_structure PASSED [  8%]
src/codomyrmex/tests/unit/agents/test_cli_orchestration.py::TestTheoryCommands::test_theory_architectures_available PASSED [  8%]
src/codomyrmex/tests/unit/agents/test_cli_orchestration.py::TestTheoryCommands::test_theory_reasoning_models_available PASSED [  8%]
src/codomyrmex/tests/unit/agents/test_cli_orchestration.py::TestCommonOperations::test_agent_request_with_context_json PASSED [  8%]
src/codomyrmex/tests/unit/agents/test_cli_orchestration.py::TestCommonOperations::test_agent_response_success_check PASSED [  8%]
src/codomyrmex/tests/unit/agents/test_cli_orchestration.py::TestCommonOperations::test_agent_capabilities_enum PASSED [  8%]
src/codomyrmex/tests/unit/agents/test_cli_orchestration.py::TestConfigCommands::test_config_show PASSED [  8%]
src/codomyrmex/tests/unit/agents/test_cli_orchestration.py::TestConfigCommands::test_config_set_structure PASSED [  8%]
src/codomyrmex/tests/unit/agents/test_cli_orchestration.py::TestConfigCommands::test_config_reset PASSED [  8%]
src/codomyrmex/tests/unit/agents/test_cli_orchestration.py::TestConfigCommands::test_config_validate PASSED [  8%]
src/codomyrmex/tests/unit/agents/test_cli_orchestration.py::TestOrchestratorSelect::test_select_agents_by_capability PASSED [  8%]
src/codomyrmex/tests/unit/agents/test_cli_orchestration.py::TestDroidEnhancements::test_droid_config_save_load PASSED [  8%]
src/codomyrmex/tests/unit/agents/test_cli_orchestration.py::TestDroidEnhancements::test_droid_todo_manager PASSED [  8%]
src/codomyrmex/tests/unit/agents/test_cli_orchestration.py::TestTaskPlannerCommands::test_task_planner_creation PASSED [  8%]
src/codomyrmex/tests/unit/agents/test_cli_orchestration.py::TestTaskPlannerCommands::test_task_planner_operations PASSED [  8%]
src/codomyrmex/tests/unit/agents/test_cli_orchestration.py::TestTaskPlannerCommands::test_task_status_enum PASSED [  8%]
src/codomyrmex/tests/unit/agents/test_cli_orchestration.py::TestMessageBusCommands::test_message_bus_creation PASSED [  8%]
src/codomyrmex/tests/unit/agents/test_cli_orchestration.py::TestMessageBusCommands::test_message_bus_operations PASSED [  8%]
src/codomyrmex/tests/unit/agents/test_configuration.py::TestAgentConfigSimple::test_default_configuration_loading PASSED [  8%]
src/codomyrmex/tests/unit/agents/test_configuration.py::TestAgentConfigSimple::test_environment_variable_overrides PASSED [  8%]
src/codomyrmex/tests/unit/agents/test_configuration.py::TestAgentConfigSimple::test_single_agent_configuration PASSED [  8%]
src/codomyrmex/tests/unit/agents/test_configuration.py::TestAgentConfigSimple::test_basic_timeout_and_logging_settings PASSED [  8%]
src/codomyrmex/tests/unit/agents/test_configuration.py::TestAgentConfigSimple::test_output_directory_creation PASSED [  8%]
src/codomyrmex/tests/unit/agents/test_configuration.py::TestAgentConfigComplex::test_multiple_agent_configurations PASSED [  8%]
src/codomyrmex/tests/unit/agents/test_configuration.py::TestAgentConfigComplex::test_configuration_validation_invalid_values PASSED [  8%]
src/codomyrmex/tests/unit/agents/test_configuration.py::TestAgentConfigComplex::test_configuration_validation_valid_values PASSED [  8%]
src/codomyrmex/tests/unit/agents/test_configuration.py::TestAgentConfigComplex::test_configuration_to_dict PASSED [  8%]
src/codomyrmex/tests/unit/agents/test_configuration.py::TestAgentConfigComplex::test_dynamic_configuration_updates PASSED [  8%]
src/codomyrmex/tests/unit/agents/test_configuration.py::TestAgentConfigComplex::test_configuration_persistence_and_reset PASSED [  8%]
src/codomyrmex/tests/unit/agents/test_configuration.py::TestAgentConfigComplex::test_nested_configuration_scenarios PASSED [  8%]
src/codomyrmex/tests/unit/agents/test_configuration.py::TestAgentConfigComplex::test_configuration_merging_and_precedence PASSED [  8%]
src/codomyrmex/tests/unit/agents/test_configuration.py::TestAgentConfigComplex::test_all_agent_configurations_together PASSED [  8%]
src/codomyrmex/tests/unit/agents/test_configuration.py::TestGlobalConfigManagement::test_get_config_returns_singleton PASSED [  8%]
src/codomyrmex/tests/unit/agents/test_configuration.py::TestGlobalConfigManagement::test_set_config_updates_global PASSED [  8%]
src/codomyrmex/tests/unit/agents/test_configuration.py::TestGlobalConfigManagement::test_reset_config_clears_global PASSED [  8%]
src/codomyrmex/tests/unit/agents/test_configuration.py::TestGlobalConfigManagement::test_config_isolation_between_tests PASSED [  8%]
src/codomyrmex/tests/unit/agents/test_core_agents.py::TestAgentCapabilities::test_all_capabilities_exist PASSED [  8%]
src/codomyrmex/tests/unit/agents/test_core_agents.py::TestAgentCapabilities::test_capability_values PASSED [  8%]
src/codomyrmex/tests/unit/agents/test_core_agents.py::TestAgentCapabilities::test_capabilities_iterable PASSED [  8%]
src/codomyrmex/tests/unit/agents/test_core_agents.py::TestAgentRequest::test_request_creation_minimal PASSED [  8%]
src/codomyrmex/tests/unit/agents/test_core_agents.py::TestAgentRequest::test_request_creation_full PASSED [  8%]
src/codomyrmex/tests/unit/agents/test_core_agents.py::TestAgentRequest::test_request_post_init PASSED [  8%]
src/codomyrmex/tests/unit/agents/test_core_agents.py::TestAgentResponse::test_response_creation_success PASSED [  8%]
src/codomyrmex/tests/unit/agents/test_core_agents.py::TestAgentResponse::test_response_creation_error PASSED [  8%]
src/codomyrmex/tests/unit/agents/test_core_agents.py::TestAgentResponse::test_response_with_metrics PASSED [  8%]
src/codomyrmex/tests/unit/agents/test_core_agents.py::TestBaseAgent::test_base_agent_creation PASSED [  8%]
src/codomyrmex/tests/unit/agents/test_core_agents.py::TestBaseAgent::test_get_capabilities PASSED [  8%]
src/codomyrmex/tests/unit/agents/test_core_agents.py::TestBaseAgent::test_supports_capability PASSED [  8%]
src/codomyrmex/tests/unit/agents/test_core_agents.py::TestBaseAgent::test_validate_request_empty_prompt PASSED [  8%]
src/codomyrmex/tests/unit/agents/test_core_agents.py::TestBaseAgent::test_execute_with_error_handling PASSED [  8%]
src/codomyrmex/tests/unit/agents/test_core_agents.py::TestBaseAgent::test_default_setup_and_test_connection PASSED [  8%]
src/codomyrmex/tests/unit/agents/test_core_agents.py::TestToolRegistry::test_registry_creation PASSED [  8%]
src/codomyrmex/tests/unit/agents/test_core_agents.py::TestToolRegistry::test_register_tool PASSED [  8%]
src/codomyrmex/tests/unit/agents/test_core_agents.py::TestToolRegistry::test_execute_tool PASSED [  8%]
src/codomyrmex/tests/unit/agents/test_core_agents.py::TestToolRegistry::test_get_schemas PASSED [  8%]
src/codomyrmex/tests/unit/agents/test_core_agents.py::TestReActAgent::test_react_agent_creation PASSED [  9%]
src/codomyrmex/tests/unit/agents/test_core_agents.py::TestReActAgent::test_react_agent_direct_tool_call PASSED [  9%]
src/codomyrmex/tests/unit/agents/test_core_agents.py::TestReActAgent::test_react_agent_no_tool_match PASSED [  9%]
src/codomyrmex/tests/unit/agents/test_core_agents.py::TestReActAgent::test_react_agent_get_system_prompt PASSED [  9%]
src/codomyrmex/tests/unit/agents/test_core_agents.py::TestReActAgent::test_react_agent_parse_action_args_json PASSED [  9%]
src/codomyrmex/tests/unit/agents/test_core_agents.py::TestReActAgent::test_react_agent_parse_action_args_keyvalue PASSED [  9%]
src/codomyrmex/tests/unit/agents/test_core_agents.py::TestReActAgent::test_react_agent_stream PASSED [  9%]
src/codomyrmex/tests/unit/agents/test_core_agents.py::TestReActAgent::test_react_agent_with_stub_llm_client PASSED [  9%]
src/codomyrmex/tests/unit/agents/test_core_agents.py::TestAgentIntegration::test_full_react_workflow_with_tools PASSED [  9%]
src/codomyrmex/tests/unit/agents/test_core_agents.py::TestAgentIntegration::test_agent_error_recovery PASSED [  9%]
src/codomyrmex/tests/unit/agents/test_error_handling.py::TestNetworkFailuresAndRetries::test_agent_unavailable_handling PASSED [  9%]
src/codomyrmex/tests/unit/agents/test_error_handling.py::TestNetworkFailuresAndRetries::test_partial_network_failure PASSED [  9%]
src/codomyrmex/tests/unit/agents/test_error_handling.py::TestTimeoutScenarios::test_request_timeout_handling PASSED [  9%]
src/codomyrmex/tests/unit/agents/test_error_handling.py::TestTimeoutScenarios::test_timeout_in_orchestration PASSED [  9%]
src/codomyrmex/tests/unit/agents/test_error_handling.py::TestInvalidConfigurationHandling::test_invalid_timeout_configuration PASSED [  9%]
src/codomyrmex/tests/unit/agents/test_error_handling.py::TestInvalidConfigurationHandling::test_missing_api_key_handling PASSED [  9%]
src/codomyrmex/tests/unit/agents/test_error_handling.py::TestInvalidConfigurationHandling::test_invalid_agent_configuration PASSED [  9%]
src/codomyrmex/tests/unit/agents/test_error_handling.py::TestAgentUnavailabilityHandling::test_all_agents_unavailable PASSED [  9%]
src/codomyrmex/tests/unit/agents/test_error_handling.py::TestAgentUnavailabilityHandling::test_partial_agent_availability PASSED [  9%]
src/codomyrmex/tests/unit/agents/test_error_handling.py::TestPartialFailureScenarios::test_partial_failure_in_parallel PASSED [  9%]
src/codomyrmex/tests/unit/agents/test_error_handling.py::TestPartialFailureScenarios::test_cascading_failures PASSED [  9%]
src/codomyrmex/tests/unit/agents/test_error_handling.py::TestPartialFailureScenarios::test_recovery_after_failure PASSED [  9%]
src/codomyrmex/tests/unit/agents/test_error_handling.py::TestErrorPropagationAndRecovery::test_exception_propagation PASSED [  9%]
src/codomyrmex/tests/unit/agents/test_error_handling.py::TestErrorPropagationAndRecovery::test_error_response_vs_exception PASSED [  9%]
src/codomyrmex/tests/unit/agents/test_error_handling.py::TestErrorPropagationAndRecovery::test_error_metadata_preservation PASSED [  9%]
src/codomyrmex/tests/unit/agents/test_error_handling.py::TestErrorPropagationAndRecovery::test_graceful_degradation PASSED [  9%]
src/codomyrmex/tests/unit/agents/test_error_handling.py::TestEdgeCases::test_empty_prompt_handling PASSED [  9%]
src/codomyrmex/tests/unit/agents/test_error_handling.py::TestEdgeCases::test_very_long_prompt PASSED [  9%]
src/codomyrmex/tests/unit/agents/test_error_handling.py::TestEdgeCases::test_none_context_handling PASSED [  9%]
src/codomyrmex/tests/unit/agents/test_error_handling.py::TestEdgeCases::test_empty_capabilities_list PASSED [  9%]
src/codomyrmex/tests/unit/agents/test_error_handling.py::TestEdgeCases::test_invalid_capability_request PASSED [  9%]
src/codomyrmex/tests/unit/agents/test_git_agent.py::TestGitAgentInit::test_agent_name PASSED [  9%]
src/codomyrmex/tests/unit/agents/test_git_agent.py::TestGitAgentInit::test_agent_capabilities PASSED [  9%]
src/codomyrmex/tests/unit/agents/test_git_agent.py::TestGitAgentInit::test_default_repo_manager PASSED [  9%]
src/codomyrmex/tests/unit/agents/test_git_agent.py::TestGitAgentExecution::test_sync_command_string_format PASSED [  9%]
src/codomyrmex/tests/unit/agents/test_git_agent.py::TestGitAgentExecution::test_prune_command_json_format PASSED [  9%]
src/codomyrmex/tests/unit/agents/test_git_agent.py::TestGitAgentExecution::test_status_command PASSED [  9%]
src/codomyrmex/tests/unit/agents/test_git_agent.py::TestGitAgentExecution::test_invalid_format PASSED [  9%]
src/codomyrmex/tests/unit/agents/test_git_agent.py::TestGitAgentExecution::test_unknown_action PASSED [  9%]
src/codomyrmex/tests/unit/agents/test_git_agent.py::TestGitAgentExecution::test_clean_command PASSED [  9%]
src/codomyrmex/tests/unit/agents/test_git_agent.py::TestGitAgentExecution::test_add_remote_command PASSED [  9%]
src/codomyrmex/tests/unit/agents/test_git_agent.py::TestGitAgentExecution::test_create_issue_json PASSED [  9%]
src/codomyrmex/tests/unit/agents/test_git_agent.py::TestGitAgentExecution::test_stream_yields_result PASSED [  9%]
src/codomyrmex/tests/unit/agents/test_infrastructure_agent.py::TestInfrastructureAgentInit::test_init_with_compute_client PASSED [  9%]
src/codomyrmex/tests/unit/agents/test_infrastructure_agent.py::TestInfrastructureAgentInit::test_init_with_s3_adds_storage PASSED [  9%]
src/codomyrmex/tests/unit/agents/test_infrastructure_agent.py::TestInfrastructureAgentInit::test_init_empty_clients PASSED [  9%]
src/codomyrmex/tests/unit/agents/test_infrastructure_agent.py::TestInfrastructureAgentInit::test_available_services PASSED [  9%]
src/codomyrmex/tests/unit/agents/test_infrastructure_agent.py::TestInfrastructureAgentInit::test_name_is_infrastructure_agent PASSED [  9%]
src/codomyrmex/tests/unit/agents/test_infrastructure_agent.py::TestInfrastructureAgentExecute::test_valid_json_dispatch PASSED [  9%]
src/codomyrmex/tests/unit/agents/test_infrastructure_agent.py::TestInfrastructureAgentExecute::test_missing_service_key PASSED [  9%]
src/codomyrmex/tests/unit/agents/test_infrastructure_agent.py::TestInfrastructureAgentExecute::test_missing_action_key PASSED [  9%]
src/codomyrmex/tests/unit/agents/test_infrastructure_agent.py::TestInfrastructureAgentExecute::test_unknown_service PASSED [  9%]
src/codomyrmex/tests/unit/agents/test_infrastructure_agent.py::TestInfrastructureAgentExecute::test_unknown_action PASSED [  9%]
src/codomyrmex/tests/unit/agents/test_infrastructure_agent.py::TestInfrastructureAgentExecute::test_invalid_json PASSED [  9%]
src/codomyrmex/tests/unit/agents/test_infrastructure_agent.py::TestInfrastructureAgentExecute::test_non_json_prompt PASSED [  9%]
src/codomyrmex/tests/unit/agents/test_infrastructure_agent.py::TestInfrastructureAgentExecute::test_parameter_forwarding PASSED [  9%]
src/codomyrmex/tests/unit/agents/test_infrastructure_agent.py::TestInfrastructureAgentExecute::test_security_pipeline_blocks PASSED [  9%]
src/codomyrmex/tests/unit/agents/test_infrastructure_agent.py::TestInfrastructureAgentExecute::test_response_metadata_contains_service_and_action PASSED [  9%]
src/codomyrmex/tests/unit/agents/test_infrastructure_agent.py::TestInfrastructureAgentToolRegistry::test_populate_creates_tools PASSED [  9%]
src/codomyrmex/tests/unit/agents/test_infrastructure_agent.py::TestInfrastructureAgentToolRegistry::test_populate_with_external_registry PASSED [  9%]
src/codomyrmex/tests/unit/agents/test_infrastructure_agent.py::TestInfrastructureAgentToolRegistry::test_tool_has_name_and_handler PASSED [  9%]
src/codomyrmex/tests/unit/agents/test_infrastructure_agent.py::TestInfrastructureAgentToolRegistry::test_tool_handler_delegates_to_client PASSED [  9%]
src/codomyrmex/tests/unit/agents/test_infrastructure_agent.py::TestInfrastructureAgentToolRegistry::test_stream_yields_execute_result PASSED [  9%]
src/codomyrmex/tests/unit/agents/test_infrastructure_agent.py::TestInfrastructureAgentToolRegistry::test_test_connection_succeeds PASSED [  9%]
src/codomyrmex/tests/unit/agents/test_infrastructure_agent.py::TestInfrastructureAgentToolRegistry::test_test_connection_fails PASSED [  9%]
src/codomyrmex/tests/unit/agents/test_infrastructure_agent.py::TestInfrastructureAgentToolRegistry::test_test_connection_empty_clients PASSED [  9%]
src/codomyrmex/tests/unit/agents/test_infrastructure_agent.py::TestCloudToolFactory::test_register_client_generates_tool_names PASSED [  9%]
src/codomyrmex/tests/unit/agents/test_infrastructure_agent.py::TestCloudToolFactory::test_register_client_skips_private_methods PASSED [  9%]
src/codomyrmex/tests/unit/agents/test_infrastructure_agent.py::TestCloudToolFactory::test_register_all_clients PASSED [  9%]
src/codomyrmex/tests/unit/agents/test_infrastructure_agent.py::TestCloudToolFactory::test_security_wrapping PASSED [  9%]
src/codomyrmex/tests/unit/agents/test_infrastructure_agent.py::TestCloudToolFactory::test_tool_schema_extraction PASSED [  9%]
src/codomyrmex/tests/unit/agents/test_infrastructure_agent.py::TestCloudToolFactory::test_tool_schema_no_self PASSED [  9%]
src/codomyrmex/tests/unit/agents/test_infrastructure_agent.py::TestCloudToolFactory::test_is_public_method PASSED [  9%]
src/codomyrmex/tests/unit/agents/test_integrations.py::TestAgentIntegrations::test_agent_request_creation PASSED [  9%]
src/codomyrmex/tests/unit/agents/test_integrations.py::TestAgentIntegrations::test_agent_response_structure PASSED [  9%]
src/codomyrmex/tests/unit/agents/test_jules_integration.py::TestJulesClient::test_jules_client_initialization PASSED [  9%]
src/codomyrmex/tests/unit/agents/test_jules_integration.py::TestJulesClient::test_jules_client_capabilities PASSED [  9%]
src/codomyrmex/tests/unit/agents/test_jules_integration.py::TestJulesClient::test_jules_client_execute_success SKIPPED [  9%]
src/codomyrmex/tests/unit/agents/test_jules_integration.py::TestJulesClient::test_jules_client_execute_with_context SKIPPED [  9%]
src/codomyrmex/tests/unit/agents/test_jules_integration.py::TestJulesClient::test_jules_client_execute_failure_invalid_command PASSED [  9%]
src/codomyrmex/tests/unit/agents/test_jules_integration.py::TestJulesClient::test_jules_client_stream PASSED [  9%]
src/codomyrmex/tests/unit/agents/test_jules_integration.py::TestJulesClient::test_jules_client_get_help PASSED [  9%]
src/codomyrmex/tests/unit/agents/test_jules_integration.py::TestJulesClient::test_jules_client_execute_jules_command PASSED [  9%]
src/codomyrmex/tests/unit/agents/test_jules_integration.py::TestJulesIntegrationAdapter::test_adapter_initialization PASSED [  9%]
src/codomyrmex/tests/unit/agents/test_jules_integration.py::TestJulesIntegrationAdapter::test_adapter_ai_code_editing SKIPPED [  9%]
src/codomyrmex/tests/unit/agents/test_jules_integration.py::TestJulesIntegrationAdapter::test_adapter_ai_code_editing_failure PASSED [  9%]
src/codomyrmex/tests/unit/agents/test_jules_integration.py::TestJulesIntegrationAdapter::test_adapter_llm_integration PASSED [  9%]
src/codomyrmex/tests/unit/agents/test_jules_integration.py::TestJulesIntegrationAdapter::test_adapter_code_execution PASSED [  9%]
src/codomyrmex/tests/unit/agents/test_jules_integration.py::TestJulesOrchestration::test_jules_with_orchestrator_structure PASSED [  9%]
src/codomyrmex/tests/unit/agents/test_jules_integration.py::TestJulesOrchestration::test_jules_with_orchestrator_parallel PASSED [  9%]
src/codomyrmex/tests/unit/agents/test_jules_integration.py::TestJulesOrchestration::test_jules_with_orchestrator_sequential PASSED [  9%]
src/codomyrmex/tests/unit/agents/test_jules_integration.py::TestJulesOrchestration::test_jules_with_orchestrator_fallback PASSED [  9%]
src/codomyrmex/tests/unit/agents/test_jules_integration.py::TestJulesOrchestration::test_jules_with_multiple_agents_structure PASSED [  9%]
src/codomyrmex/tests/unit/agents/test_jules_integration.py::TestJulesOrchestration::test_jules_capability_selection PASSED [  9%]
src/codomyrmex/tests/unit/agents/test_mcp_bridge.py::TestCreateServer::test_returns_mcp_server PASSED [  9%]
src/codomyrmex/tests/unit/agents/test_mcp_bridge.py::TestCreateServer::test_all_tools_registered PASSED [  9%]
src/codomyrmex/tests/unit/agents/test_mcp_bridge.py::TestCreateServer::test_resources_registered PASSED [  9%]
src/codomyrmex/tests/unit/agents/test_mcp_bridge.py::TestCreateServer::test_prompts_registered PASSED [  9%]
src/codomyrmex/tests/unit/agents/test_mcp_bridge.py::TestCreateServer::test_tool_names_prefixed PASSED [  9%]
src/codomyrmex/tests/unit/agents/test_mcp_bridge.py::TestCreateServer::test_custom_name PASSED [ 10%]
src/codomyrmex/tests/unit/agents/test_mcp_bridge.py::TestToolRegistry::test_returns_registry PASSED [ 10%]
src/codomyrmex/tests/unit/agents/test_mcp_bridge.py::TestToolRegistry::test_registry_has_all_tools PASSED [ 10%]
src/codomyrmex/tests/unit/agents/test_mcp_bridge.py::TestToolRegistry::test_registry_tools_have_handlers PASSED [ 10%]
src/codomyrmex/tests/unit/agents/test_mcp_bridge.py::TestCallToolDiscovery::test_list_modules PASSED [ 10%]
src/codomyrmex/tests/unit/agents/test_mcp_bridge.py::TestCallToolDiscovery::test_module_info_valid PASSED [ 10%]
src/codomyrmex/tests/unit/agents/test_mcp_bridge.py::TestCallToolDiscovery::test_module_info_invalid PASSED [ 10%]
src/codomyrmex/tests/unit/agents/test_mcp_bridge.py::TestCallToolDiscovery::test_unknown_tool_raises PASSED [ 10%]
src/codomyrmex/tests/unit/agents/test_mcp_bridge.py::TestCallToolFileOps::test_read_file PASSED [ 10%]
src/codomyrmex/tests/unit/agents/test_mcp_bridge.py::TestCallToolFileOps::test_read_file_missing PASSED [ 10%]
src/codomyrmex/tests/unit/agents/test_mcp_bridge.py::TestCallToolFileOps::test_list_directory PASSED [ 10%]
src/codomyrmex/tests/unit/agents/test_mcp_bridge.py::TestCallToolCodeAnalysis::test_analyze_python PASSED [ 10%]
src/codomyrmex/tests/unit/agents/test_mcp_bridge.py::TestCallToolCodeAnalysis::test_search_codebase PASSED [ 10%]
src/codomyrmex/tests/unit/agents/test_mcp_bridge.py::TestCallToolGit::test_git_status PASSED [ 10%]
src/codomyrmex/tests/unit/agents/test_mcp_bridge.py::TestCallToolGit::test_git_diff PASSED [ 10%]
src/codomyrmex/tests/unit/agents/test_mcp_bridge.py::TestCallToolPAI::test_pai_status PASSED [ 10%]
src/codomyrmex/tests/unit/agents/test_mcp_bridge.py::TestCallToolPAI::test_pai_awareness PASSED [ 10%]
src/codomyrmex/tests/unit/agents/test_mcp_bridge.py::TestCallToolData::test_checksum_file PASSED [ 10%]
src/codomyrmex/tests/unit/agents/test_mcp_bridge.py::TestCallToolData::test_json_query PASSED [ 10%]
src/codomyrmex/tests/unit/agents/test_mcp_bridge.py::TestSkillManifest::test_manifest_structure PASSED [ 10%]
src/codomyrmex/tests/unit/agents/test_mcp_bridge.py::TestSkillManifest::test_manifest_has_all_tools PASSED [ 10%]
src/codomyrmex/tests/unit/agents/test_mcp_bridge.py::TestSkillManifest::test_manifest_has_resources PASSED [ 10%]
src/codomyrmex/tests/unit/agents/test_mcp_bridge.py::TestSkillManifest::test_manifest_has_prompts PASSED [ 10%]
src/codomyrmex/tests/unit/agents/test_mcp_bridge.py::TestSkillManifest::test_manifest_has_workflows PASSED [ 10%]
src/codomyrmex/tests/unit/agents/test_mcp_bridge.py::TestSkillManifest::test_manifest_algorithm_mapping PASSED [ 10%]
src/codomyrmex/tests/unit/agents/test_mcp_bridge.py::TestSkillManifest::test_manifest_knowledge_scope PASSED [ 10%]
src/codomyrmex/tests/unit/agents/test_mcp_bridge.py::TestSkillManifest::test_manifest_tools_have_schemas PASSED [ 10%]
src/codomyrmex/tests/unit/agents/test_mcp_bridge.py::TestSkillManifest::test_manifest_serializable PASSED [ 10%]
src/codomyrmex/tests/unit/agents/test_mcp_bridge.py::TestConstants::test_tool_count PASSED [ 10%]
src/codomyrmex/tests/unit/agents/test_mcp_bridge.py::TestConstants::test_resource_count PASSED [ 10%]
src/codomyrmex/tests/unit/agents/test_mcp_bridge.py::TestConstants::test_prompt_count PASSED [ 10%]
src/codomyrmex/tests/unit/agents/test_mcp_bridge.py::TestConstants::test_direct_call_matches_registry PASSED [ 10%]
src/codomyrmex/tests/unit/agents/test_mcp_bridge.py::TestDynamicDiscovery::test_dynamic_discovery_returns_tools PASSED [ 10%]
src/codomyrmex/tests/unit/agents/test_mcp_bridge.py::TestDynamicDiscovery::test_dynamic_tool_structure PASSED [ 10%]
src/codomyrmex/tests/unit/agents/test_mcp_bridge.py::TestDynamicDiscovery::test_dynamic_tools_included_in_registry PASSED [ 10%]
src/codomyrmex/tests/unit/agents/test_modularity.py::TestModularIntegration::test_integration_adapter_pattern_verification PASSED [ 10%]
src/codomyrmex/tests/unit/agents/test_modularity.py::TestModularIntegration::test_cross_agent_compatibility PASSED [ 10%]
src/codomyrmex/tests/unit/agents/test_modularity.py::TestModularIntegration::test_plugin_style_agent_addition PASSED [ 10%]
src/codomyrmex/tests/unit/agents/test_modularity.py::TestModularIntegration::test_agent_lifecycle_management PASSED [ 10%]
src/codomyrmex/tests/unit/agents/test_modularity.py::TestModularIntegration::test_mixed_agent_types_structure PASSED [ 10%]
src/codomyrmex/tests/unit/agents/test_modularity.py::TestModularIntegration::test_dynamic_capability_matching PASSED [ 10%]
src/codomyrmex/tests/unit/agents/test_ollama_agents_integration.py::TestOllamaProviderIntegration::test_ollama_available PASSED [ 10%]
src/codomyrmex/tests/unit/agents/test_ollama_agents_integration.py::TestOllamaProviderIntegration::test_ollama_in_supported_providers PASSED [ 10%]
src/codomyrmex/tests/unit/agents/test_ollama_agents_integration.py::TestOllamaProviderIntegration::test_ollama_models_available PASSED [ 10%]
src/codomyrmex/tests/unit/agents/test_ollama_agents_integration.py::TestOllamaProviderIntegration::test_get_llm_client_ollama PASSED [ 10%]
src/codomyrmex/tests/unit/agents/test_ollama_agents_integration.py::TestOllamaProviderIntegration::test_get_llm_client_ollama_custom_model PASSED [ 10%]
src/codomyrmex/tests/unit/agents/test_ollama_agents_integration.py::TestOllamaCodeGeneration::test_generate_code_with_ollama PASSED [ 10%]
src/codomyrmex/tests/unit/agents/test_ollama_agents_integration.py::TestOllamaCodeGeneration::test_refactor_code_with_ollama PASSED [ 10%]
src/codomyrmex/tests/unit/agents/test_ollama_agents_integration.py::TestOllamaCodeGeneration::test_analyze_code_with_ollama PASSED [ 10%]
src/codomyrmex/tests/unit/agents/test_ollama_agents_integration.py::TestOllamaCodeGeneration::test_compare_code_with_ollama PASSED [ 10%]
src/codomyrmex/tests/unit/agents/test_ollama_agents_integration.py::TestOllamaCodeGeneration::test_generate_documentation_with_ollama PASSED [ 10%]
src/codomyrmex/tests/unit/agents/test_ollama_agents_integration.py::TestOllamaFallback::test_provider_list_without_ollama PASSED [ 10%]
src/codomyrmex/tests/unit/agents/test_ollama_agents_integration.py::TestOllamaFallback::test_invalid_provider_error PASSED [ 10%]
src/codomyrmex/tests/unit/agents/test_opencode_integration.py::TestOpenCodeClient::test_opencode_client_initialization PASSED [ 10%]
src/codomyrmex/tests/unit/agents/test_opencode_integration.py::TestOpenCodeClient::test_opencode_client_capabilities PASSED [ 10%]
src/codomyrmex/tests/unit/agents/test_opencode_integration.py::TestOpenCodeClient::test_opencode_client_execute_success PASSED [ 10%]
src/codomyrmex/tests/unit/agents/test_opencode_integration.py::TestOpenCodeClient::test_opencode_client_execute_with_context PASSED [ 10%]
src/codomyrmex/tests/unit/agents/test_opencode_integration.py::TestOpenCodeClient::test_opencode_client_execute_with_init SKIPPED [ 10%]
src/codomyrmex/tests/unit/agents/test_opencode_integration.py::TestOpenCodeClient::test_opencode_client_execute_failure_invalid_command PASSED [ 10%]
src/codomyrmex/tests/unit/agents/test_opencode_integration.py::TestOpenCodeClient::test_opencode_client_stream PASSED [ 10%]
src/codomyrmex/tests/unit/agents/test_opencode_integration.py::TestOpenCodeClient::test_opencode_client_get_version PASSED [ 10%]
src/codomyrmex/tests/unit/agents/test_opencode_integration.py::TestOpenCodeClient::test_opencode_client_initialize_project PASSED [ 10%]
src/codomyrmex/tests/unit/agents/test_opencode_integration.py::TestOpenCodeIntegrationAdapter::test_adapter_initialization PASSED [ 10%]
src/codomyrmex/tests/unit/agents/test_opencode_integration.py::TestOpenCodeIntegrationAdapter::test_adapter_ai_code_editing PASSED [ 10%]
src/codomyrmex/tests/unit/agents/test_opencode_integration.py::TestOpenCodeIntegrationAdapter::test_adapter_ai_code_editing_failure PASSED [ 10%]
src/codomyrmex/tests/unit/agents/test_opencode_integration.py::TestOpenCodeIntegrationAdapter::test_adapter_llm_integration PASSED [ 10%]
src/codomyrmex/tests/unit/agents/test_opencode_integration.py::TestOpenCodeIntegrationAdapter::test_adapter_code_execution PASSED [ 10%]
src/codomyrmex/tests/unit/agents/test_opencode_integration.py::TestOpenCodeOrchestration::test_opencode_with_orchestrator_structure PASSED [ 10%]
src/codomyrmex/tests/unit/agents/test_opencode_integration.py::TestOpenCodeOrchestration::test_opencode_with_orchestrator_parallel PASSED [ 10%]
src/codomyrmex/tests/unit/agents/test_opencode_integration.py::TestOpenCodeOrchestration::test_opencode_with_orchestrator_sequential PASSED [ 10%]
src/codomyrmex/tests/unit/agents/test_opencode_integration.py::TestOpenCodeOrchestration::test_opencode_with_orchestrator_fallback PASSED [ 10%]
src/codomyrmex/tests/unit/agents/test_opencode_integration.py::TestOpenCodeOrchestration::test_opencode_capability_selection PASSED [ 10%]
src/codomyrmex/tests/unit/agents/test_orchestration.py::TestAgentOrchestration::test_parallel_execution PASSED [ 10%]
src/codomyrmex/tests/unit/agents/test_orchestration.py::TestAgentOrchestration::test_sequential_execution PASSED [ 10%]
src/codomyrmex/tests/unit/agents/test_orchestration.py::TestAgentOrchestration::test_fallback_execution PASSED [ 10%]
src/codomyrmex/tests/unit/agents/test_orchestration_advanced.py::TestSimpleOrchestration::test_single_agent_execution PASSED [ 10%]
src/codomyrmex/tests/unit/agents/test_orchestration_advanced.py::TestSimpleOrchestration::test_basic_parallel_execution PASSED [ 10%]
src/codomyrmex/tests/unit/agents/test_orchestration_advanced.py::TestSimpleOrchestration::test_simple_fallback_chain PASSED [ 10%]
src/codomyrmex/tests/unit/agents/test_orchestration_advanced.py::TestComplexOrchestration::test_multi_agent_parallel_with_dependencies PASSED [ 10%]
src/codomyrmex/tests/unit/agents/test_orchestration_advanced.py::TestComplexOrchestration::test_complex_fallback_chain_partial_failures PASSED [ 10%]
src/codomyrmex/tests/unit/agents/test_orchestration_advanced.py::TestComplexOrchestration::test_sequential_execution_with_data_passing PASSED [ 10%]
src/codomyrmex/tests/unit/agents/test_orchestration_advanced.py::TestComplexOrchestration::test_sequential_execution_stop_on_success PASSED [ 10%]
src/codomyrmex/tests/unit/agents/test_orchestration_advanced.py::TestComplexOrchestration::test_agent_selection_by_capability_matching PASSED [ 10%]
src/codomyrmex/tests/unit/agents/test_orchestration_advanced.py::TestComplexOrchestration::test_load_balancing_across_agents PASSED [ 10%]
src/codomyrmex/tests/unit/agents/test_orchestration_advanced.py::TestComplexOrchestration::test_timeout_handling_in_orchestration PASSED [ 10%]
src/codomyrmex/tests/unit/agents/test_orchestration_advanced.py::TestComplexOrchestration::test_mixed_success_failure_in_parallel PASSED [ 10%]
src/codomyrmex/tests/unit/agents/test_orchestration_advanced.py::TestComplexOrchestration::test_empty_agent_list_handling PASSED [ 10%]
src/codomyrmex/tests/unit/agents/test_orchestration_advanced.py::TestComplexOrchestration::test_custom_agent_list_override PASSED [ 10%]
src/codomyrmex/tests/unit/agents/test_pai_bridge.py::TestModuleExports::test_bridge_importable PASSED [ 10%]
src/codomyrmex/tests/unit/agents/test_pai_bridge.py::TestModuleExports::test_config_importable PASSED [ 10%]
src/codomyrmex/tests/unit/agents/test_pai_bridge.py::TestModuleExports::test_dataclasses_importable PASSED [ 10%]
src/codomyrmex/tests/unit/agents/test_pai_bridge.py::TestModuleExports::test_constants_importable PASSED [ 10%]
src/codomyrmex/tests/unit/agents/test_pai_bridge.py::TestDiscovery::test_is_installed PASSED [ 10%]
src/codomyrmex/tests/unit/agents/test_pai_bridge.py::TestDiscovery::test_get_status_structure PASSED [ 10%]
src/codomyrmex/tests/unit/agents/test_pai_bridge.py::TestDiscovery::test_get_components PASSED [ 10%]
src/codomyrmex/tests/unit/agents/test_pai_bridge.py::TestAlgorithm::test_phases_count PASSED [ 10%]
src/codomyrmex/tests/unit/agents/test_pai_bridge.py::TestAlgorithm::test_phases_structure PASSED [ 10%]
src/codomyrmex/tests/unit/agents/test_pai_bridge.py::TestAlgorithm::test_phase_names PASSED [ 10%]
src/codomyrmex/tests/unit/agents/test_pai_bridge.py::TestAlgorithm::test_response_depth_levels PASSED [ 10%]
src/codomyrmex/tests/unit/agents/test_pai_bridge.py::TestAlgorithm::test_principles_count PASSED [ 11%]
src/codomyrmex/tests/unit/agents/test_pai_bridge.py::TestAlgorithm::test_algorithm_version PASSED [ 11%]
src/codomyrmex/tests/unit/agents/test_pai_bridge.py::TestSkills::test_list_skills_returns_list PASSED [ 11%]
src/codomyrmex/tests/unit/agents/test_pai_bridge.py::TestSkills::test_skill_info_structure PASSED [ 11%]
src/codomyrmex/tests/unit/agents/test_pai_bridge.py::TestSkills::test_pai_skill_has_skill_md PASSED [ 11%]
src/codomyrmex/tests/unit/agents/test_pai_bridge.py::TestSkills::test_get_skill_info_missing PASSED [ 11%]
src/codomyrmex/tests/unit/agents/test_pai_bridge.py::TestTools::test_list_tools_returns_list PASSED [ 11%]
src/codomyrmex/tests/unit/agents/test_pai_bridge.py::TestTools::test_tool_info_structure PASSED [ 11%]
src/codomyrmex/tests/unit/agents/test_pai_bridge.py::TestTools::test_get_tool_info PASSED [ 11%]
src/codomyrmex/tests/unit/agents/test_pai_bridge.py::TestTools::test_get_tool_info_missing PASSED [ 11%]
src/codomyrmex/tests/unit/agents/test_pai_bridge.py::TestHooks::test_list_hooks_returns_list PASSED [ 11%]
src/codomyrmex/tests/unit/agents/test_pai_bridge.py::TestHooks::test_hook_info_structure PASSED [ 11%]
src/codomyrmex/tests/unit/agents/test_pai_bridge.py::TestHooks::test_active_hooks_subset PASSED [ 11%]
src/codomyrmex/tests/unit/agents/test_pai_bridge.py::TestHooks::test_get_hook_info PASSED [ 11%]
src/codomyrmex/tests/unit/agents/test_pai_bridge.py::TestAgents::test_list_agents_returns_list PASSED [ 11%]
src/codomyrmex/tests/unit/agents/test_pai_bridge.py::TestAgents::test_agent_info_structure PASSED [ 11%]
src/codomyrmex/tests/unit/agents/test_pai_bridge.py::TestAgents::test_known_agents_present PASSED [ 11%]
src/codomyrmex/tests/unit/agents/test_pai_bridge.py::TestAgents::test_get_agent_info PASSED [ 11%]
src/codomyrmex/tests/unit/agents/test_pai_bridge.py::TestMemory::test_list_memory_stores PASSED [ 11%]
src/codomyrmex/tests/unit/agents/test_pai_bridge.py::TestMemory::test_memory_store_structure PASSED [ 11%]
src/codomyrmex/tests/unit/agents/test_pai_bridge.py::TestMemory::test_known_stores_present PASSED [ 11%]
src/codomyrmex/tests/unit/agents/test_pai_bridge.py::TestMemory::test_get_memory_info PASSED [ 11%]
src/codomyrmex/tests/unit/agents/test_pai_bridge.py::TestMemory::test_get_memory_info_missing PASSED [ 11%]
src/codomyrmex/tests/unit/agents/test_pai_bridge.py::TestSecurity::test_security_config_structure PASSED [ 11%]
src/codomyrmex/tests/unit/agents/test_pai_bridge.py::TestTelos::test_telos_returns_list PASSED [ 11%]
src/codomyrmex/tests/unit/agents/test_pai_bridge.py::TestSettings::test_get_settings PASSED [ 11%]
src/codomyrmex/tests/unit/agents/test_pai_bridge.py::TestSettings::test_get_pai_env PASSED [ 11%]
src/codomyrmex/tests/unit/agents/test_pai_bridge.py::TestSettings::test_mcp_registration PASSED [ 11%]
src/codomyrmex/tests/unit/agents/test_pai_bridge.py::TestGracefulDegradation::test_not_installed PASSED [ 11%]
src/codomyrmex/tests/unit/agents/test_pai_bridge.py::TestGracefulDegradation::test_status_when_absent PASSED [ 11%]
src/codomyrmex/tests/unit/agents/test_pai_bridge.py::TestGracefulDegradation::test_list_skills_empty PASSED [ 11%]
src/codomyrmex/tests/unit/agents/test_pai_bridge.py::TestGracefulDegradation::test_list_tools_empty PASSED [ 11%]
src/codomyrmex/tests/unit/agents/test_pai_bridge.py::TestGracefulDegradation::test_list_hooks_empty PASSED [ 11%]
src/codomyrmex/tests/unit/agents/test_pai_bridge.py::TestGracefulDegradation::test_list_agents_empty PASSED [ 11%]
src/codomyrmex/tests/unit/agents/test_pai_bridge.py::TestGracefulDegradation::test_list_memory_empty PASSED [ 11%]
src/codomyrmex/tests/unit/agents/test_pai_bridge.py::TestGracefulDegradation::test_security_absent PASSED [ 11%]
src/codomyrmex/tests/unit/agents/test_pai_bridge.py::TestGracefulDegradation::test_telos_empty PASSED [ 11%]
src/codomyrmex/tests/unit/agents/test_pai_bridge.py::TestGracefulDegradation::test_algorithm_version_absent PASSED [ 11%]
src/codomyrmex/tests/unit/agents/test_pai_bridge.py::TestGracefulDegradation::test_pai_env_empty PASSED [ 11%]
src/codomyrmex/tests/unit/agents/test_react_agent.py::test_react_agent_initialization PASSED [ 11%]
src/codomyrmex/tests/unit/agents/test_react_agent.py::test_react_system_prompt PASSED [ 11%]
src/codomyrmex/tests/unit/agents/test_react_agent.py::test_react_execution_mock PASSED [ 11%]
src/codomyrmex/tests/unit/agents/test_react_agent.py::test_react_execution_invalid_format PASSED [ 11%]
src/codomyrmex/tests/unit/agents/test_real_world_scenarios.py::TestSimpleScenarios::test_basic_code_generation_request PASSED [ 11%]
src/codomyrmex/tests/unit/agents/test_real_world_scenarios.py::TestSimpleScenarios::test_simple_text_completion PASSED [ 11%]
src/codomyrmex/tests/unit/agents/test_real_world_scenarios.py::TestSimpleScenarios::test_single_file_code_analysis PASSED [ 11%]
src/codomyrmex/tests/unit/agents/test_real_world_scenarios.py::TestComplexScenarios::test_multi_step_code_generation_with_context PASSED [ 11%]
src/codomyrmex/tests/unit/agents/test_real_world_scenarios.py::TestComplexScenarios::test_code_review_workflow_with_multiple_agents PASSED [ 11%]
src/codomyrmex/tests/unit/agents/test_real_world_scenarios.py::TestComplexScenarios::test_complex_refactoring_across_multiple_files PASSED [ 11%]
src/codomyrmex/tests/unit/agents/test_real_world_scenarios.py::TestComplexScenarios::test_multi_agent_codebase_analysis PASSED [ 11%]
src/codomyrmex/tests/unit/agents/test_real_world_scenarios.py::TestComplexScenarios::test_error_recovery_and_retry_scenarios PASSED [ 11%]
src/codomyrmex/tests/unit/agents/test_real_world_scenarios.py::TestComplexScenarios::test_context_management_across_operations PASSED [ 11%]
src/codomyrmex/tests/unit/agents/test_real_world_scenarios.py::TestComplexScenarios::test_capability_based_workflow PASSED [ 11%]
src/codomyrmex/tests/unit/agents/test_real_world_scenarios.py::TestComplexScenarios::test_integration_adapter_real_world_usage SKIPPED [ 11%]
src/codomyrmex/tests/unit/agents/test_trust_gateway.py::TestTrustLevel::test_untrusted_value PASSED [ 11%]
src/codomyrmex/tests/unit/agents/test_trust_gateway.py::TestTrustLevel::test_verified_value PASSED [ 11%]
src/codomyrmex/tests/unit/agents/test_trust_gateway.py::TestTrustLevel::test_trusted_value PASSED [ 11%]
src/codomyrmex/tests/unit/agents/test_trust_gateway.py::TestTrustLevel::test_three_levels PASSED [ 11%]
src/codomyrmex/tests/unit/agents/test_trust_gateway.py::TestToolClassification::test_destructive_tools_count PASSED [ 11%]
src/codomyrmex/tests/unit/agents/test_trust_gateway.py::TestToolClassification::test_safe_tools_count PASSED [ 11%]
src/codomyrmex/tests/unit/agents/test_trust_gateway.py::TestToolClassification::test_no_overlap PASSED [ 11%]
src/codomyrmex/tests/unit/agents/test_trust_gateway.py::TestToolClassification::test_union_is_complete PASSED [ 11%]
src/codomyrmex/tests/unit/agents/test_trust_gateway.py::TestToolClassification::test_write_file_is_destructive PASSED [ 11%]
src/codomyrmex/tests/unit/agents/test_trust_gateway.py::TestToolClassification::test_run_command_is_destructive PASSED [ 11%]
src/codomyrmex/tests/unit/agents/test_trust_gateway.py::TestToolClassification::test_run_tests_is_destructive PASSED [ 11%]
src/codomyrmex/tests/unit/agents/test_trust_gateway.py::TestToolClassification::test_auto_discovered_destructive_pattern PASSED [ 11%]
src/codomyrmex/tests/unit/agents/test_trust_gateway.py::TestToolClassification::test_read_file_is_safe PASSED [ 11%]
src/codomyrmex/tests/unit/agents/test_trust_gateway.py::TestToolClassification::test_list_modules_is_safe PASSED [ 11%]
src/codomyrmex/tests/unit/agents/test_trust_gateway.py::TestTrustRegistry::test_initial_state_untrusted PASSED [ 11%]
src/codomyrmex/tests/unit/agents/test_trust_gateway.py::TestTrustRegistry::test_initial_not_trusted PASSED [ 11%]
src/codomyrmex/tests/unit/agents/test_trust_gateway.py::TestTrustRegistry::test_verify_all_safe PASSED [ 11%]
src/codomyrmex/tests/unit/agents/test_trust_gateway.py::TestTrustRegistry::test_trust_single_tool PASSED [ 11%]
src/codomyrmex/tests/unit/agents/test_trust_gateway.py::TestTrustRegistry::test_trust_unknown_raises PASSED [ 11%]
src/codomyrmex/tests/unit/agents/test_trust_gateway.py::TestTrustRegistry::test_trust_all PASSED [ 11%]
src/codomyrmex/tests/unit/agents/test_trust_gateway.py::TestTrustRegistry::test_reset PASSED [ 11%]
src/codomyrmex/tests/unit/agents/test_trust_gateway.py::TestTrustRegistry::test_report_structure PASSED [ 11%]
src/codomyrmex/tests/unit/agents/test_trust_gateway.py::TestTrustRegistry::test_is_at_least_verified PASSED [ 11%]
src/codomyrmex/tests/unit/agents/test_trust_gateway.py::TestTrustRegistry::test_verify_idempotent PASSED [ 11%]
src/codomyrmex/tests/unit/agents/test_trust_gateway.py::TestVerifyCapabilities::test_returns_dict PASSED [ 11%]
src/codomyrmex/tests/unit/agents/test_trust_gateway.py::TestVerifyCapabilities::test_has_modules_section PASSED [ 11%]
src/codomyrmex/tests/unit/agents/test_trust_gateway.py::TestVerifyCapabilities::test_has_tools_section PASSED [ 11%]
src/codomyrmex/tests/unit/agents/test_trust_gateway.py::TestVerifyCapabilities::test_has_resources_section PASSED [ 11%]
src/codomyrmex/tests/unit/agents/test_trust_gateway.py::TestVerifyCapabilities::test_has_prompts_section PASSED [ 11%]
src/codomyrmex/tests/unit/agents/test_trust_gateway.py::TestVerifyCapabilities::test_mcp_server_healthy PASSED [ 11%]
src/codomyrmex/tests/unit/agents/test_trust_gateway.py::TestVerifyCapabilities::test_skill_manifest_valid PASSED [ 11%]
src/codomyrmex/tests/unit/agents/test_trust_gateway.py::TestVerifyCapabilities::test_trust_promotion PASSED [ 11%]
src/codomyrmex/tests/unit/agents/test_trust_gateway.py::TestVerifyCapabilities::test_tool_details_have_trust_level PASSED [ 11%]
src/codomyrmex/tests/unit/agents/test_trust_gateway.py::TestTrustedCallTool::test_untrusted_safe_tool_blocked PASSED [ 11%]
src/codomyrmex/tests/unit/agents/test_trust_gateway.py::TestTrustedCallTool::test_verified_safe_tool_allowed PASSED [ 11%]
src/codomyrmex/tests/unit/agents/test_trust_gateway.py::TestTrustedCallTool::test_verified_destructive_tool_blocked PASSED [ 11%]
src/codomyrmex/tests/unit/agents/test_trust_gateway.py::TestTrustedCallTool::test_trusted_destructive_tool_allowed PASSED [ 11%]
src/codomyrmex/tests/unit/agents/test_trust_gateway.py::TestTrustedCallTool::test_trust_all_enables_everything PASSED [ 11%]
src/codomyrmex/tests/unit/agents/test_trust_gateway.py::TestTrustedCallTool::test_unknown_tool_raises_key_error PASSED [ 11%]
src/codomyrmex/tests/unit/agents/test_trust_gateway.py::TestModuleLevelFunctions::test_trust_tool_returns_state PASSED [ 11%]
src/codomyrmex/tests/unit/agents/test_trust_gateway.py::TestModuleLevelFunctions::test_trust_all_returns_promoted PASSED [ 11%]
src/codomyrmex/tests/unit/agents/test_trust_gateway.py::TestModuleLevelFunctions::test_get_trust_report PASSED [ 11%]
src/codomyrmex/tests/unit/agents/test_trust_gateway.py::TestModuleLevelFunctions::test_is_trusted_false_initially PASSED [ 11%]
src/codomyrmex/tests/unit/agents/test_trust_gateway.py::TestModuleLevelFunctions::test_is_trusted_after_trust PASSED [ 11%]
src/codomyrmex/tests/unit/agents/test_trust_gateway.py::TestModuleLevelFunctions::test_reset_trust PASSED [ 12%]
src/codomyrmex/tests/unit/agents/test_trust_gateway.py::TestFullWorkflow::test_verify_then_trust_then_call PASSED [ 12%]
src/codomyrmex/tests/unit/agents/test_trust_gateway.py::TestFullWorkflow::test_selective_trust_workflow PASSED [ 12%]
src/codomyrmex/tests/unit/agents/transport/test_agent_transport.py::TestAgentSerializer::test_round_trip PASSED [ 12%]
src/codomyrmex/tests/unit/agents/transport/test_agent_transport.py::TestAgentSerializer::test_compact_json PASSED [ 12%]
src/codomyrmex/tests/unit/agents/transport/test_agent_transport.py::TestAgentSerializer::test_empty_snapshot PASSED [ 12%]
src/codomyrmex/tests/unit/agents/transport/test_agent_transport.py::TestAgentDeserializer::test_sign_and_verify PASSED [ 12%]
src/codomyrmex/tests/unit/agents/transport/test_agent_transport.py::TestAgentDeserializer::test_tampered_payload_rejected PASSED [ 12%]
src/codomyrmex/tests/unit/agents/transport/test_agent_transport.py::TestAgentDeserializer::test_deserialize_verified PASSED [ 12%]
src/codomyrmex/tests/unit/agents/transport/test_agent_transport.py::TestTransportMessage::test_round_trip PASSED [ 12%]
src/codomyrmex/tests/unit/agents/transport/test_agent_transport.py::TestTransportMessage::test_sign_verify PASSED [ 12%]
src/codomyrmex/tests/unit/agents/transport/test_agent_transport.py::TestTransportMessage::test_tampered_verify_fails PASSED [ 12%]
src/codomyrmex/tests/unit/agents/transport/test_agent_transport.py::TestTransportMessage::test_message_types PASSED [ 12%]
src/codomyrmex/tests/unit/agents/transport/test_agent_transport.py::TestCheckpoint::test_save_and_load PASSED [ 12%]
src/codomyrmex/tests/unit/agents/transport/test_agent_transport.py::TestCheckpoint::test_diff_no_changes PASSED [ 12%]
src/codomyrmex/tests/unit/agents/transport/test_agent_transport.py::TestCheckpoint::test_diff_detects_changes PASSED [ 12%]
src/codomyrmex/tests/unit/agents/transport/test_agent_transport.py::TestCheckpoint::test_checkpoint_id_auto_generated PASSED [ 12%]
src/codomyrmex/tests/unit/ai_code_editing/test_ai_code_editing.py::TestAICodeEditing::test_ai_code_helpers_import PASSED [ 12%]
src/codomyrmex/tests/unit/ai_code_editing/test_ai_code_editing.py::TestAICodeEditing::test_claude_task_master_placeholder_file PASSED [ 12%]
src/codomyrmex/tests/unit/ai_code_editing/test_ai_code_editing.py::TestAICodeEditing::test_openai_codex_placeholder_file PASSED [ 12%]
src/codomyrmex/tests/unit/ai_code_editing/test_ai_code_editing.py::TestAICodeEditing::test_openai_codex_initialization PASSED [ 12%]
src/codomyrmex/tests/unit/ai_code_editing/test_ai_code_editing.py::TestAICodeEditing::test_claude_task_master_initialization PASSED [ 12%]
src/codomyrmex/tests/unit/ai_code_editing/test_ai_code_editing.py::TestAICodeEditing::test_ai_code_helpers_structure PASSED [ 12%]
src/codomyrmex/tests/unit/ai_code_editing/test_ai_code_editing.py::TestAICodeEditing::test_get_llm_client_openai_success SKIPPED [ 12%]
src/codomyrmex/tests/unit/ai_code_editing/test_ai_code_editing.py::TestAICodeEditing::test_get_llm_client_openai_missing_key PASSED [ 12%]
src/codomyrmex/tests/unit/ai_code_editing/test_ai_code_editing.py::TestAICodeEditing::test_get_llm_client_unsupported_provider PASSED [ 12%]
src/codomyrmex/tests/unit/ai_code_editing/test_ai_code_editing.py::TestAICodeEditing::test_generate_code_snippet_invalid_inputs PASSED [ 12%]
src/codomyrmex/tests/unit/ai_code_editing/test_ai_code_editing.py::TestAICodeEditing::test_generate_code_snippet_openai_success SKIPPED [ 12%]
src/codomyrmex/tests/unit/ai_code_editing/test_ai_code_editing.py::TestAICodeEditing::test_generate_code_snippet_with_context SKIPPED [ 12%]
src/codomyrmex/tests/unit/ai_code_editing/test_ai_code_editing.py::TestAICodeEditing::test_generate_code_snippet_api_error PASSED [ 12%]
src/codomyrmex/tests/unit/ai_code_editing/test_ai_code_editing.py::TestAICodeEditing::test_refactor_code_snippet_success SKIPPED [ 12%]
src/codomyrmex/tests/unit/ai_code_editing/test_ai_code_editing.py::TestAICodeEditing::test_refactor_code_snippet_no_change SKIPPED [ 12%]
src/codomyrmex/tests/unit/ai_code_editing/test_ai_code_editing.py::TestAICodeEditing::test_ai_code_helpers_constants PASSED [ 12%]
src/codomyrmex/tests/unit/api/authentication/test_authentication.py::TestAuthType::test_api_key_member PASSED [ 12%]
src/codomyrmex/tests/unit/api/authentication/test_authentication.py::TestAuthType::test_bearer_token_member PASSED [ 12%]
src/codomyrmex/tests/unit/api/authentication/test_authentication.py::TestAuthType::test_basic_auth_member PASSED [ 12%]
src/codomyrmex/tests/unit/api/authentication/test_authentication.py::TestAuthType::test_oauth2_member PASSED [ 12%]
src/codomyrmex/tests/unit/api/authentication/test_authentication.py::TestAuthType::test_hmac_member PASSED [ 12%]
src/codomyrmex/tests/unit/api/authentication/test_authentication.py::TestAuthType::test_jwt_member PASSED [ 12%]
src/codomyrmex/tests/unit/api/authentication/test_authentication.py::TestAuthType::test_member_count PASSED [ 12%]
src/codomyrmex/tests/unit/api/authentication/test_authentication.py::TestAuthCredentials::test_field_access PASSED [ 12%]
src/codomyrmex/tests/unit/api/authentication/test_authentication.py::TestAuthCredentials::test_metadata_default_is_empty_dict PASSED [ 12%]
src/codomyrmex/tests/unit/api/authentication/test_authentication.py::TestAuthCredentials::test_metadata_custom PASSED [ 12%]
src/codomyrmex/tests/unit/api/authentication/test_authentication.py::TestAuthResult::test_defaults PASSED [ 12%]
src/codomyrmex/tests/unit/api/authentication/test_authentication.py::TestAuthResult::test_to_dict_unauthenticated PASSED [ 12%]
src/codomyrmex/tests/unit/api/authentication/test_authentication.py::TestAuthResult::test_to_dict_authenticated_with_expiry PASSED [ 12%]
src/codomyrmex/tests/unit/api/authentication/test_authentication.py::TestAPIKeyAuthenticator::test_authenticate_success_via_header PASSED [ 12%]
src/codomyrmex/tests/unit/api/authentication/test_authentication.py::TestAPIKeyAuthenticator::test_authenticate_success_via_query_param PASSED [ 12%]
src/codomyrmex/tests/unit/api/authentication/test_authentication.py::TestAPIKeyAuthenticator::test_authenticate_missing_key PASSED [ 12%]
src/codomyrmex/tests/unit/api/authentication/test_authentication.py::TestAPIKeyAuthenticator::test_authenticate_invalid_key PASSED [ 12%]
src/codomyrmex/tests/unit/api/authentication/test_authentication.py::TestAPIKeyAuthenticator::test_authenticate_expired_key PASSED [ 12%]
src/codomyrmex/tests/unit/api/authentication/test_authentication.py::TestAPIKeyAuthenticator::test_revoke_key PASSED [ 12%]
src/codomyrmex/tests/unit/api/authentication/test_authentication.py::TestAPIKeyAuthenticator::test_revoke_nonexistent_key_does_not_raise PASSED [ 12%]
src/codomyrmex/tests/unit/api/authentication/test_authentication.py::TestAPIKeyAuthenticator::test_generate_key_default_prefix PASSED [ 12%]
src/codomyrmex/tests/unit/api/authentication/test_authentication.py::TestAPIKeyAuthenticator::test_generate_key_custom_prefix PASSED [ 12%]
src/codomyrmex/tests/unit/api/authentication/test_authentication.py::TestBearerTokenAuthenticator::test_create_token_and_authenticate PASSED [ 12%]
src/codomyrmex/tests/unit/api/authentication/test_authentication.py::TestBearerTokenAuthenticator::test_authenticate_missing_bearer_prefix PASSED [ 12%]
src/codomyrmex/tests/unit/api/authentication/test_authentication.py::TestBearerTokenAuthenticator::test_authenticate_missing_authorization_header PASSED [ 12%]
src/codomyrmex/tests/unit/api/authentication/test_authentication.py::TestBearerTokenAuthenticator::test_authenticate_invalid_token PASSED [ 12%]
src/codomyrmex/tests/unit/api/authentication/test_authentication.py::TestBearerTokenAuthenticator::test_authenticate_expired_token PASSED [ 12%]
src/codomyrmex/tests/unit/api/authentication/test_authentication.py::TestBearerTokenAuthenticator::test_custom_validator_takes_precedence PASSED [ 12%]
src/codomyrmex/tests/unit/api/authentication/test_authentication.py::TestBearerTokenAuthenticator::test_custom_validator_returns_none_falls_through PASSED [ 12%]
src/codomyrmex/tests/unit/api/authentication/test_authentication.py::TestBasicAuthenticator::test_authenticate_success PASSED [ 12%]
src/codomyrmex/tests/unit/api/authentication/test_authentication.py::TestBasicAuthenticator::test_authenticate_wrong_password PASSED [ 12%]
src/codomyrmex/tests/unit/api/authentication/test_authentication.py::TestBasicAuthenticator::test_authenticate_unknown_user PASSED [ 12%]
src/codomyrmex/tests/unit/api/authentication/test_authentication.py::TestBasicAuthenticator::test_authenticate_missing_header PASSED [ 12%]
src/codomyrmex/tests/unit/api/authentication/test_authentication.py::TestBasicAuthenticator::test_authenticate_malformed_base64 PASSED [ 12%]
src/codomyrmex/tests/unit/api/authentication/test_authentication.py::TestHMACAuthenticator::test_authenticate_success PASSED [ 12%]
src/codomyrmex/tests/unit/api/authentication/test_authentication.py::TestHMACAuthenticator::test_authenticate_missing_headers PASSED [ 12%]
src/codomyrmex/tests/unit/api/authentication/test_authentication.py::TestHMACAuthenticator::test_authenticate_old_timestamp PASSED [ 12%]
src/codomyrmex/tests/unit/api/authentication/test_authentication.py::TestHMACAuthenticator::test_authenticate_invalid_signature PASSED [ 12%]
src/codomyrmex/tests/unit/api/authentication/test_authentication.py::TestHMACAuthenticator::test_authenticate_unknown_client PASSED [ 12%]
src/codomyrmex/tests/unit/api/authentication/test_authentication.py::TestHMACAuthenticator::test_sign_request_unknown_client_raises PASSED [ 12%]
src/codomyrmex/tests/unit/api/authentication/test_authentication.py::TestCreateAuthenticator::test_creates_api_key_authenticator PASSED [ 12%]
src/codomyrmex/tests/unit/api/authentication/test_authentication.py::TestCreateAuthenticator::test_creates_bearer_token_authenticator PASSED [ 12%]
src/codomyrmex/tests/unit/api/authentication/test_authentication.py::TestCreateAuthenticator::test_creates_basic_authenticator PASSED [ 12%]
src/codomyrmex/tests/unit/api/authentication/test_authentication.py::TestCreateAuthenticator::test_creates_hmac_authenticator PASSED [ 12%]
src/codomyrmex/tests/unit/api/authentication/test_authentication.py::TestCreateAuthenticator::test_unsupported_type_raises PASSED [ 12%]
src/codomyrmex/tests/unit/api/authentication/test_authentication.py::TestCreateAuthenticator::test_passes_kwargs_to_constructor PASSED [ 12%]
src/codomyrmex/tests/unit/api/circuit_breaker/test_circuit_breaker.py::TestCircuitBreaker::test_initial_state_closed PASSED [ 12%]
src/codomyrmex/tests/unit/api/circuit_breaker/test_circuit_breaker.py::TestCircuitBreaker::test_opens_after_failures PASSED [ 12%]
src/codomyrmex/tests/unit/api/circuit_breaker/test_circuit_breaker.py::TestCircuitBreaker::test_success_resets_consecutive PASSED [ 12%]
src/codomyrmex/tests/unit/api/circuit_breaker/test_circuit_breaker.py::TestCircuitBreaker::test_allow_request_closed PASSED [ 12%]
src/codomyrmex/tests/unit/api/circuit_breaker/test_circuit_breaker.py::TestCircuitBreaker::test_allow_request_open PASSED [ 12%]
src/codomyrmex/tests/unit/api/circuit_breaker/test_circuit_breaker.py::TestCircuitBreaker::test_context_manager_success PASSED [ 12%]
src/codomyrmex/tests/unit/api/circuit_breaker/test_circuit_breaker.py::TestCircuitBreaker::test_context_manager_failure PASSED [ 12%]
src/codomyrmex/tests/unit/api/circuit_breaker/test_circuit_breaker.py::TestCircuitBreaker::test_context_manager_open_raises PASSED [ 12%]
src/codomyrmex/tests/unit/api/circuit_breaker/test_circuit_breaker.py::TestCircuitBreaker::test_reset PASSED [ 12%]
src/codomyrmex/tests/unit/api/circuit_breaker/test_circuit_breaker.py::TestRetryPolicy::test_delay_calculation PASSED [ 12%]
src/codomyrmex/tests/unit/api/circuit_breaker/test_circuit_breaker.py::TestRetryPolicy::test_delay_max PASSED [ 12%]
src/codomyrmex/tests/unit/api/circuit_breaker/test_circuit_breaker.py::TestRetryPolicy::test_should_retry PASSED [ 12%]
src/codomyrmex/tests/unit/api/circuit_breaker/test_circuit_breaker.py::TestRetryPolicy::test_attempts_generator PASSED [ 12%]
src/codomyrmex/tests/unit/api/circuit_breaker/test_circuit_breaker.py::TestBulkhead::test_acquire_release PASSED [ 12%]
src/codomyrmex/tests/unit/api/circuit_breaker/test_circuit_breaker.py::TestBulkhead::test_max_concurrent PASSED [ 12%]
src/codomyrmex/tests/unit/api/circuit_breaker/test_circuit_breaker.py::TestBulkhead::test_context_manager PASSED [ 12%]
src/codomyrmex/tests/unit/api/circuit_breaker/test_circuit_breaker.py::TestBulkhead::test_context_manager_full PASSED [ 12%]
src/codomyrmex/tests/unit/api/circuit_breaker/test_circuit_breaker.py::TestDecorators::test_circuit_breaker_decorator PASSED [ 12%]
src/codomyrmex/tests/unit/api/circuit_breaker/test_circuit_breaker.py::TestDecorators::test_retry_decorator PASSED [ 12%]
src/codomyrmex/tests/unit/api/mocking/test_mocking.py::TestMatchStrategy::test_exact_member PASSED [ 12%]
src/codomyrmex/tests/unit/api/mocking/test_mocking.py::TestMatchStrategy::test_prefix_member PASSED [ 13%]
src/codomyrmex/tests/unit/api/mocking/test_mocking.py::TestMatchStrategy::test_regex_member PASSED [ 13%]
src/codomyrmex/tests/unit/api/mocking/test_mocking.py::TestMatchStrategy::test_member_count PASSED [ 13%]
src/codomyrmex/tests/unit/api/mocking/test_mocking.py::TestMockResponseMode::test_static_member PASSED [ 13%]
src/codomyrmex/tests/unit/api/mocking/test_mocking.py::TestMockResponseMode::test_sequence_member PASSED [ 13%]
src/codomyrmex/tests/unit/api/mocking/test_mocking.py::TestMockResponseMode::test_random_member PASSED [ 13%]
src/codomyrmex/tests/unit/api/mocking/test_mocking.py::TestMockRequest::test_defaults PASSED [ 13%]
src/codomyrmex/tests/unit/api/mocking/test_mocking.py::TestMockRequest::test_custom_values PASSED [ 13%]
src/codomyrmex/tests/unit/api/mocking/test_mocking.py::TestMockResponse::test_defaults PASSED [ 13%]
src/codomyrmex/tests/unit/api/mocking/test_mocking.py::TestMockResponse::test_custom_values PASSED [ 13%]
src/codomyrmex/tests/unit/api/mocking/test_mocking.py::TestMockRoute::test_defaults PASSED [ 13%]
src/codomyrmex/tests/unit/api/mocking/test_mocking.py::TestMockRoute::test_to_dict PASSED [ 13%]
src/codomyrmex/tests/unit/api/mocking/test_mocking.py::TestMockRoute::test_to_dict_empty_responses PASSED [ 13%]
src/codomyrmex/tests/unit/api/mocking/test_mocking.py::TestRequestMatcher::test_exact_match_success PASSED [ 13%]
src/codomyrmex/tests/unit/api/mocking/test_mocking.py::TestRequestMatcher::test_exact_match_failure PASSED [ 13%]
src/codomyrmex/tests/unit/api/mocking/test_mocking.py::TestRequestMatcher::test_prefix_match_success PASSED [ 13%]
src/codomyrmex/tests/unit/api/mocking/test_mocking.py::TestRequestMatcher::test_prefix_match_exact_path PASSED [ 13%]
src/codomyrmex/tests/unit/api/mocking/test_mocking.py::TestRequestMatcher::test_regex_match_success PASSED [ 13%]
src/codomyrmex/tests/unit/api/mocking/test_mocking.py::TestRequestMatcher::test_regex_match_failure PASSED [ 13%]
src/codomyrmex/tests/unit/api/mocking/test_mocking.py::TestRequestMatcher::test_method_mismatch PASSED [ 13%]
src/codomyrmex/tests/unit/api/mocking/test_mocking.py::TestRequestMatcher::test_method_case_insensitive PASSED [ 13%]
src/codomyrmex/tests/unit/api/mocking/test_mocking.py::TestRequestMatcher::test_body_pattern_match PASSED [ 13%]
src/codomyrmex/tests/unit/api/mocking/test_mocking.py::TestRequestMatcher::test_body_pattern_mismatch PASSED [ 13%]
src/codomyrmex/tests/unit/api/mocking/test_mocking.py::TestRequestMatcher::test_body_pattern_with_no_body PASSED [ 13%]
src/codomyrmex/tests/unit/api/mocking/test_mocking.py::TestMockAPIServer::test_add_route PASSED [ 13%]
src/codomyrmex/tests/unit/api/mocking/test_mocking.py::TestMockAPIServer::test_remove_route PASSED [ 13%]
src/codomyrmex/tests/unit/api/mocking/test_mocking.py::TestMockAPIServer::test_remove_nonexistent_route_raises PASSED [ 13%]
src/codomyrmex/tests/unit/api/mocking/test_mocking.py::TestMockAPIServer::test_handle_request_match PASSED [ 13%]
src/codomyrmex/tests/unit/api/mocking/test_mocking.py::TestMockAPIServer::test_handle_request_no_match_returns_404 PASSED [ 13%]
src/codomyrmex/tests/unit/api/mocking/test_mocking.py::TestMockAPIServer::test_static_mode_always_returns_first PASSED [ 13%]
src/codomyrmex/tests/unit/api/mocking/test_mocking.py::TestMockAPIServer::test_sequence_mode_round_robins PASSED [ 13%]
src/codomyrmex/tests/unit/api/mocking/test_mocking.py::TestMockAPIServer::test_random_mode_returns_valid_responses PASSED [ 13%]
src/codomyrmex/tests/unit/api/mocking/test_mocking.py::TestMockAPIServer::test_no_responses_returns_204 PASSED [ 13%]
src/codomyrmex/tests/unit/api/mocking/test_mocking.py::TestMockAPIServer::test_request_log_records_entries PASSED [ 13%]
src/codomyrmex/tests/unit/api/mocking/test_mocking.py::TestMockAPIServer::test_clear_log PASSED [ 13%]
src/codomyrmex/tests/unit/api/mocking/test_mocking.py::TestMockAPIServer::test_reset_clears_everything PASSED [ 13%]
src/codomyrmex/tests/unit/api/mocking/test_mocking.py::TestMockAPIServer::test_assert_called_success PASSED [ 13%]
src/codomyrmex/tests/unit/api/mocking/test_mocking.py::TestMockAPIServer::test_assert_called_failure_never_called PASSED [ 13%]
src/codomyrmex/tests/unit/api/mocking/test_mocking.py::TestMockAPIServer::test_assert_called_failure_wrong_count PASSED [ 13%]
src/codomyrmex/tests/unit/api/mocking/test_mocking.py::TestMockAPIServer::test_assert_called_unknown_route_raises PASSED [ 13%]
src/codomyrmex/tests/unit/api/mocking/test_mocking.py::TestMockAPIServer::test_assert_not_called_success PASSED [ 13%]
src/codomyrmex/tests/unit/api/mocking/test_mocking.py::TestMockAPIServer::test_assert_not_called_failure PASSED [ 13%]
src/codomyrmex/tests/unit/api/mocking/test_mocking.py::TestMockAPIServer::test_assert_not_called_unknown_route_raises PASSED [ 13%]
src/codomyrmex/tests/unit/api/mocking/test_mocking.py::TestResponseFixture::test_success PASSED [ 13%]
src/codomyrmex/tests/unit/api/mocking/test_mocking.py::TestResponseFixture::test_not_found PASSED [ 13%]
src/codomyrmex/tests/unit/api/mocking/test_mocking.py::TestResponseFixture::test_server_error PASSED [ 13%]
src/codomyrmex/tests/unit/api/mocking/test_mocking.py::TestResponseFixture::test_unauthorized PASSED [ 13%]
src/codomyrmex/tests/unit/api/mocking/test_mocking.py::TestResponseFixture::test_rate_limited_default PASSED [ 13%]
src/codomyrmex/tests/unit/api/mocking/test_mocking.py::TestResponseFixture::test_rate_limited_custom_retry PASSED [ 13%]
src/codomyrmex/tests/unit/api/mocking/test_mocking.py::TestResponseFixture::test_json_response PASSED [ 13%]
src/codomyrmex/tests/unit/api/mocking/test_mocking.py::TestResponseFixture::test_json_response_custom_status PASSED [ 13%]
src/codomyrmex/tests/unit/api/mocking/test_mocking.py::TestFactories::test_create_mock_server_returns_server PASSED [ 13%]
src/codomyrmex/tests/unit/api/mocking/test_mocking.py::TestFactories::test_create_mock_server_independent_instances PASSED [ 13%]
src/codomyrmex/tests/unit/api/mocking/test_mocking.py::TestFactories::test_create_fixture_returns_fixture PASSED [ 13%]
src/codomyrmex/tests/unit/api/pagination/test_pagination.py::TestPageInfo::test_to_dict_with_defaults PASSED [ 13%]
src/codomyrmex/tests/unit/api/pagination/test_pagination.py::TestPageInfo::test_to_dict_with_populated_fields PASSED [ 13%]
src/codomyrmex/tests/unit/api/pagination/test_pagination.py::TestPageInfo::test_to_headers_minimal PASSED [ 13%]
src/codomyrmex/tests/unit/api/pagination/test_pagination.py::TestPageInfo::test_to_headers_full PASSED [ 13%]
src/codomyrmex/tests/unit/api/pagination/test_pagination.py::TestPaginatedResponse::test_to_dict_defaults PASSED [ 13%]
src/codomyrmex/tests/unit/api/pagination/test_pagination.py::TestPaginatedResponse::test_to_dict_with_items PASSED [ 13%]
src/codomyrmex/tests/unit/api/pagination/test_pagination.py::TestPaginationRequest::test_defaults PASSED [ 13%]
src/codomyrmex/tests/unit/api/pagination/test_pagination.py::TestOffsetPaginator::test_first_page PASSED [ 13%]
src/codomyrmex/tests/unit/api/pagination/test_pagination.py::TestOffsetPaginator::test_middle_page PASSED [ 13%]
src/codomyrmex/tests/unit/api/pagination/test_pagination.py::TestOffsetPaginator::test_last_page PASSED [ 13%]
src/codomyrmex/tests/unit/api/pagination/test_pagination.py::TestOffsetPaginator::test_beyond_last_page_clamped PASSED [ 13%]
src/codomyrmex/tests/unit/api/pagination/test_pagination.py::TestOffsetPaginator::test_default_page_is_one PASSED [ 13%]
src/codomyrmex/tests/unit/api/pagination/test_pagination.py::TestOffsetPaginator::test_has_next_and_previous_boundaries PASSED [ 13%]
src/codomyrmex/tests/unit/api/pagination/test_pagination.py::TestCursorPaginator::test_encode_decode_roundtrip PASSED [ 13%]
src/codomyrmex/tests/unit/api/pagination/test_pagination.py::TestCursorPaginator::test_decode_invalid_cursor_raises PASSED [ 13%]
src/codomyrmex/tests/unit/api/pagination/test_pagination.py::TestCursorPaginator::test_decode_wrong_format_raises PASSED [ 13%]
src/codomyrmex/tests/unit/api/pagination/test_pagination.py::TestCursorPaginator::test_first_page_no_cursor PASSED [ 13%]
src/codomyrmex/tests/unit/api/pagination/test_pagination.py::TestCursorPaginator::test_next_page_using_end_cursor PASSED [ 13%]
src/codomyrmex/tests/unit/api/pagination/test_pagination.py::TestCursorPaginator::test_cursor_pagination_exhausts_items PASSED [ 13%]
src/codomyrmex/tests/unit/api/pagination/test_pagination.py::TestCursorPaginator::test_has_previous_page_on_second_page PASSED [ 13%]
src/codomyrmex/tests/unit/api/pagination/test_pagination.py::TestKeysetPaginator::test_first_page_default_sort PASSED [ 13%]
src/codomyrmex/tests/unit/api/pagination/test_pagination.py::TestKeysetPaginator::test_after_key_pagination PASSED [ 13%]
src/codomyrmex/tests/unit/api/pagination/test_pagination.py::TestKeysetPaginator::test_desc_sort_direction PASSED [ 13%]
src/codomyrmex/tests/unit/api/pagination/test_pagination.py::TestKeysetPaginator::test_missing_key_handled_gracefully PASSED [ 13%]
src/codomyrmex/tests/unit/api/pagination/test_pagination.py::TestKeysetPaginator::test_keyset_cursors_are_set PASSED [ 13%]
src/codomyrmex/tests/unit/api/pagination/test_pagination.py::TestKeysetPaginator::test_after_key_not_found_starts_from_beginning PASSED [ 13%]
src/codomyrmex/tests/unit/api/pagination/test_pagination.py::TestCreatePaginator::test_offset_strategy PASSED [ 13%]
src/codomyrmex/tests/unit/api/pagination/test_pagination.py::TestCreatePaginator::test_cursor_strategy PASSED [ 13%]
src/codomyrmex/tests/unit/api/pagination/test_pagination.py::TestCreatePaginator::test_keyset_strategy PASSED [ 13%]
src/codomyrmex/tests/unit/api/pagination/test_pagination.py::TestCreatePaginator::test_keyset_with_sort_field_kwarg PASSED [ 13%]
src/codomyrmex/tests/unit/api/pagination/test_pagination.py::TestCreatePaginator::test_unknown_strategy_raises PASSED [ 13%]
src/codomyrmex/tests/unit/api/rate_limiting/test_rate_limiting.py::TestRateLimitResult::test_field_defaults PASSED [ 13%]
src/codomyrmex/tests/unit/api/rate_limiting/test_rate_limiting.py::TestRateLimitResult::test_to_headers_without_retry_after PASSED [ 13%]
src/codomyrmex/tests/unit/api/rate_limiting/test_rate_limiting.py::TestRateLimitResult::test_to_headers_with_retry_after PASSED [ 13%]
src/codomyrmex/tests/unit/api/rate_limiting/test_rate_limiting.py::TestFixedWindowLimiter::test_consume_within_limit PASSED [ 13%]
src/codomyrmex/tests/unit/api/rate_limiting/test_rate_limiting.py::TestFixedWindowLimiter::test_rate_limit_after_threshold PASSED [ 13%]
src/codomyrmex/tests/unit/api/rate_limiting/test_rate_limiting.py::TestFixedWindowLimiter::test_separate_keys_are_independent PASSED [ 13%]
src/codomyrmex/tests/unit/api/rate_limiting/test_rate_limiting.py::TestFixedWindowLimiter::test_check_without_consuming PASSED [ 13%]
src/codomyrmex/tests/unit/api/rate_limiting/test_rate_limiting.py::TestFixedWindowLimiter::test_reset_clears_count PASSED [ 13%]
src/codomyrmex/tests/unit/api/rate_limiting/test_rate_limiting.py::TestSlidingWindowLimiter::test_consume_within_limit PASSED [ 13%]
src/codomyrmex/tests/unit/api/rate_limiting/test_rate_limiting.py::TestSlidingWindowLimiter::test_enforce_limit PASSED [ 13%]
src/codomyrmex/tests/unit/api/rate_limiting/test_rate_limiting.py::TestSlidingWindowLimiter::test_separate_keys_are_independent PASSED [ 13%]
src/codomyrmex/tests/unit/api/rate_limiting/test_rate_limiting.py::TestTokenBucketLimiter::test_consume_tokens PASSED [ 13%]
src/codomyrmex/tests/unit/api/rate_limiting/test_rate_limiting.py::TestTokenBucketLimiter::test_burst_capacity PASSED [ 13%]
src/codomyrmex/tests/unit/api/rate_limiting/test_rate_limiting.py::TestTokenBucketLimiter::test_refill_after_sleep PASSED [ 14%]
src/codomyrmex/tests/unit/api/rate_limiting/test_rate_limiting.py::TestTokenBucketLimiter::test_initial_tokens PASSED [ 14%]
src/codomyrmex/tests/unit/api/rate_limiting/test_rate_limiting.py::TestCompositeRateLimiter::test_most_restrictive_wins PASSED [ 14%]
src/codomyrmex/tests/unit/api/rate_limiting/test_rate_limiting.py::TestCompositeRateLimiter::test_check_returns_least_remaining PASSED [ 14%]
src/codomyrmex/tests/unit/api/rate_limiting/test_rate_limiting.py::TestCompositeRateLimiter::test_reset_all PASSED [ 14%]
src/codomyrmex/tests/unit/api/rate_limiting/test_rate_limiting.py::TestRateLimiterMiddleware::test_check_calls_consume PASSED [ 14%]
src/codomyrmex/tests/unit/api/rate_limiting/test_rate_limiting.py::TestRateLimiterMiddleware::test_would_allow_does_not_consume PASSED [ 14%]
src/codomyrmex/tests/unit/api/rate_limiting/test_rate_limiting.py::TestCreateRateLimiter::test_creates_fixed_window PASSED [ 14%]
src/codomyrmex/tests/unit/api/rate_limiting/test_rate_limiting.py::TestCreateRateLimiter::test_creates_sliding_window PASSED [ 14%]
src/codomyrmex/tests/unit/api/rate_limiting/test_rate_limiting.py::TestCreateRateLimiter::test_creates_token_bucket PASSED [ 14%]
src/codomyrmex/tests/unit/api/rate_limiting/test_rate_limiting.py::TestCreateRateLimiter::test_unknown_type_raises_value_error PASSED [ 14%]
src/codomyrmex/tests/unit/api/test_api.py::TestHTTPMethod::test_all_http_methods_exist PASSED [ 14%]
src/codomyrmex/tests/unit/api/test_api.py::TestHTTPMethod::test_http_method_from_string PASSED [ 14%]
src/codomyrmex/tests/unit/api/test_api.py::TestHTTPStatus::test_success_status_codes PASSED [ 14%]
src/codomyrmex/tests/unit/api/test_api.py::TestHTTPStatus::test_client_error_status_codes PASSED [ 14%]
src/codomyrmex/tests/unit/api/test_api.py::TestHTTPStatus::test_server_error_status_codes PASSED [ 14%]
src/codomyrmex/tests/unit/api/test_api.py::TestAPIRequest::test_create_request PASSED [ 14%]
src/codomyrmex/tests/unit/api/test_api.py::TestAPIRequest::test_request_with_headers PASSED [ 14%]
src/codomyrmex/tests/unit/api/test_api.py::TestAPIRequest::test_json_body_parsing PASSED [ 14%]
src/codomyrmex/tests/unit/api/test_api.py::TestAPIRequest::test_json_body_invalid PASSED [ 14%]
src/codomyrmex/tests/unit/api/test_api.py::TestAPIResponse::test_create_response PASSED [ 14%]
src/codomyrmex/tests/unit/api/test_api.py::TestAPIResponse::test_success_response PASSED [ 14%]
src/codomyrmex/tests/unit/api/test_api.py::TestAPIResponse::test_error_response PASSED [ 14%]
src/codomyrmex/tests/unit/api/test_api.py::TestAPIResponse::test_not_found_response PASSED [ 14%]
src/codomyrmex/tests/unit/api/test_api.py::TestAPIResponse::test_bad_request_response PASSED [ 14%]
src/codomyrmex/tests/unit/api/test_api.py::TestAPIRouter::test_create_router PASSED [ 14%]
src/codomyrmex/tests/unit/api/test_api.py::TestAPIRouter::test_add_endpoint_via_decorator PASSED [ 14%]
src/codomyrmex/tests/unit/api/test_api.py::TestAPIRouter::test_match_endpoint PASSED [ 14%]
src/codomyrmex/tests/unit/api/test_api.py::TestAPIRouter::test_match_endpoint_with_params PASSED [ 14%]
src/codomyrmex/tests/unit/api/test_api.py::TestRESTAPI::test_create_api PASSED [ 14%]
src/codomyrmex/tests/unit/api/test_api.py::TestRESTAPI::test_handle_request PASSED [ 14%]
src/codomyrmex/tests/unit/api/test_api.py::TestRESTAPI::test_handle_not_found PASSED [ 14%]
src/codomyrmex/tests/unit/api/test_api.py::TestRESTAPI::test_metrics PASSED [ 14%]
src/codomyrmex/tests/unit/api/test_api.py::TestSimpleVersion::test_parse_valid_version PASSED [ 14%]
src/codomyrmex/tests/unit/api/test_api.py::TestSimpleVersion::test_parse_invalid_version PASSED [ 14%]
src/codomyrmex/tests/unit/api/test_api.py::TestSimpleVersion::test_version_comparison PASSED [ 14%]
src/codomyrmex/tests/unit/api/test_api.py::TestSimpleVersion::test_version_equality PASSED [ 14%]
src/codomyrmex/tests/unit/api/test_api.py::TestSimpleVersion::test_version_compatibility PASSED [ 14%]
src/codomyrmex/tests/unit/api/test_api.py::TestAPIVersion::test_create_semver_version PASSED [ 14%]
src/codomyrmex/tests/unit/api/test_api.py::TestAPIVersion::test_create_date_version PASSED [ 14%]
src/codomyrmex/tests/unit/api/test_api.py::TestAPIVersion::test_create_integer_version PASSED [ 14%]
src/codomyrmex/tests/unit/api/test_api.py::TestAPIVersion::test_invalid_semver_format PASSED [ 14%]
src/codomyrmex/tests/unit/api/test_api.py::TestAPIVersion::test_version_compatibility PASSED [ 14%]
src/codomyrmex/tests/unit/api/test_api.py::TestAPIVersionManager::test_create_version_manager PASSED [ 14%]
src/codomyrmex/tests/unit/api/test_api.py::TestAPIVersionManager::test_register_version PASSED [ 14%]
src/codomyrmex/tests/unit/api/test_api.py::TestAPIVersionManager::test_validate_version PASSED [ 14%]
src/codomyrmex/tests/unit/api/test_api.py::TestAPIVersionManager::test_get_supported_versions PASSED [ 14%]
src/codomyrmex/tests/unit/api/test_api.py::TestAPIVersionManager::test_parse_version_from_request_header PASSED [ 14%]
src/codomyrmex/tests/unit/api/test_api.py::TestAPIVersionManager::test_parse_version_from_query_param PASSED [ 14%]
src/codomyrmex/tests/unit/api/test_api.py::TestAPIVersionManager::test_get_version_info PASSED [ 14%]
src/codomyrmex/tests/unit/api/test_api.py::TestVersionedEndpoint::test_create_versioned_endpoint PASSED [ 14%]
src/codomyrmex/tests/unit/api/test_api.py::TestVersionedEndpoint::test_get_handler_for_version PASSED [ 14%]
src/codomyrmex/tests/unit/api/test_api.py::TestVersionedEndpoint::test_add_version PASSED [ 14%]
src/codomyrmex/tests/unit/api/test_api.py::TestAPISchema::test_create_schema PASSED [ 14%]
src/codomyrmex/tests/unit/api/test_api.py::TestAPISchema::test_schema_to_dict PASSED [ 14%]
src/codomyrmex/tests/unit/api/test_api.py::TestOpenAPISpecification::test_create_specification PASSED [ 14%]
src/codomyrmex/tests/unit/api/test_api.py::TestOpenAPISpecification::test_specification_to_json PASSED [ 14%]
src/codomyrmex/tests/unit/api/test_api.py::TestOpenAPISpecification::test_specification_to_yaml PASSED [ 14%]
src/codomyrmex/tests/unit/api/test_api.py::TestOpenAPISpecification::test_save_to_file PASSED [ 14%]
src/codomyrmex/tests/unit/api/test_api.py::TestDocumentationOpenAPIGenerator::test_generate_spec PASSED [ 14%]
src/codomyrmex/tests/unit/api/test_api.py::TestDocumentationOpenAPIGenerator::test_validate_spec_valid PASSED [ 14%]
src/codomyrmex/tests/unit/api/test_api.py::TestDocumentationOpenAPIGenerator::test_validate_spec_missing_fields PASSED [ 14%]
src/codomyrmex/tests/unit/api/test_api.py::TestDocumentationOpenAPIGenerator::test_get_default_schemas PASSED [ 14%]
src/codomyrmex/tests/unit/api/test_api.py::TestDocumentationOpenAPIGenerator::test_get_default_security_schemes PASSED [ 14%]
src/codomyrmex/tests/unit/api/test_api.py::TestDocumentationOpenAPIGenerator::test_export_spec_json PASSED [ 14%]
src/codomyrmex/tests/unit/api/test_api.py::TestStandardizationOpenAPIGenerator::test_create_generator PASSED [ 14%]
src/codomyrmex/tests/unit/api/test_api.py::TestStandardizationOpenAPIGenerator::test_add_security_schemes PASSED [ 14%]
src/codomyrmex/tests/unit/api/test_api.py::TestStandardizationOpenAPIGenerator::test_add_tags PASSED [ 14%]
src/codomyrmex/tests/unit/api/test_api.py::TestStandardizationOpenAPIGenerator::test_set_external_docs PASSED [ 14%]
src/codomyrmex/tests/unit/api/test_api.py::TestStandardizationOpenAPIGenerator::test_validate_spec PASSED [ 14%]
src/codomyrmex/tests/unit/api/test_api.py::TestStandardizationOpenAPIGenerator::test_generate_spec PASSED [ 14%]
src/codomyrmex/tests/unit/api/test_api.py::TestConvenienceFunctions::test_create_api_function PASSED [ 14%]
src/codomyrmex/tests/unit/api/test_api.py::TestConvenienceFunctions::test_create_router_function PASSED [ 14%]
src/codomyrmex/tests/unit/api/test_api.py::TestConvenienceFunctions::test_create_version_manager_function PASSED [ 14%]
src/codomyrmex/tests/unit/api/test_api.py::TestConvenienceFunctions::test_create_versioned_endpoint_function PASSED [ 14%]
src/codomyrmex/tests/unit/api/test_api.py::TestConvenienceFunctions::test_generate_openapi_spec_function PASSED [ 14%]
src/codomyrmex/tests/unit/api/test_api.py::TestConvenienceFunctions::test_validate_openapi_spec_function PASSED [ 14%]
src/codomyrmex/tests/unit/api/test_api.py::TestAPIIntegration::test_rest_api_with_router PASSED [ 14%]
src/codomyrmex/tests/unit/api/test_api.py::TestAPIIntegration::test_api_with_version_manager PASSED [ 14%]
src/codomyrmex/tests/unit/api/test_api.py::TestAPIIntegration::test_full_openapi_generation_workflow PASSED [ 14%]
src/codomyrmex/tests/unit/api/test_api.py::TestAPIRequestEdgeCases::test_request_with_empty_body PASSED [ 14%]
src/codomyrmex/tests/unit/api/test_api.py::TestAPIRequestEdgeCases::test_request_with_unicode_body PASSED [ 14%]
src/codomyrmex/tests/unit/api/test_api.py::TestAPIRequestEdgeCases::test_request_with_nested_query_params PASSED [ 14%]
src/codomyrmex/tests/unit/api/test_api.py::TestAPIRequestEdgeCases::test_request_context_usage PASSED [ 14%]
src/codomyrmex/tests/unit/api/test_api.py::TestAPIResponseEdgeCases::test_response_with_custom_headers PASSED [ 14%]
src/codomyrmex/tests/unit/api/test_api.py::TestAPIResponseEdgeCases::test_response_with_custom_content_type PASSED [ 14%]
src/codomyrmex/tests/unit/api/test_api.py::TestAPIResponseEdgeCases::test_response_success_with_custom_status PASSED [ 14%]
src/codomyrmex/tests/unit/api/test_api.py::TestAPIResponseEdgeCases::test_response_error_with_custom_status PASSED [ 14%]
src/codomyrmex/tests/unit/api/test_api.py::TestAPIRouterEdgeCases::test_router_with_nested_routers PASSED [ 14%]
src/codomyrmex/tests/unit/api/test_api.py::TestAPIRouterEdgeCases::test_router_middleware PASSED [ 14%]
src/codomyrmex/tests/unit/api/test_api.py::TestAPIRouterEdgeCases::test_router_normalize_path PASSED [ 14%]
src/codomyrmex/tests/unit/api/test_api.py::TestAPIRouterEdgeCases::test_router_multiple_methods_same_path PASSED [ 14%]
src/codomyrmex/tests/unit/api/test_api.py::TestRESTAPIEdgeCases::test_api_invalid_method PASSED [ 14%]
src/codomyrmex/tests/unit/api/test_api.py::TestRESTAPIEdgeCases::test_api_options_request PASSED [ 14%]
src/codomyrmex/tests/unit/api/test_api.py::TestRESTAPIEdgeCases::test_api_request_with_query_string PASSED [ 14%]
src/codomyrmex/tests/unit/api/test_api.py::TestRESTAPIEdgeCases::test_api_error_in_handler PASSED [ 14%]
src/codomyrmex/tests/unit/api/test_api.py::TestVersionManagerEdgeCases::test_parse_version_from_accept_header PASSED [ 14%]
src/codomyrmex/tests/unit/api/test_api.py::TestVersionManagerEdgeCases::test_version_default_fallback PASSED [ 14%]
src/codomyrmex/tests/unit/api/test_api.py::TestVersionManagerEdgeCases::test_get_latest_version PASSED [ 14%]
src/codomyrmex/tests/unit/api/test_api.py::TestVersionManagerEdgeCases::test_deprecate_version PASSED [ 15%]
src/codomyrmex/tests/unit/api/test_api.py::TestVersionManagerEdgeCases::test_version_unsupported_error PASSED [ 15%]
src/codomyrmex/tests/unit/api/test_api.py::TestVersionMigration::test_add_migration_rule PASSED [ 15%]
src/codomyrmex/tests/unit/api/test_api.py::TestVersionMigration::test_migrate_data_same_version PASSED [ 15%]
src/codomyrmex/tests/unit/api/test_api.py::TestVersionMigration::test_check_deprecated_usage PASSED [ 15%]
src/codomyrmex/tests/unit/api/test_api.py::TestOpenAPISpecificationEdgeCases::test_spec_invalid_save_format PASSED [ 15%]
src/codomyrmex/tests/unit/api/test_api.py::TestOpenAPISpecificationEdgeCases::test_spec_to_dict PASSED [ 15%]
src/codomyrmex/tests/unit/api/test_api.py::TestOpenAPISpecificationEdgeCases::test_validate_spec_invalid_path_format PASSED [ 15%]
src/codomyrmex/tests/unit/api/test_api.py::TestOpenAPISpecificationEdgeCases::test_validate_spec_missing_responses PASSED [ 15%]
src/codomyrmex/tests/unit/api/test_api.py::TestGraphQLAPI::test_create_graphql_schema PASSED [ 15%]
src/codomyrmex/tests/unit/api/test_api.py::TestGraphQLAPI::test_graphql_schema_sdl_generation PASSED [ 15%]
src/codomyrmex/tests/unit/api/test_api.py::TestGraphQLAPI::test_graphql_api_metrics PASSED [ 15%]
src/codomyrmex/tests/unit/api/test_api.py::TestGraphQLAPI::test_graphql_mutation_execution PASSED [ 15%]
src/codomyrmex/tests/unit/api/test_api.py::TestGraphQLAPI::test_graphql_resolver_decorator PASSED [ 15%]
src/codomyrmex/tests/unit/api/test_api.py::TestOpenAPIGeneratorFromAPIs::test_add_rest_api_to_generator PASSED [ 15%]
src/codomyrmex/tests/unit/api/test_api.py::TestOpenAPIGeneratorFromAPIs::test_add_graphql_api_to_generator PASSED [ 15%]
src/codomyrmex/tests/unit/api/test_api.py::TestOpenAPIGeneratorFromAPIs::test_add_version_manager_to_generator PASSED [ 15%]
src/codomyrmex/tests/unit/api/test_api.py::TestOpenAPIGeneratorFromAPIs::test_add_global_responses PASSED [ 15%]
src/codomyrmex/tests/unit/api/test_api.py::TestAPISchemaEdgeCases::test_schema_with_example PASSED [ 15%]
src/codomyrmex/tests/unit/api/test_api.py::TestAPISchemaEdgeCases::test_schema_without_required_fields PASSED [ 15%]
src/codomyrmex/tests/unit/api/test_api.py::TestHTMLDocGeneration::test_generate_html_docs PASSED [ 15%]
src/codomyrmex/tests/unit/api/test_api.py::TestHTMLDocGeneration::test_generate_html_empty_spec PASSED [ 15%]
src/codomyrmex/tests/unit/api/test_api.py::TestModuleImports::test_api_module_imports PASSED [ 15%]
src/codomyrmex/tests/unit/api/test_api.py::TestModuleImports::test_standardization_module_imports PASSED [ 15%]
src/codomyrmex/tests/unit/api/test_api.py::TestModuleImports::test_documentation_module_imports PASSED [ 15%]
src/codomyrmex/tests/unit/api/test_api.py::TestAPIPerformance::test_router_many_endpoints PASSED [ 15%]
src/codomyrmex/tests/unit/api/test_api.py::TestAPIPerformance::test_api_multiple_requests PASSED [ 15%]
src/codomyrmex/tests/unit/api/test_api_freeze.py::TestAPIContract::test_add_and_freeze PASSED [ 15%]
src/codomyrmex/tests/unit/api/test_api_freeze.py::TestAPIContract::test_frozen_blocks_modification PASSED [ 15%]
src/codomyrmex/tests/unit/api/test_api_freeze.py::TestAPIContract::test_checksum_deterministic PASSED [ 15%]
src/codomyrmex/tests/unit/api/test_api_freeze.py::TestAPIContract::test_to_dict PASSED [ 15%]
src/codomyrmex/tests/unit/api/test_api_freeze.py::TestContractValidator::test_compatible PASSED [ 15%]
src/codomyrmex/tests/unit/api/test_api_freeze.py::TestContractValidator::test_detects_removal PASSED [ 15%]
src/codomyrmex/tests/unit/api/test_api_freeze.py::TestContractValidator::test_detects_signature_change PASSED [ 15%]
src/codomyrmex/tests/unit/api/test_api_freeze.py::TestMigrationEngine::test_add_steps PASSED [ 15%]
src/codomyrmex/tests/unit/api/test_api_freeze.py::TestMigrationEngine::test_generate_plan PASSED [ 15%]
src/codomyrmex/tests/unit/api/test_api_freeze.py::TestMigrationEngine::test_safe_plan PASSED [ 15%]
src/codomyrmex/tests/unit/api/test_api_freeze.py::TestMigrationEngine::test_markdown_output PASSED [ 15%]
src/codomyrmex/tests/unit/api/test_api_freeze.py::TestAPISurface::test_analyze PASSED [ 15%]
src/codomyrmex/tests/unit/api/test_api_freeze.py::TestAPISurface::test_frozen_percentage PASSED [ 15%]
src/codomyrmex/tests/unit/api/test_api_freeze.py::TestAPISurface::test_unfrozen_endpoints PASSED [ 15%]
src/codomyrmex/tests/unit/api/webhooks/test_webhooks.py::TestWebhookEventType::test_created_member PASSED [ 15%]
src/codomyrmex/tests/unit/api/webhooks/test_webhooks.py::TestWebhookEventType::test_updated_member PASSED [ 15%]
src/codomyrmex/tests/unit/api/webhooks/test_webhooks.py::TestWebhookEventType::test_deleted_member PASSED [ 15%]
src/codomyrmex/tests/unit/api/webhooks/test_webhooks.py::TestWebhookEventType::test_custom_member PASSED [ 15%]
src/codomyrmex/tests/unit/api/webhooks/test_webhooks.py::TestWebhookEventType::test_member_count PASSED [ 15%]
src/codomyrmex/tests/unit/api/webhooks/test_webhooks.py::TestWebhookConfig::test_defaults PASSED [ 15%]
src/codomyrmex/tests/unit/api/webhooks/test_webhooks.py::TestWebhookEvent::test_auto_event_id PASSED [ 15%]
src/codomyrmex/tests/unit/api/webhooks/test_webhooks.py::TestWebhookEvent::test_auto_timestamp PASSED [ 15%]
src/codomyrmex/tests/unit/api/webhooks/test_webhooks.py::TestWebhookEvent::test_default_source PASSED [ 15%]
src/codomyrmex/tests/unit/api/webhooks/test_webhooks.py::TestWebhookEvent::test_to_dict PASSED [ 15%]
src/codomyrmex/tests/unit/api/webhooks/test_webhooks.py::TestWebhookEvent::test_to_json PASSED [ 15%]
src/codomyrmex/tests/unit/api/webhooks/test_webhooks.py::TestWebhookEvent::test_unique_event_ids PASSED [ 15%]
src/codomyrmex/tests/unit/api/webhooks/test_webhooks.py::TestDeliveryResult::test_to_dict PASSED [ 15%]
src/codomyrmex/tests/unit/api/webhooks/test_webhooks.py::TestDeliveryResult::test_to_dict_with_error PASSED [ 15%]
src/codomyrmex/tests/unit/api/webhooks/test_webhooks.py::TestWebhookSignature::test_sign_returns_hex_string PASSED [ 15%]
src/codomyrmex/tests/unit/api/webhooks/test_webhooks.py::TestWebhookSignature::test_verify_correct_signature PASSED [ 15%]
src/codomyrmex/tests/unit/api/webhooks/test_webhooks.py::TestWebhookSignature::test_verify_wrong_secret PASSED [ 15%]
src/codomyrmex/tests/unit/api/webhooks/test_webhooks.py::TestWebhookSignature::test_hmac_sha512 PASSED [ 15%]
src/codomyrmex/tests/unit/api/webhooks/test_webhooks.py::TestWebhookSignature::test_different_algorithms_produce_different_signatures PASSED [ 15%]
src/codomyrmex/tests/unit/api/webhooks/test_webhooks.py::TestWebhookRegistry::test_register_and_get PASSED [ 15%]
src/codomyrmex/tests/unit/api/webhooks/test_webhooks.py::TestWebhookRegistry::test_get_missing_returns_none PASSED [ 15%]
src/codomyrmex/tests/unit/api/webhooks/test_webhooks.py::TestWebhookRegistry::test_unregister PASSED [ 15%]
src/codomyrmex/tests/unit/api/webhooks/test_webhooks.py::TestWebhookRegistry::test_unregister_unknown_raises_key_error PASSED [ 15%]
src/codomyrmex/tests/unit/api/webhooks/test_webhooks.py::TestWebhookRegistry::test_list_all PASSED [ 15%]
src/codomyrmex/tests/unit/api/webhooks/test_webhooks.py::TestWebhookRegistry::test_list_for_event_filters_by_type PASSED [ 15%]
src/codomyrmex/tests/unit/api/webhooks/test_webhooks.py::TestWebhookRegistry::test_list_for_event_includes_catch_all PASSED [ 15%]
src/codomyrmex/tests/unit/api/webhooks/test_webhooks.py::TestWebhookRegistry::test_list_for_event_excludes_inactive PASSED [ 15%]
src/codomyrmex/tests/unit/api/webhooks/test_webhooks.py::TestWebhookDispatcher::test_dispatch_success PASSED [ 15%]
src/codomyrmex/tests/unit/api/webhooks/test_webhooks.py::TestWebhookDispatcher::test_dispatch_failure PASSED [ 15%]
src/codomyrmex/tests/unit/api/webhooks/test_webhooks.py::TestWebhookDispatcher::test_dispatch_with_retry_succeeds_after_failures PASSED [ 15%]
src/codomyrmex/tests/unit/api/webhooks/test_webhooks.py::TestWebhookDispatcher::test_dispatch_with_retry_exhausts_retries PASSED [ 15%]
src/codomyrmex/tests/unit/api/webhooks/test_webhooks.py::TestFactories::test_create_webhook_registry PASSED [ 15%]
src/codomyrmex/tests/unit/api/webhooks/test_webhooks.py::TestFactories::test_create_webhook_dispatcher_defaults PASSED [ 15%]
src/codomyrmex/tests/unit/api/webhooks/test_webhooks.py::TestFactories::test_create_webhook_dispatcher_with_custom_registry PASSED [ 15%]
src/codomyrmex/tests/unit/api/webhooks/test_webhooks.py::TestFactories::test_create_webhook_dispatcher_with_custom_transport PASSED [ 15%]
src/codomyrmex/tests/unit/api_documentation/test_api_documentation.py::TestAPIEndpoint::test_api_endpoint_creation PASSED [ 15%]
src/codomyrmex/tests/unit/api_documentation/test_api_documentation.py::TestAPIEndpoint::test_api_endpoint_defaults PASSED [ 15%]
src/codomyrmex/tests/unit/api_documentation/test_api_documentation.py::TestAPIEndpoint::test_api_endpoint_to_dict PASSED [ 15%]
src/codomyrmex/tests/unit/api_documentation/test_api_documentation.py::TestAPIDocumentation::test_api_documentation_creation PASSED [ 15%]
src/codomyrmex/tests/unit/api_documentation/test_api_documentation.py::TestAPIDocumentation::test_api_documentation_auto_timestamp PASSED [ 15%]
src/codomyrmex/tests/unit/api_documentation/test_api_documentation.py::TestAPIDocumentation::test_api_documentation_to_dict PASSED [ 15%]
src/codomyrmex/tests/unit/api_documentation/test_api_documentation.py::TestAPIDocumentation::test_api_documentation_build_paths PASSED [ 15%]
src/codomyrmex/tests/unit/api_documentation/test_api_documentation.py::TestAPIDocumentationGenerator::test_api_documentation_generator_initialization PASSED [ 15%]
src/codomyrmex/tests/unit/api_documentation/test_api_documentation.py::TestAPIDocumentationGenerator::test_api_documentation_generator_with_paths PASSED [ 15%]
src/codomyrmex/tests/unit/api_documentation/test_api_documentation.py::TestAPIDocumentationGenerator::test_generate_documentation PASSED [ 15%]
src/codomyrmex/tests/unit/api_documentation/test_api_documentation.py::TestAPIDocumentationGenerator::test_scan_python_file_success PASSED [ 15%]
src/codomyrmex/tests/unit/api_documentation/test_api_documentation.py::TestAPIDocumentationGenerator::test_parse_decorator_info_route PASSED [ 15%]
src/codomyrmex/tests/unit/api_documentation/test_api_documentation.py::TestAPIDocumentationGenerator::test_parse_decorator_info_with_method PASSED [ 15%]
src/codomyrmex/tests/unit/api_documentation/test_api_documentation.py::TestAPIDocumentationGenerator::test_extract_function_parameters PASSED [ 15%]
src/codomyrmex/tests/unit/api_documentation/test_api_documentation.py::TestAPIDocumentationGenerator::test_substitute_variables_no_variables PASSED [ 15%]
src/codomyrmex/tests/unit/api_documentation/test_api_documentation.py::TestAPIDocumentationGenerator::test_substitute_variables_with_variables PASSED [ 15%]
src/codomyrmex/tests/unit/api_documentation/test_api_documentation.py::TestAPIDocumentationGenerator::test_discover_endpoints PASSED [ 15%]
src/codomyrmex/tests/unit/api_documentation/test_api_documentation.py::TestAPIDocumentationGenerator::test_export_documentation_json PASSED [ 15%]
src/codomyrmex/tests/unit/api_documentation/test_api_documentation.py::TestAPIDocumentationGenerator::test_export_documentation_yaml PASSED [ 15%]
src/codomyrmex/tests/unit/api_documentation/test_api_documentation.py::TestAPIDocumentationGenerator::test_validate_documentation_no_issues PASSED [ 15%]
src/codomyrmex/tests/unit/api_documentation/test_api_documentation.py::TestAPIDocumentationGenerator::test_validate_documentation_with_endpoints PASSED [ 15%]
src/codomyrmex/tests/unit/api_documentation/test_api_documentation.py::TestOpenAPIGenerator::test_openapi_generator_initialization PASSED [ 15%]
src/codomyrmex/tests/unit/api_documentation/test_api_documentation.py::TestOpenAPIGenerator::test_generate_spec_basic PASSED [ 15%]
src/codomyrmex/tests/unit/api_documentation/test_api_documentation.py::TestOpenAPIGenerator::test_generate_spec_with_responses PASSED [ 16%]
src/codomyrmex/tests/unit/api_documentation/test_api_documentation.py::TestOpenAPIGenerator::test_validate_spec_valid PASSED [ 16%]
src/codomyrmex/tests/unit/api_documentation/test_api_documentation.py::TestOpenAPIGenerator::test_validate_spec_missing_required PASSED [ 16%]
src/codomyrmex/tests/unit/api_documentation/test_api_documentation.py::TestOpenAPIGenerator::test_validate_spec_invalid_path PASSED [ 16%]
src/codomyrmex/tests/unit/api_documentation/test_api_documentation.py::TestOpenAPIGenerator::test_validate_spec_invalid_method PASSED [ 16%]
src/codomyrmex/tests/unit/api_documentation/test_api_documentation.py::TestOpenAPIGenerator::test_export_spec_json PASSED [ 16%]
src/codomyrmex/tests/unit/api_documentation/test_api_documentation.py::TestOpenAPIGenerator::test_export_spec_yaml PASSED [ 16%]
src/codomyrmex/tests/unit/api_documentation/test_api_documentation.py::TestOpenAPIGenerator::test_generate_html_docs_success PASSED [ 16%]
src/codomyrmex/tests/unit/api_documentation/test_api_documentation.py::TestConvenienceFunctions::test_generate_api_docs_function PASSED [ 16%]
src/codomyrmex/tests/unit/api_documentation/test_api_documentation.py::TestConvenienceFunctions::test_extract_api_specs_function PASSED [ 16%]
src/codomyrmex/tests/unit/api_documentation/test_api_documentation.py::TestConvenienceFunctions::test_generate_openapi_spec_function PASSED [ 16%]
src/codomyrmex/tests/unit/api_documentation/test_api_documentation.py::TestConvenienceFunctions::test_validate_openapi_spec_function PASSED [ 16%]
src/codomyrmex/tests/unit/api_documentation/test_api_documentation.py::TestIntegration::test_full_documentation_generation_workflow PASSED [ 16%]
src/codomyrmex/tests/unit/api_documentation/test_api_documentation.py::TestIntegration::test_openapi_spec_validation_workflow PASSED [ 16%]
src/codomyrmex/tests/unit/api_documentation/test_api_documentation.py::TestIntegration::test_export_and_validate_workflow PASSED [ 16%]
src/codomyrmex/tests/unit/api_documentation/test_api_documentation.py::TestErrorHandling::test_export_documentation_invalid_format PASSED [ 16%]
src/codomyrmex/tests/unit/api_documentation/test_api_documentation.py::TestErrorHandling::test_generate_html_docs_with_invalid_spec PASSED [ 16%]
src/codomyrmex/tests/unit/api_documentation/test_api_documentation.py::TestErrorHandling::test_scan_python_file_with_syntax_error PASSED [ 16%]
src/codomyrmex/tests/unit/api_documentation/test_api_documentation.py::TestErrorHandling::test_validate_spec_with_schema_errors PASSED [ 16%]
src/codomyrmex/tests/unit/api_standardization/test_api_standardization.py::TestRESTAPI::test_api_creation PASSED [ 16%]
src/codomyrmex/tests/unit/api_standardization/test_api_standardization.py::TestRESTAPI::test_api_request_creation PASSED [ 16%]
src/codomyrmex/tests/unit/api_standardization/test_api_standardization.py::TestRESTAPI::test_api_response_creation PASSED [ 16%]
src/codomyrmex/tests/unit/api_standardization/test_api_standardization.py::TestRESTAPI::test_router_functionality PASSED [ 16%]
src/codomyrmex/tests/unit/api_standardization/test_api_standardization.py::TestRESTAPI::test_api_handle_request PASSED [ 16%]
src/codomyrmex/tests/unit/api_standardization/test_api_standardization.py::TestGraphQLAPI::test_schema_creation PASSED [ 16%]
src/codomyrmex/tests/unit/api_standardization/test_api_standardization.py::TestGraphQLAPI::test_resolver_registration PASSED [ 16%]
src/codomyrmex/tests/unit/api_standardization/test_api_standardization.py::TestGraphQLAPI::test_mutation_registration PASSED [ 16%]
src/codomyrmex/tests/unit/api_standardization/test_api_standardization.py::TestGraphQLAPI::test_schema_generation PASSED [ 16%]
src/codomyrmex/tests/unit/api_standardization/test_api_standardization.py::TestGraphQLAPI::test_query_execution PASSED [ 16%]
src/codomyrmex/tests/unit/api_standardization/test_api_standardization.py::TestAPIVersioning::test_version_creation PASSED [ 16%]
src/codomyrmex/tests/unit/api_standardization/test_api_standardization.py::TestAPIVersioning::test_version_validation PASSED [ 16%]
src/codomyrmex/tests/unit/api_standardization/test_api_standardization.py::TestAPIVersioning::test_version_compatibility PASSED [ 16%]
src/codomyrmex/tests/unit/api_standardization/test_api_standardization.py::TestAPIVersioning::test_versioned_endpoint PASSED [ 16%]
src/codomyrmex/tests/unit/api_standardization/test_api_standardization.py::TestAPIVersioning::test_version_parsing PASSED [ 16%]
src/codomyrmex/tests/unit/api_standardization/test_api_standardization.py::TestOpenAPIGenerator::test_generator_creation PASSED [ 16%]
src/codomyrmex/tests/unit/api_standardization/test_api_standardization.py::TestOpenAPIGenerator::test_add_rest_api PASSED [ 16%]
src/codomyrmex/tests/unit/api_standardization/test_api_standardization.py::TestOpenAPIGenerator::test_add_graphql_api PASSED [ 16%]
src/codomyrmex/tests/unit/api_standardization/test_api_standardization.py::TestOpenAPIGenerator::test_add_version_manager PASSED [ 16%]
src/codomyrmex/tests/unit/api_standardization/test_api_standardization.py::TestOpenAPIGenerator::test_spec_validation PASSED [ 16%]
src/codomyrmex/tests/unit/api_standardization/test_api_standardization.py::TestOpenAPIGenerator::test_spec_generation PASSED [ 16%]
src/codomyrmex/tests/unit/api_standardization/test_api_standardization.py::TestOpenAPIGenerator::test_spec_save PASSED [ 16%]
src/codomyrmex/tests/unit/api_standardization/test_api_standardization.py::TestIntegration::test_rest_api_with_versioning PASSED [ 16%]
src/codomyrmex/tests/unit/api_standardization/test_api_standardization.py::TestIntegration::test_openapi_generation_from_multiple_sources PASSED [ 16%]
src/codomyrmex/tests/unit/audio/test_audio.py::test_audio_module_imports PASSED [ 16%]
src/codomyrmex/tests/unit/audio/test_audio.py::test_audio_exceptions_import PASSED [ 16%]
src/codomyrmex/tests/unit/audio/test_audio.py::test_audio_exception_context PASSED [ 16%]
src/codomyrmex/tests/unit/audio/test_audio.py::test_synthesis_error_text_truncation PASSED [ 16%]
src/codomyrmex/tests/unit/audio/test_audio.py::test_availability_flags PASSED [ 16%]
src/codomyrmex/tests/unit/audio/test_audio.py::TestTranscriptionModels::test_whisper_model_size_enum PASSED [ 16%]
src/codomyrmex/tests/unit/audio/test_audio.py::TestTranscriptionModels::test_word_dataclass PASSED [ 16%]
src/codomyrmex/tests/unit/audio/test_audio.py::TestTranscriptionModels::test_segment_dataclass PASSED [ 16%]
src/codomyrmex/tests/unit/audio/test_audio.py::TestTranscriptionModels::test_segment_to_srt_format PASSED [ 16%]
src/codomyrmex/tests/unit/audio/test_audio.py::TestTranscriptionModels::test_segment_to_vtt_format PASSED [ 16%]
src/codomyrmex/tests/unit/audio/test_audio.py::TestTranscriptionModels::test_transcription_result_dataclass PASSED [ 16%]
src/codomyrmex/tests/unit/audio/test_audio.py::TestTranscriptionModels::test_transcription_result_to_srt PASSED [ 16%]
src/codomyrmex/tests/unit/audio/test_audio.py::TestTranscriptionModels::test_transcription_result_to_vtt PASSED [ 16%]
src/codomyrmex/tests/unit/audio/test_audio.py::TestTranscriptionModels::test_transcription_result_to_json PASSED [ 16%]
src/codomyrmex/tests/unit/audio/test_audio.py::TestTranscriptionModels::test_transcription_config PASSED [ 16%]
src/codomyrmex/tests/unit/audio/test_audio.py::TestSynthesisModels::test_audio_format_enum PASSED [ 16%]
src/codomyrmex/tests/unit/audio/test_audio.py::TestSynthesisModels::test_voice_gender_enum PASSED [ 16%]
src/codomyrmex/tests/unit/audio/test_audio.py::TestSynthesisModels::test_voice_info_dataclass PASSED [ 16%]
src/codomyrmex/tests/unit/audio/test_audio.py::TestSynthesisModels::test_synthesis_result_dataclass PASSED [ 16%]
src/codomyrmex/tests/unit/audio/test_audio.py::TestSynthesisModels::test_synthesis_result_save PASSED [ 16%]
src/codomyrmex/tests/unit/audio/test_audio.py::TestSynthesisModels::test_tts_config PASSED [ 16%]
src/codomyrmex/tests/unit/audio/test_audio.py::TestProviders::test_stt_provider_interface PASSED [ 16%]
src/codomyrmex/tests/unit/audio/test_audio.py::TestProviders::test_tts_provider_interface PASSED [ 16%]
src/codomyrmex/tests/unit/audio/test_audio.py::TestProviders::test_whisper_provider_availability PASSED [ 16%]
src/codomyrmex/tests/unit/audio/test_audio.py::TestProviders::test_pyttsx3_provider_availability PASSED [ 16%]
src/codomyrmex/tests/unit/audio/test_audio.py::TestProviders::test_edge_tts_provider_availability PASSED [ 16%]
src/codomyrmex/tests/unit/audio/test_audio.py::TestTranscriber::test_transcriber_import PASSED [ 16%]
src/codomyrmex/tests/unit/audio/test_audio.py::TestTranscriber::test_get_supported_languages PASSED [ 16%]
src/codomyrmex/tests/unit/audio/test_audio.py::TestSynthesizer::test_synthesizer_import PASSED [ 16%]
src/codomyrmex/tests/unit/audio/test_audio.py::TestSynthesizer::test_popular_voices_defined PASSED [ 16%]
src/codomyrmex/tests/unit/auth/test_auth.py::TestAuthModuleImport::test_auth_module_import PASSED [ 16%]
src/codomyrmex/tests/unit/auth/test_auth.py::TestAuthModuleImport::test_auth_module_structure PASSED [ 16%]
src/codomyrmex/tests/unit/auth/test_auth.py::TestToken::test_token_creation PASSED [ 16%]
src/codomyrmex/tests/unit/auth/test_auth.py::TestToken::test_token_not_expired_when_no_expiration PASSED [ 16%]
src/codomyrmex/tests/unit/auth/test_auth.py::TestToken::test_token_not_expired_when_future_expiration PASSED [ 16%]
src/codomyrmex/tests/unit/auth/test_auth.py::TestToken::test_token_expired_when_past_expiration PASSED [ 16%]
src/codomyrmex/tests/unit/auth/test_auth.py::TestToken::test_token_to_dict PASSED [ 16%]
src/codomyrmex/tests/unit/auth/test_auth.py::TestToken::test_token_from_dict PASSED [ 16%]
src/codomyrmex/tests/unit/auth/test_auth.py::TestToken::test_token_from_dict_with_defaults PASSED [ 16%]
src/codomyrmex/tests/unit/auth/test_auth.py::TestTokenManager::test_create_token PASSED [ 16%]
src/codomyrmex/tests/unit/auth/test_auth.py::TestTokenManager::test_create_token_with_permissions PASSED [ 16%]
src/codomyrmex/tests/unit/auth/test_auth.py::TestTokenManager::test_create_token_with_ttl PASSED [ 16%]
src/codomyrmex/tests/unit/auth/test_auth.py::TestTokenManager::test_create_token_with_no_expiration PASSED [ 16%]
src/codomyrmex/tests/unit/auth/test_auth.py::TestTokenManager::test_validate_token_success PASSED [ 16%]
src/codomyrmex/tests/unit/auth/test_auth.py::TestTokenManager::test_validate_token_revoked PASSED [ 16%]
src/codomyrmex/tests/unit/auth/test_auth.py::TestTokenManager::test_validate_token_expired PASSED [ 16%]
src/codomyrmex/tests/unit/auth/test_auth.py::TestTokenManager::test_validate_unknown_token PASSED [ 16%]
src/codomyrmex/tests/unit/auth/test_auth.py::TestTokenManager::test_revoke_token PASSED [ 16%]
src/codomyrmex/tests/unit/auth/test_auth.py::TestTokenManager::test_refresh_token_success PASSED [ 16%]
src/codomyrmex/tests/unit/auth/test_auth.py::TestTokenManager::test_refresh_token_invalid PASSED [ 16%]
src/codomyrmex/tests/unit/auth/test_auth.py::TestAPIKeyManager::test_generate_api_key PASSED [ 16%]
src/codomyrmex/tests/unit/auth/test_auth.py::TestAPIKeyManager::test_generate_api_key_with_permissions PASSED [ 16%]
src/codomyrmex/tests/unit/auth/test_auth.py::TestAPIKeyManager::test_generate_api_key_default_permissions PASSED [ 16%]
src/codomyrmex/tests/unit/auth/test_auth.py::TestAPIKeyManager::test_validate_api_key_success PASSED [ 16%]
src/codomyrmex/tests/unit/auth/test_auth.py::TestAPIKeyManager::test_validate_api_key_invalid PASSED [ 16%]
src/codomyrmex/tests/unit/auth/test_auth.py::TestAPIKeyManager::test_revoke_api_key_success PASSED [ 17%]
src/codomyrmex/tests/unit/auth/test_auth.py::TestAPIKeyManager::test_revoke_api_key_nonexistent PASSED [ 17%]
src/codomyrmex/tests/unit/auth/test_auth.py::TestAPIKeyManager::test_multiple_api_keys_per_user PASSED [ 17%]
src/codomyrmex/tests/unit/auth/test_auth.py::TestPermissionRegistry::test_register_role PASSED [ 17%]
src/codomyrmex/tests/unit/auth/test_auth.py::TestPermissionRegistry::test_register_role_multiple_times PASSED [ 17%]
src/codomyrmex/tests/unit/auth/test_auth.py::TestPermissionRegistry::test_has_permission_direct PASSED [ 17%]
src/codomyrmex/tests/unit/auth/test_auth.py::TestPermissionRegistry::test_has_permission_admin_override PASSED [ 17%]
src/codomyrmex/tests/unit/auth/test_auth.py::TestPermissionRegistry::test_role_inheritance PASSED [ 17%]
src/codomyrmex/tests/unit/auth/test_auth.py::TestPermissionRegistry::test_role_inheritance_chain PASSED [ 17%]
src/codomyrmex/tests/unit/auth/test_auth.py::TestPermissionRegistry::test_get_permissions_unknown_role PASSED [ 17%]
src/codomyrmex/tests/unit/auth/test_auth.py::TestTokenValidator::test_sign_and_validate_token PASSED [ 17%]
src/codomyrmex/tests/unit/auth/test_auth.py::TestTokenValidator::test_validate_expired_token PASSED [ 17%]
src/codomyrmex/tests/unit/auth/test_auth.py::TestTokenValidator::test_validate_tampered_token PASSED [ 17%]
src/codomyrmex/tests/unit/auth/test_auth.py::TestTokenValidator::test_validate_invalid_base64 PASSED [ 17%]
src/codomyrmex/tests/unit/auth/test_auth.py::TestTokenValidator::test_validate_invalid_json PASSED [ 17%]
src/codomyrmex/tests/unit/auth/test_auth.py::TestTokenValidator::test_validate_missing_signature PASSED [ 17%]
src/codomyrmex/tests/unit/auth/test_auth.py::TestTokenValidator::test_different_secrets_fail_validation PASSED [ 17%]
src/codomyrmex/tests/unit/auth/test_auth.py::TestAuthenticator::test_authenticate_with_api_key PASSED [ 17%]
src/codomyrmex/tests/unit/auth/test_auth.py::TestAuthenticator::test_authenticate_with_invalid_api_key PASSED [ 17%]
src/codomyrmex/tests/unit/auth/test_auth.py::TestAuthenticator::test_authenticate_with_username_password PASSED [ 17%]
src/codomyrmex/tests/unit/auth/test_auth.py::TestAuthenticator::test_authenticate_with_wrong_password PASSED [ 17%]
src/codomyrmex/tests/unit/auth/test_auth.py::TestAuthenticator::test_authenticate_with_nonexistent_user PASSED [ 17%]
src/codomyrmex/tests/unit/auth/test_auth.py::TestAuthenticator::test_authorize_with_valid_permission PASSED [ 17%]
src/codomyrmex/tests/unit/auth/test_auth.py::TestAuthenticator::test_authorize_with_invalid_permission PASSED [ 17%]
src/codomyrmex/tests/unit/auth/test_auth.py::TestAuthenticator::test_authorize_with_admin_permission PASSED [ 17%]
src/codomyrmex/tests/unit/auth/test_auth.py::TestAuthenticator::test_authorize_with_revoked_token PASSED [ 17%]
src/codomyrmex/tests/unit/auth/test_auth.py::TestAuthenticator::test_refresh_token PASSED [ 17%]
src/codomyrmex/tests/unit/auth/test_auth.py::TestAuthenticator::test_revoke_token PASSED [ 17%]
src/codomyrmex/tests/unit/auth/test_auth.py::TestAuthenticator::test_authorize_with_role_based_permissions PASSED [ 17%]
src/codomyrmex/tests/unit/bio_simulation/test_bio_simulation.py::test_module_import PASSED [ 17%]
src/codomyrmex/tests/unit/bio_simulation/test_bio_simulation.py::test_ant_state_enum_values PASSED [ 17%]
src/codomyrmex/tests/unit/bio_simulation/test_bio_simulation.py::test_ant_creation_defaults PASSED [ 17%]
src/codomyrmex/tests/unit/bio_simulation/test_bio_simulation.py::test_ant_step_depletes_energy PASSED [ 17%]
src/codomyrmex/tests/unit/bio_simulation/test_bio_simulation.py::test_ant_foraging_movement PASSED [ 17%]
src/codomyrmex/tests/unit/bio_simulation/test_bio_simulation.py::test_idle_ant_does_not_move PASSED [ 17%]
src/codomyrmex/tests/unit/bio_simulation/test_bio_simulation.py::test_colony_construction PASSED [ 17%]
src/codomyrmex/tests/unit/bio_simulation/test_bio_simulation.py::test_colony_step_advances_tick PASSED [ 17%]
src/codomyrmex/tests/unit/bio_simulation/test_bio_simulation.py::test_colony_census PASSED [ 17%]
src/codomyrmex/tests/unit/bio_simulation/test_bio_simulation.py::test_colony_dead_ants_stop_acting PASSED [ 17%]
src/codomyrmex/tests/unit/bio_simulation/test_bio_simulation.py::test_colony_multiple_steps PASSED [ 17%]
src/codomyrmex/tests/unit/bio_simulation/test_bio_simulation.py::test_detailed_ant_creation_defaults PASSED [ 17%]
src/codomyrmex/tests/unit/bio_simulation/test_bio_simulation.py::test_detailed_ant_move_updates_position PASSED [ 17%]
src/codomyrmex/tests/unit/bio_simulation/test_bio_simulation.py::test_detailed_ant_move_normalizes_direction PASSED [ 17%]
src/codomyrmex/tests/unit/bio_simulation/test_bio_simulation.py::test_detailed_ant_move_zero_direction_no_change PASSED [ 17%]
src/codomyrmex/tests/unit/bio_simulation/test_bio_simulation.py::test_detailed_ant_move_depletes_energy PASSED [ 17%]
src/codomyrmex/tests/unit/bio_simulation/test_bio_simulation.py::test_detailed_ant_move_records_trail PASSED [ 17%]
src/codomyrmex/tests/unit/bio_simulation/test_bio_simulation.py::test_detailed_ant_deposit_pheromone_empty_trail PASSED [ 17%]
src/codomyrmex/tests/unit/bio_simulation/test_bio_simulation.py::test_detailed_ant_deposit_pheromone_with_trail PASSED [ 17%]
src/codomyrmex/tests/unit/bio_simulation/test_bio_simulation.py::test_detailed_ant_pick_up_food_within_capacity PASSED [ 17%]
src/codomyrmex/tests/unit/bio_simulation/test_bio_simulation.py::test_detailed_ant_pick_up_food_exceeds_capacity PASSED [ 17%]
src/codomyrmex/tests/unit/bio_simulation/test_bio_simulation.py::test_detailed_ant_pick_up_food_partial_carry PASSED [ 17%]
src/codomyrmex/tests/unit/bio_simulation/test_bio_simulation.py::test_detailed_ant_drop_food_returns_carried_amount PASSED [ 17%]
src/codomyrmex/tests/unit/bio_simulation/test_bio_simulation.py::test_detailed_ant_is_alive_positive_energy PASSED [ 17%]
src/codomyrmex/tests/unit/bio_simulation/test_bio_simulation.py::test_detailed_ant_is_alive_zero_energy PASSED [ 17%]
src/codomyrmex/tests/unit/bio_simulation/test_bio_simulation.py::test_detailed_ant_distance_to PASSED [ 17%]
src/codomyrmex/tests/unit/bio_simulation/test_bio_simulation.py::test_environment_construction PASSED [ 17%]
src/codomyrmex/tests/unit/bio_simulation/test_bio_simulation.py::test_environment_custom_nest_position PASSED [ 17%]
src/codomyrmex/tests/unit/bio_simulation/test_bio_simulation.py::test_environment_add_food_source PASSED [ 17%]
src/codomyrmex/tests/unit/bio_simulation/test_bio_simulation.py::test_environment_add_food_source_merges_same_position PASSED [ 17%]
src/codomyrmex/tests/unit/bio_simulation/test_bio_simulation.py::test_environment_remove_food PASSED [ 17%]
src/codomyrmex/tests/unit/bio_simulation/test_bio_simulation.py::test_environment_remove_food_depletes_source PASSED [ 17%]
src/codomyrmex/tests/unit/bio_simulation/test_bio_simulation.py::test_environment_remove_food_nonexistent PASSED [ 17%]
src/codomyrmex/tests/unit/bio_simulation/test_bio_simulation.py::test_environment_obstacle_blocks_passability PASSED [ 17%]
src/codomyrmex/tests/unit/bio_simulation/test_bio_simulation.py::test_environment_out_of_bounds_not_passable PASSED [ 17%]
src/codomyrmex/tests/unit/bio_simulation/test_bio_simulation.py::test_environment_pheromone_set_and_get PASSED [ 17%]
src/codomyrmex/tests/unit/bio_simulation/test_bio_simulation.py::test_environment_decay_pheromones PASSED [ 17%]
src/codomyrmex/tests/unit/bio_simulation/test_bio_simulation.py::test_environment_get_neighbors_center PASSED [ 17%]
src/codomyrmex/tests/unit/bio_simulation/test_bio_simulation.py::test_environment_get_neighbors_corner PASSED [ 17%]
src/codomyrmex/tests/unit/bio_simulation/test_bio_simulation.py::test_environment_get_neighbors_excludes_obstacles PASSED [ 17%]
src/codomyrmex/tests/unit/bio_simulation/test_bio_simulation.py::test_environment_food_at_within_radius PASSED [ 17%]
src/codomyrmex/tests/unit/bio_simulation/test_bio_simulation.py::test_environment_food_at_outside_radius PASSED [ 17%]
src/codomyrmex/tests/unit/bio_simulation/test_bio_simulation.py::test_genome_creation_and_length PASSED [ 17%]
src/codomyrmex/tests/unit/bio_simulation/test_bio_simulation.py::test_genome_random_creation PASSED [ 17%]
src/codomyrmex/tests/unit/bio_simulation/test_bio_simulation.py::test_genome_fitness_score PASSED [ 17%]
src/codomyrmex/tests/unit/bio_simulation/test_bio_simulation.py::test_genome_fitness_score_empty PASSED [ 17%]
src/codomyrmex/tests/unit/bio_simulation/test_bio_simulation.py::test_genome_mutate_preserves_length PASSED [ 17%]
src/codomyrmex/tests/unit/bio_simulation/test_bio_simulation.py::test_genome_mutate_values_stay_clamped PASSED [ 17%]
src/codomyrmex/tests/unit/bio_simulation/test_bio_simulation.py::test_genome_mutate_zero_rate_no_change PASSED [ 17%]
src/codomyrmex/tests/unit/bio_simulation/test_bio_simulation.py::test_genome_crossover_produces_two_children PASSED [ 17%]
src/codomyrmex/tests/unit/bio_simulation/test_bio_simulation.py::test_genome_crossover_mismatched_length_raises PASSED [ 17%]
src/codomyrmex/tests/unit/bio_simulation/test_bio_simulation.py::test_genome_crossover_genes_come_from_parents PASSED [ 17%]
src/codomyrmex/tests/unit/bio_simulation/test_bio_simulation.py::test_genome_repr_contains_info PASSED [ 17%]
src/codomyrmex/tests/unit/bio_simulation/test_bio_simulation.py::test_population_creation PASSED [ 17%]
src/codomyrmex/tests/unit/bio_simulation/test_bio_simulation.py::test_population_evolve_advances_generations PASSED [ 17%]
src/codomyrmex/tests/unit/bio_simulation/test_bio_simulation.py::test_population_evolve_returns_sorted PASSED [ 17%]
src/codomyrmex/tests/unit/bio_simulation/test_bio_simulation.py::test_population_get_best PASSED [ 17%]
src/codomyrmex/tests/unit/bio_simulation/test_bio_simulation.py::test_population_average_fitness PASSED [ 17%]
src/codomyrmex/tests/unit/bio_simulation/test_bio_simulation.py::test_population_select_parents_returns_correct_count PASSED [ 17%]
src/codomyrmex/tests/unit/bio_simulation/test_bio_simulation.py::test_population_history_records_generations PASSED [ 17%]
src/codomyrmex/tests/unit/bio_simulation/test_bio_simulation.py::test_population_elitism_preserves_best PASSED [ 17%]
src/codomyrmex/tests/unit/bio_simulation/test_bio_simulation.py::test_detailed_colony_construction PASSED [ 17%]
src/codomyrmex/tests/unit/bio_simulation/test_bio_simulation.py::test_detailed_colony_simulate_step_advances_tick PASSED [ 17%]
src/codomyrmex/tests/unit/bio_simulation/test_bio_simulation.py::test_detailed_colony_simulate_step_returns_stats PASSED [ 17%]
src/codomyrmex/tests/unit/bio_simulation/test_bio_simulation.py::test_detailed_colony_get_stats_keys PASSED [ 17%]
src/codomyrmex/tests/unit/bio_simulation/test_bio_simulation.py::test_detailed_colony_add_food_source PASSED [ 17%]
src/codomyrmex/tests/unit/bio_simulation/test_bio_simulation.py::test_detailed_colony_dead_ants_not_counted_alive PASSED [ 17%]
src/codomyrmex/tests/unit/build_synthesis/test_build_synthesis.py::TestBuildSynthesis::test_build_artifact_validation_comprehensive 
src/codomyrmex/tests/unit/build_synthesis/test_build_synthesis.py::TestBuildSynthesis::test_build_artifact_validation_comprehensive PASSED [ 17%]
src/codomyrmex/tests/unit/build_synthesis/test_build_synthesis.py::TestBuildSynthesis::test_build_configuration_edge_cases 
src/codomyrmex/tests/unit/build_synthesis/test_build_synthesis.py::TestBuildSynthesis::test_build_configuration_edge_cases PASSED [ 17%]
src/codomyrmex/tests/unit/build_synthesis/test_build_synthesis.py::TestBuildSynthesis::test_build_error_handling 
src/codomyrmex/tests/unit/build_synthesis/test_build_synthesis.py::TestBuildSynthesis::test_build_error_handling PASSED [ 17%]
src/codomyrmex/tests/unit/build_synthesis/test_build_synthesis.py::TestBuildSynthesis::test_build_metrics_calculation 
src/codomyrmex/tests/unit/build_synthesis/test_build_synthesis.py::TestBuildSynthesis::test_build_metrics_calculation PASSED [ 18%]
src/codomyrmex/tests/unit/build_synthesis/test_build_synthesis.py::TestBuildSynthesis::test_build_report_formats 
src/codomyrmex/tests/unit/build_synthesis/test_build_synthesis.py::TestBuildSynthesis::test_build_report_formats PASSED [ 18%]
src/codomyrmex/tests/unit/build_synthesis/test_build_synthesis.py::TestBuildSynthesis::test_build_resource_limits PASSED [ 18%]
src/codomyrmex/tests/unit/build_synthesis/test_build_synthesis.py::TestBuildSynthesis::test_build_timeout_handling PASSED [ 18%]
src/codomyrmex/tests/unit/build_synthesis/test_build_synthesis.py::TestBuildSynthesis::test_check_build_environment PASSED [ 18%]
src/codomyrmex/tests/unit/build_synthesis/test_build_synthesis.py::TestBuildSynthesis::test_cleanup_build_artifacts PASSED [ 18%]
src/codomyrmex/tests/unit/build_synthesis/test_build_synthesis.py::TestBuildSynthesis::test_concurrent_build_operations PASSED [ 18%]
src/codomyrmex/tests/unit/build_synthesis/test_build_synthesis.py::TestBuildSynthesis::test_create_build_manifest PASSED [ 18%]
src/codomyrmex/tests/unit/build_synthesis/test_build_synthesis.py::TestBuildSynthesis::test_export_build_report PASSED [ 18%]
src/codomyrmex/tests/unit/build_synthesis/test_build_synthesis.py::TestBuildSynthesis::test_get_build_history PASSED [ 18%]
src/codomyrmex/tests/unit/build_synthesis/test_build_synthesis.py::TestBuildSynthesis::test_get_build_metrics PASSED [ 18%]
src/codomyrmex/tests/unit/build_synthesis/test_build_synthesis.py::TestBuildSynthesis::test_import_build_config PASSED [ 18%]
src/codomyrmex/tests/unit/build_synthesis/test_build_synthesis.py::TestBuildSynthesis::test_incremental_build_check PASSED [ 18%]
src/codomyrmex/tests/unit/build_synthesis/test_build_synthesis.py::TestBuildSynthesis::test_monitor_build_progress PASSED [ 18%]
src/codomyrmex/tests/unit/build_synthesis/test_build_synthesis.py::TestBuildSynthesis::test_optimize_build_config PASSED [ 18%]
src/codomyrmex/tests/unit/build_synthesis/test_build_synthesis.py::TestBuildSynthesis::test_orchestrate_build_pipeline PASSED [ 18%]
src/codomyrmex/tests/unit/build_synthesis/test_build_synthesis.py::TestBuildSynthesis::test_parallel_build_execution PASSED [ 18%]
src/codomyrmex/tests/unit/build_synthesis/test_build_synthesis.py::TestBuildSynthesis::test_rollback_build PASSED [ 18%]
src/codomyrmex/tests/unit/build_synthesis/test_build_synthesis.py::TestBuildSynthesis::test_supported_languages PASSED [ 18%]
src/codomyrmex/tests/unit/build_synthesis/test_build_synthesis.py::TestBuildSynthesis::test_synthesize_nonexistent_source PASSED [ 18%]
src/codomyrmex/tests/unit/build_synthesis/test_build_synthesis.py::TestBuildSynthesis::test_synthesize_python_executable PASSED [ 18%]
src/codomyrmex/tests/unit/build_synthesis/test_build_synthesis.py::TestBuildSynthesis::test_validate_build_config PASSED [ 18%]
src/codomyrmex/tests/unit/build_synthesis/test_build_synthesis.py::TestBuildSynthesis::test_validate_build_dependencies PASSED [ 18%]
src/codomyrmex/tests/unit/build_synthesis/test_build_synthesis.py::TestBuildSynthesis::test_validate_build_output PASSED [ 18%]
src/codomyrmex/tests/unit/build_synthesis/test_build_synthesis.py::TestBuildSynthesis::test_validate_nonexistent_output PASSED [ 18%]
src/codomyrmex/tests/unit/cache/invalidation/test_invalidation.py::TestCacheEntry::test_create PASSED [ 18%]
src/codomyrmex/tests/unit/cache/invalidation/test_invalidation.py::TestCacheEntry::test_is_expired PASSED [ 18%]
src/codomyrmex/tests/unit/cache/invalidation/test_invalidation.py::TestCacheEntry::test_touch PASSED [ 18%]
src/codomyrmex/tests/unit/cache/invalidation/test_invalidation.py::TestTTLPolicy::test_should_evict_expired PASSED [ 18%]
src/codomyrmex/tests/unit/cache/invalidation/test_invalidation.py::TestTTLPolicy::test_not_evict_valid PASSED [ 18%]
src/codomyrmex/tests/unit/cache/invalidation/test_invalidation.py::TestLRUPolicy::test_select_least_recent PASSED [ 18%]
src/codomyrmex/tests/unit/cache/invalidation/test_invalidation.py::TestLFUPolicy::test_select_least_frequent PASSED [ 18%]
src/codomyrmex/tests/unit/cache/invalidation/test_invalidation.py::TestInvalidationManager::test_set_get PASSED [ 18%]
src/codomyrmex/tests/unit/cache/invalidation/test_invalidation.py::TestInvalidationManager::test_ttl_expiry PASSED [ 18%]
src/codomyrmex/tests/unit/cache/invalidation/test_invalidation.py::TestInvalidationManager::test_invalidate PASSED [ 18%]
src/codomyrmex/tests/unit/cache/invalidation/test_invalidation.py::TestInvalidationManager::test_invalidate_by_tag PASSED [ 18%]
src/codomyrmex/tests/unit/cache/invalidation/test_invalidation.py::TestInvalidationManager::test_max_size PASSED [ 18%]
src/codomyrmex/tests/unit/cache/invalidation/test_invalidation.py::TestInvalidationManager::test_version_tracking PASSED [ 18%]
src/codomyrmex/tests/unit/cache/test_cache.py::TestCacheModuleImport::test_cache_module_import PASSED [ 18%]
src/codomyrmex/tests/unit/cache/test_cache.py::TestCacheModuleImport::test_cache_module_exports PASSED [ 18%]
src/codomyrmex/tests/unit/cache/test_cache.py::TestCacheStats::test_cache_stats_initial PASSED [ 18%]
src/codomyrmex/tests/unit/cache/test_cache.py::TestCacheStats::test_cache_stats_defaults PASSED [ 18%]
src/codomyrmex/tests/unit/cache/test_cache.py::TestCacheStats::test_cache_stats_initialization PASSED [ 18%]
src/codomyrmex/tests/unit/cache/test_cache.py::TestCacheStats::test_cache_stats_property PASSED [ 18%]
src/codomyrmex/tests/unit/cache/test_cache.py::TestCacheStats::test_cache_stats_total_requests PASSED [ 18%]
src/codomyrmex/tests/unit/cache/test_cache.py::TestCacheStats::test_hit_rate_zero_requests PASSED [ 18%]
src/codomyrmex/tests/unit/cache/test_cache.py::TestCacheStats::test_hit_rate_calculation PASSED [ 18%]
src/codomyrmex/tests/unit/cache/test_cache.py::TestCacheStats::test_miss_rate_zero_requests PASSED [ 18%]
src/codomyrmex/tests/unit/cache/test_cache.py::TestCacheStats::test_miss_rate_calculation PASSED [ 18%]
src/codomyrmex/tests/unit/cache/test_cache.py::TestCacheStats::test_usage_percent_zero_max PASSED [ 18%]
src/codomyrmex/tests/unit/cache/test_cache.py::TestCacheStats::test_usage_percent_calculation PASSED [ 18%]
src/codomyrmex/tests/unit/cache/test_cache.py::TestInMemoryCacheBasics::test_create_cache PASSED [ 18%]
src/codomyrmex/tests/unit/cache/test_cache.py::TestInMemoryCacheBasics::test_create_cache_custom_size PASSED [ 18%]
src/codomyrmex/tests/unit/cache/test_cache.py::TestInMemoryCacheBasics::test_set_and_get PASSED [ 18%]
src/codomyrmex/tests/unit/cache/test_cache.py::TestInMemoryCacheBasics::test_get_missing_key PASSED [ 18%]
src/codomyrmex/tests/unit/cache/test_cache.py::TestInMemoryCacheBasics::test_set_overwrite PASSED [ 18%]
src/codomyrmex/tests/unit/cache/test_cache.py::TestInMemoryCacheBasics::test_exists PASSED [ 18%]
src/codomyrmex/tests/unit/cache/test_cache.py::TestInMemoryCacheBasics::test_delete PASSED [ 18%]
src/codomyrmex/tests/unit/cache/test_cache.py::TestInMemoryCacheBasics::test_delete_missing_key PASSED [ 18%]
src/codomyrmex/tests/unit/cache/test_cache.py::TestInMemoryCacheBasics::test_clear PASSED [ 18%]
src/codomyrmex/tests/unit/cache/test_cache.py::TestInMemoryCacheTypes::test_cache_string PASSED [ 18%]
src/codomyrmex/tests/unit/cache/test_cache.py::TestInMemoryCacheTypes::test_cache_integer PASSED [ 18%]
src/codomyrmex/tests/unit/cache/test_cache.py::TestInMemoryCacheTypes::test_cache_float PASSED [ 18%]
src/codomyrmex/tests/unit/cache/test_cache.py::TestInMemoryCacheTypes::test_cache_list PASSED [ 18%]
src/codomyrmex/tests/unit/cache/test_cache.py::TestInMemoryCacheTypes::test_cache_dict PASSED [ 18%]
src/codomyrmex/tests/unit/cache/test_cache.py::TestInMemoryCacheTypes::test_cache_none PASSED [ 18%]
src/codomyrmex/tests/unit/cache/test_cache.py::TestInMemoryCacheTypes::test_cache_complex_nested PASSED [ 18%]
src/codomyrmex/tests/unit/cache/test_cache.py::TestInMemoryCacheTTL::test_set_with_ttl PASSED [ 18%]
src/codomyrmex/tests/unit/cache/test_cache.py::TestInMemoryCacheTTL::test_ttl_expiration PASSED [ 18%]
src/codomyrmex/tests/unit/cache/test_cache.py::TestInMemoryCacheTTL::test_default_ttl PASSED [ 18%]
src/codomyrmex/tests/unit/cache/test_cache.py::TestInMemoryCacheTTL::test_ttl_overrides_default PASSED [ 18%]
src/codomyrmex/tests/unit/cache/test_cache.py::TestInMemoryCacheTTL::test_exists_respects_ttl PASSED [ 18%]
src/codomyrmex/tests/unit/cache/test_cache.py::TestInMemoryCacheTTL::test_ttl_not_expired PASSED [ 18%]
src/codomyrmex/tests/unit/cache/test_cache.py::TestInMemoryCacheEviction::test_eviction_at_max_size PASSED [ 18%]
src/codomyrmex/tests/unit/cache/test_cache.py::TestInMemoryCacheEviction::test_eviction_removes_oldest PASSED [ 18%]
src/codomyrmex/tests/unit/cache/test_cache.py::TestInMemoryCacheEviction::test_update_existing_no_eviction PASSED [ 18%]
src/codomyrmex/tests/unit/cache/test_cache.py::TestInMemoryCachePatterns::test_delete_pattern PASSED [ 18%]
src/codomyrmex/tests/unit/cache/test_cache.py::TestInMemoryCachePatterns::test_delete_pattern_no_match PASSED [ 18%]
src/codomyrmex/tests/unit/cache/test_cache.py::TestCacheHitMissTracking::test_hit_tracking PASSED [ 18%]
src/codomyrmex/tests/unit/cache/test_cache.py::TestCacheHitMissTracking::test_miss_tracking PASSED [ 18%]
src/codomyrmex/tests/unit/cache/test_cache.py::TestCacheHitMissTracking::test_mixed_hit_miss PASSED [ 18%]
src/codomyrmex/tests/unit/cache/test_cache.py::TestFileBasedCache::test_create_cache PASSED [ 18%]
src/codomyrmex/tests/unit/cache/test_cache.py::TestFileBasedCache::test_set_and_get PASSED [ 18%]
src/codomyrmex/tests/unit/cache/test_cache.py::TestFileBasedCache::test_get_missing_key PASSED [ 18%]
src/codomyrmex/tests/unit/cache/test_cache.py::TestFileBasedCache::test_delete_existing_key PASSED [ 18%]
src/codomyrmex/tests/unit/cache/test_cache.py::TestFileBasedCache::test_clear PASSED [ 18%]
src/codomyrmex/tests/unit/cache/test_cache.py::TestFileBasedCache::test_exists PASSED [ 18%]
src/codomyrmex/tests/unit/cache/test_cache.py::TestFileBasedCache::test_ttl_expiration PASSED [ 18%]
src/codomyrmex/tests/unit/cache/test_cache.py::TestFileBasedCache::test_persistence PASSED [ 18%]
src/codomyrmex/tests/unit/cache/test_cache.py::TestFileBasedCache::test_complex_values PASSED [ 18%]
src/codomyrmex/tests/unit/cache/test_cache.py::TestNamespacedCache::test_namespaced_cache_create PASSED [ 18%]
src/codomyrmex/tests/unit/cache/test_cache.py::TestNamespacedCache::test_namespaced_set_and_get PASSED [ 18%]
src/codomyrmex/tests/unit/cache/test_cache.py::TestNamespacedCache::test_namespaced_isolation PASSED [ 18%]
src/codomyrmex/tests/unit/cache/test_cache.py::TestNamespacedCache::test_namespaced_delete PASSED [ 18%]
src/codomyrmex/tests/unit/cache/test_cache.py::TestNamespacedCache::test_namespaced_exists PASSED [ 18%]
src/codomyrmex/tests/unit/cache/test_cache.py::TestNamespacedCache::test_namespaced_delete_pattern PASSED [ 18%]
src/codomyrmex/tests/unit/cache/test_cache.py::TestCacheManager::test_cache_manager_create PASSED [ 18%]
src/codomyrmex/tests/unit/cache/test_cache.py::TestCacheManager::test_get_default_cache PASSED [ 18%]
src/codomyrmex/tests/unit/cache/test_cache.py::TestCacheManager::test_get_named_cache PASSED [ 18%]
src/codomyrmex/tests/unit/cache/test_cache.py::TestCacheManager::test_same_name_returns_same_cache PASSED [ 19%]
src/codomyrmex/tests/unit/cache/test_cache.py::TestCacheManager::test_get_in_memory_backend PASSED [ 19%]
src/codomyrmex/tests/unit/cache/test_cache.py::TestCacheManager::test_get_file_based_backend PASSED [ 19%]
src/codomyrmex/tests/unit/cache/test_cache.py::TestCacheManager::test_unknown_backend_fallback PASSED [ 19%]
src/codomyrmex/tests/unit/cache/test_cache.py::TestTTLManager::test_ttl_manager_create PASSED [ 19%]
src/codomyrmex/tests/unit/cache/test_cache.py::TestTTLManager::test_register_cache PASSED [ 19%]
src/codomyrmex/tests/unit/cache/test_cache.py::TestTTLManager::test_start_and_stop PASSED [ 19%]
src/codomyrmex/tests/unit/cache/test_cache.py::TestTTLManager::test_cleanup_called PASSED [ 19%]
src/codomyrmex/tests/unit/cache/test_cache.py::TestGetCacheFunction::test_get_cache_default PASSED [ 19%]
src/codomyrmex/tests/unit/cache/test_cache.py::TestGetCacheFunction::test_get_cache_named PASSED [ 19%]
src/codomyrmex/tests/unit/cache/test_cache.py::TestGetCacheFunction::test_get_cache_with_backend PASSED [ 19%]
src/codomyrmex/tests/unit/cache/test_cache.py::TestCacheError::test_cache_error_creation PASSED [ 19%]
src/codomyrmex/tests/unit/cache/test_cache.py::TestCacheIntegration::test_full_workflow PASSED [ 19%]
src/codomyrmex/tests/unit/cache/test_cache.py::TestCacheIntegration::test_ttl_workflow PASSED [ 19%]
src/codomyrmex/tests/unit/cache/test_cache.py::TestCacheIntegration::test_stats_workflow PASSED [ 19%]
src/codomyrmex/tests/unit/cache/test_cache.py::TestCacheIntegration::test_namespace_workflow PASSED [ 19%]
src/codomyrmex/tests/unit/cache/test_cache.py::TestCacheBasicOps::test_cache_basic_ops PASSED [ 19%]
src/codomyrmex/tests/unit/cache/test_cache.py::TestCacheBasicOps::test_cache_set_returns_true PASSED [ 19%]
src/codomyrmex/tests/unit/cache/test_cache.py::TestCacheBasicOps::test_cache_clear_returns_true PASSED [ 19%]
src/codomyrmex/tests/unit/cache/test_cache.py::TestCacheBasicOps::test_multiple_operations PASSED [ 19%]
src/codomyrmex/tests/unit/cerebrum/integration/test_integration.py::test_end_to_end_reasoning PASSED [ 19%]
src/codomyrmex/tests/unit/cerebrum/integration/test_integration.py::test_bayesian_integration PASSED [ 19%]
src/codomyrmex/tests/unit/cerebrum/test_cerebrum.py::test_cerebrum_module_import PASSED [ 19%]
src/codomyrmex/tests/unit/cerebrum/test_cerebrum.py::test_cerebrum_module_structure PASSED [ 19%]
src/codomyrmex/tests/unit/cerebrum/test_cerebrum.py::test_case_creation PASSED [ 19%]
src/codomyrmex/tests/unit/cerebrum/test_cerebrum.py::test_case_empty_id_raises PASSED [ 19%]
src/codomyrmex/tests/unit/cerebrum/test_cerebrum.py::test_case_empty_features_raises PASSED [ 19%]
src/codomyrmex/tests/unit/cerebrum/test_cerebrum.py::test_case_serialization_roundtrip PASSED [ 19%]
src/codomyrmex/tests/unit/cerebrum/test_cerebrum.py::test_case_base_add_and_retrieve PASSED [ 19%]
src/codomyrmex/tests/unit/cerebrum/test_cerebrum.py::test_case_base_not_found_raises PASSED [ 19%]
src/codomyrmex/tests/unit/cerebrum/test_cerebrum.py::test_case_base_similarity_search PASSED [ 19%]
src/codomyrmex/tests/unit/cerebrum/test_cerebrum.py::test_model_manager_create_and_get PASSED [ 19%]
src/codomyrmex/tests/unit/cerebrum/test_cerebrum.py::test_model_manager_duplicate_raises PASSED [ 19%]
src/codomyrmex/tests/unit/cerebrum/test_cerebrum.py::test_model_manager_remove_and_list PASSED [ 19%]
src/codomyrmex/tests/unit/cerebrum/test_cerebrum.py::test_config_defaults PASSED [ 19%]
src/codomyrmex/tests/unit/cerebrum/test_cerebrum.py::test_config_serialization PASSED [ 19%]
src/codomyrmex/tests/unit/cerebrum/test_cerebrum.py::test_engine_initialization PASSED [ 19%]
src/codomyrmex/tests/unit/cerebrum/test_cerebrum.py::test_engine_add_case_and_reason PASSED [ 19%]
src/codomyrmex/tests/unit/cerebrum/test_cerebrum.py::test_compute_hash_deterministic PASSED [ 19%]
src/codomyrmex/tests/unit/cerebrum/test_cerebrum.py::test_normalize_features_numeric PASSED [ 19%]
src/codomyrmex/tests/unit/cerebrum/test_cerebrum.py::test_euclidean_distance_identical PASSED [ 19%]
src/codomyrmex/tests/unit/cerebrum/test_cerebrum.py::test_cosine_similarity_same_direction PASSED [ 19%]
src/codomyrmex/tests/unit/cerebrum/test_cerebrum.py::test_softmax_sums_to_one PASSED [ 19%]
src/codomyrmex/tests/unit/cerebrum/test_cerebrum.py::test_softmax_empty PASSED [ 19%]
src/codomyrmex/tests/unit/cerebrum/test_cerebrum.py::test_transformation_manager_register_and_transform PASSED [ 19%]
src/codomyrmex/tests/unit/cerebrum/test_cerebrum.py::test_learning_transformer_feedback PASSED [ 19%]
src/codomyrmex/tests/unit/cerebrum/test_code_analysis.py::TestAntiPattern::test_to_dict PASSED [ 19%]
src/codomyrmex/tests/unit/cerebrum/test_code_analysis.py::TestAntiPatternDetector::test_clean_code PASSED [ 19%]
src/codomyrmex/tests/unit/cerebrum/test_code_analysis.py::TestAntiPatternDetector::test_god_function PASSED [ 19%]
src/codomyrmex/tests/unit/cerebrum/test_code_analysis.py::TestAntiPatternDetector::test_too_many_params PASSED [ 19%]
src/codomyrmex/tests/unit/cerebrum/test_code_analysis.py::TestAntiPatternDetector::test_deep_nesting PASSED [ 19%]
src/codomyrmex/tests/unit/cerebrum/test_code_analysis.py::TestAntiPatternDetector::test_bare_except PASSED [ 19%]
src/codomyrmex/tests/unit/cerebrum/test_code_analysis.py::TestAntiPatternDetector::test_syntax_error PASSED [ 19%]
src/codomyrmex/tests/unit/cerebrum/test_code_analysis.py::TestAntiPatternDetector::test_god_class PASSED [ 19%]
src/codomyrmex/tests/unit/cerebrum/test_code_analysis.py::TestAntiPatternDetector::test_report_count_by_severity PASSED [ 19%]
src/codomyrmex/tests/unit/cerebrum/test_code_analysis.py::TestDriftEvent::test_to_dict PASSED [ 19%]
src/codomyrmex/tests/unit/cerebrum/test_code_analysis.py::TestConceptDriftTracker::test_no_drift_identical PASSED [ 19%]
src/codomyrmex/tests/unit/cerebrum/test_code_analysis.py::TestConceptDriftTracker::test_drift_different PASSED [ 19%]
src/codomyrmex/tests/unit/cerebrum/test_code_analysis.py::TestConceptDriftTracker::test_new_concepts PASSED [ 19%]
src/codomyrmex/tests/unit/cerebrum/test_code_analysis.py::TestConceptDriftTracker::test_lost_concepts PASSED [ 19%]
src/codomyrmex/tests/unit/cerebrum/test_code_analysis.py::TestConceptDriftTracker::test_snapshot_to_dict PASSED [ 19%]
src/codomyrmex/tests/unit/cerebrum/test_code_analysis.py::TestAgentPromptSelector::test_list_builtins PASSED [ 19%]
src/codomyrmex/tests/unit/cerebrum/test_code_analysis.py::TestAgentPromptSelector::test_select_review PASSED [ 19%]
src/codomyrmex/tests/unit/cerebrum/test_code_analysis.py::TestAgentPromptSelector::test_select_analysis PASSED [ 19%]
src/codomyrmex/tests/unit/cerebrum/test_code_analysis.py::TestAgentPromptSelector::test_fallback_to_reasoning PASSED [ 19%]
src/codomyrmex/tests/unit/cerebrum/test_code_analysis.py::TestAgentPromptSelector::test_no_builtins PASSED [ 19%]
src/codomyrmex/tests/unit/cerebrum/test_code_analysis.py::TestAgentPromptSelector::test_category_filter PASSED [ 19%]
src/codomyrmex/tests/unit/cerebrum/test_code_analysis.py::TestReviewFinding::test_to_dict PASSED [ 19%]
src/codomyrmex/tests/unit/cerebrum/test_code_analysis.py::TestCodeReviewer::test_review_clean PASSED [ 19%]
src/codomyrmex/tests/unit/cerebrum/test_code_analysis.py::TestCodeReviewer::test_review_with_issues PASSED [ 19%]
src/codomyrmex/tests/unit/cerebrum/test_code_analysis.py::TestCodeReviewer::test_review_diff PASSED [ 19%]
src/codomyrmex/tests/unit/cerebrum/test_code_analysis.py::TestCodeReviewer::test_get_review_prompt PASSED [ 19%]
src/codomyrmex/tests/unit/cerebrum/test_code_analysis.py::TestCodeReviewer::test_report_to_dict PASSED [ 19%]
src/codomyrmex/tests/unit/cerebrum/test_distillation.py::TestDistillationConfig::test_defaults PASSED [ 19%]
src/codomyrmex/tests/unit/cerebrum/test_distillation.py::TestDistillationPipeline::test_distill_single_trace PASSED [ 19%]
src/codomyrmex/tests/unit/cerebrum/test_distillation.py::TestDistillationPipeline::test_distill_features PASSED [ 19%]
src/codomyrmex/tests/unit/cerebrum/test_distillation.py::TestDistillationPipeline::test_distill_outcome PASSED [ 19%]
src/codomyrmex/tests/unit/cerebrum/test_distillation.py::TestDistillationPipeline::test_distill_context PASSED [ 19%]
src/codomyrmex/tests/unit/cerebrum/test_distillation.py::TestDistillationPipeline::test_distill_skips_incomplete PASSED [ 19%]
src/codomyrmex/tests/unit/cerebrum/test_distillation.py::TestDistillationPipeline::test_distill_skips_low_confidence PASSED [ 19%]
src/codomyrmex/tests/unit/cerebrum/test_distillation.py::TestDistillationPipeline::test_distill_skips_few_steps PASSED [ 19%]
src/codomyrmex/tests/unit/cerebrum/test_distillation.py::TestDistillationPipeline::test_deduplication PASSED [ 19%]
src/codomyrmex/tests/unit/cerebrum/test_distillation.py::TestDistillationPipeline::test_dedup_disabled PASSED [ 19%]
src/codomyrmex/tests/unit/cerebrum/test_distillation.py::TestDistillationPipeline::test_metadata_source PASSED [ 19%]
src/codomyrmex/tests/unit/cerebrum/unit/test_bayesian.py::TestDistribution::test_distribution_creation PASSED [ 19%]
src/codomyrmex/tests/unit/cerebrum/unit/test_bayesian.py::TestDistribution::test_distribution_normalization PASSED [ 19%]
src/codomyrmex/tests/unit/cerebrum/unit/test_bayesian.py::TestDistribution::test_distribution_sample PASSED [ 19%]
src/codomyrmex/tests/unit/cerebrum/unit/test_bayesian.py::TestDistribution::test_distribution_mode PASSED [ 19%]
src/codomyrmex/tests/unit/cerebrum/unit/test_bayesian.py::TestBayesianNetwork::test_add_node PASSED [ 19%]
src/codomyrmex/tests/unit/cerebrum/unit/test_bayesian.py::TestBayesianNetwork::test_add_node_duplicate PASSED [ 19%]
src/codomyrmex/tests/unit/cerebrum/unit/test_bayesian.py::TestBayesianNetwork::test_add_edge PASSED [ 19%]
src/codomyrmex/tests/unit/cerebrum/unit/test_bayesian.py::TestBayesianNetwork::test_add_edge_invalid PASSED [ 19%]
src/codomyrmex/tests/unit/cerebrum/unit/test_bayesian.py::TestBayesianNetwork::test_set_cpt PASSED [ 19%]
src/codomyrmex/tests/unit/cerebrum/unit/test_bayesian.py::TestInferenceEngine::test_simple_inference PASSED [ 19%]
src/codomyrmex/tests/unit/cerebrum/unit/test_bayesian.py::TestInferenceEngine::test_inference_with_evidence PASSED [ 19%]
src/codomyrmex/tests/unit/cerebrum/unit/test_bayesian.py::TestInferenceEngine::test_inference_invalid_variable PASSED [ 19%]
src/codomyrmex/tests/unit/cerebrum/unit/test_cases.py::TestCase::test_create_case PASSED [ 19%]
src/codomyrmex/tests/unit/cerebrum/unit/test_cases.py::TestCase::test_case_validation PASSED [ 19%]
src/codomyrmex/tests/unit/cerebrum/unit/test_cases.py::TestCase::test_case_to_dict PASSED [ 20%]
src/codomyrmex/tests/unit/cerebrum/unit/test_cases.py::TestCase::test_case_from_dict PASSED [ 20%]
src/codomyrmex/tests/unit/cerebrum/unit/test_cases.py::TestCaseBase::test_add_case PASSED [ 20%]
src/codomyrmex/tests/unit/cerebrum/unit/test_cases.py::TestCaseBase::test_get_case PASSED [ 20%]
src/codomyrmex/tests/unit/cerebrum/unit/test_cases.py::TestCaseBase::test_get_case_not_found PASSED [ 20%]
src/codomyrmex/tests/unit/cerebrum/unit/test_cases.py::TestCaseBase::test_retrieve_similar PASSED [ 20%]
src/codomyrmex/tests/unit/cerebrum/unit/test_cases.py::TestCaseBase::test_compute_similarity PASSED [ 20%]
src/codomyrmex/tests/unit/cerebrum/unit/test_cases.py::TestCaseRetriever::test_retrieve PASSED [ 20%]
src/codomyrmex/tests/unit/cerebrum/unit/test_core.py::TestModelManager::test_create_model PASSED [ 20%]
src/codomyrmex/tests/unit/cerebrum/unit/test_core.py::TestModelManager::test_create_duplicate_model PASSED [ 20%]
src/codomyrmex/tests/unit/cerebrum/unit/test_core.py::TestModelManager::test_get_model PASSED [ 20%]
src/codomyrmex/tests/unit/cerebrum/unit/test_core.py::TestModelManager::test_get_model_not_found PASSED [ 20%]
src/codomyrmex/tests/unit/cerebrum/unit/test_core.py::TestCerebrumEngine::test_engine_initialization PASSED [ 20%]
src/codomyrmex/tests/unit/cerebrum/unit/test_core.py::TestCerebrumEngine::test_add_case PASSED [ 20%]
src/codomyrmex/tests/unit/cerebrum/unit/test_core.py::TestCerebrumEngine::test_reason PASSED [ 20%]
src/codomyrmex/tests/unit/cerebrum/unit/test_core.py::TestCerebrumEngine::test_create_model PASSED [ 20%]
src/codomyrmex/tests/unit/cerebrum/unit/test_core.py::TestCerebrumEngine::test_learn_from_case PASSED [ 20%]
src/codomyrmex/tests/unit/chaos_engineering/test_chaos_engineering.py::TestFaultType::test_latency PASSED [ 20%]
src/codomyrmex/tests/unit/chaos_engineering/test_chaos_engineering.py::TestFaultType::test_error PASSED [ 20%]
src/codomyrmex/tests/unit/chaos_engineering/test_chaos_engineering.py::TestFaultType::test_timeout PASSED [ 20%]
src/codomyrmex/tests/unit/chaos_engineering/test_chaos_engineering.py::TestFaultType::test_resource_exhaustion PASSED [ 20%]
src/codomyrmex/tests/unit/chaos_engineering/test_chaos_engineering.py::TestFaultType::test_network_partition PASSED [ 20%]
src/codomyrmex/tests/unit/chaos_engineering/test_chaos_engineering.py::TestFaultConfig::test_create_config PASSED [ 20%]
src/codomyrmex/tests/unit/chaos_engineering/test_chaos_engineering.py::TestFaultConfig::test_config_defaults PASSED [ 20%]
src/codomyrmex/tests/unit/chaos_engineering/test_chaos_engineering.py::TestFaultConfig::test_config_custom_probability PASSED [ 20%]
src/codomyrmex/tests/unit/chaos_engineering/test_chaos_engineering.py::TestInjectedFaultError::test_is_exception PASSED [ 20%]
src/codomyrmex/tests/unit/chaos_engineering/test_chaos_engineering.py::TestInjectedFaultError::test_message PASSED [ 20%]
src/codomyrmex/tests/unit/chaos_engineering/test_chaos_engineering.py::TestFaultInjector::test_create_injector PASSED [ 20%]
src/codomyrmex/tests/unit/chaos_engineering/test_chaos_engineering.py::TestSteadyStateHypothesis::test_create_hypothesis PASSED [ 20%]
src/codomyrmex/tests/unit/chaos_engineering/test_chaos_engineering.py::TestSteadyStateHypothesis::test_hypothesis_check PASSED [ 20%]
src/codomyrmex/tests/unit/chaos_engineering/test_chaos_engineering.py::TestChaosExperiment::test_create_experiment PASSED [ 20%]
src/codomyrmex/tests/unit/chaos_engineering/test_chaos_engineering.py::TestChaosExperiment::test_experiment_with_rollback PASSED [ 20%]
src/codomyrmex/tests/unit/chaos_engineering/test_chaos_engineering.py::TestChaosMonkey::test_create_monkey PASSED [ 20%]
src/codomyrmex/tests/unit/chaos_engineering/test_chaos_engineering.py::TestChaosMonkey::test_create_with_injector PASSED [ 20%]
src/codomyrmex/tests/unit/chaos_engineering/test_chaos_engineering.py::TestExperimentResult::test_create_result PASSED [ 20%]
src/codomyrmex/tests/unit/chaos_engineering/test_chaos_engineering.py::TestWithChaos::test_decorator_exists PASSED [ 20%]
src/codomyrmex/tests/unit/ci_cd_automation/test_ci_cd_automation.py::TestPipelineJob::test_pipeline_job_creation PASSED [ 20%]
src/codomyrmex/tests/unit/ci_cd_automation/test_ci_cd_automation.py::TestPipelineJob::test_pipeline_job_defaults PASSED [ 20%]
src/codomyrmex/tests/unit/ci_cd_automation/test_ci_cd_automation.py::TestPipelineJob::test_pipeline_job_to_dict PASSED [ 20%]
src/codomyrmex/tests/unit/ci_cd_automation/test_ci_cd_automation.py::TestPipelineStage::test_pipeline_stage_creation PASSED [ 20%]
src/codomyrmex/tests/unit/ci_cd_automation/test_ci_cd_automation.py::TestPipelineStage::test_pipeline_stage_to_dict PASSED [ 20%]
src/codomyrmex/tests/unit/ci_cd_automation/test_ci_cd_automation.py::TestPipeline::test_pipeline_creation PASSED [ 20%]
src/codomyrmex/tests/unit/ci_cd_automation/test_ci_cd_automation.py::TestPipeline::test_pipeline_auto_timestamp PASSED [ 20%]
src/codomyrmex/tests/unit/ci_cd_automation/test_ci_cd_automation.py::TestPipeline::test_pipeline_to_dict PASSED [ 20%]
src/codomyrmex/tests/unit/ci_cd_automation/test_ci_cd_automation.py::TestPipelineManager::test_pipeline_manager_initialization PASSED [ 20%]
src/codomyrmex/tests/unit/ci_cd_automation/test_ci_cd_automation.py::TestPipelineManager::test_create_pipeline_from_config PASSED [ 20%]
src/codomyrmex/tests/unit/ci_cd_automation/test_ci_cd_automation.py::TestPipelineManager::test_get_pipeline_status PASSED [ 20%]
src/codomyrmex/tests/unit/ci_cd_automation/test_ci_cd_automation.py::TestPipelineManager::test_list_pipelines PASSED [ 20%]
src/codomyrmex/tests/unit/ci_cd_automation/test_ci_cd_automation.py::TestPipelineManager::test_cancel_pipeline_nonexistent PASSED [ 20%]
src/codomyrmex/tests/unit/ci_cd_automation/test_ci_cd_automation.py::TestPipelineManager::test_run_command_success PASSED [ 20%]
src/codomyrmex/tests/unit/ci_cd_automation/test_ci_cd_automation.py::TestPipelineManager::test_run_command_timeout PASSED [ 20%]
src/codomyrmex/tests/unit/ci_cd_automation/test_ci_cd_automation.py::TestPipelineManager::test_substitute_variables PASSED [ 20%]
src/codomyrmex/tests/unit/ci_cd_automation/test_ci_cd_automation.py::TestPipelineManager::test_save_pipeline_config PASSED [ 20%]
src/codomyrmex/tests/unit/ci_cd_automation/test_ci_cd_automation.py::TestDeploymentOrchestrator::test_deployment_orchestrator_initialization PASSED [ 20%]
src/codomyrmex/tests/unit/ci_cd_automation/test_ci_cd_automation.py::TestDeploymentOrchestrator::test_create_deployment PASSED [ 20%]
src/codomyrmex/tests/unit/ci_cd_automation/test_ci_cd_automation.py::TestDeploymentOrchestrator::test_create_deployment_invalid_environment PASSED [ 20%]
src/codomyrmex/tests/unit/ci_cd_automation/test_ci_cd_automation.py::TestDeploymentOrchestrator::test_get_deployment_status PASSED [ 20%]
src/codomyrmex/tests/unit/ci_cd_automation/test_ci_cd_automation.py::TestDeploymentOrchestrator::test_list_deployments PASSED [ 20%]
src/codomyrmex/tests/unit/ci_cd_automation/test_ci_cd_automation.py::TestDeploymentOrchestrator::test_cancel_deployment_nonexistent PASSED [ 20%]
src/codomyrmex/tests/unit/ci_cd_automation/test_ci_cd_automation.py::TestDeploymentOrchestrator::test_cancel_deployment_running PASSED [ 20%]
src/codomyrmex/tests/unit/ci_cd_automation/test_ci_cd_automation.py::TestDeploymentOrchestrator::test_cancel_deployment_not_running PASSED [ 20%]
src/codomyrmex/tests/unit/ci_cd_automation/test_ci_cd_automation.py::TestDeploymentOrchestrator::test_deploy_to_development_docker SKIPPED [ 20%]
src/codomyrmex/tests/unit/ci_cd_automation/test_ci_cd_automation.py::TestDeploymentOrchestrator::test_deploy_to_production_kubernetes PASSED [ 20%]
src/codomyrmex/tests/unit/ci_cd_automation/test_ci_cd_automation.py::TestDeploymentOrchestrator::test_execute_hooks PASSED [ 20%]
src/codomyrmex/tests/unit/ci_cd_automation/test_ci_cd_automation.py::TestDeploymentOrchestrator::test_perform_health_checks_http PASSED [ 20%]
src/codomyrmex/tests/unit/ci_cd_automation/test_ci_cd_automation.py::TestDeploymentOrchestrator::test_perform_health_checks_http_failure PASSED [ 20%]
src/codomyrmex/tests/unit/ci_cd_automation/test_ci_cd_automation.py::TestDeploymentOrchestrator::test_perform_health_checks_tcp PASSED [ 20%]
src/codomyrmex/tests/unit/ci_cd_automation/test_ci_cd_automation.py::TestConvenienceFunctions::test_create_pipeline_function PASSED [ 20%]
src/codomyrmex/tests/unit/ci_cd_automation/test_ci_cd_automation.py::TestConvenienceFunctions::test_run_pipeline_function PASSED [ 20%]
src/codomyrmex/tests/unit/ci_cd_automation/test_ci_cd_automation.py::TestConvenienceFunctions::test_manage_deployments_function PASSED [ 20%]
src/codomyrmex/tests/unit/ci_cd_automation/test_ci_cd_automation.py::TestIntegration::test_pipeline_execution_flow PASSED [ 20%]
src/codomyrmex/tests/unit/ci_cd_automation/test_ci_cd_automation.py::TestIntegration::test_deployment_creation_flow PASSED [ 20%]
src/codomyrmex/tests/unit/ci_cd_automation/test_ci_cd_automation.py::TestIntegration::test_pipeline_to_dict_conversion PASSED [ 20%]
src/codomyrmex/tests/unit/ci_cd_automation/test_ci_cd_automation.py::TestIntegration::test_deployment_to_dict_conversion PASSED [ 20%]
src/codomyrmex/tests/unit/ci_cd_automation/test_ci_cd_automation.py::TestErrorHandling::test_pipeline_creation_invalid_config PASSED [ 20%]
src/codomyrmex/tests/unit/ci_cd_automation/test_ci_cd_automation.py::TestErrorHandling::test_command_execution_failure PASSED [ 20%]
src/codomyrmex/tests/unit/ci_cd_automation/test_ci_cd_automation.py::TestErrorHandling::test_deployment_invalid_environment PASSED [ 20%]
src/codomyrmex/tests/unit/ci_cd_automation/test_ci_cd_automation.py::TestPipelineEnhancements::test_validate_pipeline_config_valid PASSED [ 20%]
src/codomyrmex/tests/unit/ci_cd_automation/test_ci_cd_automation.py::TestPipelineEnhancements::test_validate_pipeline_config_invalid PASSED [ 20%]
src/codomyrmex/tests/unit/ci_cd_automation/test_ci_cd_automation.py::TestPipelineEnhancements::test_generate_pipeline_visualization PASSED [ 20%]
src/codomyrmex/tests/unit/ci_cd_automation/test_ci_cd_automation.py::TestPipelineEnhancements::test_conditional_stage_execution PASSED [ 20%]
src/codomyrmex/tests/unit/ci_cd_automation/test_ci_cd_automation.py::TestPipelineEnhancements::test_optimize_pipeline_schedule PASSED [ 20%]
src/codomyrmex/tests/unit/ci_cd_automation/test_ci_cd_automation.py::TestPipelineConfigurationParsing::test_parse_yaml_config_with_variables PASSED [ 20%]
src/codomyrmex/tests/unit/ci_cd_automation/test_ci_cd_automation.py::TestPipelineConfigurationParsing::test_parse_json_config PASSED [ 20%]
src/codomyrmex/tests/unit/ci_cd_automation/test_ci_cd_automation.py::TestPipelineConfigurationParsing::test_parse_config_with_triggers PASSED [ 20%]
src/codomyrmex/tests/unit/ci_cd_automation/test_ci_cd_automation.py::TestPipelineConfigurationParsing::test_validate_config_missing_jobs PASSED [ 20%]
src/codomyrmex/tests/unit/ci_cd_automation/test_ci_cd_automation.py::TestPipelineConfigurationParsing::test_validate_config_empty_commands PASSED [ 20%]
src/codomyrmex/tests/unit/ci_cd_automation/test_ci_cd_automation.py::TestPipelineTriggeringGitHubActions::test_trigger_github_workflow_success SKIPPED [ 20%]
src/codomyrmex/tests/unit/ci_cd_automation/test_ci_cd_automation.py::TestPipelineTriggeringGitHubActions::test_trigger_github_workflow_unauthorized PASSED [ 20%]
src/codomyrmex/tests/unit/ci_cd_automation/test_ci_cd_automation.py::TestPipelineTriggeringGitHubActions::test_trigger_github_workflow_timeout PASSED [ 20%]
src/codomyrmex/tests/unit/ci_cd_automation/test_ci_cd_automation.py::TestPipelineStatusMonitoring::test_get_pipeline_status_success SKIPPED [ 20%]
src/codomyrmex/tests/unit/ci_cd_automation/test_ci_cd_automation.py::TestPipelineStatusMonitoring::test_get_workflow_runs_list SKIPPED [ 20%]
src/codomyrmex/tests/unit/ci_cd_automation/test_ci_cd_automation.py::TestJobStepExecutionTracking::test_job_status_transitions PASSED [ 20%]
src/codomyrmex/tests/unit/ci_cd_automation/test_ci_cd_automation.py::TestJobStepExecutionTracking::test_stage_status_based_on_jobs PASSED [ 20%]
src/codomyrmex/tests/unit/ci_cd_automation/test_ci_cd_automation.py::TestJobStepExecutionTracking::test_job_with_retry_tracking PASSED [ 20%]
src/codomyrmex/tests/unit/ci_cd_automation/test_ci_cd_automation.py::TestJobStepExecutionTracking::test_job_output_and_error_capture PASSED [ 20%]
src/codomyrmex/tests/unit/ci_cd_automation/test_ci_cd_automation.py::TestArtifactHandling::test_job_artifact_definition PASSED [ 20%]
src/codomyrmex/tests/unit/ci_cd_automation/test_ci_cd_automation.py::TestArtifactHandling::test_artifact_path_patterns PASSED [ 20%]
src/codomyrmex/tests/unit/ci_cd_automation/test_ci_cd_automation.py::TestArtifactHandling::test_pipeline_with_artifact_sharing PASSED [ 20%]
src/codomyrmex/tests/unit/ci_cd_automation/test_ci_cd_automation.py::TestEnvironmentVariableInjection::test_job_environment_variables PASSED [ 21%]
src/codomyrmex/tests/unit/ci_cd_automation/test_ci_cd_automation.py::TestEnvironmentVariableInjection::test_stage_environment_variables PASSED [ 21%]
src/codomyrmex/tests/unit/ci_cd_automation/test_ci_cd_automation.py::TestEnvironmentVariableInjection::test_pipeline_global_variables PASSED [ 21%]
src/codomyrmex/tests/unit/ci_cd_automation/test_ci_cd_automation.py::TestEnvironmentVariableInjection::test_variable_override_hierarchy PASSED [ 21%]
src/codomyrmex/tests/unit/ci_cd_automation/test_ci_cd_automation.py::TestEnvironmentVariableInjection::test_variable_substitution_in_commands PASSED [ 21%]
src/codomyrmex/tests/unit/ci_cd_automation/test_ci_cd_automation.py::TestSecretManagement::test_secret_not_in_plain_config PASSED [ 21%]
src/codomyrmex/tests/unit/ci_cd_automation/test_ci_cd_automation.py::TestSecretManagement::test_secret_masking_in_output PASSED [ 21%]
src/codomyrmex/tests/unit/ci_cd_automation/test_ci_cd_automation.py::TestSecretManagement::test_environment_to_dict_excludes_sensitive_keys PASSED [ 21%]
src/codomyrmex/tests/unit/ci_cd_automation/test_ci_cd_automation.py::TestWorkflowDispatching::test_dispatch_workflow_with_inputs SKIPPED [ 21%]
src/codomyrmex/tests/unit/ci_cd_automation/test_ci_cd_automation.py::TestWorkflowDispatching::test_dispatch_workflow_different_branches SKIPPED [ 21%]
src/codomyrmex/tests/unit/ci_cd_automation/test_ci_cd_automation.py::TestWorkflowDispatching::test_dispatch_workflow_not_found PASSED [ 21%]
src/codomyrmex/tests/unit/ci_cd_automation/test_ci_cd_automation.py::TestPipelineCancellation::test_cancel_local_pipeline PASSED [ 21%]
src/codomyrmex/tests/unit/ci_cd_automation/test_ci_cd_automation.py::TestPipelineCancellation::test_cancel_nonexistent_pipeline PASSED [ 21%]
src/codomyrmex/tests/unit/ci_cd_automation/test_ci_cd_automation.py::TestPipelineCancellation::test_cancel_github_workflow_run SKIPPED [ 21%]
src/codomyrmex/tests/unit/ci_cd_automation/test_ci_cd_automation.py::TestErrorHandlingAndRetries::test_job_retry_on_failure PASSED [ 21%]
src/codomyrmex/tests/unit/ci_cd_automation/test_ci_cd_automation.py::TestErrorHandlingAndRetries::test_job_allow_failure_flag PASSED [ 21%]
src/codomyrmex/tests/unit/ci_cd_automation/test_ci_cd_automation.py::TestErrorHandlingAndRetries::test_stage_allow_failure_flag PASSED [ 21%]
src/codomyrmex/tests/unit/ci_cd_automation/test_ci_cd_automation.py::TestErrorHandlingAndRetries::test_command_timeout_handling PASSED [ 21%]
src/codomyrmex/tests/unit/ci_cd_automation/test_ci_cd_automation.py::TestErrorHandlingAndRetries::test_network_error_handling PASSED [ 21%]
src/codomyrmex/tests/unit/ci_cd_automation/test_ci_cd_automation.py::TestPipelineMonitor::test_start_monitoring PASSED [ 21%]
src/codomyrmex/tests/unit/ci_cd_automation/test_ci_cd_automation.py::TestPipelineMonitor::test_record_stage_completion PASSED [ 21%]
src/codomyrmex/tests/unit/ci_cd_automation/test_ci_cd_automation.py::TestPipelineMonitor::test_record_job_completion PASSED [ 21%]
src/codomyrmex/tests/unit/ci_cd_automation/test_ci_cd_automation.py::TestPipelineMonitor::test_finish_monitoring PASSED [ 21%]
src/codomyrmex/tests/unit/ci_cd_automation/test_ci_cd_automation.py::TestPipelineMonitor::test_generate_report PASSED [ 21%]
src/codomyrmex/tests/unit/ci_cd_automation/test_ci_cd_automation.py::TestPipelineMonitor::test_get_pipeline_health PASSED [ 21%]
src/codomyrmex/tests/unit/ci_cd_automation/test_ci_cd_automation.py::TestRollbackManager::test_create_rollback_plan PASSED [ 21%]
src/codomyrmex/tests/unit/ci_cd_automation/test_ci_cd_automation.py::TestRollbackManager::test_rollback_strategy_types PASSED [ 21%]
src/codomyrmex/tests/unit/ci_cd_automation/test_ci_cd_automation.py::TestRollbackManager::test_cancel_rollback PASSED [ 21%]
src/codomyrmex/tests/unit/ci_cd_automation/test_ci_cd_automation.py::TestRollbackManager::test_list_rollback_plans PASSED [ 21%]
src/codomyrmex/tests/unit/ci_cd_automation/test_ci_cd_automation.py::TestPipelineOptimizer::test_record_metric PASSED [ 21%]
src/codomyrmex/tests/unit/ci_cd_automation/test_ci_cd_automation.py::TestPipelineOptimizer::test_analyze_performance PASSED [ 21%]
src/codomyrmex/tests/unit/ci_cd_automation/test_ci_cd_automation.py::TestPipelineOptimizer::test_optimize_pipeline_performance PASSED [ 21%]
src/codomyrmex/tests/unit/ci_cd_automation/test_ci_cd_automation.py::TestStageDependencyValidation::test_validate_stage_dependencies_valid PASSED [ 21%]
src/codomyrmex/tests/unit/ci_cd_automation/test_ci_cd_automation.py::TestStageDependencyValidation::test_validate_stage_dependencies_missing PASSED [ 21%]
src/codomyrmex/tests/unit/ci_cd_automation/test_ci_cd_automation.py::TestStageDependencyValidation::test_validate_stage_dependencies_self_reference PASSED [ 21%]
src/codomyrmex/tests/unit/ci_cd_automation/test_ci_cd_automation.py::TestStageDependencyValidation::test_get_stage_dependencies PASSED [ 21%]
src/codomyrmex/tests/unit/ci_cd_automation/test_ci_cd_automation.py::TestParallelPipelineExecution::test_parallel_pipeline_execution SKIPPED [ 21%]
src/codomyrmex/tests/unit/ci_cd_automation/test_ci_cd_automation.py::TestParallelPipelineExecution::test_execution_levels_calculation PASSED [ 21%]
src/codomyrmex/tests/unit/ci_cd_automation/test_ci_cd_automation.py::TestAsyncPipelineResult::test_async_pipeline_result_creation PASSED [ 21%]
src/codomyrmex/tests/unit/ci_cd_automation/test_ci_cd_automation.py::TestAsyncPipelineResult::test_async_pipeline_result_to_dict PASSED [ 21%]
src/codomyrmex/tests/unit/cli/test_cli.py::TestCLIEnvironment::test_check_environment_python_version_success PASSED [ 21%]
src/codomyrmex/tests/unit/cli/test_cli.py::TestCLIEnvironment::test_check_environment_virtual_env PASSED [ 21%]
src/codomyrmex/tests/unit/cli/test_cli.py::TestCLIInfo::test_show_info PASSED [ 21%]
src/codomyrmex/tests/unit/cli/test_cli.py::TestCLIModules::test_show_modules_success PASSED [ 21%]
src/codomyrmex/tests/unit/cli/test_cli.py::TestCLIModules::test_show_modules_import_error PASSED [ 21%]
src/codomyrmex/tests/unit/cli/test_cli.py::TestCLIInteractiveShell::test_run_interactive_shell_available PASSED [ 21%]
src/codomyrmex/tests/unit/cli/test_cli.py::TestCLIInteractiveShell::test_run_interactive_shell_unavailable PASSED [ 21%]
src/codomyrmex/tests/unit/cli/test_cli.py::TestCLIWorkflows::test_list_workflows PASSED [ 21%]
src/codomyrmex/tests/unit/cli/test_cli.py::TestCLIWorkflows::test_run_workflow_success PASSED [ 21%]
src/codomyrmex/tests/unit/cli/test_cli.py::TestCLIWorkflows::test_run_workflow_failure PASSED [ 21%]
src/codomyrmex/tests/unit/cli/test_cli.py::TestCLISystemStatus::test_show_system_status PASSED [ 21%]
src/codomyrmex/tests/unit/cli/test_cli.py::TestCLIAI::test_handle_ai_generate_success PASSED [ 21%]
src/codomyrmex/tests/unit/cli/test_cli.py::TestCLIAI::test_handle_ai_generate_failure PASSED [ 21%]
src/codomyrmex/tests/unit/cli/test_cli.py::TestCLIAI::test_handle_ai_refactor_success PASSED [ 21%]
src/codomyrmex/tests/unit/cli/test_cli.py::TestCLIAI::test_handle_ai_refactor_file_not_found PASSED [ 21%]
src/codomyrmex/tests/unit/cli/test_cli.py::TestCLIAnalysis::test_handle_code_analysis_success PASSED [ 21%]
src/codomyrmex/tests/unit/cli/test_cli.py::TestCLIAnalysis::test_handle_git_analysis_success PASSED [ 21%]
src/codomyrmex/tests/unit/cli/test_cli.py::TestCLIBuild::test_handle_project_build_success PASSED [ 21%]
src/codomyrmex/tests/unit/cli/test_cli.py::TestCLITesting::test_handle_module_test_success PASSED [ 21%]
src/codomyrmex/tests/unit/cli/test_cli.py::TestCLITesting::test_handle_module_test_failure PASSED [ 21%]
src/codomyrmex/tests/unit/cli/test_cli.py::TestCLIDemos::test_handle_module_demo_success PASSED [ 21%]
src/codomyrmex/tests/unit/cli/test_cli.py::TestCLIDemos::test_demo_data_visualization_success PASSED [ 21%]
src/codomyrmex/tests/unit/cli/test_cli.py::TestCLIDemos::test_demo_ai_code_editing_success PASSED [ 21%]
src/codomyrmex/tests/unit/cli/test_cli.py::TestCLIDemos::test_demo_code_execution_success PASSED [ 21%]
src/codomyrmex/tests/unit/cli/test_cli.py::TestCLIDemos::test_demo_code_execution_functionality PASSED [ 21%]
src/codomyrmex/tests/unit/cli/test_cli.py::TestCLIDemos::test_demo_git_operations_success PASSED [ 21%]
src/codomyrmex/tests/unit/cli/test_cli.py::TestCLIWorkflowManagement::test_handle_workflow_create_success PASSED [ 21%]
src/codomyrmex/tests/unit/cli/test_cli.py::TestCLIProjectManagement::test_handle_project_create_success PASSED [ 21%]
src/codomyrmex/tests/unit/cli/test_cli.py::TestCLIProjectManagement::test_handle_project_list_success PASSED [ 21%]
src/codomyrmex/tests/unit/cli/test_cli.py::TestCLIOrchestration::test_handle_orchestration_status_success PASSED [ 21%]
src/codomyrmex/tests/unit/cli/test_cli.py::TestCLIOrchestration::test_handle_orchestration_health_success PASSED [ 21%]
src/codomyrmex/tests/unit/cli/test_cli.py::TestCLIMain::test_main_help PASSED [ 21%]
src/codomyrmex/tests/unit/cli/test_cli.py::TestCLIMain::test_main_check_command PASSED [ 21%]
src/codomyrmex/tests/unit/cli/test_cli.py::TestCLIMain::test_main_info_command PASSED [ 21%]
src/codomyrmex/tests/unit/cli/test_cli.py::TestCLIMain::test_main_modules_command PASSED [ 21%]
src/codomyrmex/tests/unit/cli/test_cli.py::TestCLIMain::test_main_invalid_command PASSED [ 21%]
src/codomyrmex/tests/unit/cli/test_cli_simple.py::TestCLIBasics::test_check_environment_exists PASSED [ 21%]
src/codomyrmex/tests/unit/cli/test_cli_simple.py::TestCLIBasics::test_show_info_exists PASSED [ 21%]
src/codomyrmex/tests/unit/cli/test_cli_simple.py::TestCLIBasics::test_demo_data_visualization_exists PASSED [ 21%]
src/codomyrmex/tests/unit/cli/test_cli_simple.py::TestCLIBasics::test_cli_module_imports PASSED [ 21%]
src/codomyrmex/tests/unit/cli/test_cli_simple.py::TestCLIBasics::test_cli_functions_have_docstrings PASSED [ 21%]
src/codomyrmex/tests/unit/cli/test_cli_simple.py::TestCLIRuntime::test_check_environment_runs_without_error PASSED [ 21%]
src/codomyrmex/tests/unit/cli/test_cli_simple.py::TestCLIRuntime::test_show_info_runs_without_error PASSED [ 21%]
src/codomyrmex/tests/unit/cli/test_cli_simple.py::TestCLIModuleStructure::test_cli_module_has_expected_attributes PASSED [ 21%]
src/codomyrmex/tests/unit/cli/test_cli_simple.py::TestCLIModuleStructure::test_cli_functions_are_functions PASSED [ 21%]
src/codomyrmex/tests/unit/cli/test_cli_simple.py::TestCLIModuleStructure::test_cli_main_function_signature PASSED [ 21%]
src/codomyrmex/tests/unit/cloud/test_cloud_edge.py::TestEdgeProvider::test_cloudflare PASSED [ 21%]
src/codomyrmex/tests/unit/cloud/test_cloud_edge.py::TestEdgeProvider::test_fastly PASSED [ 21%]
src/codomyrmex/tests/unit/cloud/test_cloud_edge.py::TestEdgeProvider::test_aws_lambda_edge PASSED [ 21%]
src/codomyrmex/tests/unit/cloud/test_cloud_edge.py::TestEdgeProvider::test_vercel PASSED [ 21%]
src/codomyrmex/tests/unit/cloud/test_cloud_edge.py::TestEdgeProvider::test_deno PASSED [ 21%]
src/codomyrmex/tests/unit/cloud/test_cloud_edge.py::TestEdgeRegion::test_global PASSED [ 21%]
src/codomyrmex/tests/unit/cloud/test_cloud_edge.py::TestEdgeRegion::test_us_east PASSED [ 21%]
src/codomyrmex/tests/unit/cloud/test_cloud_edge.py::TestEdgeRegion::test_europe PASSED [ 21%]
src/codomyrmex/tests/unit/cloud/test_cloud_edge.py::TestEdgeFunctionConfig::test_create_config PASSED [ 21%]
src/codomyrmex/tests/unit/cloud/test_cloud_edge.py::TestEdgeFunctionConfig::test_config_with_routes PASSED [ 21%]
src/codomyrmex/tests/unit/cloud/test_cloud_edge.py::TestEdgeDeployment::test_create_deployment PASSED [ 21%]
src/codomyrmex/tests/unit/cloud/test_cloud_edge.py::TestCloudflareWorkersClient::test_create_client PASSED [ 21%]
src/codomyrmex/tests/unit/cloud/test_cloud_edge.py::TestFastlyComputeClient::test_create_client PASSED [ 21%]
src/codomyrmex/tests/unit/cloud/test_cloud_edge.py::TestEdgeManager::test_create_manager PASSED [ 22%]
src/codomyrmex/tests/unit/cloud/test_cloud_edge.py::TestEdgeManager::test_register_client PASSED [ 22%]
src/codomyrmex/tests/unit/cloud/test_cloud_expansion.py::test_s3_client_list SKIPPED [ 22%]
src/codomyrmex/tests/unit/cloud/test_cloud_expansion.py::test_s3_client_download SKIPPED [ 22%]
src/codomyrmex/tests/unit/cloud/test_cloud_expansion.py::test_gcs_client_list SKIPPED [ 22%]
src/codomyrmex/tests/unit/cloud/test_cloud_expansion.py::test_gcs_client_download SKIPPED [ 22%]
src/codomyrmex/tests/unit/cloud/test_cloud_expansion.py::test_azure_blob_client_list SKIPPED [ 22%]
src/codomyrmex/tests/unit/cloud/test_cloud_security_middleware.py::TestOperationRiskClassification::test_list_is_read PASSED [ 22%]
src/codomyrmex/tests/unit/cloud/test_cloud_security_middleware.py::TestOperationRiskClassification::test_get_is_read PASSED [ 22%]
src/codomyrmex/tests/unit/cloud/test_cloud_security_middleware.py::TestOperationRiskClassification::test_create_is_write PASSED [ 22%]
src/codomyrmex/tests/unit/cloud/test_cloud_security_middleware.py::TestOperationRiskClassification::test_delete_is_delete PASSED [ 22%]
src/codomyrmex/tests/unit/cloud/test_cloud_security_middleware.py::TestOperationRiskClassification::test_terminate_is_admin PASSED [ 22%]
src/codomyrmex/tests/unit/cloud/test_cloud_security_middleware.py::TestOperationRiskClassification::test_unknown_defaults_to_read PASSED [ 22%]
src/codomyrmex/tests/unit/cloud/test_cloud_security_middleware.py::TestOperationRiskClassification::test_upload_is_write PASSED [ 22%]
src/codomyrmex/tests/unit/cloud/test_cloud_security_middleware.py::TestOperationRiskClassification::test_remove_is_delete PASSED [ 22%]
src/codomyrmex/tests/unit/cloud/test_cloud_security_middleware.py::TestSecurityCheckResult::test_default_values PASSED [ 22%]
src/codomyrmex/tests/unit/cloud/test_cloud_security_middleware.py::TestSecurityCheckResult::test_custom_values PASSED [ 22%]
src/codomyrmex/tests/unit/cloud/test_cloud_security_middleware.py::TestSecurityCheckResult::test_mutable_lists_are_independent PASSED [ 22%]
src/codomyrmex/tests/unit/cloud/test_cloud_security_middleware.py::TestCloudSecurityPipeline::test_clean_params_pass PASSED [ 22%]
src/codomyrmex/tests/unit/cloud/test_cloud_security_middleware.py::TestCloudSecurityPipeline::test_exploit_blocks_operation PASSED [ 22%]
src/codomyrmex/tests/unit/cloud/test_cloud_security_middleware.py::TestCloudSecurityPipeline::test_read_operations_skip_identity_check PASSED [ 22%]
src/codomyrmex/tests/unit/cloud/test_cloud_security_middleware.py::TestCloudSecurityPipeline::test_post_process_scrubs_metadata PASSED [ 22%]
src/codomyrmex/tests/unit/cloud/test_cloud_security_middleware.py::TestCloudSecurityPipeline::test_post_process_handles_none PASSED [ 22%]
src/codomyrmex/tests/unit/cloud/test_cloud_security_middleware.py::TestCloudSecurityPipeline::test_post_process_handles_bool PASSED [ 22%]
src/codomyrmex/tests/unit/cloud/test_cloud_security_middleware.py::TestCloudSecurityPipeline::test_post_process_handles_list PASSED [ 22%]
src/codomyrmex/tests/unit/cloud/test_cloud_security_middleware.py::TestCloudSecurityPipeline::test_pipeline_with_no_modules_still_works PASSED [ 22%]
src/codomyrmex/tests/unit/cloud/test_cloud_security_middleware.py::TestCloudSecurityPipeline::test_exploit_detection_with_mock PASSED [ 22%]
src/codomyrmex/tests/unit/cloud/test_cloud_security_middleware.py::TestCloudSecurityPipeline::test_no_exploit_passes_with_mock PASSED [ 22%]
src/codomyrmex/tests/unit/cloud/test_cloud_security_middleware.py::TestCloudSecurityPipeline::test_identity_blocks_write_without_persona PASSED [ 22%]
src/codomyrmex/tests/unit/cloud/test_cloud_security_middleware.py::TestCloudSecurityPipeline::test_identity_allows_sufficient_level PASSED [ 22%]
src/codomyrmex/tests/unit/cloud/test_cloud_security_middleware.py::TestCloudSecurityPipeline::test_identity_blocks_low_level_for_delete PASSED [ 22%]
src/codomyrmex/tests/unit/cloud/test_cloud_security_middleware.py::TestCloudSecurityPipeline::test_risk_level_set_correctly PASSED [ 22%]
src/codomyrmex/tests/unit/cloud/test_cloud_security_middleware.py::TestCloudSecurityPipeline::test_post_process_with_mock_cleaner PASSED [ 22%]
src/codomyrmex/tests/unit/cloud/test_cloud_security_middleware.py::TestCloudSecurityPipeline::test_empty_params_pass PASSED [ 22%]
src/codomyrmex/tests/unit/cloud/test_coda_io_client.py::TestCodaClientInitialization::test_client_requires_api_token PASSED [ 22%]
src/codomyrmex/tests/unit/cloud/test_coda_io_client.py::TestCodaClientInitialization::test_client_default_base_url PASSED [ 22%]
src/codomyrmex/tests/unit/cloud/test_coda_io_client.py::TestCodaClientInitialization::test_client_custom_base_url PASSED [ 22%]
src/codomyrmex/tests/unit/cloud/test_coda_io_client.py::TestCodaClientInitialization::test_client_strips_trailing_slash_from_base_url PASSED [ 22%]
src/codomyrmex/tests/unit/cloud/test_coda_io_client.py::TestCodaClientInitialization::test_client_default_timeout PASSED [ 22%]
src/codomyrmex/tests/unit/cloud/test_coda_io_client.py::TestCodaClientInitialization::test_client_custom_timeout PASSED [ 22%]
src/codomyrmex/tests/unit/cloud/test_coda_io_client.py::TestCodaClientInitialization::test_client_session_headers PASSED [ 22%]
src/codomyrmex/tests/unit/cloud/test_coda_io_client.py::TestCodaClientMethods::test_has_list_docs PASSED [ 22%]
src/codomyrmex/tests/unit/cloud/test_coda_io_client.py::TestCodaClientMethods::test_has_create_doc PASSED [ 22%]
src/codomyrmex/tests/unit/cloud/test_coda_io_client.py::TestCodaClientMethods::test_has_get_doc PASSED [ 22%]
src/codomyrmex/tests/unit/cloud/test_coda_io_client.py::TestCodaClientMethods::test_has_update_doc PASSED [ 22%]
src/codomyrmex/tests/unit/cloud/test_coda_io_client.py::TestCodaClientMethods::test_has_delete_doc PASSED [ 22%]
src/codomyrmex/tests/unit/cloud/test_coda_io_client.py::TestCodaClientMethods::test_has_list_pages PASSED [ 22%]
src/codomyrmex/tests/unit/cloud/test_coda_io_client.py::TestCodaClientMethods::test_has_create_page PASSED [ 22%]
src/codomyrmex/tests/unit/cloud/test_coda_io_client.py::TestCodaClientMethods::test_has_get_page PASSED [ 22%]
src/codomyrmex/tests/unit/cloud/test_coda_io_client.py::TestCodaClientMethods::test_has_update_page PASSED [ 22%]
src/codomyrmex/tests/unit/cloud/test_coda_io_client.py::TestCodaClientMethods::test_has_delete_page PASSED [ 22%]
src/codomyrmex/tests/unit/cloud/test_coda_io_client.py::TestCodaClientMethods::test_has_export_page PASSED [ 22%]
src/codomyrmex/tests/unit/cloud/test_coda_io_client.py::TestCodaClientMethods::test_has_list_tables PASSED [ 22%]
src/codomyrmex/tests/unit/cloud/test_coda_io_client.py::TestCodaClientMethods::test_has_get_table PASSED [ 22%]
src/codomyrmex/tests/unit/cloud/test_coda_io_client.py::TestCodaClientMethods::test_has_list_columns PASSED [ 22%]
src/codomyrmex/tests/unit/cloud/test_coda_io_client.py::TestCodaClientMethods::test_has_get_column PASSED [ 22%]
src/codomyrmex/tests/unit/cloud/test_coda_io_client.py::TestCodaClientMethods::test_has_list_rows PASSED [ 22%]
src/codomyrmex/tests/unit/cloud/test_coda_io_client.py::TestCodaClientMethods::test_has_insert_rows PASSED [ 22%]
src/codomyrmex/tests/unit/cloud/test_coda_io_client.py::TestCodaClientMethods::test_has_get_row PASSED [ 22%]
src/codomyrmex/tests/unit/cloud/test_coda_io_client.py::TestCodaClientMethods::test_has_update_row PASSED [ 22%]
src/codomyrmex/tests/unit/cloud/test_coda_io_client.py::TestCodaClientMethods::test_has_delete_row PASSED [ 22%]
src/codomyrmex/tests/unit/cloud/test_coda_io_client.py::TestCodaClientMethods::test_has_delete_rows PASSED [ 22%]
src/codomyrmex/tests/unit/cloud/test_coda_io_client.py::TestCodaClientMethods::test_has_push_button PASSED [ 22%]
src/codomyrmex/tests/unit/cloud/test_coda_io_client.py::TestCodaClientMethods::test_has_get_sharing_metadata PASSED [ 22%]
src/codomyrmex/tests/unit/cloud/test_coda_io_client.py::TestCodaClientMethods::test_has_list_permissions PASSED [ 22%]
src/codomyrmex/tests/unit/cloud/test_coda_io_client.py::TestCodaClientMethods::test_has_add_permission PASSED [ 22%]
src/codomyrmex/tests/unit/cloud/test_coda_io_client.py::TestCodaClientMethods::test_has_delete_permission PASSED [ 22%]
src/codomyrmex/tests/unit/cloud/test_coda_io_client.py::TestCodaClientMethods::test_has_get_acl_settings PASSED [ 22%]
src/codomyrmex/tests/unit/cloud/test_coda_io_client.py::TestCodaClientMethods::test_has_update_acl_settings PASSED [ 22%]
src/codomyrmex/tests/unit/cloud/test_coda_io_client.py::TestCodaClientMethods::test_has_get_categories PASSED [ 22%]
src/codomyrmex/tests/unit/cloud/test_coda_io_client.py::TestCodaClientMethods::test_has_publish_doc PASSED [ 22%]
src/codomyrmex/tests/unit/cloud/test_coda_io_client.py::TestCodaClientMethods::test_has_unpublish_doc PASSED [ 22%]
src/codomyrmex/tests/unit/cloud/test_coda_io_client.py::TestCodaClientMethods::test_has_list_formulas PASSED [ 22%]
src/codomyrmex/tests/unit/cloud/test_coda_io_client.py::TestCodaClientMethods::test_has_get_formula PASSED [ 22%]
src/codomyrmex/tests/unit/cloud/test_coda_io_client.py::TestCodaClientMethods::test_has_list_controls PASSED [ 22%]
src/codomyrmex/tests/unit/cloud/test_coda_io_client.py::TestCodaClientMethods::test_has_get_control PASSED [ 22%]
src/codomyrmex/tests/unit/cloud/test_coda_io_client.py::TestCodaClientMethods::test_has_trigger_automation PASSED [ 22%]
src/codomyrmex/tests/unit/cloud/test_coda_io_client.py::TestCodaClientMethods::test_has_list_doc_analytics PASSED [ 22%]
src/codomyrmex/tests/unit/cloud/test_coda_io_client.py::TestCodaClientMethods::test_has_get_doc_analytics_summary PASSED [ 22%]
src/codomyrmex/tests/unit/cloud/test_coda_io_client.py::TestCodaClientMethods::test_has_list_page_analytics PASSED [ 22%]
src/codomyrmex/tests/unit/cloud/test_coda_io_client.py::TestCodaClientMethods::test_has_whoami PASSED [ 22%]
src/codomyrmex/tests/unit/cloud/test_coda_io_client.py::TestCodaClientMethods::test_has_resolve_browser_link PASSED [ 22%]
src/codomyrmex/tests/unit/cloud/test_coda_io_client.py::TestCodaClientMethods::test_has_get_mutation_status PASSED [ 22%]
src/codomyrmex/tests/unit/cloud/test_coda_io_client.py::TestCodaClientUrlEncoding::test_encode_id_simple PASSED [ 22%]
src/codomyrmex/tests/unit/cloud/test_coda_io_client.py::TestCodaClientUrlEncoding::test_encode_id_with_spaces PASSED [ 22%]
src/codomyrmex/tests/unit/cloud/test_coda_io_client.py::TestCodaClientUrlEncoding::test_encode_id_with_special_chars PASSED [ 22%]
src/codomyrmex/tests/unit/cloud/test_coda_io_client.py::TestCodaClientImports::test_import_from_cloud PASSED [ 22%]
src/codomyrmex/tests/unit/cloud/test_coda_io_client.py::TestCodaClientImports::test_import_from_coda_io PASSED [ 22%]
src/codomyrmex/tests/unit/cloud/test_coda_io_client.py::TestCodaClientImports::test_import_models_from_cloud PASSED [ 22%]
src/codomyrmex/tests/unit/cloud/test_coda_io_client.py::TestCodaClientImports::test_import_exceptions_from_cloud PASSED [ 22%]
src/codomyrmex/tests/unit/cloud/test_coda_io_client.py::TestCodaClientHelperMethods::test_get_method_exists PASSED [ 22%]
src/codomyrmex/tests/unit/cloud/test_coda_io_client.py::TestCodaClientHelperMethods::test_post_method_exists PASSED [ 22%]
src/codomyrmex/tests/unit/cloud/test_coda_io_client.py::TestCodaClientHelperMethods::test_put_method_exists PASSED [ 22%]
src/codomyrmex/tests/unit/cloud/test_coda_io_client.py::TestCodaClientHelperMethods::test_patch_method_exists PASSED [ 22%]
src/codomyrmex/tests/unit/cloud/test_coda_io_client.py::TestCodaClientHelperMethods::test_delete_method_exists PASSED [ 22%]
src/codomyrmex/tests/unit/cloud/test_coda_io_client.py::TestCodaClientHelperMethods::test_request_method_exists PASSED [ 22%]
src/codomyrmex/tests/unit/cloud/test_coda_io_exceptions.py::TestCodaAPIErrorBase::test_base_error_creation PASSED [ 22%]
src/codomyrmex/tests/unit/cloud/test_coda_io_exceptions.py::TestCodaAPIErrorBase::test_base_error_with_status_code PASSED [ 22%]
src/codomyrmex/tests/unit/cloud/test_coda_io_exceptions.py::TestCodaAPIErrorBase::test_base_error_with_response_body PASSED [ 23%]
src/codomyrmex/tests/unit/cloud/test_coda_io_exceptions.py::TestCodaAuthenticationError::test_default_message PASSED [ 23%]
src/codomyrmex/tests/unit/cloud/test_coda_io_exceptions.py::TestCodaAuthenticationError::test_custom_message PASSED [ 23%]
src/codomyrmex/tests/unit/cloud/test_coda_io_exceptions.py::TestCodaAuthenticationError::test_is_subclass_of_base PASSED [ 23%]
src/codomyrmex/tests/unit/cloud/test_coda_io_exceptions.py::TestCodaForbiddenError::test_default_message PASSED [ 23%]
src/codomyrmex/tests/unit/cloud/test_coda_io_exceptions.py::TestCodaForbiddenError::test_custom_message PASSED [ 23%]
src/codomyrmex/tests/unit/cloud/test_coda_io_exceptions.py::TestCodaNotFoundError::test_default_message PASSED [ 23%]
src/codomyrmex/tests/unit/cloud/test_coda_io_exceptions.py::TestCodaNotFoundError::test_custom_message PASSED [ 23%]
src/codomyrmex/tests/unit/cloud/test_coda_io_exceptions.py::TestCodaGoneError::test_default_message PASSED [ 23%]
src/codomyrmex/tests/unit/cloud/test_coda_io_exceptions.py::TestCodaRateLimitError::test_default_message PASSED [ 23%]
src/codomyrmex/tests/unit/cloud/test_coda_io_exceptions.py::TestCodaRateLimitError::test_with_response_body PASSED [ 23%]
src/codomyrmex/tests/unit/cloud/test_coda_io_exceptions.py::TestCodaValidationError::test_default_message PASSED [ 23%]
src/codomyrmex/tests/unit/cloud/test_coda_io_exceptions.py::TestCodaValidationError::test_custom_message_with_details PASSED [ 23%]
src/codomyrmex/tests/unit/cloud/test_coda_io_exceptions.py::TestRaiseForStatus::test_success_codes_dont_raise PASSED [ 23%]
src/codomyrmex/tests/unit/cloud/test_coda_io_exceptions.py::TestRaiseForStatus::test_400_raises_validation_error PASSED [ 23%]
src/codomyrmex/tests/unit/cloud/test_coda_io_exceptions.py::TestRaiseForStatus::test_401_raises_authentication_error PASSED [ 23%]
src/codomyrmex/tests/unit/cloud/test_coda_io_exceptions.py::TestRaiseForStatus::test_403_raises_forbidden_error PASSED [ 23%]
src/codomyrmex/tests/unit/cloud/test_coda_io_exceptions.py::TestRaiseForStatus::test_404_raises_not_found_error PASSED [ 23%]
src/codomyrmex/tests/unit/cloud/test_coda_io_exceptions.py::TestRaiseForStatus::test_410_raises_gone_error PASSED [ 23%]
src/codomyrmex/tests/unit/cloud/test_coda_io_exceptions.py::TestRaiseForStatus::test_429_raises_rate_limit_error PASSED [ 23%]
src/codomyrmex/tests/unit/cloud/test_coda_io_exceptions.py::TestRaiseForStatus::test_unknown_error_raises_base_error PASSED [ 23%]
src/codomyrmex/tests/unit/cloud/test_coda_io_exceptions.py::TestRaiseForStatus::test_uses_message_from_response_body PASSED [ 23%]
src/codomyrmex/tests/unit/cloud/test_coda_io_exceptions.py::TestRaiseForStatus::test_uses_error_field_from_response_body PASSED [ 23%]
src/codomyrmex/tests/unit/cloud/test_coda_io_exceptions.py::TestExceptionHierarchy::test_all_exceptions_inherit_from_base PASSED [ 23%]
src/codomyrmex/tests/unit/cloud/test_coda_io_exceptions.py::TestExceptionHierarchy::test_all_exceptions_inherit_from_exception PASSED [ 23%]
src/codomyrmex/tests/unit/cloud/test_coda_io_exceptions.py::TestExceptionHierarchy::test_can_catch_specific_or_base PASSED [ 23%]
src/codomyrmex/tests/unit/cloud/test_coda_io_models.py::TestDocModel::test_doc_from_dict_minimal PASSED [ 23%]
src/codomyrmex/tests/unit/cloud/test_coda_io_models.py::TestDocModel::test_doc_from_dict_with_timestamps PASSED [ 23%]
src/codomyrmex/tests/unit/cloud/test_coda_io_models.py::TestDocModel::test_doc_from_dict_with_nested_objects PASSED [ 23%]
src/codomyrmex/tests/unit/cloud/test_coda_io_models.py::TestDocListModel::test_doclist_from_dict PASSED [ 23%]
src/codomyrmex/tests/unit/cloud/test_coda_io_models.py::TestDocListModel::test_doclist_empty PASSED [ 23%]
src/codomyrmex/tests/unit/cloud/test_coda_io_models.py::TestPageModel::test_page_from_dict PASSED [ 23%]
src/codomyrmex/tests/unit/cloud/test_coda_io_models.py::TestPageModel::test_page_with_children PASSED [ 23%]
src/codomyrmex/tests/unit/cloud/test_coda_io_models.py::TestTableModel::test_table_from_dict PASSED [ 23%]
src/codomyrmex/tests/unit/cloud/test_coda_io_models.py::TestTableModel::test_table_view_type PASSED [ 23%]
src/codomyrmex/tests/unit/cloud/test_coda_io_models.py::TestRowModel::test_row_from_dict PASSED [ 23%]
src/codomyrmex/tests/unit/cloud/test_coda_io_models.py::TestColumnModel::test_column_from_dict PASSED [ 23%]
src/codomyrmex/tests/unit/cloud/test_coda_io_models.py::TestColumnModel::test_column_with_formula PASSED [ 23%]
src/codomyrmex/tests/unit/cloud/test_coda_io_models.py::TestRowEditModel::test_cell_edit_to_dict PASSED [ 23%]
src/codomyrmex/tests/unit/cloud/test_coda_io_models.py::TestRowEditModel::test_row_edit_to_dict PASSED [ 23%]
src/codomyrmex/tests/unit/cloud/test_coda_io_models.py::TestUserModel::test_user_from_dict PASSED [ 23%]
src/codomyrmex/tests/unit/cloud/test_coda_io_models.py::TestPermissionModels::test_sharing_metadata_from_dict PASSED [ 23%]
src/codomyrmex/tests/unit/cloud/test_coda_io_models.py::TestPermissionModels::test_acl_settings_from_dict PASSED [ 23%]
src/codomyrmex/tests/unit/cloud/test_coda_io_models.py::TestPermissionModels::test_principal_to_dict PASSED [ 23%]
src/codomyrmex/tests/unit/cloud/test_coda_io_models.py::TestMutationStatus::test_mutation_status_completed PASSED [ 23%]
src/codomyrmex/tests/unit/cloud/test_coda_io_models.py::TestMutationStatus::test_mutation_status_with_warning PASSED [ 23%]
src/codomyrmex/tests/unit/cloud/test_coda_io_models.py::TestInsertRowsResult::test_insert_rows_result PASSED [ 23%]
src/codomyrmex/tests/unit/cloud/test_coda_io_models.py::TestDatetimeParsing::test_parse_iso_datetime_with_z PASSED [ 23%]
src/codomyrmex/tests/unit/cloud/test_coda_io_models.py::TestDatetimeParsing::test_parse_iso_datetime_with_offset PASSED [ 23%]
src/codomyrmex/tests/unit/cloud/test_coda_io_models.py::TestDatetimeParsing::test_parse_none_returns_none PASSED [ 23%]
src/codomyrmex/tests/unit/cloud/test_coda_io_models.py::TestDatetimeParsing::test_parse_invalid_returns_none PASSED [ 23%]
src/codomyrmex/tests/unit/cloud/test_infomaniak_auth.py::TestInfomaniakAuthModule::test_auth_error_reexported_from_auth_module PASSED [ 23%]
src/codomyrmex/tests/unit/cloud/test_infomaniak_auth.py::TestInfomaniakAuthModule::test_auth_error_is_subclass_of_cloud_error PASSED [ 23%]
src/codomyrmex/tests/unit/cloud/test_infomaniak_auth.py::TestInfomaniakAuthModule::test_auth_error_same_class_in_auth_and_exceptions PASSED [ 23%]
src/codomyrmex/tests/unit/cloud/test_infomaniak_auth.py::TestInfomaniakAuthModule::test_credentials_from_env_valid PASSED [ 23%]
src/codomyrmex/tests/unit/cloud/test_infomaniak_auth.py::TestInfomaniakAuthModule::test_credentials_from_env_missing_raises PASSED [ 23%]
src/codomyrmex/tests/unit/cloud/test_infomaniak_auth.py::TestInfomaniakAuthModule::test_credentials_from_env_defaults PASSED [ 23%]
src/codomyrmex/tests/unit/cloud/test_infomaniak_auth.py::TestInfomaniakAuthModule::test_to_openstack_auth_returns_correct_dict PASSED [ 23%]
src/codomyrmex/tests/unit/cloud/test_infomaniak_auth.py::TestInfomaniakAuthModule::test_s3_credentials_from_env_valid PASSED [ 23%]
src/codomyrmex/tests/unit/cloud/test_infomaniak_auth.py::TestInfomaniakAuthModule::test_s3_credentials_from_env_missing_raises PASSED [ 23%]
src/codomyrmex/tests/unit/cloud/test_infomaniak_auth.py::TestInfomaniakAuthModule::test_s3_credentials_defaults PASSED [ 23%]
src/codomyrmex/tests/unit/cloud/test_infomaniak_auth.py::TestInfomaniakAuthModule::test_create_openstack_connection_success PASSED [ 23%]
src/codomyrmex/tests/unit/cloud/test_infomaniak_auth.py::TestInfomaniakAuthModule::test_create_openstack_connection_auth_failure PASSED [ 23%]
src/codomyrmex/tests/unit/cloud/test_infomaniak_auth.py::TestInfomaniakAuthModule::test_create_s3_client_success PASSED [ 23%]
src/codomyrmex/tests/unit/cloud/test_infomaniak_auth.py::TestInfomaniakAuthModule::test_create_s3_client_import_error_without_boto3 PASSED [ 23%]
src/codomyrmex/tests/unit/cloud/test_infomaniak_auth.py::TestAuthFunctions::test_create_openstack_connection_import_error PASSED [ 23%]
src/codomyrmex/tests/unit/cloud/test_infomaniak_auth.py::TestAuthFunctions::test_create_openstack_connection_auth_failure PASSED [ 23%]
src/codomyrmex/tests/unit/cloud/test_infomaniak_auth.py::TestAuthFunctions::test_create_openstack_connection_success PASSED [ 23%]
src/codomyrmex/tests/unit/cloud/test_infomaniak_auth.py::TestAuthFunctions::test_create_s3_client_import_error PASSED [ 23%]
src/codomyrmex/tests/unit/cloud/test_infomaniak_auth.py::TestAuthFunctions::test_create_s3_client_success PASSED [ 23%]
src/codomyrmex/tests/unit/cloud/test_infomaniak_auth.py::TestAuthFunctions::test_credentials_to_openstack_auth PASSED [ 23%]
src/codomyrmex/tests/unit/cloud/test_infomaniak_auth.py::TestAuthFunctions::test_credentials_metadata_field PASSED [ 23%]
src/codomyrmex/tests/unit/cloud/test_infomaniak_auth.py::TestAuthFunctions::test_credentials_default_metadata_empty PASSED [ 23%]
src/codomyrmex/tests/unit/cloud/test_infomaniak_auth.py::TestAuthFunctions::test_auth_constants PASSED [ 23%]
src/codomyrmex/tests/unit/cloud/test_infomaniak_auth.py::TestClientFactoryMethodsExpanded::test_volume_from_credentials SKIPPED [ 23%]
src/codomyrmex/tests/unit/cloud/test_infomaniak_auth.py::TestClientFactoryMethodsExpanded::test_network_from_credentials SKIPPED [ 23%]
src/codomyrmex/tests/unit/cloud/test_infomaniak_auth.py::TestClientFactoryMethodsExpanded::test_dns_from_credentials SKIPPED [ 23%]
src/codomyrmex/tests/unit/cloud/test_infomaniak_auth.py::TestClientFactoryMethodsExpanded::test_heat_from_credentials SKIPPED [ 23%]
src/codomyrmex/tests/unit/cloud/test_infomaniak_auth.py::TestClientFactoryMethodsExpanded::test_metering_from_credentials SKIPPED [ 23%]
src/codomyrmex/tests/unit/cloud/test_infomaniak_base.py::TestInfomaniakOpenStackBaseClass::test_context_manager_calls_close PASSED [ 23%]
src/codomyrmex/tests/unit/cloud/test_infomaniak_base.py::TestInfomaniakOpenStackBaseClass::test_exit_does_not_suppress_exception PASSED [ 23%]
src/codomyrmex/tests/unit/cloud/test_infomaniak_base.py::TestInfomaniakOpenStackBaseClass::test_close_handles_exception PASSED [ 23%]
src/codomyrmex/tests/unit/cloud/test_infomaniak_base.py::TestInfomaniakOpenStackBaseClass::test_close_no_close_method PASSED [ 23%]
src/codomyrmex/tests/unit/cloud/test_infomaniak_base.py::TestInfomaniakOpenStackBaseClass::test_validate_connection_success PASSED [ 23%]
src/codomyrmex/tests/unit/cloud/test_infomaniak_base.py::TestInfomaniakOpenStackBaseClass::test_validate_connection_failure PASSED [ 23%]
src/codomyrmex/tests/unit/cloud/test_infomaniak_base.py::TestInfomaniakOpenStackBaseClass::test_service_name_default PASSED [ 23%]
src/codomyrmex/tests/unit/cloud/test_infomaniak_base.py::TestInfomaniakS3BaseClass::test_context_manager PASSED [ 23%]
src/codomyrmex/tests/unit/cloud/test_infomaniak_base.py::TestInfomaniakS3BaseClass::test_close_is_noop PASSED [ 23%]
src/codomyrmex/tests/unit/cloud/test_infomaniak_base.py::TestInfomaniakS3BaseClass::test_validate_connection_success PASSED [ 23%]
src/codomyrmex/tests/unit/cloud/test_infomaniak_base.py::TestInfomaniakS3BaseClass::test_validate_connection_failure PASSED [ 23%]
src/codomyrmex/tests/unit/cloud/test_infomaniak_base.py::TestInfomaniakS3BaseClass::test_default_constants PASSED [ 23%]
src/codomyrmex/tests/unit/cloud/test_infomaniak_base.py::TestInfomaniakS3BaseClass::test_exit_does_not_suppress_exception PASSED [ 23%]
src/codomyrmex/tests/unit/cloud/test_infomaniak_base.py::TestInfomaniakRESTBaseClass::test_from_env_raises_not_implemented PASSED [ 23%]
src/codomyrmex/tests/unit/cloud/test_infomaniak_base.py::TestInfomaniakRESTBaseClass::test_close_handles_exception PASSED [ 23%]
src/codomyrmex/tests/unit/cloud/test_infomaniak_base.py::TestInfomaniakRESTBaseClass::test_close_no_session PASSED [ 23%]
src/codomyrmex/tests/unit/cloud/test_infomaniak_base.py::TestInfomaniakRESTBaseClass::test_validate_connection_base_returns_true PASSED [ 23%]
src/codomyrmex/tests/unit/cloud/test_infomaniak_base.py::TestInfomaniakRESTBaseClass::test_init_strips_trailing_slash PASSED [ 23%]
src/codomyrmex/tests/unit/cloud/test_infomaniak_base.py::TestInfomaniakRESTBaseClass::test_init_sets_headers PASSED [ 23%]
src/codomyrmex/tests/unit/cloud/test_infomaniak_base.py::TestInfomaniakRESTBaseClass::test_service_name_default PASSED [ 23%]
src/codomyrmex/tests/unit/cloud/test_infomaniak_base.py::TestInfomaniakRESTBaseClass::test_exit_does_not_suppress_exception PASSED [ 24%]
src/codomyrmex/tests/unit/cloud/test_infomaniak_block_storage.py::TestInfomaniakBlockStorage::test_list_volumes_returns_volume_dicts PASSED [ 24%]
src/codomyrmex/tests/unit/cloud/test_infomaniak_block_storage.py::TestInfomaniakBlockStorage::test_get_volume_returns_dict PASSED [ 24%]
src/codomyrmex/tests/unit/cloud/test_infomaniak_block_storage.py::TestInfomaniakBlockStorage::test_get_volume_returns_none_when_not_found PASSED [ 24%]
src/codomyrmex/tests/unit/cloud/test_infomaniak_block_storage.py::TestInfomaniakBlockStorage::test_create_volume_success PASSED [ 24%]
src/codomyrmex/tests/unit/cloud/test_infomaniak_block_storage.py::TestInfomaniakBlockStorage::test_delete_volume_success PASSED [ 24%]
src/codomyrmex/tests/unit/cloud/test_infomaniak_block_storage.py::TestInfomaniakBlockStorage::test_extend_volume_success PASSED [ 24%]
src/codomyrmex/tests/unit/cloud/test_infomaniak_block_storage.py::TestInfomaniakBlockStorage::test_attach_volume_success PASSED [ 24%]
src/codomyrmex/tests/unit/cloud/test_infomaniak_block_storage.py::TestInfomaniakBlockStorage::test_detach_volume_success PASSED [ 24%]
src/codomyrmex/tests/unit/cloud/test_infomaniak_block_storage.py::TestInfomaniakBlockStorage::test_detach_volume_not_attached_returns_false PASSED [ 24%]
src/codomyrmex/tests/unit/cloud/test_infomaniak_block_storage.py::TestInfomaniakBlockStorage::test_list_backups_returns_backup_dicts PASSED [ 24%]
src/codomyrmex/tests/unit/cloud/test_infomaniak_block_storage.py::TestInfomaniakBlockStorage::test_create_backup_success PASSED [ 24%]
src/codomyrmex/tests/unit/cloud/test_infomaniak_block_storage.py::TestInfomaniakBlockStorage::test_restore_backup_success PASSED [ 24%]
src/codomyrmex/tests/unit/cloud/test_infomaniak_block_storage.py::TestInfomaniakBlockStorage::test_delete_backup_success PASSED [ 24%]
src/codomyrmex/tests/unit/cloud/test_infomaniak_block_storage.py::TestInfomaniakBlockStorage::test_list_snapshots_returns_snapshot_dicts PASSED [ 24%]
src/codomyrmex/tests/unit/cloud/test_infomaniak_block_storage.py::TestInfomaniakBlockStorage::test_create_snapshot_success PASSED [ 24%]
src/codomyrmex/tests/unit/cloud/test_infomaniak_block_storage.py::TestInfomaniakBlockStorage::test_delete_snapshot_success PASSED [ 24%]
src/codomyrmex/tests/unit/cloud/test_infomaniak_block_storage.py::TestInfomaniakBlockStorage::test_volume_to_dict_with_created_at PASSED [ 24%]
src/codomyrmex/tests/unit/cloud/test_infomaniak_block_storage.py::TestInfomaniakBlockStorage::test_volume_to_dict_with_none_created_at PASSED [ 24%]
src/codomyrmex/tests/unit/cloud/test_infomaniak_block_storage.py::TestInfomaniakBlockStorage::test_volume_to_dict_with_attachments PASSED [ 24%]
src/codomyrmex/tests/unit/cloud/test_infomaniak_block_storage.py::TestInfomaniakBlockStorage::test_volume_to_dict_with_none_attachments PASSED [ 24%]
src/codomyrmex/tests/unit/cloud/test_infomaniak_block_storage.py::TestInfomaniakBlockStorage::test_list_volumes_error_returns_empty_list PASSED [ 24%]
src/codomyrmex/tests/unit/cloud/test_infomaniak_block_storage.py::TestInfomaniakBlockStorage::test_get_volume_error_returns_none PASSED [ 24%]
src/codomyrmex/tests/unit/cloud/test_infomaniak_block_storage.py::TestInfomaniakBlockStorage::test_create_volume_error_returns_none PASSED [ 24%]
src/codomyrmex/tests/unit/cloud/test_infomaniak_block_storage.py::TestInfomaniakBlockStorage::test_delete_volume_error_returns_false PASSED [ 24%]
src/codomyrmex/tests/unit/cloud/test_infomaniak_block_storage.py::TestInfomaniakBlockStorage::test_extend_volume_error_returns_false PASSED [ 24%]
src/codomyrmex/tests/unit/cloud/test_infomaniak_block_storage.py::TestInfomaniakBlockStorage::test_attach_volume_error_returns_false PASSED [ 24%]
src/codomyrmex/tests/unit/cloud/test_infomaniak_block_storage.py::TestInfomaniakBlockStorage::test_detach_volume_error_returns_false PASSED [ 24%]
src/codomyrmex/tests/unit/cloud/test_infomaniak_block_storage.py::TestInfomaniakBlockStorage::test_list_backups_error_returns_empty_list PASSED [ 24%]
src/codomyrmex/tests/unit/cloud/test_infomaniak_block_storage.py::TestInfomaniakBlockStorage::test_create_backup_error_returns_none PASSED [ 24%]
src/codomyrmex/tests/unit/cloud/test_infomaniak_block_storage.py::TestInfomaniakBlockStorage::test_restore_backup_error_returns_none PASSED [ 24%]
src/codomyrmex/tests/unit/cloud/test_infomaniak_block_storage.py::TestInfomaniakBlockStorage::test_delete_backup_error_returns_false PASSED [ 24%]
src/codomyrmex/tests/unit/cloud/test_infomaniak_block_storage.py::TestInfomaniakBlockStorage::test_list_snapshots_error_returns_empty_list PASSED [ 24%]
src/codomyrmex/tests/unit/cloud/test_infomaniak_block_storage.py::TestInfomaniakBlockStorage::test_create_snapshot_error_returns_none PASSED [ 24%]
src/codomyrmex/tests/unit/cloud/test_infomaniak_block_storage.py::TestInfomaniakBlockStorage::test_delete_snapshot_error_returns_false PASSED [ 24%]
src/codomyrmex/tests/unit/cloud/test_infomaniak_block_storage.py::TestInfomaniakVolumeClientExpanded::test_get_volume PASSED [ 24%]
src/codomyrmex/tests/unit/cloud/test_infomaniak_block_storage.py::TestInfomaniakVolumeClientExpanded::test_create_backup PASSED [ 24%]
src/codomyrmex/tests/unit/cloud/test_infomaniak_block_storage.py::TestInfomaniakVolumeClientExpanded::test_restore_backup PASSED [ 24%]
src/codomyrmex/tests/unit/cloud/test_infomaniak_block_storage.py::TestInfomaniakVolumeClientExpanded::test_delete_backup PASSED [ 24%]
src/codomyrmex/tests/unit/cloud/test_infomaniak_block_storage.py::TestInfomaniakVolumeClientExpanded::test_create_snapshot PASSED [ 24%]
src/codomyrmex/tests/unit/cloud/test_infomaniak_block_storage.py::TestInfomaniakVolumeClientExpanded::test_delete_snapshot PASSED [ 24%]
src/codomyrmex/tests/unit/cloud/test_infomaniak_block_storage.py::TestInfomaniakVolumeClientExpanded::test_list_volumes_error PASSED [ 24%]
src/codomyrmex/tests/unit/cloud/test_infomaniak_compute.py::TestComputeClientBase::test_inherits_from_openstack_base PASSED [ 24%]
src/codomyrmex/tests/unit/cloud/test_infomaniak_compute.py::TestComputeClientBase::test_inherits_from_compute_client_abc PASSED [ 24%]
src/codomyrmex/tests/unit/cloud/test_infomaniak_compute.py::TestComputeClientBase::test_service_name_is_compute PASSED [ 24%]
src/codomyrmex/tests/unit/cloud/test_infomaniak_compute.py::TestComputeClientBase::test_context_manager_enter_returns_self PASSED [ 24%]
src/codomyrmex/tests/unit/cloud/test_infomaniak_compute.py::TestComputeClientBase::test_context_manager_calls_close PASSED [ 24%]
src/codomyrmex/tests/unit/cloud/test_infomaniak_compute.py::TestComputeClientBase::test_from_env_delegates_to_create_openstack_connection SKIPPED [ 24%]
src/codomyrmex/tests/unit/cloud/test_infomaniak_compute.py::TestComputeInstanceOps::test_list_instances PASSED [ 24%]
src/codomyrmex/tests/unit/cloud/test_infomaniak_compute.py::TestComputeInstanceOps::test_get_instance PASSED [ 24%]
src/codomyrmex/tests/unit/cloud/test_infomaniak_compute.py::TestComputeInstanceOps::test_create_instance_happy_path PASSED [ 24%]
src/codomyrmex/tests/unit/cloud/test_infomaniak_compute.py::TestComputeInstanceOps::test_create_instance_flavor_not_found PASSED [ 24%]
src/codomyrmex/tests/unit/cloud/test_infomaniak_compute.py::TestComputeInstanceOps::test_create_instance_image_not_found PASSED [ 24%]
src/codomyrmex/tests/unit/cloud/test_infomaniak_compute.py::TestComputeInstanceOps::test_create_instance_network_not_found PASSED [ 24%]
src/codomyrmex/tests/unit/cloud/test_infomaniak_compute.py::TestComputeInstanceOps::test_start_instance PASSED [ 24%]
src/codomyrmex/tests/unit/cloud/test_infomaniak_compute.py::TestComputeInstanceOps::test_stop_instance PASSED [ 24%]
src/codomyrmex/tests/unit/cloud/test_infomaniak_compute.py::TestComputeInstanceOps::test_reboot_instance PASSED [ 24%]
src/codomyrmex/tests/unit/cloud/test_infomaniak_compute.py::TestComputeInstanceOps::test_delete_instance PASSED [ 24%]
src/codomyrmex/tests/unit/cloud/test_infomaniak_compute.py::TestComputeInstanceOps::test_terminate_instance_delegates_to_delete PASSED [ 24%]
src/codomyrmex/tests/unit/cloud/test_infomaniak_compute.py::TestComputeImageOps::test_list_images PASSED [ 24%]
src/codomyrmex/tests/unit/cloud/test_infomaniak_compute.py::TestComputeImageOps::test_get_image PASSED [ 24%]
src/codomyrmex/tests/unit/cloud/test_infomaniak_compute.py::TestComputeImageOps::test_get_image_returns_none_when_not_found PASSED [ 24%]
src/codomyrmex/tests/unit/cloud/test_infomaniak_compute.py::TestComputeFlavorOps::test_list_flavors PASSED [ 24%]
src/codomyrmex/tests/unit/cloud/test_infomaniak_compute.py::TestComputeKeypairOps::test_list_keypairs PASSED [ 24%]
src/codomyrmex/tests/unit/cloud/test_infomaniak_compute.py::TestComputeKeypairOps::test_create_keypair_with_public_key PASSED [ 24%]
src/codomyrmex/tests/unit/cloud/test_infomaniak_compute.py::TestComputeKeypairOps::test_create_keypair_generates_private_key PASSED [ 24%]
src/codomyrmex/tests/unit/cloud/test_infomaniak_compute.py::TestComputeKeypairOps::test_delete_keypair PASSED [ 24%]
src/codomyrmex/tests/unit/cloud/test_infomaniak_compute.py::TestComputeAZOps::test_list_availability_zones PASSED [ 24%]
src/codomyrmex/tests/unit/cloud/test_infomaniak_compute.py::TestComputeErrorPaths::test_list_instances_error_returns_empty_list PASSED [ 24%]
src/codomyrmex/tests/unit/cloud/test_infomaniak_compute.py::TestComputeErrorPaths::test_get_instance_error_returns_none PASSED [ 24%]
src/codomyrmex/tests/unit/cloud/test_infomaniak_compute.py::TestComputeErrorPaths::test_create_instance_error_returns_none PASSED [ 24%]
src/codomyrmex/tests/unit/cloud/test_infomaniak_compute.py::TestComputeErrorPaths::test_list_flavors_error_returns_empty_list PASSED [ 24%]
src/codomyrmex/tests/unit/cloud/test_infomaniak_compute.py::TestInfomaniakComputeClientExpanded::test_get_image PASSED [ 24%]
src/codomyrmex/tests/unit/cloud/test_infomaniak_compute.py::TestInfomaniakComputeClientExpanded::test_get_image_not_found PASSED [ 24%]
src/codomyrmex/tests/unit/cloud/test_infomaniak_compute.py::TestInfomaniakComputeClientExpanded::test_create_keypair PASSED [ 24%]
src/codomyrmex/tests/unit/cloud/test_infomaniak_compute.py::TestInfomaniakComputeClientExpanded::test_delete_keypair PASSED [ 24%]
src/codomyrmex/tests/unit/cloud/test_infomaniak_compute.py::TestInfomaniakComputeClientExpanded::test_list_availability_zones PASSED [ 24%]
src/codomyrmex/tests/unit/cloud/test_infomaniak_compute.py::TestInfomaniakComputeClientExpanded::test_terminate_instance PASSED [ 24%]
src/codomyrmex/tests/unit/cloud/test_infomaniak_compute.py::TestInfomaniakComputeClientExpanded::test_server_to_dict_flavor_none PASSED [ 24%]
src/codomyrmex/tests/unit/cloud/test_infomaniak_dns.py::TestInfomaniakDNS::test_list_zones_success PASSED [ 24%]
src/codomyrmex/tests/unit/cloud/test_infomaniak_dns.py::TestInfomaniakDNS::test_list_zones_error_returns_empty PASSED [ 24%]
src/codomyrmex/tests/unit/cloud/test_infomaniak_dns.py::TestInfomaniakDNS::test_get_zone_success PASSED [ 24%]
src/codomyrmex/tests/unit/cloud/test_infomaniak_dns.py::TestInfomaniakDNS::test_get_zone_not_found PASSED [ 24%]
src/codomyrmex/tests/unit/cloud/test_infomaniak_dns.py::TestInfomaniakDNS::test_create_zone_appends_dot PASSED [ 24%]
src/codomyrmex/tests/unit/cloud/test_infomaniak_dns.py::TestInfomaniakDNS::test_create_zone_name_already_has_dot PASSED [ 24%]
src/codomyrmex/tests/unit/cloud/test_infomaniak_dns.py::TestInfomaniakDNS::test_create_zone_error_returns_none PASSED [ 24%]
src/codomyrmex/tests/unit/cloud/test_infomaniak_dns.py::TestInfomaniakDNS::test_delete_zone_success PASSED [ 24%]
src/codomyrmex/tests/unit/cloud/test_infomaniak_dns.py::TestInfomaniakDNS::test_update_zone_success PASSED [ 24%]
src/codomyrmex/tests/unit/cloud/test_infomaniak_dns.py::TestInfomaniakDNS::test_list_records_success PASSED [ 24%]
src/codomyrmex/tests/unit/cloud/test_infomaniak_dns.py::TestInfomaniakDNS::test_get_record_success PASSED [ 24%]
src/codomyrmex/tests/unit/cloud/test_infomaniak_dns.py::TestInfomaniakDNS::test_create_record_appends_dot PASSED [ 24%]
src/codomyrmex/tests/unit/cloud/test_infomaniak_dns.py::TestInfomaniakDNS::test_create_record_name_already_has_dot PASSED [ 24%]
src/codomyrmex/tests/unit/cloud/test_infomaniak_dns.py::TestInfomaniakDNS::test_create_record_error_returns_none PASSED [ 24%]
src/codomyrmex/tests/unit/cloud/test_infomaniak_dns.py::TestInfomaniakDNS::test_update_record_success PASSED [ 24%]
src/codomyrmex/tests/unit/cloud/test_infomaniak_dns.py::TestInfomaniakDNS::test_delete_record_success PASSED [ 24%]
src/codomyrmex/tests/unit/cloud/test_infomaniak_dns.py::TestInfomaniakDNS::test_delete_record_error_returns_false PASSED [ 24%]
src/codomyrmex/tests/unit/cloud/test_infomaniak_dns.py::TestInfomaniakDNS::test_list_ptr_records_success PASSED [ 24%]
src/codomyrmex/tests/unit/cloud/test_infomaniak_dns.py::TestInfomaniakDNS::test_set_reverse_dns_success PASSED [ 24%]
src/codomyrmex/tests/unit/cloud/test_infomaniak_dns.py::TestInfomaniakDNS::test_set_reverse_dns_hostname_already_has_dot PASSED [ 25%]
src/codomyrmex/tests/unit/cloud/test_infomaniak_dns.py::TestInfomaniakDNS::test_set_reverse_dns_fip_not_found PASSED [ 25%]
src/codomyrmex/tests/unit/cloud/test_infomaniak_dns.py::TestInfomaniakDNS::test_get_reverse_dns_success PASSED [ 25%]
src/codomyrmex/tests/unit/cloud/test_infomaniak_dns.py::TestInfomaniakDNS::test_get_reverse_dns_fip_not_found PASSED [ 25%]
src/codomyrmex/tests/unit/cloud/test_infomaniak_dns.py::TestInfomaniakDNS::test_delete_reverse_dns_success PASSED [ 25%]
src/codomyrmex/tests/unit/cloud/test_infomaniak_dns.py::TestInfomaniakDNS::test_delete_reverse_dns_fip_not_found PASSED [ 25%]
src/codomyrmex/tests/unit/cloud/test_infomaniak_dns.py::TestInfomaniakDNSClientExpanded::test_get_zone PASSED [ 25%]
src/codomyrmex/tests/unit/cloud/test_infomaniak_dns.py::TestInfomaniakDNSClientExpanded::test_update_zone PASSED [ 25%]
src/codomyrmex/tests/unit/cloud/test_infomaniak_dns.py::TestInfomaniakDNSClientExpanded::test_get_record PASSED [ 25%]
src/codomyrmex/tests/unit/cloud/test_infomaniak_dns.py::TestInfomaniakDNSClientExpanded::test_update_record PASSED [ 25%]
src/codomyrmex/tests/unit/cloud/test_infomaniak_dns.py::TestInfomaniakDNSClientExpanded::test_list_ptr_records PASSED [ 25%]
src/codomyrmex/tests/unit/cloud/test_infomaniak_dns.py::TestInfomaniakDNSClientExpanded::test_set_reverse_dns PASSED [ 25%]
src/codomyrmex/tests/unit/cloud/test_infomaniak_dns.py::TestInfomaniakDNSClientExpanded::test_get_reverse_dns PASSED [ 25%]
src/codomyrmex/tests/unit/cloud/test_infomaniak_dns.py::TestInfomaniakDNSClientExpanded::test_delete_reverse_dns PASSED [ 25%]
src/codomyrmex/tests/unit/cloud/test_infomaniak_dns.py::TestInfomaniakDNSClientExpanded::test_list_zones_error PASSED [ 25%]
src/codomyrmex/tests/unit/cloud/test_infomaniak_exceptions.py::TestInfomaniakExceptionHierarchy::test_cloud_error_attributes PASSED [ 25%]
src/codomyrmex/tests/unit/cloud/test_infomaniak_exceptions.py::TestInfomaniakExceptionHierarchy::test_cloud_error_default_attributes PASSED [ 25%]
src/codomyrmex/tests/unit/cloud/test_infomaniak_exceptions.py::TestInfomaniakExceptionHierarchy::test_all_exceptions_inherit_from_cloud_error PASSED [ 25%]
src/codomyrmex/tests/unit/cloud/test_infomaniak_exceptions.py::TestInfomaniakExceptionHierarchy::test_exception_message_propagation PASSED [ 25%]
src/codomyrmex/tests/unit/cloud/test_infomaniak_exceptions.py::TestInfomaniakExceptionHierarchy::test_exception_kwargs_preserved PASSED [ 25%]
src/codomyrmex/tests/unit/cloud/test_infomaniak_exceptions.py::TestClassifyOpenstackError::test_401_returns_auth_error PASSED [ 25%]
src/codomyrmex/tests/unit/cloud/test_infomaniak_exceptions.py::TestClassifyOpenstackError::test_403_returns_auth_error PASSED [ 25%]
src/codomyrmex/tests/unit/cloud/test_infomaniak_exceptions.py::TestClassifyOpenstackError::test_authentication_keyword_returns_auth_error PASSED [ 25%]
src/codomyrmex/tests/unit/cloud/test_infomaniak_exceptions.py::TestClassifyOpenstackError::test_404_returns_not_found PASSED [ 25%]
src/codomyrmex/tests/unit/cloud/test_infomaniak_exceptions.py::TestClassifyOpenstackError::test_not_found_keyword PASSED [ 25%]
src/codomyrmex/tests/unit/cloud/test_infomaniak_exceptions.py::TestClassifyOpenstackError::test_409_returns_conflict PASSED [ 25%]
src/codomyrmex/tests/unit/cloud/test_infomaniak_exceptions.py::TestClassifyOpenstackError::test_conflict_keyword PASSED [ 25%]
src/codomyrmex/tests/unit/cloud/test_infomaniak_exceptions.py::TestClassifyOpenstackError::test_413_returns_quota PASSED [ 25%]
src/codomyrmex/tests/unit/cloud/test_infomaniak_exceptions.py::TestClassifyOpenstackError::test_quota_keyword PASSED [ 25%]
src/codomyrmex/tests/unit/cloud/test_infomaniak_exceptions.py::TestClassifyOpenstackError::test_limit_keyword PASSED [ 25%]
src/codomyrmex/tests/unit/cloud/test_infomaniak_exceptions.py::TestClassifyOpenstackError::test_timeout_keyword PASSED [ 25%]
src/codomyrmex/tests/unit/cloud/test_infomaniak_exceptions.py::TestClassifyOpenstackError::test_timed_out_keyword PASSED [ 25%]
src/codomyrmex/tests/unit/cloud/test_infomaniak_exceptions.py::TestClassifyOpenstackError::test_connection_keyword PASSED [ 25%]
src/codomyrmex/tests/unit/cloud/test_infomaniak_exceptions.py::TestClassifyOpenstackError::test_refused_keyword PASSED [ 25%]
src/codomyrmex/tests/unit/cloud/test_infomaniak_exceptions.py::TestClassifyOpenstackError::test_unreachable_keyword PASSED [ 25%]
src/codomyrmex/tests/unit/cloud/test_infomaniak_exceptions.py::TestClassifyOpenstackError::test_generic_error_fallback PASSED [ 25%]
src/codomyrmex/tests/unit/cloud/test_infomaniak_exceptions.py::TestClassifyOpenstackError::test_case_insensitive PASSED [ 25%]
src/codomyrmex/tests/unit/cloud/test_infomaniak_exceptions.py::TestClassifyOpenstackError::test_kwargs_propagated PASSED [ 25%]
src/codomyrmex/tests/unit/cloud/test_infomaniak_exceptions.py::TestClassifyOpenstackError::test_preserves_original_message PASSED [ 25%]
src/codomyrmex/tests/unit/cloud/test_infomaniak_exceptions.py::TestClassifyHttpError::test_connection_error_instance PASSED [ 25%]
src/codomyrmex/tests/unit/cloud/test_infomaniak_exceptions.py::TestClassifyHttpError::test_timeout_instance PASSED [ 25%]
src/codomyrmex/tests/unit/cloud/test_infomaniak_exceptions.py::TestClassifyHttpError::test_401_response PASSED [ 25%]
src/codomyrmex/tests/unit/cloud/test_infomaniak_exceptions.py::TestClassifyHttpError::test_403_response PASSED [ 25%]
src/codomyrmex/tests/unit/cloud/test_infomaniak_exceptions.py::TestClassifyHttpError::test_404_response PASSED [ 25%]
src/codomyrmex/tests/unit/cloud/test_infomaniak_exceptions.py::TestClassifyHttpError::test_409_response PASSED [ 25%]
src/codomyrmex/tests/unit/cloud/test_infomaniak_exceptions.py::TestClassifyHttpError::test_413_response PASSED [ 25%]
src/codomyrmex/tests/unit/cloud/test_infomaniak_exceptions.py::TestClassifyHttpError::test_429_response PASSED [ 25%]
src/codomyrmex/tests/unit/cloud/test_infomaniak_exceptions.py::TestClassifyHttpError::test_no_response_attribute PASSED [ 25%]
src/codomyrmex/tests/unit/cloud/test_infomaniak_exceptions.py::TestClassifyHttpError::test_response_without_status_code PASSED [ 25%]
src/codomyrmex/tests/unit/cloud/test_infomaniak_exceptions.py::TestClassifyHttpError::test_500_falls_through_to_string_classification PASSED [ 25%]
src/codomyrmex/tests/unit/cloud/test_infomaniak_exceptions.py::TestClassifyHttpError::test_kwargs_propagated PASSED [ 25%]
src/codomyrmex/tests/unit/cloud/test_infomaniak_identity.py::TestInfomaniakIdentity::test_get_current_user_success PASSED [ 25%]
src/codomyrmex/tests/unit/cloud/test_infomaniak_identity.py::TestInfomaniakIdentity::test_get_current_user_error_returns_empty_dict PASSED [ 25%]
src/codomyrmex/tests/unit/cloud/test_infomaniak_identity.py::TestInfomaniakIdentity::test_get_user_success PASSED [ 25%]
src/codomyrmex/tests/unit/cloud/test_infomaniak_identity.py::TestInfomaniakIdentity::test_get_user_error_returns_none PASSED [ 25%]
src/codomyrmex/tests/unit/cloud/test_infomaniak_identity.py::TestInfomaniakIdentity::test_list_projects_success PASSED [ 25%]
src/codomyrmex/tests/unit/cloud/test_infomaniak_identity.py::TestInfomaniakIdentity::test_list_projects_error_returns_empty_list PASSED [ 25%]
src/codomyrmex/tests/unit/cloud/test_infomaniak_identity.py::TestInfomaniakIdentity::test_get_current_project_success PASSED [ 25%]
src/codomyrmex/tests/unit/cloud/test_infomaniak_identity.py::TestInfomaniakIdentity::test_get_current_project_error_returns_empty_dict PASSED [ 25%]
src/codomyrmex/tests/unit/cloud/test_infomaniak_identity.py::TestInfomaniakIdentity::test_list_application_credentials_success PASSED [ 25%]
src/codomyrmex/tests/unit/cloud/test_infomaniak_identity.py::TestInfomaniakIdentity::test_list_application_credentials_error_returns_empty_list PASSED [ 25%]
src/codomyrmex/tests/unit/cloud/test_infomaniak_identity.py::TestInfomaniakIdentity::test_create_application_credential_success PASSED [ 25%]
src/codomyrmex/tests/unit/cloud/test_infomaniak_identity.py::TestInfomaniakIdentity::test_create_application_credential_error_returns_none PASSED [ 25%]
src/codomyrmex/tests/unit/cloud/test_infomaniak_identity.py::TestInfomaniakIdentity::test_get_application_credential_success PASSED [ 25%]
src/codomyrmex/tests/unit/cloud/test_infomaniak_identity.py::TestInfomaniakIdentity::test_get_application_credential_error_returns_none PASSED [ 25%]
src/codomyrmex/tests/unit/cloud/test_infomaniak_identity.py::TestInfomaniakIdentity::test_delete_application_credential_success PASSED [ 25%]
src/codomyrmex/tests/unit/cloud/test_infomaniak_identity.py::TestInfomaniakIdentity::test_delete_application_credential_error_returns_false PASSED [ 25%]
src/codomyrmex/tests/unit/cloud/test_infomaniak_identity.py::TestInfomaniakIdentity::test_list_roles_success PASSED [ 25%]
src/codomyrmex/tests/unit/cloud/test_infomaniak_identity.py::TestInfomaniakIdentity::test_list_roles_error_returns_empty_list PASSED [ 25%]
src/codomyrmex/tests/unit/cloud/test_infomaniak_identity.py::TestInfomaniakIdentity::test_list_user_roles_success PASSED [ 25%]
src/codomyrmex/tests/unit/cloud/test_infomaniak_identity.py::TestInfomaniakIdentity::test_list_user_roles_with_explicit_project PASSED [ 25%]
src/codomyrmex/tests/unit/cloud/test_infomaniak_identity.py::TestInfomaniakIdentity::test_list_user_roles_error_returns_empty_list PASSED [ 25%]
src/codomyrmex/tests/unit/cloud/test_infomaniak_identity.py::TestInfomaniakIdentity::test_list_ec2_credentials_filters_by_type PASSED [ 25%]
src/codomyrmex/tests/unit/cloud/test_infomaniak_identity.py::TestInfomaniakIdentity::test_list_ec2_credentials_error_returns_empty_list PASSED [ 25%]
src/codomyrmex/tests/unit/cloud/test_infomaniak_identity.py::TestInfomaniakIdentity::test_create_ec2_credentials_success PASSED [ 25%]
src/codomyrmex/tests/unit/cloud/test_infomaniak_identity.py::TestInfomaniakIdentity::test_create_ec2_credentials_with_explicit_project PASSED [ 25%]
src/codomyrmex/tests/unit/cloud/test_infomaniak_identity.py::TestInfomaniakIdentity::test_create_ec2_credentials_error_returns_none PASSED [ 25%]
src/codomyrmex/tests/unit/cloud/test_infomaniak_identity.py::TestInfomaniakIdentity::test_delete_ec2_credentials_success PASSED [ 25%]
src/codomyrmex/tests/unit/cloud/test_infomaniak_identity.py::TestInfomaniakIdentity::test_delete_ec2_credentials_error_returns_false PASSED [ 25%]
src/codomyrmex/tests/unit/cloud/test_infomaniak_identity.py::TestInfomaniakIdentityClientExpanded::test_get_user PASSED [ 25%]
src/codomyrmex/tests/unit/cloud/test_infomaniak_identity.py::TestInfomaniakIdentityClientExpanded::test_get_current_project PASSED [ 25%]
src/codomyrmex/tests/unit/cloud/test_infomaniak_identity.py::TestInfomaniakIdentityClientExpanded::test_create_application_credential PASSED [ 25%]
src/codomyrmex/tests/unit/cloud/test_infomaniak_identity.py::TestInfomaniakIdentityClientExpanded::test_get_application_credential PASSED [ 25%]
src/codomyrmex/tests/unit/cloud/test_infomaniak_identity.py::TestInfomaniakIdentityClientExpanded::test_delete_application_credential PASSED [ 25%]
src/codomyrmex/tests/unit/cloud/test_infomaniak_identity.py::TestInfomaniakIdentityClientExpanded::test_list_roles PASSED [ 25%]
src/codomyrmex/tests/unit/cloud/test_infomaniak_identity.py::TestInfomaniakIdentityClientExpanded::test_list_user_roles PASSED [ 25%]
src/codomyrmex/tests/unit/cloud/test_infomaniak_identity.py::TestInfomaniakIdentityClientExpanded::test_list_ec2_credentials PASSED [ 25%]
src/codomyrmex/tests/unit/cloud/test_infomaniak_identity.py::TestInfomaniakIdentityClientExpanded::test_list_projects_error PASSED [ 25%]
src/codomyrmex/tests/unit/cloud/test_infomaniak_metering.py::TestInfomaniakMetering::test_inherits_from_openstack_base PASSED [ 25%]
src/codomyrmex/tests/unit/cloud/test_infomaniak_metering.py::TestInfomaniakMetering::test_service_name_is_metering PASSED [ 25%]
src/codomyrmex/tests/unit/cloud/test_infomaniak_metering.py::TestInfomaniakMetering::test_get_compute_usage_single_server PASSED [ 25%]
src/codomyrmex/tests/unit/cloud/test_infomaniak_metering.py::TestInfomaniakMetering::test_get_compute_usage_multiple_servers PASSED [ 25%]
src/codomyrmex/tests/unit/cloud/test_infomaniak_metering.py::TestInfomaniakMetering::test_get_compute_usage_server_without_flavor PASSED [ 25%]
src/codomyrmex/tests/unit/cloud/test_infomaniak_metering.py::TestInfomaniakMetering::test_get_compute_usage_with_date_params PASSED [ 25%]
src/codomyrmex/tests/unit/cloud/test_infomaniak_metering.py::TestInfomaniakMetering::test_get_compute_usage_error_returns_empty_dict PASSED [ 25%]
src/codomyrmex/tests/unit/cloud/test_infomaniak_metering.py::TestInfomaniakMetering::test_get_storage_usage PASSED [ 25%]
src/codomyrmex/tests/unit/cloud/test_infomaniak_metering.py::TestInfomaniakMetering::test_get_storage_usage_empty PASSED [ 25%]
src/codomyrmex/tests/unit/cloud/test_infomaniak_metering.py::TestInfomaniakMetering::test_get_storage_usage_error_returns_empty_dict PASSED [ 25%]
src/codomyrmex/tests/unit/cloud/test_infomaniak_metering.py::TestInfomaniakMetering::test_get_network_usage PASSED [ 25%]
src/codomyrmex/tests/unit/cloud/test_infomaniak_metering.py::TestInfomaniakMetering::test_get_network_usage_all_fips_unused PASSED [ 26%]
src/codomyrmex/tests/unit/cloud/test_infomaniak_metering.py::TestInfomaniakMetering::test_get_network_usage_error_returns_empty_dict PASSED [ 26%]
src/codomyrmex/tests/unit/cloud/test_infomaniak_metering.py::TestInfomaniakMetering::test_get_object_storage_usage PASSED [ 26%]
src/codomyrmex/tests/unit/cloud/test_infomaniak_metering.py::TestInfomaniakMetering::test_get_object_storage_usage_error_returns_empty_dict PASSED [ 26%]
src/codomyrmex/tests/unit/cloud/test_infomaniak_metering.py::TestInfomaniakMetering::test_get_all_usage_structure PASSED [ 26%]
src/codomyrmex/tests/unit/cloud/test_infomaniak_metering.py::TestInfomaniakMetering::test_list_resources_with_usage_partial_failure PASSED [ 26%]
src/codomyrmex/tests/unit/cloud/test_infomaniak_metering.py::TestInfomaniakMetering::test_get_compute_quotas PASSED [ 26%]
src/codomyrmex/tests/unit/cloud/test_infomaniak_metering.py::TestInfomaniakMetering::test_get_network_quotas PASSED [ 26%]
src/codomyrmex/tests/unit/cloud/test_infomaniak_metering.py::TestInfomaniakMetering::test_get_storage_quotas PASSED [ 26%]
src/codomyrmex/tests/unit/cloud/test_infomaniak_metering.py::TestInfomaniakMetering::test_get_compute_quotas_error_returns_empty_dict PASSED [ 26%]
src/codomyrmex/tests/unit/cloud/test_infomaniak_metering.py::TestInfomaniakMeteringClientExpanded::test_get_object_storage_usage PASSED [ 26%]
src/codomyrmex/tests/unit/cloud/test_infomaniak_metering.py::TestInfomaniakMeteringClientExpanded::test_list_resources_with_usage PASSED [ 26%]
src/codomyrmex/tests/unit/cloud/test_infomaniak_metering.py::TestInfomaniakMeteringClientExpanded::test_get_network_quotas PASSED [ 26%]
src/codomyrmex/tests/unit/cloud/test_infomaniak_metering.py::TestInfomaniakMeteringClientExpanded::test_get_storage_quotas PASSED [ 26%]
src/codomyrmex/tests/unit/cloud/test_infomaniak_metering.py::TestInfomaniakMeteringClientExpanded::test_get_compute_usage_error PASSED [ 26%]
src/codomyrmex/tests/unit/cloud/test_infomaniak_module_exports.py::TestInfomaniakModuleExports::test_all_contains_every_expected_name PASSED [ 26%]
src/codomyrmex/tests/unit/cloud/test_infomaniak_module_exports.py::TestInfomaniakModuleExports::test_exception_hierarchy PASSED [ 26%]
src/codomyrmex/tests/unit/cloud/test_infomaniak_module_exports.py::TestInfomaniakModuleExports::test_classify_openstack_error_known_codes PASSED [ 26%]
src/codomyrmex/tests/unit/cloud/test_infomaniak_module_exports.py::TestInfomaniakModuleExports::test_openstack_base_context_manager PASSED [ 26%]
src/codomyrmex/tests/unit/cloud/test_infomaniak_module_exports.py::TestInfomaniakModuleExports::test_s3_base_context_manager PASSED [ 26%]
src/codomyrmex/tests/unit/cloud/test_infomaniak_module_exports.py::TestInfomaniakModuleExports::test_openstack_base_validate_connection PASSED [ 26%]
src/codomyrmex/tests/unit/cloud/test_infomaniak_module_exports.py::TestInfomaniakModuleExports::test_compute_client_has_terminate_instance PASSED [ 26%]
src/codomyrmex/tests/unit/cloud/test_infomaniak_module_exports.py::TestInfomaniakModuleExports::test_s3_client_has_delete_file PASSED [ 26%]
src/codomyrmex/tests/unit/cloud/test_infomaniak_module_exports.py::TestInfomaniakModuleExports::test_openstack_base_factory_classmethods PASSED [ 26%]
src/codomyrmex/tests/unit/cloud/test_infomaniak_module_exports.py::TestInfomaniakModuleExports::test_s3_base_factory_classmethods PASSED [ 26%]
src/codomyrmex/tests/unit/cloud/test_infomaniak_module_exports.py::TestInfomaniakModuleExports::test_exception_carries_service_operation_resource_id PASSED [ 26%]
src/codomyrmex/tests/unit/cloud/test_infomaniak_module_exports.py::TestInfomaniakModuleExports::test_classify_openstack_error_unknown_returns_base PASSED [ 26%]
src/codomyrmex/tests/unit/cloud/test_infomaniak_module_exports.py::TestExpandedModuleExports::test_classify_http_error_exported PASSED [ 26%]
src/codomyrmex/tests/unit/cloud/test_infomaniak_module_exports.py::TestExpandedModuleExports::test_rest_base_exported PASSED [ 26%]
src/codomyrmex/tests/unit/cloud/test_infomaniak_module_exports.py::TestExpandedModuleExports::test_all_exports_importable PASSED [ 26%]
src/codomyrmex/tests/unit/cloud/test_infomaniak_module_exports.py::TestExpandedModuleExports::test_all_contains_classify_http_error PASSED [ 26%]
src/codomyrmex/tests/unit/cloud/test_infomaniak_module_exports.py::TestExpandedModuleExports::test_all_contains_rest_base PASSED [ 26%]
src/codomyrmex/tests/unit/cloud/test_infomaniak_module_exports.py::TestExpandedModuleExports::test_newsletter_importable_from_package PASSED [ 26%]
src/codomyrmex/tests/unit/cloud/test_infomaniak_module_exports.py::TestExpandedModuleExports::test_newsletter_importable_from_submodule PASSED [ 26%]
src/codomyrmex/tests/unit/cloud/test_infomaniak_network.py::TestInfomaniakNetwork::test_list_networks_success PASSED [ 26%]
src/codomyrmex/tests/unit/cloud/test_infomaniak_network.py::TestInfomaniakNetwork::test_list_networks_error_returns_empty PASSED [ 26%]
src/codomyrmex/tests/unit/cloud/test_infomaniak_network.py::TestInfomaniakNetwork::test_create_network_success PASSED [ 26%]
src/codomyrmex/tests/unit/cloud/test_infomaniak_network.py::TestInfomaniakNetwork::test_create_network_error_returns_none PASSED [ 26%]
src/codomyrmex/tests/unit/cloud/test_infomaniak_network.py::TestInfomaniakNetwork::test_delete_network_success PASSED [ 26%]
src/codomyrmex/tests/unit/cloud/test_infomaniak_network.py::TestInfomaniakNetwork::test_delete_network_error_returns_false PASSED [ 26%]
src/codomyrmex/tests/unit/cloud/test_infomaniak_network.py::TestInfomaniakNetwork::test_create_subnet_success PASSED [ 26%]
src/codomyrmex/tests/unit/cloud/test_infomaniak_network.py::TestInfomaniakNetwork::test_list_subnets_success PASSED [ 26%]
src/codomyrmex/tests/unit/cloud/test_infomaniak_network.py::TestInfomaniakNetwork::test_get_subnet_success PASSED [ 26%]
src/codomyrmex/tests/unit/cloud/test_infomaniak_network.py::TestInfomaniakNetwork::test_get_subnet_not_found_returns_none PASSED [ 26%]
src/codomyrmex/tests/unit/cloud/test_infomaniak_network.py::TestInfomaniakNetwork::test_delete_subnet_success PASSED [ 26%]
src/codomyrmex/tests/unit/cloud/test_infomaniak_network.py::TestInfomaniakNetwork::test_list_routers_success PASSED [ 26%]
src/codomyrmex/tests/unit/cloud/test_infomaniak_network.py::TestInfomaniakNetwork::test_create_router_with_external_network PASSED [ 26%]
src/codomyrmex/tests/unit/cloud/test_infomaniak_network.py::TestInfomaniakNetwork::test_add_router_interface_success PASSED [ 26%]
src/codomyrmex/tests/unit/cloud/test_infomaniak_network.py::TestInfomaniakNetwork::test_delete_router_error_returns_false PASSED [ 26%]
src/codomyrmex/tests/unit/cloud/test_infomaniak_network.py::TestInfomaniakNetwork::test_list_security_groups_success PASSED [ 26%]
src/codomyrmex/tests/unit/cloud/test_infomaniak_network.py::TestInfomaniakNetwork::test_create_security_group_success PASSED [ 26%]
src/codomyrmex/tests/unit/cloud/test_infomaniak_network.py::TestInfomaniakNetwork::test_add_security_group_rule_success PASSED [ 26%]
src/codomyrmex/tests/unit/cloud/test_infomaniak_network.py::TestInfomaniakNetwork::test_delete_security_group_success PASSED [ 26%]
src/codomyrmex/tests/unit/cloud/test_infomaniak_network.py::TestInfomaniakNetwork::test_list_floating_ips_success PASSED [ 26%]
src/codomyrmex/tests/unit/cloud/test_infomaniak_network.py::TestInfomaniakNetwork::test_allocate_floating_ip_success PASSED [ 26%]
src/codomyrmex/tests/unit/cloud/test_infomaniak_network.py::TestInfomaniakNetwork::test_allocate_floating_ip_network_not_found PASSED [ 26%]
src/codomyrmex/tests/unit/cloud/test_infomaniak_network.py::TestInfomaniakNetwork::test_allocate_floating_ip_error_returns_none PASSED [ 26%]
src/codomyrmex/tests/unit/cloud/test_infomaniak_network.py::TestInfomaniakNetwork::test_associate_floating_ip_success PASSED [ 26%]
src/codomyrmex/tests/unit/cloud/test_infomaniak_network.py::TestInfomaniakNetwork::test_disassociate_floating_ip_success PASSED [ 26%]
src/codomyrmex/tests/unit/cloud/test_infomaniak_network.py::TestInfomaniakNetwork::test_release_floating_ip_success PASSED [ 26%]
src/codomyrmex/tests/unit/cloud/test_infomaniak_network.py::TestInfomaniakNetwork::test_list_loadbalancers_success PASSED [ 26%]
src/codomyrmex/tests/unit/cloud/test_infomaniak_network.py::TestInfomaniakNetwork::test_create_loadbalancer_success PASSED [ 26%]
src/codomyrmex/tests/unit/cloud/test_infomaniak_network.py::TestInfomaniakNetwork::test_delete_loadbalancer_cascade PASSED [ 26%]
src/codomyrmex/tests/unit/cloud/test_infomaniak_network.py::TestInfomaniakNetwork::test_delete_loadbalancer_error_returns_false PASSED [ 26%]
src/codomyrmex/tests/unit/cloud/test_infomaniak_network.py::TestInfomaniakNetwork::test_create_listener_success PASSED [ 26%]
src/codomyrmex/tests/unit/cloud/test_infomaniak_network.py::TestInfomaniakNetwork::test_delete_listener_success PASSED [ 26%]
src/codomyrmex/tests/unit/cloud/test_infomaniak_network.py::TestInfomaniakNetwork::test_create_pool_success PASSED [ 26%]
src/codomyrmex/tests/unit/cloud/test_infomaniak_network.py::TestInfomaniakNetwork::test_delete_pool_success PASSED [ 26%]
src/codomyrmex/tests/unit/cloud/test_infomaniak_network.py::TestInfomaniakNetwork::test_add_pool_member_success PASSED [ 26%]
src/codomyrmex/tests/unit/cloud/test_infomaniak_network.py::TestInfomaniakNetwork::test_remove_pool_member_success PASSED [ 26%]
src/codomyrmex/tests/unit/cloud/test_infomaniak_network.py::TestInfomaniakNetwork::test_create_health_monitor_success PASSED [ 26%]
src/codomyrmex/tests/unit/cloud/test_infomaniak_network.py::TestInfomaniakNetwork::test_delete_health_monitor_success PASSED [ 26%]
src/codomyrmex/tests/unit/cloud/test_infomaniak_network.py::TestInfomaniakNetworkClientExpanded::test_create_subnet PASSED [ 26%]
src/codomyrmex/tests/unit/cloud/test_infomaniak_network.py::TestInfomaniakNetworkClientExpanded::test_create_router PASSED [ 26%]
src/codomyrmex/tests/unit/cloud/test_infomaniak_network.py::TestInfomaniakNetworkClientExpanded::test_add_router_interface PASSED [ 26%]
src/codomyrmex/tests/unit/cloud/test_infomaniak_network.py::TestInfomaniakNetworkClientExpanded::test_delete_router PASSED [ 26%]
src/codomyrmex/tests/unit/cloud/test_infomaniak_network.py::TestInfomaniakNetworkClientExpanded::test_create_security_group PASSED [ 26%]
src/codomyrmex/tests/unit/cloud/test_infomaniak_network.py::TestInfomaniakNetworkClientExpanded::test_delete_security_group PASSED [ 26%]
src/codomyrmex/tests/unit/cloud/test_infomaniak_network.py::TestInfomaniakNetworkClientExpanded::test_allocate_floating_ip PASSED [ 26%]
src/codomyrmex/tests/unit/cloud/test_infomaniak_network.py::TestInfomaniakNetworkClientExpanded::test_associate_floating_ip PASSED [ 26%]
src/codomyrmex/tests/unit/cloud/test_infomaniak_network.py::TestInfomaniakNetworkClientExpanded::test_create_loadbalancer PASSED [ 26%]
src/codomyrmex/tests/unit/cloud/test_infomaniak_network.py::TestInfomaniakNetworkClientExpanded::test_delete_loadbalancer PASSED [ 26%]
src/codomyrmex/tests/unit/cloud/test_infomaniak_network.py::TestInfomaniakNetworkClientExpanded::test_list_subnets PASSED [ 26%]
src/codomyrmex/tests/unit/cloud/test_infomaniak_network.py::TestInfomaniakNetworkClientExpanded::test_get_subnet PASSED [ 26%]
src/codomyrmex/tests/unit/cloud/test_infomaniak_network.py::TestInfomaniakNetworkClientExpanded::test_delete_subnet PASSED [ 26%]
src/codomyrmex/tests/unit/cloud/test_infomaniak_network.py::TestInfomaniakNetworkClientExpanded::test_release_floating_ip PASSED [ 26%]
src/codomyrmex/tests/unit/cloud/test_infomaniak_network.py::TestInfomaniakNetworkClientExpanded::test_disassociate_floating_ip PASSED [ 26%]
src/codomyrmex/tests/unit/cloud/test_infomaniak_network.py::TestInfomaniakNetworkClientExpanded::test_list_listeners PASSED [ 26%]
src/codomyrmex/tests/unit/cloud/test_infomaniak_network.py::TestInfomaniakNetworkClientExpanded::test_create_listener PASSED [ 26%]
src/codomyrmex/tests/unit/cloud/test_infomaniak_network.py::TestInfomaniakNetworkClientExpanded::test_delete_listener PASSED [ 26%]
src/codomyrmex/tests/unit/cloud/test_infomaniak_network.py::TestInfomaniakNetworkClientExpanded::test_list_pools PASSED [ 26%]
src/codomyrmex/tests/unit/cloud/test_infomaniak_network.py::TestInfomaniakNetworkClientExpanded::test_create_pool PASSED [ 26%]
src/codomyrmex/tests/unit/cloud/test_infomaniak_network.py::TestInfomaniakNetworkClientExpanded::test_delete_pool PASSED [ 26%]
src/codomyrmex/tests/unit/cloud/test_infomaniak_network.py::TestInfomaniakNetworkClientExpanded::test_list_pool_members PASSED [ 26%]
src/codomyrmex/tests/unit/cloud/test_infomaniak_network.py::TestInfomaniakNetworkClientExpanded::test_add_pool_member PASSED [ 26%]
src/codomyrmex/tests/unit/cloud/test_infomaniak_network.py::TestInfomaniakNetworkClientExpanded::test_remove_pool_member PASSED [ 26%]
src/codomyrmex/tests/unit/cloud/test_infomaniak_network.py::TestInfomaniakNetworkClientExpanded::test_list_health_monitors PASSED [ 26%]
src/codomyrmex/tests/unit/cloud/test_infomaniak_network.py::TestInfomaniakNetworkClientExpanded::test_create_health_monitor PASSED [ 26%]
src/codomyrmex/tests/unit/cloud/test_infomaniak_network.py::TestInfomaniakNetworkClientExpanded::test_delete_health_monitor PASSED [ 26%]
src/codomyrmex/tests/unit/cloud/test_infomaniak_network.py::TestInfomaniakNetworkClientExpanded::test_remove_router_interface PASSED [ 27%]
src/codomyrmex/tests/unit/cloud/test_infomaniak_network.py::TestInfomaniakNetworkClientExpanded::test_remove_router_interface_error PASSED [ 27%]
src/codomyrmex/tests/unit/cloud/test_infomaniak_network.py::TestInfomaniakNetworkClientExpanded::test_list_networks_error PASSED [ 27%]
src/codomyrmex/tests/unit/cloud/test_infomaniak_network.py::TestInfomaniakNetworkClientExpanded::test_create_network_error PASSED [ 27%]
src/codomyrmex/tests/unit/cloud/test_infomaniak_network.py::TestInfomaniakNetworkClientExpanded::test_delete_network_error PASSED [ 27%]
src/codomyrmex/tests/unit/cloud/test_infomaniak_network.py::TestInfomaniakNetworkClientExpanded::test_create_subnet_error PASSED [ 27%]
src/codomyrmex/tests/unit/cloud/test_infomaniak_network.py::TestInfomaniakNetworkClientExpanded::test_get_subnet_error PASSED [ 27%]
src/codomyrmex/tests/unit/cloud/test_infomaniak_network.py::TestInfomaniakNetworkClientExpanded::test_delete_subnet_error PASSED [ 27%]
src/codomyrmex/tests/unit/cloud/test_infomaniak_network.py::TestInfomaniakNetworkClientExpanded::test_create_router_error PASSED [ 27%]
src/codomyrmex/tests/unit/cloud/test_infomaniak_network.py::TestInfomaniakNetworkClientExpanded::test_add_router_interface_error PASSED [ 27%]
src/codomyrmex/tests/unit/cloud/test_infomaniak_network.py::TestInfomaniakNetworkClientExpanded::test_delete_router_error PASSED [ 27%]
src/codomyrmex/tests/unit/cloud/test_infomaniak_network.py::TestInfomaniakNetworkClientExpanded::test_create_security_group_error PASSED [ 27%]
src/codomyrmex/tests/unit/cloud/test_infomaniak_network.py::TestInfomaniakNetworkClientExpanded::test_delete_security_group_error PASSED [ 27%]
src/codomyrmex/tests/unit/cloud/test_infomaniak_network.py::TestInfomaniakNetworkClientExpanded::test_allocate_floating_ip_error PASSED [ 27%]
src/codomyrmex/tests/unit/cloud/test_infomaniak_network.py::TestInfomaniakNetworkClientExpanded::test_create_loadbalancer_error PASSED [ 27%]
src/codomyrmex/tests/unit/cloud/test_infomaniak_network.py::TestInfomaniakNetworkClientExpanded::test_delete_loadbalancer_error PASSED [ 27%]
src/codomyrmex/tests/unit/cloud/test_infomaniak_network.py::TestInfomaniakNetworkClientExpanded::test_create_listener_error PASSED [ 27%]
src/codomyrmex/tests/unit/cloud/test_infomaniak_network.py::TestInfomaniakNetworkClientExpanded::test_delete_listener_error PASSED [ 27%]
src/codomyrmex/tests/unit/cloud/test_infomaniak_network.py::TestInfomaniakNetworkClientExpanded::test_add_security_group_rule_error PASSED [ 27%]
src/codomyrmex/tests/unit/cloud/test_infomaniak_newsletter.py::TestInfomaniakNewsletterClient::test_from_credentials PASSED [ 27%]
src/codomyrmex/tests/unit/cloud/test_infomaniak_newsletter.py::TestInfomaniakNewsletterClient::test_from_env PASSED [ 27%]
src/codomyrmex/tests/unit/cloud/test_infomaniak_newsletter.py::TestInfomaniakNewsletterClient::test_from_env_missing PASSED [ 27%]
src/codomyrmex/tests/unit/cloud/test_infomaniak_newsletter.py::TestInfomaniakNewsletterClient::test_auth_header_set PASSED [ 27%]
src/codomyrmex/tests/unit/cloud/test_infomaniak_newsletter.py::TestInfomaniakNewsletterClient::test_context_manager PASSED [ 27%]
src/codomyrmex/tests/unit/cloud/test_infomaniak_newsletter.py::TestInfomaniakNewsletterClient::test_inherits_rest_base PASSED [ 27%]
src/codomyrmex/tests/unit/cloud/test_infomaniak_newsletter.py::TestInfomaniakNewsletterClient::test_validate_connection PASSED [ 27%]
src/codomyrmex/tests/unit/cloud/test_infomaniak_newsletter.py::TestInfomaniakNewsletterClient::test_list_campaigns PASSED [ 27%]
src/codomyrmex/tests/unit/cloud/test_infomaniak_newsletter.py::TestInfomaniakNewsletterClient::test_get_campaign PASSED [ 27%]
src/codomyrmex/tests/unit/cloud/test_infomaniak_newsletter.py::TestInfomaniakNewsletterClient::test_create_campaign PASSED [ 27%]
src/codomyrmex/tests/unit/cloud/test_infomaniak_newsletter.py::TestInfomaniakNewsletterClient::test_update_campaign PASSED [ 27%]
src/codomyrmex/tests/unit/cloud/test_infomaniak_newsletter.py::TestInfomaniakNewsletterClient::test_delete_campaign PASSED [ 27%]
src/codomyrmex/tests/unit/cloud/test_infomaniak_newsletter.py::TestInfomaniakNewsletterClient::test_send_test PASSED [ 27%]
src/codomyrmex/tests/unit/cloud/test_infomaniak_newsletter.py::TestInfomaniakNewsletterClient::test_schedule_campaign PASSED [ 27%]
src/codomyrmex/tests/unit/cloud/test_infomaniak_newsletter.py::TestInfomaniakNewsletterClient::test_unschedule_campaign PASSED [ 27%]
src/codomyrmex/tests/unit/cloud/test_infomaniak_newsletter.py::TestInfomaniakNewsletterClient::test_send_campaign PASSED [ 27%]
src/codomyrmex/tests/unit/cloud/test_infomaniak_newsletter.py::TestInfomaniakNewsletterClient::test_get_campaign_statistics PASSED [ 27%]
src/codomyrmex/tests/unit/cloud/test_infomaniak_newsletter.py::TestInfomaniakNewsletterClient::test_list_mailing_lists PASSED [ 27%]
src/codomyrmex/tests/unit/cloud/test_infomaniak_newsletter.py::TestInfomaniakNewsletterClient::test_get_mailing_list PASSED [ 27%]
src/codomyrmex/tests/unit/cloud/test_infomaniak_newsletter.py::TestInfomaniakNewsletterClient::test_create_mailing_list PASSED [ 27%]
src/codomyrmex/tests/unit/cloud/test_infomaniak_newsletter.py::TestInfomaniakNewsletterClient::test_update_mailing_list PASSED [ 27%]
src/codomyrmex/tests/unit/cloud/test_infomaniak_newsletter.py::TestInfomaniakNewsletterClient::test_delete_mailing_list PASSED [ 27%]
src/codomyrmex/tests/unit/cloud/test_infomaniak_newsletter.py::TestInfomaniakNewsletterClient::test_get_list_contacts PASSED [ 27%]
src/codomyrmex/tests/unit/cloud/test_infomaniak_newsletter.py::TestInfomaniakNewsletterClient::test_import_contacts PASSED [ 27%]
src/codomyrmex/tests/unit/cloud/test_infomaniak_newsletter.py::TestInfomaniakNewsletterClient::test_manage_contact PASSED [ 27%]
src/codomyrmex/tests/unit/cloud/test_infomaniak_newsletter.py::TestInfomaniakNewsletterClient::test_get_contact PASSED [ 27%]
src/codomyrmex/tests/unit/cloud/test_infomaniak_newsletter.py::TestInfomaniakNewsletterClient::test_update_contact PASSED [ 27%]
src/codomyrmex/tests/unit/cloud/test_infomaniak_newsletter.py::TestInfomaniakNewsletterClient::test_delete_contact PASSED [ 27%]
src/codomyrmex/tests/unit/cloud/test_infomaniak_newsletter.py::TestInfomaniakNewsletterClient::test_get_task_status PASSED [ 27%]
src/codomyrmex/tests/unit/cloud/test_infomaniak_newsletter.py::TestInfomaniakNewsletterClient::test_get_credits PASSED [ 27%]
src/codomyrmex/tests/unit/cloud/test_infomaniak_newsletter.py::TestInfomaniakNewsletterClient::test_error_get_returns_none PASSED [ 27%]
src/codomyrmex/tests/unit/cloud/test_infomaniak_newsletter.py::TestInfomaniakNewsletterClient::test_error_post_returns_none PASSED [ 27%]
src/codomyrmex/tests/unit/cloud/test_infomaniak_newsletter.py::TestInfomaniakNewsletterClient::test_error_delete_returns_false PASSED [ 27%]
src/codomyrmex/tests/unit/cloud/test_infomaniak_newsletter.py::TestInfomaniakNewsletterClient::test_list_returns_empty_on_error PASSED [ 27%]
src/codomyrmex/tests/unit/cloud/test_infomaniak_newsletter.py::TestInfomaniakNewsletterClient::test_list_campaigns_dict_response PASSED [ 27%]
src/codomyrmex/tests/unit/cloud/test_infomaniak_newsletter.py::TestInfomaniakNewsletterClient::test_list_campaigns_none_response PASSED [ 27%]
src/codomyrmex/tests/unit/cloud/test_infomaniak_newsletter.py::TestInfomaniakNewsletterClient::test_get_response_without_data_key PASSED [ 27%]
src/codomyrmex/tests/unit/cloud/test_infomaniak_newsletter.py::TestInfomaniakNewsletterClient::test_put_error_returns_none PASSED [ 27%]
src/codomyrmex/tests/unit/cloud/test_infomaniak_newsletter.py::TestInfomaniakNewsletterClient::test_base_url_trailing_slash_stripped PASSED [ 27%]
src/codomyrmex/tests/unit/cloud/test_infomaniak_newsletter.py::TestInfomaniakNewsletterClient::test_service_name_is_newsletter PASSED [ 27%]
src/codomyrmex/tests/unit/cloud/test_infomaniak_newsletter.py::TestInfomaniakNewsletterClient::test_get_list_contacts_empty PASSED [ 27%]
src/codomyrmex/tests/unit/cloud/test_infomaniak_newsletter.py::TestInfomaniakNewsletterClient::test_validate_connection_failure PASSED [ 27%]
src/codomyrmex/tests/unit/cloud/test_infomaniak_newsletter.py::TestNewsletterValidationExpanded::test_manage_contact_invalid_action PASSED [ 27%]
src/codomyrmex/tests/unit/cloud/test_infomaniak_newsletter.py::TestNewsletterValidationExpanded::test_manage_contact_subscribe PASSED [ 27%]
src/codomyrmex/tests/unit/cloud/test_infomaniak_newsletter.py::TestNewsletterValidationExpanded::test_manage_contact_unsubscribe PASSED [ 27%]
src/codomyrmex/tests/unit/cloud/test_infomaniak_newsletter.py::TestNewsletterValidationExpanded::test_list_campaigns_dict_with_items_key PASSED [ 27%]
src/codomyrmex/tests/unit/cloud/test_infomaniak_newsletter.py::TestNewsletterValidationExpanded::test_list_mailing_lists_dict_with_items_key PASSED [ 27%]
src/codomyrmex/tests/unit/cloud/test_infomaniak_object_storage.py::TestInfomaniakObjectStorageClient::test_list_containers PASSED [ 27%]
src/codomyrmex/tests/unit/cloud/test_infomaniak_object_storage.py::TestInfomaniakObjectStorageClient::test_list_containers_error_returns_empty PASSED [ 27%]
src/codomyrmex/tests/unit/cloud/test_infomaniak_object_storage.py::TestInfomaniakObjectStorageClient::test_create_container PASSED [ 27%]
src/codomyrmex/tests/unit/cloud/test_infomaniak_object_storage.py::TestInfomaniakObjectStorageClient::test_delete_container PASSED [ 27%]
src/codomyrmex/tests/unit/cloud/test_infomaniak_object_storage.py::TestInfomaniakObjectStorageClient::test_get_container_metadata PASSED [ 27%]
src/codomyrmex/tests/unit/cloud/test_infomaniak_object_storage.py::TestInfomaniakObjectStorageClient::test_get_container_metadata_error_returns_empty PASSED [ 27%]
src/codomyrmex/tests/unit/cloud/test_infomaniak_object_storage.py::TestInfomaniakObjectStorageClient::test_list_objects PASSED [ 27%]
src/codomyrmex/tests/unit/cloud/test_infomaniak_object_storage.py::TestInfomaniakObjectStorageClient::test_upload_object PASSED [ 27%]
src/codomyrmex/tests/unit/cloud/test_infomaniak_object_storage.py::TestInfomaniakObjectStorageClient::test_upload_file PASSED [ 27%]
src/codomyrmex/tests/unit/cloud/test_infomaniak_object_storage.py::TestInfomaniakObjectStorageClient::test_upload_file_error_returns_false PASSED [ 27%]
src/codomyrmex/tests/unit/cloud/test_infomaniak_object_storage.py::TestInfomaniakObjectStorageClient::test_download_object PASSED [ 27%]
src/codomyrmex/tests/unit/cloud/test_infomaniak_object_storage.py::TestInfomaniakObjectStorageClient::test_download_file PASSED [ 27%]
src/codomyrmex/tests/unit/cloud/test_infomaniak_object_storage.py::TestInfomaniakObjectStorageClient::test_download_file_no_data_returns_false PASSED [ 27%]
src/codomyrmex/tests/unit/cloud/test_infomaniak_object_storage.py::TestInfomaniakObjectStorageClient::test_delete_object PASSED [ 27%]
src/codomyrmex/tests/unit/cloud/test_infomaniak_object_storage.py::TestInfomaniakObjectStorageClient::test_get_object_metadata PASSED [ 27%]
src/codomyrmex/tests/unit/cloud/test_infomaniak_object_storage.py::TestInfomaniakObjectStorageClient::test_set_container_read_acl PASSED [ 27%]
src/codomyrmex/tests/unit/cloud/test_infomaniak_object_storage.py::TestInfomaniakObjectStorageClient::test_set_container_write_acl PASSED [ 27%]
src/codomyrmex/tests/unit/cloud/test_infomaniak_object_storage.py::TestInfomaniakS3Client::test_list_buckets PASSED [ 27%]
src/codomyrmex/tests/unit/cloud/test_infomaniak_object_storage.py::TestInfomaniakS3Client::test_create_bucket PASSED [ 27%]
src/codomyrmex/tests/unit/cloud/test_infomaniak_object_storage.py::TestInfomaniakS3Client::test_delete_bucket PASSED [ 27%]
src/codomyrmex/tests/unit/cloud/test_infomaniak_object_storage.py::TestInfomaniakS3Client::test_bucket_exists_true PASSED [ 27%]
src/codomyrmex/tests/unit/cloud/test_infomaniak_object_storage.py::TestInfomaniakS3Client::test_bucket_exists_false PASSED [ 27%]
src/codomyrmex/tests/unit/cloud/test_infomaniak_object_storage.py::TestInfomaniakS3Client::test_list_objects PASSED [ 27%]
src/codomyrmex/tests/unit/cloud/test_infomaniak_object_storage.py::TestInfomaniakS3Client::test_upload_file PASSED [ 27%]
src/codomyrmex/tests/unit/cloud/test_infomaniak_object_storage.py::TestInfomaniakS3Client::test_upload_data PASSED [ 27%]
src/codomyrmex/tests/unit/cloud/test_infomaniak_object_storage.py::TestInfomaniakS3Client::test_download_file PASSED [ 27%]
src/codomyrmex/tests/unit/cloud/test_infomaniak_object_storage.py::TestInfomaniakS3Client::test_download_data PASSED [ 27%]
src/codomyrmex/tests/unit/cloud/test_infomaniak_object_storage.py::TestInfomaniakS3Client::test_delete_object PASSED [ 27%]
src/codomyrmex/tests/unit/cloud/test_infomaniak_object_storage.py::TestInfomaniakS3Client::test_delete_file_delegates_to_delete_object PASSED [ 27%]
src/codomyrmex/tests/unit/cloud/test_infomaniak_object_storage.py::TestInfomaniakS3Client::test_get_metadata PASSED [ 27%]
src/codomyrmex/tests/unit/cloud/test_infomaniak_object_storage.py::TestInfomaniakS3Client::test_generate_presigned_url_get PASSED [ 27%]
src/codomyrmex/tests/unit/cloud/test_infomaniak_object_storage.py::TestInfomaniakS3Client::test_generate_presigned_url_put PASSED [ 27%]
src/codomyrmex/tests/unit/cloud/test_infomaniak_object_storage.py::TestInfomaniakS3Client::test_copy_object PASSED [ 28%]
src/codomyrmex/tests/unit/cloud/test_infomaniak_object_storage.py::TestInfomaniakS3Client::test_list_objects_paginated PASSED [ 28%]
src/codomyrmex/tests/unit/cloud/test_infomaniak_object_storage.py::TestInfomaniakS3Client::test_delete_objects_batch PASSED [ 28%]
src/codomyrmex/tests/unit/cloud/test_infomaniak_object_storage.py::TestInfomaniakS3Client::test_enable_versioning PASSED [ 28%]
src/codomyrmex/tests/unit/cloud/test_infomaniak_object_storage.py::TestInfomaniakS3Client::test_get_versioning PASSED [ 28%]
src/codomyrmex/tests/unit/cloud/test_infomaniak_object_storage.py::TestInfomaniakS3Client::test_get_bucket_policy PASSED [ 28%]
src/codomyrmex/tests/unit/cloud/test_infomaniak_object_storage.py::TestInfomaniakS3Client::test_get_bucket_policy_no_policy_returns_none PASSED [ 28%]
src/codomyrmex/tests/unit/cloud/test_infomaniak_object_storage.py::TestInfomaniakS3Client::test_put_bucket_policy PASSED [ 28%]
src/codomyrmex/tests/unit/cloud/test_infomaniak_object_storage.py::TestInfomaniakSwiftClientExpanded::test_delete_container PASSED [ 28%]
src/codomyrmex/tests/unit/cloud/test_infomaniak_object_storage.py::TestInfomaniakSwiftClientExpanded::test_get_container_metadata PASSED [ 28%]
src/codomyrmex/tests/unit/cloud/test_infomaniak_object_storage.py::TestInfomaniakSwiftClientExpanded::test_list_objects PASSED [ 28%]
src/codomyrmex/tests/unit/cloud/test_infomaniak_object_storage.py::TestInfomaniakSwiftClientExpanded::test_list_objects_with_prefix PASSED [ 28%]
src/codomyrmex/tests/unit/cloud/test_infomaniak_object_storage.py::TestInfomaniakSwiftClientExpanded::test_get_object_metadata PASSED [ 28%]
src/codomyrmex/tests/unit/cloud/test_infomaniak_object_storage.py::TestInfomaniakSwiftClientExpanded::test_set_container_read_acl PASSED [ 28%]
src/codomyrmex/tests/unit/cloud/test_infomaniak_object_storage.py::TestInfomaniakSwiftClientExpanded::test_set_container_write_acl PASSED [ 28%]
src/codomyrmex/tests/unit/cloud/test_infomaniak_object_storage.py::TestInfomaniakSwiftClientExpanded::test_list_containers_error PASSED [ 28%]
src/codomyrmex/tests/unit/cloud/test_infomaniak_object_storage.py::TestInfomaniakS3ClientExpanded::test_create_bucket PASSED [ 28%]
src/codomyrmex/tests/unit/cloud/test_infomaniak_object_storage.py::TestInfomaniakS3ClientExpanded::test_delete_bucket PASSED [ 28%]
src/codomyrmex/tests/unit/cloud/test_infomaniak_object_storage.py::TestInfomaniakS3ClientExpanded::test_upload_file PASSED [ 28%]
src/codomyrmex/tests/unit/cloud/test_infomaniak_object_storage.py::TestInfomaniakS3ClientExpanded::test_download_file PASSED [ 28%]
src/codomyrmex/tests/unit/cloud/test_infomaniak_object_storage.py::TestInfomaniakS3ClientExpanded::test_delete_file_delegates PASSED [ 28%]
src/codomyrmex/tests/unit/cloud/test_infomaniak_object_storage.py::TestInfomaniakS3ClientExpanded::test_get_metadata PASSED [ 28%]
src/codomyrmex/tests/unit/cloud/test_infomaniak_object_storage.py::TestInfomaniakS3ClientExpanded::test_copy_object PASSED [ 28%]
src/codomyrmex/tests/unit/cloud/test_infomaniak_object_storage.py::TestInfomaniakS3ClientExpanded::test_list_objects_paginated PASSED [ 28%]
src/codomyrmex/tests/unit/cloud/test_infomaniak_object_storage.py::TestInfomaniakS3ClientExpanded::test_delete_objects_batch PASSED [ 28%]
src/codomyrmex/tests/unit/cloud/test_infomaniak_object_storage.py::TestInfomaniakS3ClientExpanded::test_enable_versioning PASSED [ 28%]
src/codomyrmex/tests/unit/cloud/test_infomaniak_object_storage.py::TestInfomaniakS3ClientExpanded::test_get_versioning PASSED [ 28%]
src/codomyrmex/tests/unit/cloud/test_infomaniak_object_storage.py::TestInfomaniakS3ClientExpanded::test_get_bucket_policy PASSED [ 28%]
src/codomyrmex/tests/unit/cloud/test_infomaniak_object_storage.py::TestInfomaniakS3ClientExpanded::test_put_bucket_policy PASSED [ 28%]
src/codomyrmex/tests/unit/cloud/test_infomaniak_object_storage.py::TestInfomaniakS3ClientExpanded::test_list_buckets_error PASSED [ 28%]
src/codomyrmex/tests/unit/cloud/test_infomaniak_orchestration.py::TestInfomaniakOrchestration::test_list_stacks_success PASSED [ 28%]
src/codomyrmex/tests/unit/cloud/test_infomaniak_orchestration.py::TestInfomaniakOrchestration::test_list_stacks_error_returns_empty PASSED [ 28%]
src/codomyrmex/tests/unit/cloud/test_infomaniak_orchestration.py::TestInfomaniakOrchestration::test_get_stack_success PASSED [ 28%]
src/codomyrmex/tests/unit/cloud/test_infomaniak_orchestration.py::TestInfomaniakOrchestration::test_get_stack_not_found PASSED [ 28%]
src/codomyrmex/tests/unit/cloud/test_infomaniak_orchestration.py::TestInfomaniakOrchestration::test_get_stack_error_returns_none PASSED [ 28%]
src/codomyrmex/tests/unit/cloud/test_infomaniak_orchestration.py::TestInfomaniakOrchestration::test_create_stack_success PASSED [ 28%]
src/codomyrmex/tests/unit/cloud/test_infomaniak_orchestration.py::TestInfomaniakOrchestration::test_create_stack_error_returns_none PASSED [ 28%]
src/codomyrmex/tests/unit/cloud/test_infomaniak_orchestration.py::TestInfomaniakOrchestration::test_create_stack_from_file_success PASSED [ 28%]
src/codomyrmex/tests/unit/cloud/test_infomaniak_orchestration.py::TestInfomaniakOrchestration::test_create_stack_from_file_read_error PASSED [ 28%]
src/codomyrmex/tests/unit/cloud/test_infomaniak_orchestration.py::TestInfomaniakOrchestration::test_update_stack_success PASSED [ 28%]
src/codomyrmex/tests/unit/cloud/test_infomaniak_orchestration.py::TestInfomaniakOrchestration::test_update_stack_error_returns_false PASSED [ 28%]
src/codomyrmex/tests/unit/cloud/test_infomaniak_orchestration.py::TestInfomaniakOrchestration::test_delete_stack_success PASSED [ 28%]
src/codomyrmex/tests/unit/cloud/test_infomaniak_orchestration.py::TestInfomaniakOrchestration::test_delete_stack_error_returns_false PASSED [ 28%]
src/codomyrmex/tests/unit/cloud/test_infomaniak_orchestration.py::TestInfomaniakOrchestration::test_suspend_stack_success PASSED [ 28%]
src/codomyrmex/tests/unit/cloud/test_infomaniak_orchestration.py::TestInfomaniakOrchestration::test_suspend_stack_error_returns_false PASSED [ 28%]
src/codomyrmex/tests/unit/cloud/test_infomaniak_orchestration.py::TestInfomaniakOrchestration::test_resume_stack_success PASSED [ 28%]
src/codomyrmex/tests/unit/cloud/test_infomaniak_orchestration.py::TestInfomaniakOrchestration::test_resume_stack_error_returns_false PASSED [ 28%]
src/codomyrmex/tests/unit/cloud/test_infomaniak_orchestration.py::TestInfomaniakOrchestration::test_list_stack_resources_success PASSED [ 28%]
src/codomyrmex/tests/unit/cloud/test_infomaniak_orchestration.py::TestInfomaniakOrchestration::test_list_stack_resources_error_returns_empty PASSED [ 28%]
src/codomyrmex/tests/unit/cloud/test_infomaniak_orchestration.py::TestInfomaniakOrchestration::test_get_stack_resource_success PASSED [ 28%]
src/codomyrmex/tests/unit/cloud/test_infomaniak_orchestration.py::TestInfomaniakOrchestration::test_get_stack_resource_error_returns_none PASSED [ 28%]
src/codomyrmex/tests/unit/cloud/test_infomaniak_orchestration.py::TestInfomaniakOrchestration::test_list_stack_events_success PASSED [ 28%]
src/codomyrmex/tests/unit/cloud/test_infomaniak_orchestration.py::TestInfomaniakOrchestration::test_list_stack_events_with_resource_filter PASSED [ 28%]
src/codomyrmex/tests/unit/cloud/test_infomaniak_orchestration.py::TestInfomaniakOrchestration::test_list_stack_events_error_returns_empty PASSED [ 28%]
src/codomyrmex/tests/unit/cloud/test_infomaniak_orchestration.py::TestInfomaniakOrchestration::test_validate_template_success PASSED [ 28%]
src/codomyrmex/tests/unit/cloud/test_infomaniak_orchestration.py::TestInfomaniakOrchestration::test_validate_template_failure PASSED [ 28%]
src/codomyrmex/tests/unit/cloud/test_infomaniak_orchestration.py::TestInfomaniakOrchestration::test_get_stack_template_success PASSED [ 28%]
src/codomyrmex/tests/unit/cloud/test_infomaniak_orchestration.py::TestInfomaniakOrchestration::test_get_stack_template_error_returns_none PASSED [ 28%]
src/codomyrmex/tests/unit/cloud/test_infomaniak_orchestration.py::TestInfomaniakOrchestration::test_get_stack_outputs_with_outputs PASSED [ 28%]
src/codomyrmex/tests/unit/cloud/test_infomaniak_orchestration.py::TestInfomaniakOrchestration::test_get_stack_outputs_empty PASSED [ 28%]
src/codomyrmex/tests/unit/cloud/test_infomaniak_orchestration.py::TestInfomaniakOrchestration::test_get_stack_outputs_stack_not_found PASSED [ 28%]
src/codomyrmex/tests/unit/cloud/test_infomaniak_orchestration.py::TestInfomaniakOrchestration::test_get_stack_outputs_error_returns_empty PASSED [ 28%]
src/codomyrmex/tests/unit/cloud/test_infomaniak_orchestration.py::TestInfomaniakHeatClientExpanded::test_update_stack PASSED [ 28%]
src/codomyrmex/tests/unit/cloud/test_infomaniak_orchestration.py::TestInfomaniakHeatClientExpanded::test_suspend_stack PASSED [ 28%]
src/codomyrmex/tests/unit/cloud/test_infomaniak_orchestration.py::TestInfomaniakHeatClientExpanded::test_resume_stack PASSED [ 28%]
src/codomyrmex/tests/unit/cloud/test_infomaniak_orchestration.py::TestInfomaniakHeatClientExpanded::test_get_stack_resource PASSED [ 28%]
src/codomyrmex/tests/unit/cloud/test_infomaniak_orchestration.py::TestInfomaniakHeatClientExpanded::test_list_stack_events PASSED [ 28%]
src/codomyrmex/tests/unit/cloud/test_infomaniak_orchestration.py::TestInfomaniakHeatClientExpanded::test_get_stack_template PASSED [ 28%]
src/codomyrmex/tests/unit/cloud/test_infomaniak_orchestration.py::TestInfomaniakHeatClientExpanded::test_get_stack_outputs PASSED [ 28%]
src/codomyrmex/tests/unit/cloud/test_infomaniak_orchestration.py::TestInfomaniakHeatClientExpanded::test_list_stacks_error PASSED [ 28%]
src/codomyrmex/tests/unit/coding/execution/test_code_execution_sandbox.py::TestCodeExecutionSandboxComprehensive::test_code_executor_import PASSED [ 28%]
src/codomyrmex/tests/unit/coding/execution/test_code_execution_sandbox.py::TestCodeExecutionSandboxComprehensive::test_check_docker_available_real PASSED [ 28%]
src/codomyrmex/tests/unit/coding/execution/test_code_execution_sandbox.py::TestCodeExecutionSandboxComprehensive::test_validate_language_supported PASSED [ 28%]
src/codomyrmex/tests/unit/coding/execution/test_code_execution_sandbox.py::TestCodeExecutionSandboxComprehensive::test_validate_language_unsupported PASSED [ 28%]
src/codomyrmex/tests/unit/coding/execution/test_code_execution_sandbox.py::TestCodeExecutionSandboxComprehensive::test_validate_timeout_valid PASSED [ 28%]
src/codomyrmex/tests/unit/coding/execution/test_code_execution_sandbox.py::TestCodeExecutionSandboxComprehensive::test_validate_timeout_invalid PASSED [ 28%]
src/codomyrmex/tests/unit/coding/execution/test_code_execution_sandbox.py::TestCodeExecutionSandboxComprehensive::test_prepare_code_file PASSED [ 28%]
src/codomyrmex/tests/unit/coding/execution/test_code_execution_sandbox.py::TestCodeExecutionSandboxComprehensive::test_run_code_in_docker_success SKIPPED [ 28%]
src/codomyrmex/tests/unit/coding/execution/test_code_execution_sandbox.py::TestCodeExecutionSandboxComprehensive::test_execute_code_success SKIPPED [ 28%]
src/codomyrmex/tests/unit/coding/execution/test_code_execution_sandbox.py::TestCodeExecutionSandboxComprehensive::test_supported_languages PASSED [ 28%]
src/codomyrmex/tests/unit/coding/execution/test_code_execution_sandbox.py::TestCodeExecutionSandboxComprehensive::test_constants_defined PASSED [ 28%]
src/codomyrmex/tests/unit/coding/monitoring/test_coding_monitoring.py::TestExecutionMonitor::test_initial_state_has_empty_executions PASSED [ 28%]
src/codomyrmex/tests/unit/coding/monitoring/test_coding_monitoring.py::TestExecutionMonitor::test_start_execution_appends_entry PASSED [ 28%]
src/codomyrmex/tests/unit/coding/monitoring/test_coding_monitoring.py::TestExecutionMonitor::test_end_execution_updates_status_and_timing PASSED [ 28%]
src/codomyrmex/tests/unit/coding/monitoring/test_coding_monitoring.py::TestExecutionMonitor::test_end_execution_without_result PASSED [ 28%]
src/codomyrmex/tests/unit/coding/monitoring/test_coding_monitoring.py::TestExecutionMonitor::test_get_execution_stats_empty PASSED [ 28%]
src/codomyrmex/tests/unit/coding/monitoring/test_coding_monitoring.py::TestExecutionMonitor::test_get_execution_stats_with_completed_executions PASSED [ 28%]
src/codomyrmex/tests/unit/coding/monitoring/test_coding_monitoring.py::TestExecutionMonitor::test_multiple_executions_tracked_independently PASSED [ 28%]
src/codomyrmex/tests/unit/coding/monitoring/test_coding_monitoring.py::TestExecutionMonitor::test_stats_distinguishes_completed_from_running PASSED [ 28%]
src/codomyrmex/tests/unit/coding/monitoring/test_coding_monitoring.py::TestResourceMonitor::test_initial_state PASSED [ 28%]
src/codomyrmex/tests/unit/coding/monitoring/test_coding_monitoring.py::TestResourceMonitor::test_start_monitoring_sets_start_time PASSED [ 28%]
src/codomyrmex/tests/unit/coding/monitoring/test_coding_monitoring.py::TestResourceMonitor::test_get_resource_usage_before_start PASSED [ 28%]
src/codomyrmex/tests/unit/coding/monitoring/test_coding_monitoring.py::TestResourceMonitor::test_get_resource_usage_after_start PASSED [ 28%]
src/codomyrmex/tests/unit/coding/monitoring/test_coding_monitoring.py::TestResourceMonitor::test_update_monitoring_does_not_raise PASSED [ 28%]
src/codomyrmex/tests/unit/coding/monitoring/test_coding_monitoring.py::TestResourceMonitor::test_resource_usage_returns_correct_types PASSED [ 28%]
src/codomyrmex/tests/unit/coding/monitoring/test_coding_monitoring.py::TestCodingMetricsCollector::test_empty_summary_returns_zeros PASSED [ 28%]
src/codomyrmex/tests/unit/coding/monitoring/test_coding_monitoring.py::TestCodingMetricsCollector::test_record_execution_populates_metrics PASSED [ 28%]
src/codomyrmex/tests/unit/coding/monitoring/test_coding_monitoring.py::TestCodingMetricsCollector::test_summary_aggregates_multiple_executions PASSED [ 28%]
src/codomyrmex/tests/unit/coding/monitoring/test_coding_monitoring.py::TestCodingMetricsCollector::test_get_language_stats_groups_by_language PASSED [ 28%]
src/codomyrmex/tests/unit/coding/monitoring/test_coding_monitoring.py::TestCodingMetricsCollector::test_clear_resets_all_metrics PASSED [ 29%]
src/codomyrmex/tests/unit/coding/monitoring/test_coding_monitoring.py::TestCodingMetricsCollector::test_language_stats_computes_averages PASSED [ 29%]
src/codomyrmex/tests/unit/coding/parsers/tree_sitter/test_tree_sitter.py::test_module_importable PASSED [ 29%]
src/codomyrmex/tests/unit/coding/parsers/tree_sitter/test_tree_sitter.py::test_submodules_importable PASSED [ 29%]
src/codomyrmex/tests/unit/coding/parsers/tree_sitter/test_tree_sitter.py::test_language_manager_get_unknown PASSED [ 29%]
src/codomyrmex/tests/unit/coding/parsers/tree_sitter/test_tree_sitter.py::test_language_manager_registration_manual PASSED [ 29%]
src/codomyrmex/tests/unit/coding/parsers/tree_sitter/test_tree_sitter.py::test_language_manager_discover_nonexistent_path PASSED [ 29%]
src/codomyrmex/tests/unit/coding/parsers/tree_sitter/test_tree_sitter.py::test_language_manager_discover_empty_directory PASSED [ 29%]
src/codomyrmex/tests/unit/coding/parsers/tree_sitter/test_tree_sitter.py::test_language_manager_multiple_registrations PASSED [ 29%]
src/codomyrmex/tests/unit/coding/parsers/tree_sitter/test_tree_sitter.py::test_language_manager_real_registration SKIPPED [ 29%]
src/codomyrmex/tests/unit/coding/parsers/tree_sitter/test_tree_sitter.py::test_parser_initialization SKIPPED [ 29%]
src/codomyrmex/tests/unit/coding/parsers/tree_sitter/test_tree_sitter.py::test_parse_simple_function SKIPPED [ 29%]
src/codomyrmex/tests/unit/coding/parsers/tree_sitter/test_tree_sitter.py::test_parse_empty_string SKIPPED [ 29%]
src/codomyrmex/tests/unit/coding/parsers/tree_sitter/test_tree_sitter.py::test_parse_class_definition SKIPPED [ 29%]
src/codomyrmex/tests/unit/coding/parsers/tree_sitter/test_tree_sitter.py::test_parse_multiline_code SKIPPED [ 29%]
src/codomyrmex/tests/unit/coding/parsers/tree_sitter/test_tree_sitter.py::test_parse_syntax_error_still_produces_tree SKIPPED [ 29%]
src/codomyrmex/tests/unit/coding/parsers/tree_sitter/test_tree_sitter.py::test_parse_bytes_input SKIPPED [ 29%]
src/codomyrmex/tests/unit/coding/parsers/tree_sitter/test_tree_sitter.py::test_root_node_type_is_module SKIPPED [ 29%]
src/codomyrmex/tests/unit/coding/parsers/tree_sitter/test_tree_sitter.py::test_parse_preserves_structure SKIPPED [ 29%]
src/codomyrmex/tests/unit/coding/parsers/tree_sitter/test_tree_sitter.py::test_tree_root_node_children SKIPPED [ 29%]
src/codomyrmex/tests/unit/coding/parsers/tree_sitter/test_tree_sitter.py::test_node_text_extraction SKIPPED [ 29%]
src/codomyrmex/tests/unit/coding/parsers/tree_sitter/test_tree_sitter.py::test_parse_decorator SKIPPED [ 29%]
src/codomyrmex/tests/unit/coding/parsers/tree_sitter/test_tree_sitter.py::test_parse_complex_expressions SKIPPED [ 29%]
src/codomyrmex/tests/unit/coding/review/test_code_review.py::TestCodeReview::test_code_review_import PASSED [ 29%]
src/codomyrmex/tests/unit/coding/review/test_code_review.py::TestCodeReview::test_code_review_module_exists PASSED [ 29%]
src/codomyrmex/tests/unit/coding/review/test_code_review.py::TestCodeReview::test_code_review_init_file PASSED [ 29%]
src/codomyrmex/tests/unit/coding/review/test_code_review.py::TestCodeReview::test_code_review_main_module PASSED [ 29%]
src/codomyrmex/tests/unit/coding/review/test_code_review.py::TestCodeReview::test_code_reviewer_class_import PASSED [ 29%]
src/codomyrmex/tests/unit/coding/review/test_code_review.py::TestCodeReview::test_pyscn_analyzer_import PASSED [ 29%]
src/codomyrmex/tests/unit/coding/review/test_code_review.py::TestCodeReview::test_analysis_types_import PASSED [ 29%]
src/codomyrmex/tests/unit/coding/review/test_code_review.py::TestCodeReview::test_data_classes_import PASSED [ 29%]
src/codomyrmex/tests/unit/coding/review/test_code_review.py::TestCodeReview::test_exception_classes_import PASSED [ 29%]
src/codomyrmex/tests/unit/coding/review/test_code_review.py::TestCodeReview::test_analyze_functions_import PASSED [ 29%]
src/codomyrmex/tests/unit/coding/review/test_code_review.py::TestCodeReview::test_code_review_version PASSED [ 29%]
src/codomyrmex/tests/unit/coding/review/test_code_review.py::TestCodeReview::test_code_review_all_exports PASSED [ 29%]
src/codomyrmex/tests/unit/coding/review/test_code_review.py::TestCodeReview::test_agents_md_exists PASSED [ 29%]
src/codomyrmex/tests/unit/coding/review/test_code_review.py::TestCodeReview::test_readme_exists PASSED [ 29%]
src/codomyrmex/tests/unit/coding/review/test_code_review.py::TestCodeReview::test_security_md_exists PASSED [ 29%]
src/codomyrmex/tests/unit/coding/sandbox/test_sandbox_isolation.py::TestExecutionLimitsDefaults::test_default_time_limit PASSED [ 29%]
src/codomyrmex/tests/unit/coding/sandbox/test_sandbox_isolation.py::TestExecutionLimitsDefaults::test_default_memory_limit PASSED [ 29%]
src/codomyrmex/tests/unit/coding/sandbox/test_sandbox_isolation.py::TestExecutionLimitsDefaults::test_default_cpu_limit PASSED [ 29%]
src/codomyrmex/tests/unit/coding/sandbox/test_sandbox_isolation.py::TestExecutionLimitsDefaults::test_default_max_output_chars PASSED [ 29%]
src/codomyrmex/tests/unit/coding/sandbox/test_sandbox_isolation.py::TestExecutionLimitsCustomValues::test_custom_time_limit PASSED [ 29%]
src/codomyrmex/tests/unit/coding/sandbox/test_sandbox_isolation.py::TestExecutionLimitsCustomValues::test_custom_memory_limit PASSED [ 29%]
src/codomyrmex/tests/unit/coding/sandbox/test_sandbox_isolation.py::TestExecutionLimitsCustomValues::test_custom_cpu_limit PASSED [ 29%]
src/codomyrmex/tests/unit/coding/sandbox/test_sandbox_isolation.py::TestExecutionLimitsCustomValues::test_custom_max_output_chars PASSED [ 29%]
src/codomyrmex/tests/unit/coding/sandbox/test_sandbox_isolation.py::TestExecutionLimitsCustomValues::test_boundary_time_limit_one PASSED [ 29%]
src/codomyrmex/tests/unit/coding/sandbox/test_sandbox_isolation.py::TestExecutionLimitsCustomValues::test_boundary_time_limit_three_hundred PASSED [ 29%]
src/codomyrmex/tests/unit/coding/sandbox/test_sandbox_isolation.py::TestExecutionLimitsCustomValues::test_boundary_cpu_limit_min PASSED [ 29%]
src/codomyrmex/tests/unit/coding/sandbox/test_sandbox_isolation.py::TestExecutionLimitsCustomValues::test_boundary_cpu_limit_max PASSED [ 29%]
src/codomyrmex/tests/unit/coding/sandbox/test_sandbox_isolation.py::TestExecutionLimitsValidation::test_invalid_time_limit_zero PASSED [ 29%]
src/codomyrmex/tests/unit/coding/sandbox/test_sandbox_isolation.py::TestExecutionLimitsValidation::test_invalid_time_limit_negative PASSED [ 29%]
src/codomyrmex/tests/unit/coding/sandbox/test_sandbox_isolation.py::TestExecutionLimitsValidation::test_invalid_time_limit_exceeds_max PASSED [ 29%]
src/codomyrmex/tests/unit/coding/sandbox/test_sandbox_isolation.py::TestExecutionLimitsValidation::test_invalid_memory_limit_zero PASSED [ 29%]
src/codomyrmex/tests/unit/coding/sandbox/test_sandbox_isolation.py::TestExecutionLimitsValidation::test_invalid_memory_limit_negative PASSED [ 29%]
src/codomyrmex/tests/unit/coding/sandbox/test_sandbox_isolation.py::TestExecutionLimitsValidation::test_invalid_cpu_limit_zero PASSED [ 29%]
src/codomyrmex/tests/unit/coding/sandbox/test_sandbox_isolation.py::TestExecutionLimitsValidation::test_invalid_cpu_limit_negative PASSED [ 29%]
src/codomyrmex/tests/unit/coding/sandbox/test_sandbox_isolation.py::TestExecutionLimitsValidation::test_invalid_cpu_limit_exceeds_max PASSED [ 29%]
src/codomyrmex/tests/unit/coding/sandbox/test_sandbox_isolation.py::TestExecutionLimitsValidation::test_invalid_max_output_chars_below_min PASSED [ 29%]
src/codomyrmex/tests/unit/coding/sandbox/test_sandbox_isolation.py::TestResourceLimitsContext::test_context_manager_enters_and_exits PASSED [ 29%]
src/codomyrmex/tests/unit/coding/sandbox/test_sandbox_isolation.py::TestResourceLimitsContext::test_context_manager_restores_on_exception PASSED [ 29%]
src/codomyrmex/tests/unit/coding/sandbox/test_sandbox_isolation.py::TestResourceLimitsContext::test_context_manager_with_default_limits PASSED [ 29%]
src/codomyrmex/tests/unit/coding/test_debugging.py::TestErrorAnalyzer::test_parse_python_syntax_error PASSED [ 29%]
src/codomyrmex/tests/unit/coding/test_debugging.py::TestErrorAnalyzer::test_parse_python_runtime_error PASSED [ 29%]
src/codomyrmex/tests/unit/coding/test_debugging.py::TestErrorAnalyzer::test_timeout_error PASSED [ 29%]
src/codomyrmex/tests/unit/coding/test_debugging.py::TestPatchGenerator::test_generate_no_file_path PASSED [ 29%]
src/codomyrmex/tests/unit/coding/test_debugging.py::TestPatchGenerator::test_generate_returns_list PASSED [ 29%]
src/codomyrmex/tests/unit/coding/test_debugging.py::TestDebugger::test_debug_flow_with_real_components PASSED [ 29%]
src/codomyrmex/tests/unit/coding/test_debugging.py::TestDebugger::test_debug_flow_no_error PASSED [ 29%]
src/codomyrmex/tests/unit/collaboration/knowledge/test_knowledge_sharing.py::TestModels::test_knowledge_entry_cite PASSED [ 29%]
src/codomyrmex/tests/unit/collaboration/knowledge/test_knowledge_sharing.py::TestModels::test_namespace_acl_owner_access PASSED [ 29%]
src/codomyrmex/tests/unit/collaboration/knowledge/test_knowledge_sharing.py::TestModels::test_namespace_acl_read_only PASSED [ 29%]
src/codomyrmex/tests/unit/collaboration/knowledge/test_knowledge_sharing.py::TestSharedMemoryPool::test_namespace_isolation PASSED [ 29%]
src/codomyrmex/tests/unit/collaboration/knowledge/test_knowledge_sharing.py::TestSharedMemoryPool::test_owner_can_read_write PASSED [ 29%]
src/codomyrmex/tests/unit/collaboration/knowledge/test_knowledge_sharing.py::TestSharedMemoryPool::test_global_search_cross_namespace PASSED [ 29%]
src/codomyrmex/tests/unit/collaboration/knowledge/test_knowledge_sharing.py::TestSharedMemoryPool::test_conflict_last_write_wins PASSED [ 29%]
src/codomyrmex/tests/unit/collaboration/knowledge/test_knowledge_sharing.py::TestSharedMemoryPool::test_acl_enforcement PASSED [ 29%]
src/codomyrmex/tests/unit/collaboration/knowledge/test_knowledge_sharing.py::TestSharedMemoryPool::test_namespace_stats PASSED [ 29%]
src/codomyrmex/tests/unit/collaboration/knowledge/test_knowledge_sharing.py::TestKnowledgeRouter::test_route_to_correct_expert PASSED [ 29%]
src/codomyrmex/tests/unit/collaboration/knowledge/test_knowledge_sharing.py::TestKnowledgeRouter::test_route_empty_experts PASSED [ 29%]
src/codomyrmex/tests/unit/collaboration/knowledge/test_knowledge_sharing.py::TestKnowledgeRouter::test_query_returns_results PASSED [ 29%]
src/codomyrmex/tests/unit/collaboration/knowledge/test_knowledge_sharing.py::TestKnowledgeRouter::test_suggest_experts PASSED [ 29%]
src/codomyrmex/tests/unit/collaboration/swarm/test_swarm.py::TestSwarmMessage::test_auto_id PASSED [ 29%]
src/codomyrmex/tests/unit/collaboration/swarm/test_swarm.py::TestSwarmMessage::test_to_dict PASSED [ 29%]
src/codomyrmex/tests/unit/collaboration/swarm/test_swarm.py::TestSwarmAgent::test_available PASSED [ 29%]
src/codomyrmex/tests/unit/collaboration/swarm/test_swarm.py::TestSwarmAgent::test_load PASSED [ 29%]
src/codomyrmex/tests/unit/collaboration/swarm/test_swarm.py::TestSwarmAgent::test_to_dict PASSED [ 29%]
src/codomyrmex/tests/unit/collaboration/swarm/test_swarm.py::TestTaskAssignment::test_auto_id PASSED [ 29%]
src/codomyrmex/tests/unit/collaboration/swarm/test_swarm.py::TestTaskAssignment::test_to_dict PASSED [ 29%]
src/codomyrmex/tests/unit/collaboration/swarm/test_swarm.py::TestAgentPool::test_register_and_size PASSED [ 29%]
src/codomyrmex/tests/unit/collaboration/swarm/test_swarm.py::TestAgentPool::test_unregister PASSED [ 29%]
src/codomyrmex/tests/unit/collaboration/swarm/test_swarm.py::TestAgentPool::test_assign_by_role PASSED [ 29%]
src/codomyrmex/tests/unit/collaboration/swarm/test_swarm.py::TestAgentPool::test_assign_by_capability PASSED [ 29%]
src/codomyrmex/tests/unit/collaboration/swarm/test_swarm.py::TestAgentPool::test_assign_least_loaded PASSED [ 29%]
src/codomyrmex/tests/unit/collaboration/swarm/test_swarm.py::TestAgentPool::test_assign_no_available PASSED [ 29%]
src/codomyrmex/tests/unit/collaboration/swarm/test_swarm.py::TestAgentPool::test_release PASSED [ 29%]
src/codomyrmex/tests/unit/collaboration/swarm/test_swarm.py::TestAgentPool::test_status PASSED [ 29%]
src/codomyrmex/tests/unit/collaboration/swarm/test_swarm.py::TestSubTask::test_auto_id PASSED [ 29%]
src/codomyrmex/tests/unit/collaboration/swarm/test_swarm.py::TestSubTask::test_to_dict PASSED [ 29%]
src/codomyrmex/tests/unit/collaboration/swarm/test_swarm.py::TestTaskDecomposer::test_decompose_code_task PASSED [ 30%]
src/codomyrmex/tests/unit/collaboration/swarm/test_swarm.py::TestTaskDecomposer::test_decompose_multi_phase PASSED [ 30%]
src/codomyrmex/tests/unit/collaboration/swarm/test_swarm.py::TestTaskDecomposer::test_dependencies_are_sequential PASSED [ 30%]
src/codomyrmex/tests/unit/collaboration/swarm/test_swarm.py::TestTaskDecomposer::test_execution_order PASSED [ 30%]
src/codomyrmex/tests/unit/collaboration/swarm/test_swarm.py::TestTaskDecomposer::test_cyclic_dependency_detected PASSED [ 30%]
src/codomyrmex/tests/unit/collaboration/swarm/test_swarm.py::TestTaskDecomposer::test_leaf_tasks PASSED [ 30%]
src/codomyrmex/tests/unit/collaboration/swarm/test_swarm.py::TestTaskDecomposer::test_default_decomposition PASSED [ 30%]
src/codomyrmex/tests/unit/collaboration/swarm/test_swarm.py::TestConsensusEngine::test_majority_approve PASSED [ 30%]
src/codomyrmex/tests/unit/collaboration/swarm/test_swarm.py::TestConsensusEngine::test_majority_reject PASSED [ 30%]
src/codomyrmex/tests/unit/collaboration/swarm/test_swarm.py::TestConsensusEngine::test_weighted_approve PASSED [ 30%]
src/codomyrmex/tests/unit/collaboration/swarm/test_swarm.py::TestConsensusEngine::test_veto_reject PASSED [ 30%]
src/codomyrmex/tests/unit/collaboration/swarm/test_swarm.py::TestConsensusEngine::test_veto_approve PASSED [ 30%]
src/codomyrmex/tests/unit/collaboration/swarm/test_swarm.py::TestConsensusEngine::test_empty_votes PASSED [ 30%]
src/codomyrmex/tests/unit/collaboration/swarm/test_swarm.py::TestConsensusEngine::test_result_to_dict PASSED [ 30%]
src/codomyrmex/tests/unit/collaboration/swarm/test_swarm.py::TestMessageBus::test_subscribe_and_publish PASSED [ 30%]
src/codomyrmex/tests/unit/collaboration/swarm/test_swarm.py::TestMessageBus::test_wildcard_match PASSED [ 30%]
src/codomyrmex/tests/unit/collaboration/swarm/test_swarm.py::TestMessageBus::test_no_match PASSED [ 30%]
src/codomyrmex/tests/unit/collaboration/swarm/test_swarm.py::TestMessageBus::test_unsubscribe PASSED [ 30%]
src/codomyrmex/tests/unit/collaboration/swarm/test_swarm.py::TestMessageBus::test_unsubscribe_all PASSED [ 30%]
src/codomyrmex/tests/unit/collaboration/swarm/test_swarm.py::TestMessageBus::test_history PASSED [ 30%]
src/codomyrmex/tests/unit/collaboration/swarm/test_swarm.py::TestMessageBus::test_multi_segment_wildcard PASSED [ 30%]
src/codomyrmex/tests/unit/collaboration/swarm/test_swarm.py::TestMessageBus::test_handler_error_isolated PASSED [ 30%]
src/codomyrmex/tests/unit/collaboration/test_agents.py::TestCollaborativeAgent::test_agent_creation PASSED [ 30%]
src/codomyrmex/tests/unit/collaboration/test_agents.py::TestCollaborativeAgent::test_agent_auto_id PASSED [ 30%]
src/codomyrmex/tests/unit/collaboration/test_agents.py::TestCollaborativeAgent::test_agent_capabilities PASSED [ 30%]
src/codomyrmex/tests/unit/collaboration/test_agents.py::TestCollaborativeAgent::test_agent_add_capability PASSED [ 30%]
src/codomyrmex/tests/unit/collaboration/test_agents.py::TestCollaborativeAgent::test_agent_get_status PASSED [ 30%]
src/codomyrmex/tests/unit/collaboration/test_agents.py::TestWorkerAgent::test_worker_creation PASSED [ 30%]
src/codomyrmex/tests/unit/collaboration/test_agents.py::TestWorkerAgent::test_worker_register_handler PASSED [ 30%]
src/codomyrmex/tests/unit/collaboration/test_agents.py::TestWorkerAgent::test_worker_can_handle_task PASSED [ 30%]
src/codomyrmex/tests/unit/collaboration/test_agents.py::TestWorkerAgent::test_worker_execute_task PASSED [ 30%]
src/codomyrmex/tests/unit/collaboration/test_agents.py::TestSpecializedWorker::test_specialized_worker_creation PASSED [ 30%]
src/codomyrmex/tests/unit/collaboration/test_agents.py::TestSupervisorAgent::test_supervisor_creation PASSED [ 30%]
src/codomyrmex/tests/unit/collaboration/test_agents.py::TestSupervisorAgent::test_supervisor_add_worker PASSED [ 30%]
src/codomyrmex/tests/unit/collaboration/test_agents.py::TestSupervisorAgent::test_supervisor_remove_worker PASSED [ 30%]
src/codomyrmex/tests/unit/collaboration/test_agents.py::TestSupervisorAgent::test_supervisor_find_capable_workers PASSED [ 30%]
src/codomyrmex/tests/unit/collaboration/test_agents.py::TestAgentRegistry::test_registry_singleton PASSED [ 30%]
src/codomyrmex/tests/unit/collaboration/test_agents.py::TestAgentRegistry::test_registry_register PASSED [ 30%]
src/codomyrmex/tests/unit/collaboration/test_agents.py::TestAgentRegistry::test_registry_unregister PASSED [ 30%]
src/codomyrmex/tests/unit/collaboration/test_agents.py::TestAgentRegistry::test_registry_find_by_capability PASSED [ 30%]
src/codomyrmex/tests/unit/collaboration/test_agents.py::TestAgentRegistry::test_registry_get_swarm_status PASSED [ 30%]
src/codomyrmex/tests/unit/collaboration/test_agents.py::TestAgentRegistry::test_get_registry_function PASSED [ 30%]
src/codomyrmex/tests/unit/collaboration/test_collaboration.py::test_swarm_execution PASSED [ 30%]
src/codomyrmex/tests/unit/collaboration/test_collaboration.py::test_task_decomposition PASSED [ 30%]
src/codomyrmex/tests/unit/collaboration/test_collaboration.py::test_consensus PASSED [ 30%]
src/codomyrmex/tests/unit/collaboration/test_communication.py::TestMessageQueue::test_queue_creation PASSED [ 30%]
src/codomyrmex/tests/unit/collaboration/test_communication.py::TestMessageQueue::test_queue_with_max_size PASSED [ 30%]
src/codomyrmex/tests/unit/collaboration/test_communication.py::TestMessageQueue::test_queue_put_and_get PASSED [ 30%]
src/codomyrmex/tests/unit/collaboration/test_communication.py::TestMessageQueue::test_queue_put_nowait PASSED [ 30%]
src/codomyrmex/tests/unit/collaboration/test_communication.py::TestMessageQueue::test_queue_get_nowait PASSED [ 30%]
src/codomyrmex/tests/unit/collaboration/test_communication.py::TestMessageQueue::test_queue_clear PASSED [ 30%]
src/codomyrmex/tests/unit/collaboration/test_communication.py::TestQueueChannel::test_channel_creation PASSED [ 30%]
src/codomyrmex/tests/unit/collaboration/test_communication.py::TestQueueChannel::test_channel_send_receive PASSED [ 30%]
src/codomyrmex/tests/unit/collaboration/test_communication.py::TestQueueChannel::test_channel_close PASSED [ 30%]
src/codomyrmex/tests/unit/collaboration/test_communication.py::TestQueueChannel::test_channel_pause_resume PASSED [ 30%]
src/codomyrmex/tests/unit/collaboration/test_communication.py::TestQueueChannel::test_channel_get_info PASSED [ 30%]
src/codomyrmex/tests/unit/collaboration/test_communication.py::TestChannelManager::test_manager_creation PASSED [ 30%]
src/codomyrmex/tests/unit/collaboration/test_communication.py::TestChannelManager::test_manager_create_channel PASSED [ 30%]
src/codomyrmex/tests/unit/collaboration/test_communication.py::TestChannelManager::test_manager_get_channel PASSED [ 30%]
src/codomyrmex/tests/unit/collaboration/test_communication.py::TestChannelManager::test_manager_get_channel_by_name PASSED [ 30%]
src/codomyrmex/tests/unit/collaboration/test_communication.py::TestChannelManager::test_manager_close_channel PASSED [ 30%]
src/codomyrmex/tests/unit/collaboration/test_communication.py::TestChannelManager::test_manager_close_all PASSED [ 30%]
src/codomyrmex/tests/unit/collaboration/test_communication.py::TestBroadcaster::test_broadcaster_creation PASSED [ 30%]
src/codomyrmex/tests/unit/collaboration/test_communication.py::TestBroadcaster::test_broadcaster_create_topic PASSED [ 30%]
src/codomyrmex/tests/unit/collaboration/test_communication.py::TestBroadcaster::test_broadcaster_subscribe PASSED [ 30%]
src/codomyrmex/tests/unit/collaboration/test_communication.py::TestBroadcaster::test_broadcaster_unsubscribe PASSED [ 30%]
src/codomyrmex/tests/unit/collaboration/test_communication.py::TestBroadcaster::test_broadcaster_publish PASSED [ 30%]
src/codomyrmex/tests/unit/collaboration/test_communication.py::TestBroadcaster::test_broadcaster_delete_topic PASSED [ 30%]
src/codomyrmex/tests/unit/collaboration/test_communication.py::TestDirectMessenger::test_messenger_creation PASSED [ 30%]
src/codomyrmex/tests/unit/collaboration/test_communication.py::TestDirectMessenger::test_messenger_register_handler PASSED [ 30%]
src/codomyrmex/tests/unit/collaboration/test_communication.py::TestDirectMessenger::test_messenger_send PASSED [ 30%]
src/codomyrmex/tests/unit/collaboration/test_communication.py::TestDirectMessenger::test_messenger_send_no_handler PASSED [ 30%]
src/codomyrmex/tests/unit/collaboration/test_communication.py::TestDirectMessenger::test_messenger_request PASSED [ 30%]
src/codomyrmex/tests/unit/collaboration/test_communication.py::TestDirectMessenger::test_messenger_get_message_log PASSED [ 30%]
src/codomyrmex/tests/unit/collaboration/test_communication.py::TestConversationTracker::test_tracker_creation PASSED [ 30%]
src/codomyrmex/tests/unit/collaboration/test_communication.py::TestConversationTracker::test_tracker_start_conversation PASSED [ 30%]
src/codomyrmex/tests/unit/collaboration/test_communication.py::TestConversationTracker::test_tracker_add_message PASSED [ 30%]
src/codomyrmex/tests/unit/collaboration/test_communication.py::TestConversationTracker::test_tracker_get_agent_conversations PASSED [ 30%]
src/codomyrmex/tests/unit/collaboration/test_communication.py::TestConversationTracker::test_tracker_end_conversation PASSED [ 30%]
src/codomyrmex/tests/unit/collaboration/test_coordination.py::TestTaskQueue::test_queue_creation PASSED [ 30%]
src/codomyrmex/tests/unit/collaboration/test_coordination.py::TestTaskQueue::test_queue_push_pop PASSED [ 30%]
src/codomyrmex/tests/unit/collaboration/test_coordination.py::TestTaskQueue::test_queue_peek PASSED [ 30%]
src/codomyrmex/tests/unit/collaboration/test_coordination.py::TestTaskQueue::test_queue_remove PASSED [ 30%]
src/codomyrmex/tests/unit/collaboration/test_coordination.py::TestTaskQueue::test_queue_get PASSED [ 30%]
src/codomyrmex/tests/unit/collaboration/test_coordination.py::TestDependencyGraph::test_graph_creation PASSED [ 30%]
src/codomyrmex/tests/unit/collaboration/test_coordination.py::TestDependencyGraph::test_graph_add_task PASSED [ 30%]
src/codomyrmex/tests/unit/collaboration/test_coordination.py::TestDependencyGraph::test_graph_get_ready_tasks PASSED [ 30%]
src/codomyrmex/tests/unit/collaboration/test_coordination.py::TestDependencyGraph::test_graph_remove_task PASSED [ 30%]
src/codomyrmex/tests/unit/collaboration/test_coordination.py::TestTaskManager::test_manager_creation PASSED [ 30%]
src/codomyrmex/tests/unit/collaboration/test_coordination.py::TestTaskManager::test_manager_submit PASSED [ 30%]
src/codomyrmex/tests/unit/collaboration/test_coordination.py::TestTaskManager::test_manager_submit_batch PASSED [ 30%]
src/codomyrmex/tests/unit/collaboration/test_coordination.py::TestTaskManager::test_manager_cancel PASSED [ 30%]
src/codomyrmex/tests/unit/collaboration/test_coordination.py::TestTaskManager::test_manager_get_next_task PASSED [ 30%]
src/codomyrmex/tests/unit/collaboration/test_coordination.py::TestTaskManager::test_manager_complete_task PASSED [ 30%]
src/codomyrmex/tests/unit/collaboration/test_coordination.py::TestVotingMechanism::test_voting_creation PASSED [ 30%]
src/codomyrmex/tests/unit/collaboration/test_coordination.py::TestVotingMechanism::test_voting_create_proposal PASSED [ 30%]
src/codomyrmex/tests/unit/collaboration/test_coordination.py::TestVotingMechanism::test_voting_cast_vote PASSED [ 30%]
src/codomyrmex/tests/unit/collaboration/test_coordination.py::TestVotingMechanism::test_voting_tally_passed PASSED [ 30%]
src/codomyrmex/tests/unit/collaboration/test_coordination.py::TestVotingMechanism::test_voting_tally_failed PASSED [ 31%]
src/codomyrmex/tests/unit/collaboration/test_coordination.py::TestConsensusBuilder::test_consensus_creation PASSED [ 31%]
src/codomyrmex/tests/unit/collaboration/test_coordination.py::TestConsensusBuilder::test_consensus_propose_value PASSED [ 31%]
src/codomyrmex/tests/unit/collaboration/test_coordination.py::TestConsensusBuilder::test_consensus_check_reached PASSED [ 31%]
src/codomyrmex/tests/unit/collaboration/test_coordination.py::TestConsensusBuilder::test_consensus_check_not_reached PASSED [ 31%]
src/codomyrmex/tests/unit/collaboration/test_coordination.py::TestConsensusBuilder::test_consensus_clear PASSED [ 31%]
src/codomyrmex/tests/unit/collaboration/test_coordination.py::TestBullyElection::test_bully_creation PASSED [ 31%]
src/codomyrmex/tests/unit/collaboration/test_coordination.py::TestBullyElection::test_bully_elect PASSED [ 31%]
src/codomyrmex/tests/unit/collaboration/test_coordination.py::TestBullyElection::test_bully_elect_no_agents PASSED [ 31%]
src/codomyrmex/tests/unit/collaboration/test_coordination.py::TestRingElection::test_ring_elect PASSED [ 31%]
src/codomyrmex/tests/unit/collaboration/test_coordination.py::TestRandomElection::test_random_elect PASSED [ 31%]
src/codomyrmex/tests/unit/collaboration/test_coordination.py::TestRotatingLeadership::test_rotating_creation PASSED [ 31%]
src/codomyrmex/tests/unit/collaboration/test_coordination.py::TestRotatingLeadership::test_rotating_add_agent PASSED [ 31%]
src/codomyrmex/tests/unit/collaboration/test_coordination.py::TestRotatingLeadership::test_rotating_rotate PASSED [ 31%]
src/codomyrmex/tests/unit/collaboration/test_coordination.py::TestRotatingLeadership::test_rotating_remove_agent PASSED [ 31%]
src/codomyrmex/tests/unit/collaboration/test_coordination.py::TestRotatingLeadership::test_rotating_term_count PASSED [ 31%]
src/codomyrmex/tests/unit/collaboration/test_models.py::TestTask::test_task_creation_minimal PASSED [ 31%]
src/codomyrmex/tests/unit/collaboration/test_models.py::TestTask::test_task_creation_full PASSED [ 31%]
src/codomyrmex/tests/unit/collaboration/test_models.py::TestTask::test_task_to_dict PASSED [ 31%]
src/codomyrmex/tests/unit/collaboration/test_models.py::TestTask::test_task_from_dict PASSED [ 31%]
src/codomyrmex/tests/unit/collaboration/test_models.py::TestTask::test_task_is_ready_no_dependencies PASSED [ 31%]
src/codomyrmex/tests/unit/collaboration/test_models.py::TestTask::test_task_is_ready_with_dependencies PASSED [ 31%]
src/codomyrmex/tests/unit/collaboration/test_models.py::TestTaskResult::test_result_success PASSED [ 31%]
src/codomyrmex/tests/unit/collaboration/test_models.py::TestTaskResult::test_result_failure PASSED [ 31%]
src/codomyrmex/tests/unit/collaboration/test_models.py::TestTaskResult::test_result_to_dict PASSED [ 31%]
src/codomyrmex/tests/unit/collaboration/test_models.py::TestTaskResult::test_result_from_dict PASSED [ 31%]
src/codomyrmex/tests/unit/collaboration/test_models.py::TestSwarmStatus::test_swarm_status_default PASSED [ 31%]
src/codomyrmex/tests/unit/collaboration/test_models.py::TestSwarmStatus::test_swarm_status_with_values PASSED [ 31%]
src/codomyrmex/tests/unit/collaboration/test_models.py::TestSwarmStatus::test_swarm_status_to_dict PASSED [ 31%]
src/codomyrmex/tests/unit/collaboration/test_models.py::TestAgentStatus::test_agent_status_creation PASSED [ 31%]
src/codomyrmex/tests/unit/collaboration/test_models.py::TestAgentStatus::test_agent_status_to_dict PASSED [ 31%]
src/codomyrmex/tests/unit/collaboration/test_models.py::TestAgentStatus::test_agent_status_from_dict PASSED [ 31%]
src/codomyrmex/tests/unit/collaboration/test_models.py::TestTaskPriority::test_priority_values PASSED [ 31%]
src/codomyrmex/tests/unit/collaboration/test_models.py::TestTaskStatus::test_status_values PASSED [ 31%]
src/codomyrmex/tests/unit/compression/test_compression.py::TestCompressionModuleImport::test_compression_module_import PASSED [ 31%]
src/codomyrmex/tests/unit/compression/test_compression.py::TestCompressionModuleImport::test_compression_module_exports PASSED [ 31%]
src/codomyrmex/tests/unit/compression/test_compression.py::TestCompressor::test_create_gzip_compressor PASSED [ 31%]
src/codomyrmex/tests/unit/compression/test_compression.py::TestCompressor::test_create_zlib_compressor PASSED [ 31%]
src/codomyrmex/tests/unit/compression/test_compression.py::TestCompressor::test_create_zip_compressor PASSED [ 31%]
src/codomyrmex/tests/unit/compression/test_compression.py::TestCompressor::test_default_format PASSED [ 31%]
src/codomyrmex/tests/unit/compression/test_compression.py::TestCompressor::test_unsupported_format PASSED [ 31%]
src/codomyrmex/tests/unit/compression/test_compression.py::TestCompressor::test_supported_formats PASSED [ 31%]
src/codomyrmex/tests/unit/compression/test_compression.py::TestGzipCompression::test_gzip_binary_data PASSED [ 31%]
src/codomyrmex/tests/unit/compression/test_compression.py::TestGzipCompression::test_gzip_compression PASSED [ 31%]
src/codomyrmex/tests/unit/compression/test_compression.py::TestGzipCompression::test_gzip_compression_levels PASSED [ 31%]
src/codomyrmex/tests/unit/compression/test_compression.py::TestGzipCompression::test_gzip_empty_data PASSED [ 31%]
src/codomyrmex/tests/unit/compression/test_compression.py::TestGzipCompression::test_gzip_level_0 PASSED [ 31%]
src/codomyrmex/tests/unit/compression/test_compression.py::TestZlibCompression::test_zlib_compression PASSED [ 31%]
src/codomyrmex/tests/unit/compression/test_compression.py::TestZlibCompression::test_zlib_compression_levels PASSED [ 31%]
src/codomyrmex/tests/unit/compression/test_compression.py::TestZlibCompression::test_zlib_empty_data PASSED [ 31%]
src/codomyrmex/tests/unit/compression/test_compression.py::TestZipCompression::test_zip_compression PASSED [ 31%]
src/codomyrmex/tests/unit/compression/test_compression.py::TestZipCompression::test_zip_empty_data PASSED [ 31%]
src/codomyrmex/tests/unit/compression/test_compression.py::TestZstdCompression::test_zstd_compression SKIPPED [ 31%]
src/codomyrmex/tests/unit/compression/test_compression.py::TestZstdCompression::test_zstd_compression_levels SKIPPED [ 31%]
src/codomyrmex/tests/unit/compression/test_compression.py::TestParallelCompressor::test_parallel_compression PASSED [ 31%]
src/codomyrmex/tests/unit/compression/test_compression.py::TestParallelCompressor::test_parallel_compression_empty_list PASSED [ 31%]
src/codomyrmex/tests/unit/compression/test_compression.py::TestParallelCompressor::test_parallel_compression_many_items PASSED [ 31%]
src/codomyrmex/tests/unit/compression/test_compression.py::TestParallelCompressor::test_parallel_compression_single_item PASSED [ 31%]
src/codomyrmex/tests/unit/compression/test_compression.py::TestParallelCompressor::test_parallel_decompression_empty_list PASSED [ 31%]
src/codomyrmex/tests/unit/compression/test_compression.py::TestFormatDetection::test_detect_gzip PASSED [ 31%]
src/codomyrmex/tests/unit/compression/test_compression.py::TestFormatDetection::test_detect_zlib PASSED [ 31%]
src/codomyrmex/tests/unit/compression/test_compression.py::TestFormatDetection::test_detect_zip PASSED [ 31%]
src/codomyrmex/tests/unit/compression/test_compression.py::TestFormatDetection::test_detect_unknown PASSED [ 31%]
src/codomyrmex/tests/unit/compression/test_compression.py::TestFormatDetection::test_detect_short_data PASSED [ 31%]
src/codomyrmex/tests/unit/compression/test_compression.py::TestFormatDetection::test_detect_empty_data PASSED [ 31%]
src/codomyrmex/tests/unit/compression/test_compression.py::TestCompressionRatio::test_compression_ratio PASSED [ 31%]
src/codomyrmex/tests/unit/compression/test_compression.py::TestCompressionRatio::test_compression_ratio_empty PASSED [ 31%]
src/codomyrmex/tests/unit/compression/test_compression.py::TestCompressionRatio::test_compression_ratio_no_reduction PASSED [ 31%]
src/codomyrmex/tests/unit/compression/test_compression.py::TestCompressionRatio::test_compression_ratio_negative PASSED [ 31%]
src/codomyrmex/tests/unit/compression/test_compression.py::TestCompressionRatio::test_compression_ratio_actual_data PASSED [ 31%]
src/codomyrmex/tests/unit/compression/test_compression.py::TestFileCompression::test_compress_file PASSED [ 31%]
src/codomyrmex/tests/unit/compression/test_compression.py::TestFileCompression::test_decompress_file PASSED [ 31%]
src/codomyrmex/tests/unit/compression/test_compression.py::TestFileCompression::test_compress_file_custom_output PASSED [ 31%]
src/codomyrmex/tests/unit/compression/test_compression.py::TestFileCompression::test_compress_file_zlib PASSED [ 31%]
src/codomyrmex/tests/unit/compression/test_compression.py::TestFileCompression::test_decompress_file_removes_extension PASSED [ 31%]
src/codomyrmex/tests/unit/compression/test_compression.py::TestStreamCompression::test_compress_stream PASSED [ 31%]
src/codomyrmex/tests/unit/compression/test_compression.py::TestStreamCompression::test_decompress_stream PASSED [ 31%]
src/codomyrmex/tests/unit/compression/test_compression.py::TestStreamCompression::test_stream_roundtrip PASSED [ 31%]
src/codomyrmex/tests/unit/compression/test_compression.py::TestConvenienceFunctions::test_compress_function PASSED [ 31%]
src/codomyrmex/tests/unit/compression/test_compression.py::TestConvenienceFunctions::test_decompress_function PASSED [ 31%]
src/codomyrmex/tests/unit/compression/test_compression.py::TestConvenienceFunctions::test_compress_with_format PASSED [ 31%]
src/codomyrmex/tests/unit/compression/test_compression.py::TestConvenienceFunctions::test_compress_with_level PASSED [ 31%]
src/codomyrmex/tests/unit/compression/test_compression.py::TestConvenienceFunctions::test_get_compressor_function PASSED [ 31%]
src/codomyrmex/tests/unit/compression/test_compression.py::TestConvenienceFunctions::test_get_compressor_default PASSED [ 31%]
src/codomyrmex/tests/unit/compression/test_compression.py::TestConvenienceFunctions::test_compress_data_function PASSED [ 31%]
src/codomyrmex/tests/unit/compression/test_compression.py::TestConvenienceFunctions::test_decompress_data_function PASSED [ 31%]
src/codomyrmex/tests/unit/compression/test_compression.py::TestConvenienceFunctions::test_compress_file_function PASSED [ 31%]
src/codomyrmex/tests/unit/compression/test_compression.py::TestConvenienceFunctions::test_decompress_file_function PASSED [ 31%]
src/codomyrmex/tests/unit/compression/test_compression.py::TestConvenienceFunctions::test_auto_decompress_gzip PASSED [ 31%]
src/codomyrmex/tests/unit/compression/test_compression.py::TestConvenienceFunctions::test_auto_decompress_zlib PASSED [ 31%]
src/codomyrmex/tests/unit/compression/test_compression.py::TestConvenienceFunctions::test_auto_decompress_unknown_format PASSED [ 31%]
src/codomyrmex/tests/unit/compression/test_compression.py::TestArchiveManager::test_archive_manager_create PASSED [ 31%]
src/codomyrmex/tests/unit/compression/test_compression.py::TestArchiveManager::test_create_zip_archive PASSED [ 31%]
src/codomyrmex/tests/unit/compression/test_compression.py::TestArchiveManager::test_extract_zip_archive PASSED [ 31%]
src/codomyrmex/tests/unit/compression/test_compression.py::TestArchiveManager::test_create_tar_archive PASSED [ 31%]
src/codomyrmex/tests/unit/compression/test_compression.py::TestArchiveManager::test_create_tar_gz_archive PASSED [ 31%]
src/codomyrmex/tests/unit/compression/test_compression.py::TestArchiveManager::test_archive_multiple_files PASSED [ 31%]
src/codomyrmex/tests/unit/compression/test_compression.py::TestArchiveManager::test_archive_missing_files PASSED [ 31%]
src/codomyrmex/tests/unit/compression/test_compression.py::TestArchiveManager::test_extract_creates_output_dir PASSED [ 31%]
src/codomyrmex/tests/unit/compression/test_compression.py::TestCompressionError::test_decompression_error PASSED [ 32%]
src/codomyrmex/tests/unit/compression/test_compression.py::TestCompressionError::test_compression_error_is_exception PASSED [ 32%]
src/codomyrmex/tests/unit/compression/test_compression.py::TestCompressionError::test_compression_error_message PASSED [ 32%]
src/codomyrmex/tests/unit/compression/test_compression.py::TestCompareFormats::test_compare_formats PASSED [ 32%]
src/codomyrmex/tests/unit/compression/test_compression.py::TestCompareFormats::test_compare_formats_contains_metrics PASSED [ 32%]
src/codomyrmex/tests/unit/compression/test_compression.py::TestCompareFormats::test_compare_formats_with_level PASSED [ 32%]
src/codomyrmex/tests/unit/compression/test_compression.py::TestEdgeCases::test_compress_large_data PASSED [ 32%]
src/codomyrmex/tests/unit/compression/test_compression.py::TestEdgeCases::test_compress_incompressible_data PASSED [ 32%]
src/codomyrmex/tests/unit/compression/test_compression.py::TestEdgeCases::test_multiple_compressions PASSED [ 32%]
src/codomyrmex/tests/unit/compression/test_compression.py::TestEdgeCases::test_very_small_data PASSED [ 32%]
src/codomyrmex/tests/unit/compression/test_compression.py::TestEdgeCases::test_unicode_like_bytes PASSED [ 32%]
src/codomyrmex/tests/unit/concurrency/test_async_concurrency.py::TestAsyncSemaphoreBasicOperations::test_acquire_single_permit PASSED [ 32%]
src/codomyrmex/tests/unit/concurrency/test_async_concurrency.py::TestAsyncSemaphoreBasicOperations::test_acquire_multiple_permits_sequentially PASSED [ 32%]
src/codomyrmex/tests/unit/concurrency/test_async_concurrency.py::TestAsyncSemaphoreBasicOperations::test_release_increases_permit_count PASSED [ 32%]
src/codomyrmex/tests/unit/concurrency/test_async_concurrency.py::TestAsyncSemaphoreBasicOperations::test_semaphore_initial_value_respected PASSED [ 32%]
src/codomyrmex/tests/unit/concurrency/test_async_concurrency.py::TestAsyncSemaphoreBasicOperations::test_semaphore_with_zero_initial_value PASSED [ 32%]
src/codomyrmex/tests/unit/concurrency/test_async_concurrency.py::TestAsyncSemaphoreBlocking::test_blocks_when_no_permits_available PASSED [ 32%]
src/codomyrmex/tests/unit/concurrency/test_async_concurrency.py::TestAsyncSemaphoreBlocking::test_unblocks_when_permit_released PASSED [ 32%]
src/codomyrmex/tests/unit/concurrency/test_async_concurrency.py::TestAsyncSemaphoreBlocking::test_fifo_ordering_of_blocked_acquires PASSED [ 32%]
src/codomyrmex/tests/unit/concurrency/test_async_concurrency.py::TestAsyncSemaphoreConcurrency::test_concurrent_acquire_respects_limit PASSED [ 32%]
src/codomyrmex/tests/unit/concurrency/test_async_concurrency.py::TestAsyncSemaphoreConcurrency::test_high_contention_scenario PASSED [ 32%]
src/codomyrmex/tests/unit/concurrency/test_async_concurrency.py::TestAsyncSemaphoreConcurrency::test_fairness_under_load PASSED [ 32%]
src/codomyrmex/tests/unit/concurrency/test_async_concurrency.py::TestAsyncSemaphoreTimeout::test_acquire_with_timeout_success PASSED [ 32%]
src/codomyrmex/tests/unit/concurrency/test_async_concurrency.py::TestAsyncSemaphoreTimeout::test_acquire_with_timeout_failure PASSED [ 32%]
src/codomyrmex/tests/unit/concurrency/test_async_concurrency.py::TestAsyncSemaphoreTimeout::test_timeout_does_not_affect_other_waiters PASSED [ 32%]
src/codomyrmex/tests/unit/concurrency/test_async_concurrency.py::TestAsyncSemaphoreRaceConditions::test_rapid_acquire_release_cycles PASSED [ 32%]
src/codomyrmex/tests/unit/concurrency/test_async_concurrency.py::TestAsyncSemaphoreRaceConditions::test_concurrent_release_safety PASSED [ 32%]
src/codomyrmex/tests/unit/concurrency/test_async_concurrency.py::TestAsyncSemaphoreRaceConditions::test_interleaved_operations_integrity PASSED [ 32%]
src/codomyrmex/tests/unit/concurrency/test_async_concurrency.py::TestAsyncSemaphoreResourcePool::test_connection_pool_pattern PASSED [ 32%]
src/codomyrmex/tests/unit/concurrency/test_async_concurrency.py::TestAsyncSemaphoreResourcePool::test_rate_limiter_pattern PASSED [ 32%]
src/codomyrmex/tests/unit/concurrency/test_async_concurrency.py::TestAsyncSemaphoreProducerConsumer::test_bounded_buffer PASSED [ 32%]
src/codomyrmex/tests/unit/concurrency/test_async_concurrency.py::TestAsyncSemaphoreProducerConsumer::test_multiple_producers_consumers PASSED [ 32%]
src/codomyrmex/tests/unit/concurrency/test_async_concurrency.py::TestAsyncSemaphoreErrorHandling::test_exception_in_critical_section PASSED [ 32%]
src/codomyrmex/tests/unit/concurrency/test_async_concurrency.py::TestAsyncSemaphoreErrorHandling::test_cancellation_handling PASSED [ 32%]
src/codomyrmex/tests/unit/concurrency/test_async_concurrency.py::TestAsyncSemaphoreErrorHandling::test_sync_acquire_raises_not_implemented PASSED [ 32%]
src/codomyrmex/tests/unit/concurrency/test_async_concurrency.py::TestAsyncSemaphoreContextManager::test_manual_context_pattern PASSED [ 32%]
src/codomyrmex/tests/unit/concurrency/test_async_concurrency.py::TestAsyncSemaphoreContextManager::test_nested_semaphore_usage PASSED [ 32%]
src/codomyrmex/tests/unit/concurrency/test_async_concurrency.py::TestAsyncLockPatterns::test_mutex_pattern PASSED [ 32%]
src/codomyrmex/tests/unit/concurrency/test_async_concurrency.py::TestAsyncLockPatterns::test_readers_writers_pattern PASSED [ 32%]
src/codomyrmex/tests/unit/concurrency/test_async_concurrency.py::TestAsyncDeadlockPrevention::test_ordered_lock_acquisition PASSED [ 32%]
src/codomyrmex/tests/unit/concurrency/test_async_concurrency.py::TestAsyncDeadlockPrevention::test_trylock_pattern PASSED [ 32%]
src/codomyrmex/tests/unit/concurrency/test_async_concurrency.py::TestAsyncSemaphoreStress::test_many_concurrent_tasks PASSED [ 32%]
src/codomyrmex/tests/unit/concurrency/test_async_concurrency.py::TestAsyncSemaphoreStress::test_sustained_load PASSED [ 32%]
src/codomyrmex/tests/unit/concurrency/test_async_concurrency.py::TestLocalSemaphoreAsyncInteraction::test_local_semaphore_in_thread PASSED [ 32%]
src/codomyrmex/tests/unit/concurrency/test_concurrency.py::test_local_lock_lifecycle PASSED [ 32%]
src/codomyrmex/tests/unit/concurrency/test_concurrency.py::test_local_semaphore PASSED [ 32%]
src/codomyrmex/tests/unit/concurrency/test_concurrency.py::test_redis_lock_real SKIPPED [ 32%]
src/codomyrmex/tests/unit/concurrency/test_concurrency.py::test_lock_manager PASSED [ 32%]
src/codomyrmex/tests/unit/concurrency/test_concurrency.py::test_rw_lock PASSED [ 32%]
src/codomyrmex/tests/unit/concurrency/test_concurrency.py::test_lock_manager_stats PASSED [ 32%]
src/codomyrmex/tests/unit/concurrency/test_concurrency.py::TestAsyncSemaphore::test_async_semaphore_acquire_release PASSED [ 32%]
src/codomyrmex/tests/unit/concurrency/test_concurrency.py::TestAsyncSemaphore::test_async_semaphore_blocking PASSED [ 32%]
src/codomyrmex/tests/unit/concurrency/test_concurrency.py::TestAsyncSemaphore::test_async_semaphore_concurrent_access PASSED [ 32%]
src/codomyrmex/tests/unit/concurrency/test_concurrency.py::TestAsyncSemaphore::test_async_semaphore_sync_acquire_raises PASSED [ 32%]
src/codomyrmex/tests/unit/concurrency/test_concurrency.py::TestAsyncLockPatterns::test_async_resource_access PASSED [ 32%]
src/codomyrmex/tests/unit/concurrency/test_concurrency.py::TestAsyncLockPatterns::test_async_producer_consumer PASSED [ 32%]
src/codomyrmex/tests/unit/concurrency/test_concurrency.py::TestAsyncLockPatterns::test_async_rate_limiter PASSED [ 32%]
src/codomyrmex/tests/unit/concurrency/test_distributed_tasks.py::TestTaskQueue::test_priority_ordering PASSED [ 32%]
src/codomyrmex/tests/unit/concurrency/test_distributed_tasks.py::TestTaskQueue::test_deduplication PASSED [ 32%]
src/codomyrmex/tests/unit/concurrency/test_distributed_tasks.py::TestTaskQueue::test_ack_completes_task PASSED [ 32%]
src/codomyrmex/tests/unit/concurrency/test_distributed_tasks.py::TestTaskQueue::test_nack_requeues PASSED [ 32%]
src/codomyrmex/tests/unit/concurrency/test_distributed_tasks.py::TestTaskQueue::test_nack_dead_letters_after_max_retries PASSED [ 32%]
src/codomyrmex/tests/unit/concurrency/test_distributed_tasks.py::TestTaskQueue::test_requeue_dead_letters PASSED [ 32%]
src/codomyrmex/tests/unit/concurrency/test_distributed_tasks.py::TestTaskWorker::test_process_success PASSED [ 32%]
src/codomyrmex/tests/unit/concurrency/test_distributed_tasks.py::TestTaskWorker::test_error_isolation PASSED [ 32%]
src/codomyrmex/tests/unit/concurrency/test_distributed_tasks.py::TestTaskWorker::test_lifecycle PASSED [ 32%]
src/codomyrmex/tests/unit/concurrency/test_distributed_tasks.py::TestTaskScheduler::test_round_robin PASSED [ 32%]
src/codomyrmex/tests/unit/concurrency/test_distributed_tasks.py::TestTaskScheduler::test_least_loaded PASSED [ 32%]
src/codomyrmex/tests/unit/concurrency/test_distributed_tasks.py::TestTaskScheduler::test_affinity_routing PASSED [ 32%]
src/codomyrmex/tests/unit/concurrency/test_distributed_tasks.py::TestTaskScheduler::test_capability_filter PASSED [ 32%]
src/codomyrmex/tests/unit/concurrency/test_distributed_tasks.py::TestResultAggregator::test_aggregate_stats PASSED [ 32%]
src/codomyrmex/tests/unit/config_management/test_config_management.py::TestConfigValidator::test_config_validator_creation PASSED [ 32%]
src/codomyrmex/tests/unit/config_management/test_config_management.py::TestConfigValidator::test_config_schema_creation PASSED [ 32%]
src/codomyrmex/tests/unit/config_management/test_config_management.py::TestConfigValidator::test_validate_simple_config PASSED [ 32%]
src/codomyrmex/tests/unit/config_management/test_config_management.py::TestConfigValidator::test_validate_constraints PASSED [ 32%]
src/codomyrmex/tests/unit/config_management/test_config_management.py::TestConfigValidator::test_custom_validator PASSED [ 32%]
src/codomyrmex/tests/unit/config_management/test_config_management.py::TestConfigValidator::test_premade_schemas PASSED [ 32%]
src/codomyrmex/tests/unit/config_management/test_config_management.py::TestConfigValidator::test_convenience_functions PASSED [ 32%]
src/codomyrmex/tests/unit/config_management/test_config_management.py::TestConfigMigrator::test_config_migrator_creation PASSED [ 32%]
src/codomyrmex/tests/unit/config_management/test_config_management.py::TestConfigMigrator::test_add_migration_rule PASSED [ 32%]
src/codomyrmex/tests/unit/config_management/test_config_management.py::TestConfigMigrator::test_migrate_config_simple PASSED [ 32%]
src/codomyrmex/tests/unit/config_management/test_config_management.py::TestConfigMigrator::test_migration_with_transform PASSED [ 32%]
src/codomyrmex/tests/unit/config_management/test_config_management.py::TestConfigMigrator::test_migration_path_finding PASSED [ 32%]
src/codomyrmex/tests/unit/config_management/test_config_management.py::TestConfigMigrator::test_migration_error_handling PASSED [ 32%]
src/codomyrmex/tests/unit/config_management/test_config_management.py::TestConfigMigrator::test_premade_migration_rules PASSED [ 32%]
src/codomyrmex/tests/unit/config_management/test_config_management.py::TestConfigMigrator::test_convenience_migration PASSED [ 32%]
src/codomyrmex/tests/unit/config_management/test_config_management.py::TestConfigurationManagerEnhanced::test_load_config_with_validation PASSED [ 32%]
src/codomyrmex/tests/unit/config_management/test_config_management.py::TestConfigurationManagerEnhanced::test_migrate_configuration PASSED [ 32%]
src/codomyrmex/tests/unit/config_management/test_config_management.py::TestConfigurationManagerEnhanced::test_validate_config_schema PASSED [ 32%]
src/codomyrmex/tests/unit/config_management/test_config_management.py::TestConfigurationManagerEnhanced::test_get_validation_report PASSED [ 32%]
src/codomyrmex/tests/unit/config_management/test_config_management.py::TestConfigurationManagerEnhanced::test_create_migration_backup PASSED [ 32%]
src/codomyrmex/tests/unit/config_management/test_config_management.py::TestConfigurationManagerEnhanced::test_migration_error_handling PASSED [ 32%]
src/codomyrmex/tests/unit/containerization/test_containerization.py::TestImageOptimizer::test_image_optimizer_creation SKIPPED [ 32%]
src/codomyrmex/tests/unit/containerization/test_containerization.py::TestImageOptimizer::test_optimization_suggestions SKIPPED [ 32%]
src/codomyrmex/tests/unit/containerization/test_containerization.py::TestImageOptimizer::test_optimize_image_config SKIPPED [ 32%]
src/codomyrmex/tests/unit/containerization/test_containerization.py::TestBuildGenerator::test_build_generator_creation PASSED [ 32%]
src/codomyrmex/tests/unit/containerization/test_containerization.py::TestBuildGenerator::test_create_multi_stage_build_python PASSED [ 32%]
src/codomyrmex/tests/unit/containerization/test_containerization.py::TestBuildGenerator::test_create_multi_stage_build_node PASSED [ 32%]
src/codomyrmex/tests/unit/containerization/test_containerization.py::TestBuildGenerator::test_optimize_dockerfile PASSED [ 32%]
src/codomyrmex/tests/unit/containerization/test_containerization.py::TestBuildGenerator::test_validate_dockerfile PASSED [ 33%]
src/codomyrmex/tests/unit/containerization/test_containerization.py::TestBuildGenerator::test_generate_build_script PASSED [ 33%]
src/codomyrmex/tests/unit/containerization/test_containerization.py::TestDockerManagerEnhanced::test_optimize_container_image PASSED [ 33%]
src/codomyrmex/tests/unit/containerization/test_containerization.py::TestBuildStagesAndScripts::test_build_stage_creation PASSED [ 33%]
src/codomyrmex/tests/unit/containerization/test_containerization.py::TestBuildStagesAndScripts::test_multi_stage_build PASSED [ 33%]
src/codomyrmex/tests/unit/containerization/test_containerization.py::TestBuildStagesAndScripts::test_build_script_generation PASSED [ 33%]
src/codomyrmex/tests/unit/containerization/test_wasm.py::TestWASMRuntime::test_wasmtime PASSED [ 33%]
src/codomyrmex/tests/unit/containerization/test_wasm.py::TestWASMRuntime::test_wasmer PASSED [ 33%]
src/codomyrmex/tests/unit/containerization/test_wasm.py::TestWASMRuntime::test_wazero PASSED [ 33%]
src/codomyrmex/tests/unit/containerization/test_wasm.py::TestWASMRuntime::test_wasmedge PASSED [ 33%]
src/codomyrmex/tests/unit/containerization/test_wasm.py::TestWASMModule::test_create_module PASSED [ 33%]
src/codomyrmex/tests/unit/containerization/test_wasm.py::TestWASMModule::test_module_defaults PASSED [ 33%]
src/codomyrmex/tests/unit/containerization/test_wasm.py::TestWASMInstance::test_create_instance PASSED [ 33%]
src/codomyrmex/tests/unit/containerization/test_wasm.py::TestWASMExecution::test_successful_execution PASSED [ 33%]
src/codomyrmex/tests/unit/containerization/test_wasm.py::TestWASMExecution::test_failed_execution PASSED [ 33%]
src/codomyrmex/tests/unit/containerization/test_wasm.py::TestWasmtimeClient::test_create_client PASSED [ 33%]
src/codomyrmex/tests/unit/containerization/test_wasm.py::TestWASMOrchestrator::test_create_orchestrator PASSED [ 33%]
src/codomyrmex/tests/unit/containerization/test_wasm.py::TestWASMComponentModel::test_create_model PASSED [ 33%]
src/codomyrmex/tests/unit/containerization/test_wasm.py::TestWASMComponentModel::test_define_interface PASSED [ 33%]
src/codomyrmex/tests/unit/cost_management/test_cost_management.py::TestCostManagementImports::test_module_imports PASSED [ 33%]
src/codomyrmex/tests/unit/cost_management/test_cost_management.py::TestCostManagementImports::test_public_api_exists PASSED [ 33%]
src/codomyrmex/tests/unit/cost_management/test_cost_management.py::TestCostCategory::test_cost_category_values PASSED [ 33%]
src/codomyrmex/tests/unit/cost_management/test_cost_management.py::TestBudgetPeriod::test_budget_period_values PASSED [ 33%]
src/codomyrmex/tests/unit/cost_management/test_cost_management.py::TestCostEntry::test_cost_entry_creation PASSED [ 33%]
src/codomyrmex/tests/unit/cost_management/test_cost_management.py::TestCostEntry::test_cost_entry_to_dict PASSED [ 33%]
src/codomyrmex/tests/unit/cost_management/test_cost_management.py::TestBudget::test_budget_creation PASSED [ 33%]
src/codomyrmex/tests/unit/cost_management/test_cost_management.py::TestBudget::test_budget_get_period_start_daily PASSED [ 33%]
src/codomyrmex/tests/unit/cost_management/test_cost_management.py::TestBudget::test_budget_get_period_start_hourly PASSED [ 33%]
src/codomyrmex/tests/unit/cost_management/test_cost_management.py::TestBudgetAlert::test_budget_alert_utilization PASSED [ 33%]
src/codomyrmex/tests/unit/cost_management/test_cost_management.py::TestBudgetAlert::test_budget_alert_message PASSED [ 33%]
src/codomyrmex/tests/unit/cost_management/test_cost_management.py::TestInMemoryCostStore::test_store_save_and_retrieve PASSED [ 33%]
src/codomyrmex/tests/unit/cost_management/test_cost_management.py::TestInMemoryCostStore::test_store_get_entries_by_date_range PASSED [ 33%]
src/codomyrmex/tests/unit/cost_management/test_cost_management.py::TestInMemoryCostStore::test_store_clear PASSED [ 33%]
src/codomyrmex/tests/unit/cost_management/test_cost_management.py::TestCostTracker::test_tracker_record_cost PASSED [ 33%]
src/codomyrmex/tests/unit/cost_management/test_cost_management.py::TestCostTracker::test_tracker_get_summary PASSED [ 33%]
src/codomyrmex/tests/unit/cost_management/test_cost_management.py::TestCostTracker::test_tracker_get_total_by_category PASSED [ 33%]
src/codomyrmex/tests/unit/cost_management/test_cost_management.py::TestBudgetManager::test_manager_create_budget PASSED [ 33%]
src/codomyrmex/tests/unit/cost_management/test_cost_management.py::TestBudgetManager::test_manager_list_budgets PASSED [ 33%]
src/codomyrmex/tests/unit/cost_management/test_cost_management.py::TestBudgetManager::test_manager_can_spend PASSED [ 33%]
src/codomyrmex/tests/unit/cost_management/test_cost_management.py::TestBudgetManager::test_manager_check_budgets_generates_alerts PASSED [ 33%]
src/codomyrmex/tests/unit/coverage_push/test_tier1_modules.py::TestCerebrumModel::test_model_creation PASSED [ 33%]
src/codomyrmex/tests/unit/coverage_push/test_tier1_modules.py::TestCerebrumModel::test_model_to_dict PASSED [ 33%]
src/codomyrmex/tests/unit/coverage_push/test_tier1_modules.py::TestCerebrumModel::test_model_from_dict PASSED [ 33%]
src/codomyrmex/tests/unit/coverage_push/test_tier1_modules.py::TestCerebrumModel::test_model_roundtrip PASSED [ 33%]
src/codomyrmex/tests/unit/coverage_push/test_tier1_modules.py::TestReasoningResult::test_creation PASSED [ 33%]
src/codomyrmex/tests/unit/coverage_push/test_tier1_modules.py::TestReasoningResult::test_to_dict PASSED [ 33%]
src/codomyrmex/tests/unit/coverage_push/test_tier1_modules.py::TestCerebrumConfig::test_defaults PASSED [ 33%]
src/codomyrmex/tests/unit/coverage_push/test_tier1_modules.py::TestCerebrumConfig::test_to_dict PASSED [ 33%]
src/codomyrmex/tests/unit/coverage_push/test_tier1_modules.py::TestCerebrumConfig::test_from_dict PASSED [ 33%]
src/codomyrmex/tests/unit/coverage_push/test_tier1_modules.py::TestTransformations::test_model_transformer_init PASSED [ 33%]
src/codomyrmex/tests/unit/coverage_push/test_tier1_modules.py::TestTransformations::test_adaptation_transformer_init PASSED [ 33%]
src/codomyrmex/tests/unit/coverage_push/test_tier1_modules.py::TestTransformations::test_learning_transformer_init PASSED [ 33%]
src/codomyrmex/tests/unit/coverage_push/test_tier1_modules.py::TestTransformations::test_transformation_manager_register PASSED [ 33%]
src/codomyrmex/tests/unit/coverage_push/test_tier1_modules.py::TestTransformations::test_adaptation_update_parameters PASSED [ 33%]
src/codomyrmex/tests/unit/coverage_push/test_tier1_modules.py::TestFPFModels::test_pattern_status_enum PASSED [ 33%]
src/codomyrmex/tests/unit/coverage_push/test_tier1_modules.py::TestFPFModels::test_relationship_type_enum PASSED [ 33%]
src/codomyrmex/tests/unit/coverage_push/test_tier1_modules.py::TestFPFModels::test_concept_type_enum PASSED [ 33%]
src/codomyrmex/tests/unit/coverage_push/test_tier1_modules.py::TestFPFModels::test_pattern_creation PASSED [ 33%]
src/codomyrmex/tests/unit/coverage_push/test_tier1_modules.py::TestFPFModels::test_concept_creation PASSED [ 33%]
src/codomyrmex/tests/unit/coverage_push/test_tier1_modules.py::TestFPFModels::test_relationship_creation PASSED [ 33%]
src/codomyrmex/tests/unit/coverage_push/test_tier1_modules.py::TestFPFModels::test_fpf_spec_creation PASSED [ 33%]
src/codomyrmex/tests/unit/coverage_push/test_tier1_modules.py::TestFPFModels::test_fpf_spec_get_pattern_by_id PASSED [ 33%]
src/codomyrmex/tests/unit/coverage_push/test_tier1_modules.py::TestFPFModels::test_fpf_spec_pattern_not_found PASSED [ 33%]
src/codomyrmex/tests/unit/coverage_push/test_tier1_modules.py::TestFPFModels::test_fpf_index_creation PASSED [ 33%]
src/codomyrmex/tests/unit/coverage_push/test_tier1_modules.py::TestFPFModels::test_fpf_index_search PASSED [ 33%]
src/codomyrmex/tests/unit/coverage_push/test_tier1_modules.py::TestContainerConfig::test_creation PASSED [ 33%]
src/codomyrmex/tests/unit/coverage_push/test_tier1_modules.py::TestContainerConfig::test_get_full_image_name PASSED [ 33%]
src/codomyrmex/tests/unit/coverage_push/test_tier1_modules.py::TestContainerConfig::test_defaults PASSED [ 33%]
src/codomyrmex/tests/unit/coverage_push/test_tier1_modules.py::TestDockerManagerImport::test_import PASSED [ 33%]
src/codomyrmex/tests/unit/coverage_push/test_tier1_modules.py::TestDockerManagerImport::test_optimize_recommendations PASSED [ 33%]
src/codomyrmex/tests/unit/coverage_push/test_tier1_modules.py::TestGitOperationsImport::test_import_module PASSED [ 33%]
src/codomyrmex/tests/unit/coverage_push/test_tier1_modules.py::TestGitOperationsImport::test_mcp_tools_import PASSED [ 33%]
src/codomyrmex/tests/unit/coverage_push/test_tier2_modules.py::TestBaseComponent::test_creation PASSED [ 33%]
src/codomyrmex/tests/unit/coverage_push/test_tier2_modules.py::TestBaseComponent::test_render PASSED [ 33%]
src/codomyrmex/tests/unit/coverage_push/test_tier2_modules.py::TestBaseComponent::test_to_dict PASSED [ 33%]
src/codomyrmex/tests/unit/coverage_push/test_tier2_modules.py::TestBaseComponent::test_str PASSED [ 33%]
src/codomyrmex/tests/unit/coverage_push/test_tier2_modules.py::TestBaseComponent::test_repr PASSED [ 33%]
src/codomyrmex/tests/unit/coverage_push/test_tier2_modules.py::TestBadge::test_creation PASSED [ 33%]
src/codomyrmex/tests/unit/coverage_push/test_tier2_modules.py::TestBadge::test_render_named_color PASSED [ 33%]
src/codomyrmex/tests/unit/coverage_push/test_tier2_modules.py::TestBadge::test_render_hex_color PASSED [ 33%]
src/codomyrmex/tests/unit/coverage_push/test_tier2_modules.py::TestBadge::test_str PASSED [ 33%]
src/codomyrmex/tests/unit/coverage_push/test_tier2_modules.py::TestAlert::test_creation PASSED [ 33%]
src/codomyrmex/tests/unit/coverage_push/test_tier2_modules.py::TestAlert::test_render_info PASSED [ 33%]
src/codomyrmex/tests/unit/coverage_push/test_tier2_modules.py::TestAlert::test_render_danger PASSED [ 33%]
src/codomyrmex/tests/unit/coverage_push/test_tier2_modules.py::TestAlert::test_render_unknown_level PASSED [ 33%]
src/codomyrmex/tests/unit/coverage_push/test_tier2_modules.py::TestAlert::test_str PASSED [ 33%]
src/codomyrmex/tests/unit/coverage_push/test_tier2_modules.py::TestLinePlot::test_line_plot_class_init PASSED [ 33%]
src/codomyrmex/tests/unit/coverage_push/test_tier2_modules.py::TestLinePlot::test_line_plot_render PASSED [ 33%]
src/codomyrmex/tests/unit/coverage_push/test_tier2_modules.py::TestLinePlot::test_create_line_plot_simple PASSED [ 33%]
src/codomyrmex/tests/unit/coverage_push/test_tier2_modules.py::TestLinePlot::test_create_line_plot_empty_data PASSED [ 33%]
src/codomyrmex/tests/unit/coverage_push/test_tier2_modules.py::TestLinePlot::test_create_line_plot_multiple_lines PASSED [ 33%]
src/codomyrmex/tests/unit/coverage_push/test_tier2_modules.py::TestLinePlot::test_create_line_plot_length_mismatch PASSED [ 33%]
src/codomyrmex/tests/unit/coverage_push/test_tier2_modules.py::TestLinePlot::test_create_line_plot_with_markers PASSED [ 33%]
src/codomyrmex/tests/unit/coverage_push/test_tier2_modules.py::TestLinePlot::test_line_plot_save PASSED [ 33%]
src/codomyrmex/tests/unit/coverage_push/test_tier2_modules.py::TestDocumentationQualityAnalyzer::test_creation PASSED [ 33%]
src/codomyrmex/tests/unit/coverage_push/test_tier2_modules.py::TestDocumentationQualityAnalyzer::test_analyze_file_not_found PASSED [ 33%]
src/codomyrmex/tests/unit/coverage_push/test_tier2_modules.py::TestDocumentationQualityAnalyzer::test_analyze_file_real PASSED [ 33%]
src/codomyrmex/tests/unit/coverage_push/test_tier2_modules.py::TestDocumentationQualityAnalyzer::test_assess_completeness_high PASSED [ 33%]
src/codomyrmex/tests/unit/coverage_push/test_tier2_modules.py::TestDocumentationQualityAnalyzer::test_assess_completeness_low PASSED [ 34%]
src/codomyrmex/tests/unit/coverage_push/test_tier2_modules.py::TestDocumentationQualityAnalyzer::test_assess_consistency_good PASSED [ 34%]
src/codomyrmex/tests/unit/coverage_push/test_tier2_modules.py::TestDocumentationQualityAnalyzer::test_assess_consistency_unclosed_code_block PASSED [ 34%]
src/codomyrmex/tests/unit/coverage_push/test_tier2_modules.py::TestDocumentationQualityAnalyzer::test_assess_readability PASSED [ 34%]
src/codomyrmex/tests/unit/coverage_push/test_tier2_modules.py::TestDocumentationQualityAnalyzer::test_assess_structure_good PASSED [ 34%]
src/codomyrmex/tests/unit/coverage_push/test_tier2_modules.py::TestDocumentationQualityAnalyzer::test_assess_technical_accuracy PASSED [ 34%]
src/codomyrmex/tests/unit/coverage_push/test_tier2_modules.py::TestGenerateQualityReport::test_report_with_readme PASSED [ 34%]
src/codomyrmex/tests/unit/coverage_push/test_tier2_modules.py::TestGenerateQualityReport::test_report_empty_project PASSED [ 34%]
src/codomyrmex/tests/unit/coverage_push/test_tier2_modules.py::TestValidateTimeout::test_none_returns_default PASSED [ 34%]
src/codomyrmex/tests/unit/coverage_push/test_tier2_modules.py::TestValidateTimeout::test_normal_value PASSED [ 34%]
src/codomyrmex/tests/unit/coverage_push/test_tier2_modules.py::TestValidateTimeout::test_too_high_clamped PASSED [ 34%]
src/codomyrmex/tests/unit/coverage_push/test_tier2_modules.py::TestValidateTimeout::test_too_low_clamped PASSED [ 34%]
src/codomyrmex/tests/unit/coverage_push/test_tier2_modules.py::TestValidateTimeout::test_negative_clamped PASSED [ 34%]
src/codomyrmex/tests/unit/coverage_push/test_tier2_modules.py::TestLanguageSupport::test_validate_python PASSED [ 34%]
src/codomyrmex/tests/unit/coverage_push/test_tier2_modules.py::TestLanguageSupport::test_validate_javascript PASSED [ 34%]
src/codomyrmex/tests/unit/coverage_push/test_tier2_modules.py::TestLanguageSupport::test_validate_unsupported PASSED [ 34%]
src/codomyrmex/tests/unit/coverage_push/test_tier2_modules.py::TestLanguageSupport::test_supported_languages_dict PASSED [ 34%]
src/codomyrmex/tests/unit/coverage_push/test_tier2_modules.py::TestExecuteCodeValidation::test_unsupported_language PASSED [ 34%]
src/codomyrmex/tests/unit/coverage_push/test_tier2_modules.py::TestExecuteCodeValidation::test_empty_code PASSED [ 34%]
src/codomyrmex/tests/unit/coverage_push/test_tier2_modules.py::TestProbeResult::test_creation PASSED [ 34%]
src/codomyrmex/tests/unit/coverage_push/test_tier2_modules.py::TestProbeResult::test_is_operative_true PASSED [ 34%]
src/codomyrmex/tests/unit/coverage_push/test_tier2_modules.py::TestProbeResult::test_is_operative_false PASSED [ 34%]
src/codomyrmex/tests/unit/coverage_push/test_tier2_modules.py::TestProbeResult::test_latency PASSED [ 34%]
src/codomyrmex/tests/unit/coverage_push/test_tier2_modules.py::TestAgentDescriptor::test_creation PASSED [ 34%]
src/codomyrmex/tests/unit/coverage_push/test_tier2_modules.py::TestAgentDescriptor::test_probe_callable PASSED [ 34%]
src/codomyrmex/tests/unit/coverage_push/test_tier2_modules.py::TestAgentRegistry::test_creation PASSED [ 34%]
src/codomyrmex/tests/unit/coverage_push/test_tier2_modules.py::TestAgentRegistry::test_list_agents PASSED [ 34%]
src/codomyrmex/tests/unit/coverage_push/test_tier2_modules.py::TestAgentRegistry::test_probe_all PASSED [ 34%]
src/codomyrmex/tests/unit/coverage_push/test_tier2_modules.py::TestAgentRegistry::test_get_operative PASSED [ 34%]
src/codomyrmex/tests/unit/coverage_push/test_tier2_modules.py::TestAgentRegistry::test_probe_unknown_agent PASSED [ 34%]
src/codomyrmex/tests/unit/crypto/test_analysis_classical.py::TestCaesarEncryptDecrypt::test_encrypt_shift_zero PASSED [ 34%]
src/codomyrmex/tests/unit/crypto/test_analysis_classical.py::TestCaesarEncryptDecrypt::test_encrypt_shift_one PASSED [ 34%]
src/codomyrmex/tests/unit/crypto/test_analysis_classical.py::TestCaesarEncryptDecrypt::test_encrypt_shift_thirteen PASSED [ 34%]
src/codomyrmex/tests/unit/crypto/test_analysis_classical.py::TestCaesarEncryptDecrypt::test_encrypt_preserves_case PASSED [ 34%]
src/codomyrmex/tests/unit/crypto/test_analysis_classical.py::TestCaesarEncryptDecrypt::test_encrypt_preserves_non_alpha PASSED [ 34%]
src/codomyrmex/tests/unit/crypto/test_analysis_classical.py::TestCaesarEncryptDecrypt::test_encrypt_wraps_around_z PASSED [ 34%]
src/codomyrmex/tests/unit/crypto/test_analysis_classical.py::TestCaesarEncryptDecrypt::test_decrypt_reverses_encrypt PASSED [ 34%]
src/codomyrmex/tests/unit/crypto/test_analysis_classical.py::TestCaesarEncryptDecrypt::test_encrypt_decrypt_roundtrip PASSED [ 34%]
src/codomyrmex/tests/unit/crypto/test_analysis_classical.py::TestBreakCaesar::test_returns_26_results PASSED [ 34%]
src/codomyrmex/tests/unit/crypto/test_analysis_classical.py::TestBreakCaesar::test_results_are_sorted_by_score PASSED [ 34%]
src/codomyrmex/tests/unit/crypto/test_analysis_classical.py::TestBreakCaesar::test_finds_correct_shift PASSED [ 34%]
src/codomyrmex/tests/unit/crypto/test_analysis_classical.py::TestBreakCaesar::test_finds_shift_three PASSED [ 34%]
src/codomyrmex/tests/unit/crypto/test_analysis_classical.py::TestBreakCaesar::test_result_type PASSED [ 34%]
src/codomyrmex/tests/unit/crypto/test_analysis_classical.py::TestVigenereEncryptDecrypt::test_single_char_key_is_caesar PASSED [ 34%]
src/codomyrmex/tests/unit/crypto/test_analysis_classical.py::TestVigenereEncryptDecrypt::test_encrypt_preserves_case PASSED [ 34%]
src/codomyrmex/tests/unit/crypto/test_analysis_classical.py::TestVigenereEncryptDecrypt::test_encrypt_preserves_non_alpha PASSED [ 34%]
src/codomyrmex/tests/unit/crypto/test_analysis_classical.py::TestVigenereEncryptDecrypt::test_roundtrip PASSED [ 34%]
src/codomyrmex/tests/unit/crypto/test_analysis_classical.py::TestVigenereEncryptDecrypt::test_known_answer PASSED [ 34%]
src/codomyrmex/tests/unit/crypto/test_analysis_classical.py::TestVigenereEncryptDecrypt::test_empty_key_raises PASSED [ 34%]
src/codomyrmex/tests/unit/crypto/test_analysis_classical.py::TestVigenereEncryptDecrypt::test_non_alpha_key_raises PASSED [ 34%]
src/codomyrmex/tests/unit/crypto/test_analysis_classical.py::TestBreakVigenere::test_returns_vigenere_result PASSED [ 34%]
src/codomyrmex/tests/unit/crypto/test_analysis_classical.py::TestBreakVigenere::test_breaks_short_key PASSED [ 34%]
src/codomyrmex/tests/unit/crypto/test_analysis_classical.py::TestBreakVigenere::test_breaks_medium_key PASSED [ 34%]
src/codomyrmex/tests/unit/crypto/test_analysis_classical.py::TestDetectCipherType::test_plaintext_detected PASSED [ 34%]
src/codomyrmex/tests/unit/crypto/test_analysis_classical.py::TestDetectCipherType::test_caesar_detected PASSED [ 34%]
src/codomyrmex/tests/unit/crypto/test_analysis_classical.py::TestDetectCipherType::test_short_text_returns_unknown PASSED [ 34%]
src/codomyrmex/tests/unit/crypto/test_analysis_classical.py::TestDetectCipherType::test_returns_valid_type PASSED [ 34%]
src/codomyrmex/tests/unit/crypto/test_analysis_entropy.py::TestShannonEntropy::test_empty_data_returns_zero PASSED [ 34%]
src/codomyrmex/tests/unit/crypto/test_analysis_entropy.py::TestShannonEntropy::test_single_byte_returns_zero PASSED [ 34%]
src/codomyrmex/tests/unit/crypto/test_analysis_entropy.py::TestShannonEntropy::test_all_same_character_returns_zero PASSED [ 34%]
src/codomyrmex/tests/unit/crypto/test_analysis_entropy.py::TestShannonEntropy::test_two_equally_likely_symbols PASSED [ 34%]
src/codomyrmex/tests/unit/crypto/test_analysis_entropy.py::TestShannonEntropy::test_four_equally_likely_symbols PASSED [ 34%]
src/codomyrmex/tests/unit/crypto/test_analysis_entropy.py::TestShannonEntropy::test_string_input PASSED [ 34%]
src/codomyrmex/tests/unit/crypto/test_analysis_entropy.py::TestByteEntropy::test_empty_returns_zero PASSED [ 34%]
src/codomyrmex/tests/unit/crypto/test_analysis_entropy.py::TestByteEntropy::test_single_value_returns_zero PASSED [ 34%]
src/codomyrmex/tests/unit/crypto/test_analysis_entropy.py::TestByteEntropy::test_uniform_random_near_eight PASSED [ 34%]
src/codomyrmex/tests/unit/crypto/test_analysis_entropy.py::TestByteEntropy::test_maximum_is_eight PASSED [ 34%]
src/codomyrmex/tests/unit/crypto/test_analysis_entropy.py::TestByteEntropy::test_two_byte_values PASSED [ 34%]
src/codomyrmex/tests/unit/crypto/test_analysis_entropy.py::TestChiSquaredTest::test_empty_data_raises PASSED [ 34%]
src/codomyrmex/tests/unit/crypto/test_analysis_entropy.py::TestChiSquaredTest::test_uniform_data_passes PASSED [ 34%]
src/codomyrmex/tests/unit/crypto/test_analysis_entropy.py::TestChiSquaredTest::test_biased_data_fails PASSED [ 34%]
src/codomyrmex/tests/unit/crypto/test_analysis_entropy.py::TestChiSquaredTest::test_random_bytes_likely_passes PASSED [ 34%]
src/codomyrmex/tests/unit/crypto/test_analysis_entropy.py::TestChiSquaredTest::test_result_dataclass_fields PASSED [ 34%]
src/codomyrmex/tests/unit/crypto/test_analysis_entropy.py::TestSerialCorrelation::test_empty_returns_zero PASSED [ 34%]
src/codomyrmex/tests/unit/crypto/test_analysis_entropy.py::TestSerialCorrelation::test_single_byte_returns_zero PASSED [ 34%]
src/codomyrmex/tests/unit/crypto/test_analysis_entropy.py::TestSerialCorrelation::test_constant_bytes_returns_zero PASSED [ 34%]
src/codomyrmex/tests/unit/crypto/test_analysis_entropy.py::TestSerialCorrelation::test_sequential_bytes_positive_correlation PASSED [ 34%]
src/codomyrmex/tests/unit/crypto/test_analysis_entropy.py::TestSerialCorrelation::test_alternating_bytes_negative_correlation PASSED [ 34%]
src/codomyrmex/tests/unit/crypto/test_analysis_entropy.py::TestSerialCorrelation::test_range_is_bounded PASSED [ 34%]
src/codomyrmex/tests/unit/crypto/test_analysis_frequency.py::TestCharacterFrequency::test_empty_string PASSED [ 34%]
src/codomyrmex/tests/unit/crypto/test_analysis_frequency.py::TestCharacterFrequency::test_no_alpha_chars PASSED [ 34%]
src/codomyrmex/tests/unit/crypto/test_analysis_frequency.py::TestCharacterFrequency::test_single_char PASSED [ 34%]
src/codomyrmex/tests/unit/crypto/test_analysis_frequency.py::TestCharacterFrequency::test_equal_distribution PASSED [ 34%]
src/codomyrmex/tests/unit/crypto/test_analysis_frequency.py::TestCharacterFrequency::test_case_insensitive PASSED [ 34%]
src/codomyrmex/tests/unit/crypto/test_analysis_frequency.py::TestCharacterFrequency::test_ignores_non_alpha PASSED [ 34%]
src/codomyrmex/tests/unit/crypto/test_analysis_frequency.py::TestCharacterFrequency::test_known_text PASSED [ 34%]
src/codomyrmex/tests/unit/crypto/test_analysis_frequency.py::TestBigramFrequency::test_empty_string PASSED [ 34%]
src/codomyrmex/tests/unit/crypto/test_analysis_frequency.py::TestBigramFrequency::test_single_char PASSED [ 34%]
src/codomyrmex/tests/unit/crypto/test_analysis_frequency.py::TestBigramFrequency::test_two_chars PASSED [ 34%]
src/codomyrmex/tests/unit/crypto/test_analysis_frequency.py::TestBigramFrequency::test_repeated_text PASSED [ 34%]
src/codomyrmex/tests/unit/crypto/test_analysis_frequency.py::TestBigramFrequency::test_case_insensitive PASSED [ 34%]
src/codomyrmex/tests/unit/crypto/test_analysis_frequency.py::TestIndexOfCoincidence::test_empty_string PASSED [ 34%]
src/codomyrmex/tests/unit/crypto/test_analysis_frequency.py::TestIndexOfCoincidence::test_single_char PASSED [ 34%]
src/codomyrmex/tests/unit/crypto/test_analysis_frequency.py::TestIndexOfCoincidence::test_all_same_chars PASSED [ 34%]
src/codomyrmex/tests/unit/crypto/test_analysis_frequency.py::TestIndexOfCoincidence::test_english_text_approximate PASSED [ 34%]
src/codomyrmex/tests/unit/crypto/test_analysis_frequency.py::TestIndexOfCoincidence::test_random_text_lower_ic PASSED [ 34%]
src/codomyrmex/tests/unit/crypto/test_analysis_frequency.py::TestExpectedEnglishFrequency::test_returns_26_letters PASSED [ 34%]
src/codomyrmex/tests/unit/crypto/test_analysis_frequency.py::TestExpectedEnglishFrequency::test_all_lowercase_letters_present PASSED [ 34%]
src/codomyrmex/tests/unit/crypto/test_analysis_frequency.py::TestExpectedEnglishFrequency::test_frequencies_sum_near_100 PASSED [ 34%]
src/codomyrmex/tests/unit/crypto/test_analysis_frequency.py::TestExpectedEnglishFrequency::test_e_is_most_frequent PASSED [ 35%]
src/codomyrmex/tests/unit/crypto/test_analysis_frequency.py::TestExpectedEnglishFrequency::test_z_is_least_frequent PASSED [ 35%]
src/codomyrmex/tests/unit/crypto/test_analysis_strength.py::TestAssessPasswordStrength::test_empty_password_is_very_weak PASSED [ 35%]
src/codomyrmex/tests/unit/crypto/test_analysis_strength.py::TestAssessPasswordStrength::test_common_password_is_very_weak PASSED [ 35%]
src/codomyrmex/tests/unit/crypto/test_analysis_strength.py::TestAssessPasswordStrength::test_short_password_scores_low PASSED [ 35%]
src/codomyrmex/tests/unit/crypto/test_analysis_strength.py::TestAssessPasswordStrength::test_strong_password_scores_high PASSED [ 35%]
src/codomyrmex/tests/unit/crypto/test_analysis_strength.py::TestAssessPasswordStrength::test_all_digits_lacks_diversity PASSED [ 35%]
src/codomyrmex/tests/unit/crypto/test_analysis_strength.py::TestAssessPasswordStrength::test_sequential_chars_penalized PASSED [ 35%]
src/codomyrmex/tests/unit/crypto/test_analysis_strength.py::TestAssessPasswordStrength::test_repeated_chars_penalized PASSED [ 35%]
src/codomyrmex/tests/unit/crypto/test_analysis_strength.py::TestAssessPasswordStrength::test_result_has_correct_fields PASSED [ 35%]
src/codomyrmex/tests/unit/crypto/test_analysis_strength.py::TestAssessPasswordStrength::test_score_within_bounds PASSED [ 35%]
src/codomyrmex/tests/unit/crypto/test_analysis_strength.py::TestAssessPasswordStrength::test_levels_are_valid PASSED [ 35%]
src/codomyrmex/tests/unit/crypto/test_analysis_strength.py::TestEstimateCrackTime::test_empty_password_returns_zero PASSED [ 35%]
src/codomyrmex/tests/unit/crypto/test_analysis_strength.py::TestEstimateCrackTime::test_simple_password_fast_crack PASSED [ 35%]
src/codomyrmex/tests/unit/crypto/test_analysis_strength.py::TestEstimateCrackTime::test_long_password_slow_crack PASSED [ 35%]
src/codomyrmex/tests/unit/crypto/test_analysis_strength.py::TestEstimateCrackTime::test_positive_result_for_nonempty PASSED [ 35%]
src/codomyrmex/tests/unit/crypto/test_analysis_strength.py::TestEstimateCrackTime::test_zero_guesses_per_second PASSED [ 35%]
src/codomyrmex/tests/unit/crypto/test_analysis_strength.py::TestAssessKeyStrength::test_aes_128_valid PASSED [ 35%]
src/codomyrmex/tests/unit/crypto/test_analysis_strength.py::TestAssessKeyStrength::test_aes_256_valid PASSED [ 35%]
src/codomyrmex/tests/unit/crypto/test_analysis_strength.py::TestAssessKeyStrength::test_short_aes_key_weak PASSED [ 35%]
src/codomyrmex/tests/unit/crypto/test_analysis_strength.py::TestAssessKeyStrength::test_all_zero_key_penalized PASSED [ 35%]
src/codomyrmex/tests/unit/crypto/test_analysis_strength.py::TestAssessKeyStrength::test_unknown_algorithm PASSED [ 35%]
src/codomyrmex/tests/unit/crypto/test_analysis_strength.py::TestCheckCommonPasswords::test_password_is_common PASSED [ 35%]
src/codomyrmex/tests/unit/crypto/test_analysis_strength.py::TestCheckCommonPasswords::test_123456_is_common PASSED [ 35%]
src/codomyrmex/tests/unit/crypto/test_analysis_strength.py::TestCheckCommonPasswords::test_iloveyou_is_common PASSED [ 35%]
src/codomyrmex/tests/unit/crypto/test_analysis_strength.py::TestCheckCommonPasswords::test_case_insensitive PASSED [ 35%]
src/codomyrmex/tests/unit/crypto/test_analysis_strength.py::TestCheckCommonPasswords::test_uncommon_password_returns_false PASSED [ 35%]
src/codomyrmex/tests/unit/crypto/test_analysis_strength.py::TestCheckCommonPasswords::test_empty_string_not_common PASSED [ 35%]
src/codomyrmex/tests/unit/crypto/test_currency_addresses.py::TestBitcoinAddress::test_mainnet_address_starts_with_1 PASSED [ 35%]
src/codomyrmex/tests/unit/crypto/test_currency_addresses.py::TestBitcoinAddress::test_testnet_address_starts_with_m_or_n PASSED [ 35%]
src/codomyrmex/tests/unit/crypto/test_currency_addresses.py::TestBitcoinAddress::test_address_length_reasonable PASSED [ 35%]
src/codomyrmex/tests/unit/crypto/test_currency_addresses.py::TestBitcoinAddress::test_generated_address_validates PASSED [ 35%]
src/codomyrmex/tests/unit/crypto/test_currency_addresses.py::TestBitcoinAddress::test_unknown_network_raises PASSED [ 35%]
src/codomyrmex/tests/unit/crypto/test_currency_addresses.py::TestBitcoinAddress::test_tampered_address_fails_validation PASSED [ 35%]
src/codomyrmex/tests/unit/crypto/test_currency_addresses.py::TestBitcoinAddress::test_empty_string_fails_validation PASSED [ 35%]
src/codomyrmex/tests/unit/crypto/test_currency_addresses.py::TestBitcoinAddress::test_random_string_fails_validation PASSED [ 35%]
src/codomyrmex/tests/unit/crypto/test_currency_addresses.py::TestEthereumAddress::test_address_starts_with_0x PASSED [ 35%]
src/codomyrmex/tests/unit/crypto/test_currency_addresses.py::TestEthereumAddress::test_address_is_42_chars PASSED [ 35%]
src/codomyrmex/tests/unit/crypto/test_currency_addresses.py::TestEthereumAddress::test_generated_address_validates PASSED [ 35%]
src/codomyrmex/tests/unit/crypto/test_currency_addresses.py::TestEthereumAddress::test_stripped_64_byte_key_accepted PASSED [ 35%]
src/codomyrmex/tests/unit/crypto/test_currency_addresses.py::TestEthereumAddress::test_wrong_key_length_raises PASSED [ 35%]
src/codomyrmex/tests/unit/crypto/test_currency_addresses.py::TestEthereumValidation::test_all_lowercase_valid PASSED [ 35%]
src/codomyrmex/tests/unit/crypto/test_currency_addresses.py::TestEthereumValidation::test_all_uppercase_valid PASSED [ 35%]
src/codomyrmex/tests/unit/crypto/test_currency_addresses.py::TestEthereumValidation::test_no_0x_prefix_invalid PASSED [ 35%]
src/codomyrmex/tests/unit/crypto/test_currency_addresses.py::TestEthereumValidation::test_short_address_invalid PASSED [ 35%]
src/codomyrmex/tests/unit/crypto/test_currency_addresses.py::TestEthereumValidation::test_long_address_invalid PASSED [ 35%]
src/codomyrmex/tests/unit/crypto/test_currency_addresses.py::TestEthereumValidation::test_non_hex_invalid PASSED [ 35%]
src/codomyrmex/tests/unit/crypto/test_currency_addresses.py::TestChecksumEthereumAddress::test_produces_0x_prefix PASSED [ 35%]
src/codomyrmex/tests/unit/crypto/test_currency_addresses.py::TestChecksumEthereumAddress::test_idempotent PASSED [ 35%]
src/codomyrmex/tests/unit/crypto/test_currency_addresses.py::TestChecksumEthereumAddress::test_checksummed_validates PASSED [ 35%]
src/codomyrmex/tests/unit/crypto/test_currency_addresses.py::TestChecksumEthereumAddress::test_invalid_length_raises PASSED [ 35%]
src/codomyrmex/tests/unit/crypto/test_currency_blockchain.py::TestBlockCreation::test_create_block_sets_index PASSED [ 35%]
src/codomyrmex/tests/unit/crypto/test_currency_blockchain.py::TestBlockCreation::test_create_block_computes_hash PASSED [ 35%]
src/codomyrmex/tests/unit/crypto/test_currency_blockchain.py::TestBlockCreation::test_hash_is_deterministic_for_same_block PASSED [ 35%]
src/codomyrmex/tests/unit/crypto/test_currency_blockchain.py::TestBlockCreation::test_different_data_different_hash PASSED [ 35%]
src/codomyrmex/tests/unit/crypto/test_currency_blockchain.py::TestBlockCreation::test_different_nonce_different_hash PASSED [ 35%]
src/codomyrmex/tests/unit/crypto/test_currency_blockchain.py::TestMerkleTree::test_single_leaf_root_equals_leaf PASSED [ 35%]
src/codomyrmex/tests/unit/crypto/test_currency_blockchain.py::TestMerkleTree::test_two_leaves_root_is_hash_of_pair PASSED [ 35%]
src/codomyrmex/tests/unit/crypto/test_currency_blockchain.py::TestMerkleTree::test_four_leaves_known_structure PASSED [ 35%]
src/codomyrmex/tests/unit/crypto/test_currency_blockchain.py::TestMerkleTree::test_odd_leaf_count_duplicates_last PASSED [ 35%]
src/codomyrmex/tests/unit/crypto/test_currency_blockchain.py::TestMerkleTree::test_empty_leaves_raises PASSED [ 35%]
src/codomyrmex/tests/unit/crypto/test_currency_blockchain.py::TestMerkleTree::test_levels_count PASSED [ 35%]
src/codomyrmex/tests/unit/crypto/test_currency_blockchain.py::TestMerkleProof::test_valid_proof_for_each_leaf PASSED [ 35%]
src/codomyrmex/tests/unit/crypto/test_currency_blockchain.py::TestMerkleProof::test_tampered_leaf_fails_verification PASSED [ 35%]
src/codomyrmex/tests/unit/crypto/test_currency_blockchain.py::TestMerkleProof::test_tampered_root_fails_verification PASSED [ 35%]
src/codomyrmex/tests/unit/crypto/test_currency_blockchain.py::TestMerkleProof::test_out_of_range_index_raises PASSED [ 35%]
src/codomyrmex/tests/unit/crypto/test_currency_blockchain.py::TestMerkleProof::test_proof_for_odd_tree PASSED [ 35%]
src/codomyrmex/tests/unit/crypto/test_currency_tokens.py::TestCreateERC20Interface::test_basic_creation PASSED [ 35%]
src/codomyrmex/tests/unit/crypto/test_currency_tokens.py::TestCreateERC20Interface::test_default_decimals_is_18 PASSED [ 35%]
src/codomyrmex/tests/unit/crypto/test_currency_tokens.py::TestCreateERC20Interface::test_negative_decimals_raises PASSED [ 35%]
src/codomyrmex/tests/unit/crypto/test_currency_tokens.py::TestEncodeTransfer::test_encoded_length_is_68_bytes PASSED [ 35%]
src/codomyrmex/tests/unit/crypto/test_currency_tokens.py::TestEncodeTransfer::test_function_selector_is_4_bytes PASSED [ 35%]
src/codomyrmex/tests/unit/crypto/test_currency_tokens.py::TestEncodeTransfer::test_address_embedded_correctly PASSED [ 35%]
src/codomyrmex/tests/unit/crypto/test_currency_tokens.py::TestEncodeTransfer::test_amount_embedded_correctly PASSED [ 35%]
src/codomyrmex/tests/unit/crypto/test_currency_tokens.py::TestEncodeTransfer::test_invalid_address_length_raises PASSED [ 35%]
src/codomyrmex/tests/unit/crypto/test_currency_tokens.py::TestEncodeTransfer::test_negative_amount_raises PASSED [ 35%]
src/codomyrmex/tests/unit/crypto/test_currency_tokens.py::TestEncodeTransfer::test_zero_amount_allowed PASSED [ 35%]
src/codomyrmex/tests/unit/crypto/test_currency_tokens.py::TestDecodeTransferEvent::test_basic_decode PASSED [ 35%]
src/codomyrmex/tests/unit/crypto/test_currency_tokens.py::TestDecodeTransferEvent::test_zero_value PASSED [ 35%]
src/codomyrmex/tests/unit/crypto/test_currency_tokens.py::TestDecodeTransferEvent::test_large_value PASSED [ 35%]
src/codomyrmex/tests/unit/crypto/test_currency_tokens.py::TestDecodeTransferEvent::test_wrong_length_raises PASSED [ 35%]
src/codomyrmex/tests/unit/crypto/test_currency_tokens.py::TestDecodeTransferEvent::test_encode_decode_roundtrip PASSED [ 35%]
src/codomyrmex/tests/unit/crypto/test_currency_transactions.py::TestCreateTransaction::test_creates_with_tx_id PASSED [ 35%]
src/codomyrmex/tests/unit/crypto/test_currency_transactions.py::TestCreateTransaction::test_fields_match PASSED [ 35%]
src/codomyrmex/tests/unit/crypto/test_currency_transactions.py::TestCreateTransaction::test_timestamp_set PASSED [ 35%]
src/codomyrmex/tests/unit/crypto/test_currency_transactions.py::TestCreateTransaction::test_zero_amount_raises PASSED [ 35%]
src/codomyrmex/tests/unit/crypto/test_currency_transactions.py::TestCreateTransaction::test_negative_amount_raises PASSED [ 35%]
src/codomyrmex/tests/unit/crypto/test_currency_transactions.py::TestSerialization::test_roundtrip_preserves_fields PASSED [ 35%]
src/codomyrmex/tests/unit/crypto/test_currency_transactions.py::TestSerialization::test_roundtrip_tx_id_matches PASSED [ 35%]
src/codomyrmex/tests/unit/crypto/test_currency_transactions.py::TestSerialization::test_serialized_is_bytes PASSED [ 35%]
src/codomyrmex/tests/unit/crypto/test_currency_transactions.py::TestSerialization::test_invalid_bytes_raises PASSED [ 35%]
src/codomyrmex/tests/unit/crypto/test_currency_transactions.py::TestSignAndVerify::test_sign_produces_signature PASSED [ 35%]
src/codomyrmex/tests/unit/crypto/test_currency_transactions.py::TestSignAndVerify::test_verify_valid_signature PASSED [ 35%]
src/codomyrmex/tests/unit/crypto/test_currency_transactions.py::TestSignAndVerify::test_verify_with_embedded_key PASSED [ 35%]
src/codomyrmex/tests/unit/crypto/test_currency_transactions.py::TestSignAndVerify::test_tampered_amount_fails PASSED [ 35%]
src/codomyrmex/tests/unit/crypto/test_currency_transactions.py::TestSignAndVerify::test_tampered_recipient_fails PASSED [ 35%]
src/codomyrmex/tests/unit/crypto/test_currency_transactions.py::TestSignAndVerify::test_wrong_key_fails PASSED [ 35%]
src/codomyrmex/tests/unit/crypto/test_currency_wallet.py::TestGenerateMnemonic::test_default_24_words PASSED [ 35%]
src/codomyrmex/tests/unit/crypto/test_currency_wallet.py::TestGenerateMnemonic::test_12_words_with_128_bits PASSED [ 35%]
src/codomyrmex/tests/unit/crypto/test_currency_wallet.py::TestGenerateMnemonic::test_all_words_are_strings PASSED [ 36%]
src/codomyrmex/tests/unit/crypto/test_currency_wallet.py::TestGenerateMnemonic::test_different_mnemonics_each_call PASSED [ 36%]
src/codomyrmex/tests/unit/crypto/test_currency_wallet.py::TestMnemonicToSeed::test_seed_length_is_64_bytes PASSED [ 36%]
src/codomyrmex/tests/unit/crypto/test_currency_wallet.py::TestMnemonicToSeed::test_deterministic_seed PASSED [ 36%]
src/codomyrmex/tests/unit/crypto/test_currency_wallet.py::TestMnemonicToSeed::test_passphrase_changes_seed PASSED [ 36%]
src/codomyrmex/tests/unit/crypto/test_currency_wallet.py::TestHDWallet::test_master_key_depth_zero PASSED [ 36%]
src/codomyrmex/tests/unit/crypto/test_currency_wallet.py::TestHDWallet::test_private_key_32_bytes PASSED [ 36%]
src/codomyrmex/tests/unit/crypto/test_currency_wallet.py::TestHDWallet::test_chain_code_32_bytes PASSED [ 36%]
src/codomyrmex/tests/unit/crypto/test_currency_wallet.py::TestHDWallet::test_child_derivation_increments_depth PASSED [ 36%]
src/codomyrmex/tests/unit/crypto/test_currency_wallet.py::TestHDWallet::test_hardened_derivation PASSED [ 36%]
src/codomyrmex/tests/unit/crypto/test_currency_wallet.py::TestHDWallet::test_different_indices_produce_different_keys PASSED [ 36%]
src/codomyrmex/tests/unit/crypto/test_currency_wallet.py::TestHDWallet::test_parent_fingerprint_set_on_child PASSED [ 36%]
src/codomyrmex/tests/unit/crypto/test_currency_wallet.py::TestHDWallet::test_multi_level_derivation PASSED [ 36%]
src/codomyrmex/tests/unit/crypto/test_currency_wallet.py::TestAddressGeneration::test_bitcoin_address_starts_with_1 PASSED [ 36%]
src/codomyrmex/tests/unit/crypto/test_currency_wallet.py::TestAddressGeneration::test_ethereum_address_starts_with_0x PASSED [ 36%]
src/codomyrmex/tests/unit/crypto/test_currency_wallet.py::TestAddressGeneration::test_unsupported_network_raises PASSED [ 36%]
src/codomyrmex/tests/unit/crypto/test_currency_wallet.py::TestExtendedKeys::test_xpub_starts_with_xpub PASSED [ 36%]
src/codomyrmex/tests/unit/crypto/test_currency_wallet.py::TestExtendedKeys::test_xpriv_starts_with_xprv PASSED [ 36%]
src/codomyrmex/tests/unit/crypto/test_currency_wallet.py::TestExtendedKeys::test_xpub_xpriv_differ PASSED [ 36%]
src/codomyrmex/tests/unit/crypto/test_currency_wallet.py::TestExtendedKeys::test_child_xpub_differs_from_parent PASSED [ 36%]
src/codomyrmex/tests/unit/crypto/test_currency_wallet.py::TestCreateHDWallet::test_without_mnemonic_generates_wallet PASSED [ 36%]
src/codomyrmex/tests/unit/crypto/test_currency_wallet.py::TestCreateHDWallet::test_with_mnemonic PASSED [ 36%]
src/codomyrmex/tests/unit/crypto/test_currency_wallet.py::TestCreateHDWallet::test_same_mnemonic_same_wallet PASSED [ 36%]
src/codomyrmex/tests/unit/crypto/test_encoding.py::TestBase64::test_roundtrip PASSED [ 36%]
src/codomyrmex/tests/unit/crypto/test_encoding.py::TestBase64::test_empty PASSED [ 36%]
src/codomyrmex/tests/unit/crypto/test_encoding.py::TestBase64::test_binary_data PASSED [ 36%]
src/codomyrmex/tests/unit/crypto/test_encoding.py::TestBase64::test_known_vector PASSED [ 36%]
src/codomyrmex/tests/unit/crypto/test_encoding.py::TestBase64::test_decode_invalid_raises PASSED [ 36%]
src/codomyrmex/tests/unit/crypto/test_encoding.py::TestBase58::test_empty_bytes PASSED [ 36%]
src/codomyrmex/tests/unit/crypto/test_encoding.py::TestBase58::test_single_zero_byte PASSED [ 36%]
src/codomyrmex/tests/unit/crypto/test_encoding.py::TestBase58::test_multiple_leading_zeros PASSED [ 36%]
src/codomyrmex/tests/unit/crypto/test_encoding.py::TestBase58::test_known_vector_hello PASSED [ 36%]
src/codomyrmex/tests/unit/crypto/test_encoding.py::TestBase58::test_roundtrip_binary PASSED [ 36%]
src/codomyrmex/tests/unit/crypto/test_encoding.py::TestBase58::test_roundtrip_with_leading_zeros PASSED [ 36%]
src/codomyrmex/tests/unit/crypto/test_encoding.py::TestBase58::test_decode_invalid_char_raises PASSED [ 36%]
src/codomyrmex/tests/unit/crypto/test_encoding.py::TestBase32::test_roundtrip PASSED [ 36%]
src/codomyrmex/tests/unit/crypto/test_encoding.py::TestBase32::test_empty PASSED [ 36%]
src/codomyrmex/tests/unit/crypto/test_encoding.py::TestBase32::test_known_vector PASSED [ 36%]
src/codomyrmex/tests/unit/crypto/test_encoding.py::TestBase32::test_decode_invalid_raises PASSED [ 36%]
src/codomyrmex/tests/unit/crypto/test_encoding.py::TestHex::test_roundtrip PASSED [ 36%]
src/codomyrmex/tests/unit/crypto/test_encoding.py::TestHex::test_empty PASSED [ 36%]
src/codomyrmex/tests/unit/crypto/test_encoding.py::TestHex::test_known_vector PASSED [ 36%]
src/codomyrmex/tests/unit/crypto/test_encoding.py::TestHex::test_decode_uppercase PASSED [ 36%]
src/codomyrmex/tests/unit/crypto/test_encoding.py::TestHex::test_decode_invalid_raises PASSED [ 36%]
src/codomyrmex/tests/unit/crypto/test_encoding.py::TestHex::test_is_valid_hex_true PASSED [ 36%]
src/codomyrmex/tests/unit/crypto/test_encoding.py::TestHex::test_is_valid_hex_false PASSED [ 36%]
src/codomyrmex/tests/unit/crypto/test_encoding.py::TestPEM::test_roundtrip PASSED [ 36%]
src/codomyrmex/tests/unit/crypto/test_encoding.py::TestPEM::test_encode_format PASSED [ 36%]
src/codomyrmex/tests/unit/crypto/test_encoding.py::TestPEM::test_line_wrapping PASSED [ 36%]
src/codomyrmex/tests/unit/crypto/test_encoding.py::TestPEM::test_identify_pem_type PASSED [ 36%]
src/codomyrmex/tests/unit/crypto/test_encoding.py::TestPEM::test_identify_certificate PASSED [ 36%]
src/codomyrmex/tests/unit/crypto/test_encoding.py::TestPEM::test_decode_no_markers_raises PASSED [ 36%]
src/codomyrmex/tests/unit/crypto/test_encoding.py::TestPEM::test_identify_no_header_raises PASSED [ 36%]
src/codomyrmex/tests/unit/crypto/test_encoding.py::TestPEM::test_roundtrip_binary PASSED [ 36%]
src/codomyrmex/tests/unit/crypto/test_graphy_asymmetric.py::TestRSAKeypair::test_generate PASSED [ 36%]
src/codomyrmex/tests/unit/crypto/test_graphy_asymmetric.py::TestRSAKeypair::test_key_size PASSED [ 36%]
src/codomyrmex/tests/unit/crypto/test_graphy_asymmetric.py::TestRSAKeypair::test_encrypt_decrypt_roundtrip PASSED [ 36%]
src/codomyrmex/tests/unit/crypto/test_graphy_asymmetric.py::TestRSAKeypair::test_encrypt_decrypt_empty PASSED [ 36%]
src/codomyrmex/tests/unit/crypto/test_graphy_asymmetric.py::TestRSAKeypair::test_wrong_key_decrypt_fails PASSED [ 36%]
src/codomyrmex/tests/unit/crypto/test_graphy_asymmetric.py::TestEd25519Keypair::test_generate PASSED [ 36%]
src/codomyrmex/tests/unit/crypto/test_graphy_asymmetric.py::TestX25519Keypair::test_generate PASSED [ 36%]
src/codomyrmex/tests/unit/crypto/test_graphy_asymmetric.py::TestX25519Keypair::test_key_exchange PASSED [ 36%]
src/codomyrmex/tests/unit/crypto/test_graphy_asymmetric.py::TestECKeypair::test_generate_secp256r1 PASSED [ 36%]
src/codomyrmex/tests/unit/crypto/test_graphy_asymmetric.py::TestECKeypair::test_generate_secp384r1 PASSED [ 36%]
src/codomyrmex/tests/unit/crypto/test_graphy_asymmetric.py::TestECKeypair::test_unsupported_curve PASSED [ 36%]
src/codomyrmex/tests/unit/crypto/test_graphy_asymmetric.py::TestKeySerialization::test_public_key_pem_roundtrip PASSED [ 36%]
src/codomyrmex/tests/unit/crypto/test_graphy_asymmetric.py::TestKeySerialization::test_public_key_der_roundtrip PASSED [ 36%]
src/codomyrmex/tests/unit/crypto/test_graphy_asymmetric.py::TestKeySerialization::test_private_key_pem_roundtrip PASSED [ 36%]
src/codomyrmex/tests/unit/crypto/test_graphy_asymmetric.py::TestKeySerialization::test_private_key_encrypted_roundtrip PASSED [ 36%]
src/codomyrmex/tests/unit/crypto/test_graphy_asymmetric.py::TestKeySerialization::test_ed25519_pem_roundtrip PASSED [ 36%]
src/codomyrmex/tests/unit/crypto/test_graphy_asymmetric.py::TestKeySerialization::test_ec_pem_roundtrip PASSED [ 36%]
src/codomyrmex/tests/unit/crypto/test_graphy_asymmetric.py::TestKeySerialization::test_load_invalid_data PASSED [ 36%]
src/codomyrmex/tests/unit/crypto/test_graphy_asymmetric.py::TestKeySerialization::test_load_wrong_password PASSED [ 36%]
src/codomyrmex/tests/unit/crypto/test_graphy_certificates.py::TestSelfSignedCert::test_generate_rsa PASSED [ 36%]
src/codomyrmex/tests/unit/crypto/test_graphy_certificates.py::TestSelfSignedCert::test_generate_ec PASSED [ 36%]
src/codomyrmex/tests/unit/crypto/test_graphy_certificates.py::TestSelfSignedCert::test_self_signed_issuer_equals_subject PASSED [ 36%]
src/codomyrmex/tests/unit/crypto/test_graphy_certificates.py::TestSelfSignedCert::test_validity_period PASSED [ 36%]
src/codomyrmex/tests/unit/crypto/test_graphy_certificates.py::TestSelfSignedCert::test_basic_constraints_ca PASSED [ 36%]
src/codomyrmex/tests/unit/crypto/test_graphy_certificates.py::TestCSR::test_generate_basic PASSED [ 36%]
src/codomyrmex/tests/unit/crypto/test_graphy_certificates.py::TestCSR::test_generate_with_attrs PASSED [ 36%]
src/codomyrmex/tests/unit/crypto/test_graphy_certificates.py::TestCSR::test_csr_is_valid PASSED [ 36%]
src/codomyrmex/tests/unit/crypto/test_graphy_certificates.py::TestCSR::test_ec_csr PASSED [ 36%]
src/codomyrmex/tests/unit/crypto/test_graphy_certificates.py::TestCertificatePEM::test_export_and_reimport PASSED [ 36%]
src/codomyrmex/tests/unit/crypto/test_graphy_certificates.py::TestCertificatePEM::test_export_ec_cert PASSED [ 36%]
src/codomyrmex/tests/unit/crypto/test_graphy_certificates.py::TestCertificatePEM::test_load_invalid_pem PASSED [ 36%]
src/codomyrmex/tests/unit/crypto/test_graphy_certificates.py::TestCertificateChainValidation::test_single_self_signed_valid PASSED [ 36%]
src/codomyrmex/tests/unit/crypto/test_graphy_certificates.py::TestCertificateChainValidation::test_empty_chain PASSED [ 36%]
src/codomyrmex/tests/unit/crypto/test_graphy_certificates.py::TestCertificateChainValidation::test_two_cert_chain PASSED [ 36%]
src/codomyrmex/tests/unit/crypto/test_graphy_certificates.py::TestCertificateChainValidation::test_mismatched_chain_issuer PASSED [ 36%]
src/codomyrmex/tests/unit/crypto/test_graphy_hashing.py::TestSHA256::test_known_vector_empty PASSED [ 36%]
src/codomyrmex/tests/unit/crypto/test_graphy_hashing.py::TestSHA256::test_known_vector_abc PASSED [ 36%]
src/codomyrmex/tests/unit/crypto/test_graphy_hashing.py::TestSHA256::test_hex_length PASSED [ 36%]
src/codomyrmex/tests/unit/crypto/test_graphy_hashing.py::TestSHA3_256::test_known_vector_empty PASSED [ 36%]
src/codomyrmex/tests/unit/crypto/test_graphy_hashing.py::TestSHA3_256::test_hex_length PASSED [ 36%]
src/codomyrmex/tests/unit/crypto/test_graphy_hashing.py::TestSHA512::test_known_vector_empty PASSED [ 36%]
src/codomyrmex/tests/unit/crypto/test_graphy_hashing.py::TestSHA512::test_hex_length PASSED [ 36%]
src/codomyrmex/tests/unit/crypto/test_graphy_hashing.py::TestBLAKE2b::test_default_digest_size PASSED [ 36%]
src/codomyrmex/tests/unit/crypto/test_graphy_hashing.py::TestBLAKE2b::test_custom_digest_size PASSED [ 36%]
src/codomyrmex/tests/unit/crypto/test_graphy_hashing.py::TestBLAKE2b::test_invalid_digest_size PASSED [ 37%]
src/codomyrmex/tests/unit/crypto/test_graphy_hashing.py::TestBLAKE2b::test_deterministic PASSED [ 37%]
src/codomyrmex/tests/unit/crypto/test_graphy_hashing.py::TestMD5::test_known_vector_empty PASSED [ 37%]
src/codomyrmex/tests/unit/crypto/test_graphy_hashing.py::TestMD5::test_known_vector_abc PASSED [ 37%]
src/codomyrmex/tests/unit/crypto/test_graphy_hashing.py::TestMD5::test_deprecation_warning PASSED [ 37%]
src/codomyrmex/tests/unit/crypto/test_graphy_hashing.py::TestHashData::test_dispatch_sha256 PASSED [ 37%]
src/codomyrmex/tests/unit/crypto/test_graphy_hashing.py::TestHashData::test_dispatch_sha3_256 PASSED [ 37%]
src/codomyrmex/tests/unit/crypto/test_graphy_hashing.py::TestHashData::test_dispatch_sha512 PASSED [ 37%]
src/codomyrmex/tests/unit/crypto/test_graphy_hashing.py::TestHashData::test_dispatch_blake2b PASSED [ 37%]
src/codomyrmex/tests/unit/crypto/test_graphy_hashing.py::TestHashData::test_dispatch_md5 PASSED [ 37%]
src/codomyrmex/tests/unit/crypto/test_graphy_hashing.py::TestHashData::test_default_is_sha256 PASSED [ 37%]
src/codomyrmex/tests/unit/crypto/test_graphy_hashing.py::TestHashData::test_unknown_algorithm PASSED [ 37%]
src/codomyrmex/tests/unit/crypto/test_graphy_hashing.py::TestVerifyHash::test_correct_hash_passes PASSED [ 37%]
src/codomyrmex/tests/unit/crypto/test_graphy_hashing.py::TestVerifyHash::test_wrong_hash_fails PASSED [ 37%]
src/codomyrmex/tests/unit/crypto/test_graphy_hashing.py::TestVerifyHash::test_different_algorithm PASSED [ 37%]
src/codomyrmex/tests/unit/crypto/test_graphy_hashing.py::TestVerifyHash::test_tampered_data_fails PASSED [ 37%]
src/codomyrmex/tests/unit/crypto/test_graphy_hashing.py::TestHashAlgorithmEnum::test_values PASSED [ 37%]
src/codomyrmex/tests/unit/crypto/test_graphy_kdf.py::TestPBKDF2::test_basic_derivation PASSED [ 37%]
src/codomyrmex/tests/unit/crypto/test_graphy_kdf.py::TestPBKDF2::test_deterministic_with_fixed_salt PASSED [ 37%]
src/codomyrmex/tests/unit/crypto/test_graphy_kdf.py::TestPBKDF2::test_different_passwords_different_keys PASSED [ 37%]
src/codomyrmex/tests/unit/crypto/test_graphy_kdf.py::TestPBKDF2::test_different_salts_different_keys PASSED [ 37%]
src/codomyrmex/tests/unit/crypto/test_graphy_kdf.py::TestPBKDF2::test_different_iterations_different_keys PASSED [ 37%]
src/codomyrmex/tests/unit/crypto/test_graphy_kdf.py::TestPBKDF2::test_auto_salt_generation PASSED [ 37%]
src/codomyrmex/tests/unit/crypto/test_graphy_kdf.py::TestPBKDF2::test_custom_key_length PASSED [ 37%]
src/codomyrmex/tests/unit/crypto/test_graphy_kdf.py::TestScrypt::test_basic_derivation PASSED [ 37%]
src/codomyrmex/tests/unit/crypto/test_graphy_kdf.py::TestScrypt::test_deterministic_with_fixed_salt PASSED [ 37%]
src/codomyrmex/tests/unit/crypto/test_graphy_kdf.py::TestScrypt::test_different_passwords_different_keys PASSED [ 37%]
src/codomyrmex/tests/unit/crypto/test_graphy_kdf.py::TestScrypt::test_different_params_different_keys PASSED [ 37%]
src/codomyrmex/tests/unit/crypto/test_graphy_kdf.py::TestScrypt::test_auto_salt PASSED [ 37%]
src/codomyrmex/tests/unit/crypto/test_graphy_kdf.py::TestArgon2id::test_basic_derivation PASSED [ 37%]
src/codomyrmex/tests/unit/crypto/test_graphy_kdf.py::TestArgon2id::test_deterministic_with_fixed_salt PASSED [ 37%]
src/codomyrmex/tests/unit/crypto/test_graphy_kdf.py::TestArgon2id::test_different_passwords_different_keys PASSED [ 37%]
src/codomyrmex/tests/unit/crypto/test_graphy_kdf.py::TestArgon2id::test_auto_salt PASSED [ 37%]
src/codomyrmex/tests/unit/crypto/test_graphy_kdf.py::TestHKDF::test_basic_derivation PASSED [ 37%]
src/codomyrmex/tests/unit/crypto/test_graphy_kdf.py::TestHKDF::test_deterministic PASSED [ 37%]
src/codomyrmex/tests/unit/crypto/test_graphy_kdf.py::TestHKDF::test_different_info_different_keys PASSED [ 37%]
src/codomyrmex/tests/unit/crypto/test_graphy_kdf.py::TestHKDF::test_custom_length PASSED [ 37%]
src/codomyrmex/tests/unit/crypto/test_graphy_kdf.py::TestHKDF::test_no_salt PASSED [ 37%]
src/codomyrmex/tests/unit/crypto/test_graphy_mac.py::TestHMACSHA256::test_compute PASSED [ 37%]
src/codomyrmex/tests/unit/crypto/test_graphy_mac.py::TestHMACSHA256::test_deterministic PASSED [ 37%]
src/codomyrmex/tests/unit/crypto/test_graphy_mac.py::TestHMACSHA256::test_different_data_different_mac PASSED [ 37%]
src/codomyrmex/tests/unit/crypto/test_graphy_mac.py::TestHMACSHA256::test_different_keys_different_mac PASSED [ 37%]
src/codomyrmex/tests/unit/crypto/test_graphy_mac.py::TestHMACSHA256::test_verify_valid PASSED [ 37%]
src/codomyrmex/tests/unit/crypto/test_graphy_mac.py::TestHMACSHA256::test_verify_tampered_data PASSED [ 37%]
src/codomyrmex/tests/unit/crypto/test_graphy_mac.py::TestHMACSHA256::test_verify_tampered_mac PASSED [ 37%]
src/codomyrmex/tests/unit/crypto/test_graphy_mac.py::TestHMACSHA256::test_verify_wrong_key PASSED [ 37%]
src/codomyrmex/tests/unit/crypto/test_graphy_mac.py::TestHMACSHA256::test_empty_data PASSED [ 37%]
src/codomyrmex/tests/unit/crypto/test_graphy_mac.py::TestPoly1305::test_compute PASSED [ 37%]
src/codomyrmex/tests/unit/crypto/test_graphy_mac.py::TestPoly1305::test_wrong_key_size PASSED [ 37%]
src/codomyrmex/tests/unit/crypto/test_graphy_mac.py::TestPoly1305::test_different_data_different_tags PASSED [ 37%]
src/codomyrmex/tests/unit/crypto/test_graphy_mac.py::TestCMAC::test_compute_aes128 PASSED [ 37%]
src/codomyrmex/tests/unit/crypto/test_graphy_mac.py::TestCMAC::test_compute_aes256 PASSED [ 37%]
src/codomyrmex/tests/unit/crypto/test_graphy_mac.py::TestCMAC::test_deterministic PASSED [ 37%]
src/codomyrmex/tests/unit/crypto/test_graphy_mac.py::TestCMAC::test_different_data PASSED [ 37%]
src/codomyrmex/tests/unit/crypto/test_graphy_mac.py::TestCMAC::test_invalid_key_size PASSED [ 37%]
src/codomyrmex/tests/unit/crypto/test_graphy_signatures.py::TestECDSA::test_sign_and_verify PASSED [ 37%]
src/codomyrmex/tests/unit/crypto/test_graphy_signatures.py::TestECDSA::test_tampered_message_fails PASSED [ 37%]
src/codomyrmex/tests/unit/crypto/test_graphy_signatures.py::TestECDSA::test_tampered_signature_fails PASSED [ 37%]
src/codomyrmex/tests/unit/crypto/test_graphy_signatures.py::TestECDSA::test_wrong_key_fails PASSED [ 37%]
src/codomyrmex/tests/unit/crypto/test_graphy_signatures.py::TestECDSA::test_empty_message PASSED [ 37%]
src/codomyrmex/tests/unit/crypto/test_graphy_signatures.py::TestEd25519::test_sign_and_verify PASSED [ 37%]
src/codomyrmex/tests/unit/crypto/test_graphy_signatures.py::TestEd25519::test_tampered_message_fails PASSED [ 37%]
src/codomyrmex/tests/unit/crypto/test_graphy_signatures.py::TestEd25519::test_tampered_signature_fails PASSED [ 37%]
src/codomyrmex/tests/unit/crypto/test_graphy_signatures.py::TestEd25519::test_wrong_key_fails PASSED [ 37%]
src/codomyrmex/tests/unit/crypto/test_graphy_signatures.py::TestRSAPSS::test_sign_and_verify PASSED [ 37%]
src/codomyrmex/tests/unit/crypto/test_graphy_signatures.py::TestRSAPSS::test_tampered_message_fails PASSED [ 37%]
src/codomyrmex/tests/unit/crypto/test_graphy_signatures.py::TestRSAPSS::test_tampered_signature_fails PASSED [ 37%]
src/codomyrmex/tests/unit/crypto/test_graphy_signatures.py::TestRSAPSS::test_wrong_key_fails PASSED [ 37%]
src/codomyrmex/tests/unit/crypto/test_graphy_signatures.py::TestRSAPSS::test_different_messages_different_sigs PASSED [ 37%]
src/codomyrmex/tests/unit/crypto/test_graphy_symmetric.py::TestGenerateSymmetricKey::test_key_128 PASSED [ 37%]
src/codomyrmex/tests/unit/crypto/test_graphy_symmetric.py::TestGenerateSymmetricKey::test_key_192 PASSED [ 37%]
src/codomyrmex/tests/unit/crypto/test_graphy_symmetric.py::TestGenerateSymmetricKey::test_key_256 PASSED [ 37%]
src/codomyrmex/tests/unit/crypto/test_graphy_symmetric.py::TestGenerateSymmetricKey::test_invalid_key_size PASSED [ 37%]
src/codomyrmex/tests/unit/crypto/test_graphy_symmetric.py::TestGenerateSymmetricKey::test_keys_are_unique PASSED [ 37%]
src/codomyrmex/tests/unit/crypto/test_graphy_symmetric.py::TestAESGCM::test_encrypt_decrypt_roundtrip PASSED [ 37%]
src/codomyrmex/tests/unit/crypto/test_graphy_symmetric.py::TestAESGCM::test_encrypt_decrypt_with_aad PASSED [ 37%]
src/codomyrmex/tests/unit/crypto/test_graphy_symmetric.py::TestAESGCM::test_wrong_aad_fails PASSED [ 37%]
src/codomyrmex/tests/unit/crypto/test_graphy_symmetric.py::TestAESGCM::test_wrong_key_fails PASSED [ 37%]
src/codomyrmex/tests/unit/crypto/test_graphy_symmetric.py::TestAESGCM::test_tampered_ciphertext_fails PASSED [ 37%]
src/codomyrmex/tests/unit/crypto/test_graphy_symmetric.py::TestAESGCM::test_128_bit_key PASSED [ 37%]
src/codomyrmex/tests/unit/crypto/test_graphy_symmetric.py::TestAESGCM::test_empty_plaintext PASSED [ 37%]
src/codomyrmex/tests/unit/crypto/test_graphy_symmetric.py::TestAESGCM::test_large_plaintext PASSED [ 37%]
src/codomyrmex/tests/unit/crypto/test_graphy_symmetric.py::TestChaCha20::test_encrypt_decrypt_roundtrip PASSED [ 37%]
src/codomyrmex/tests/unit/crypto/test_graphy_symmetric.py::TestChaCha20::test_encrypt_decrypt_with_aad PASSED [ 37%]
src/codomyrmex/tests/unit/crypto/test_graphy_symmetric.py::TestChaCha20::test_wrong_key_fails PASSED [ 37%]
src/codomyrmex/tests/unit/crypto/test_graphy_symmetric.py::TestChaCha20::test_tampered_ciphertext_fails PASSED [ 37%]
src/codomyrmex/tests/unit/crypto/test_graphy_symmetric.py::TestChaCha20::test_empty_plaintext PASSED [ 37%]
src/codomyrmex/tests/unit/crypto/test_protocols_key_exchange.py::TestDHKeyExchange::test_generate_parameters_returns_parameters PASSED [ 37%]
src/codomyrmex/tests/unit/crypto/test_protocols_key_exchange.py::TestDHKeyExchange::test_generate_keypair_returns_dh_keypair PASSED [ 37%]
src/codomyrmex/tests/unit/crypto/test_protocols_key_exchange.py::TestDHKeyExchange::test_shared_secret_agreement PASSED [ 37%]
src/codomyrmex/tests/unit/crypto/test_protocols_key_exchange.py::TestDHKeyExchange::test_different_keypairs_yield_different_public_keys PASSED [ 37%]
src/codomyrmex/tests/unit/crypto/test_protocols_key_exchange.py::TestDHKeyExchange::test_invalid_key_size_raises PASSED [ 37%]
src/codomyrmex/tests/unit/crypto/test_protocols_key_exchange.py::TestECDHKeyExchange::test_generate_keypair_returns_ecdh_keypair PASSED [ 37%]
src/codomyrmex/tests/unit/crypto/test_protocols_key_exchange.py::TestECDHKeyExchange::test_shared_secret_agreement PASSED [ 37%]
src/codomyrmex/tests/unit/crypto/test_protocols_key_exchange.py::TestECDHKeyExchange::test_shared_secret_is_32_bytes PASSED [ 37%]
src/codomyrmex/tests/unit/crypto/test_protocols_key_exchange.py::TestECDHKeyExchange::test_different_keypairs_yield_different_secrets PASSED [ 37%]
src/codomyrmex/tests/unit/crypto/test_protocols_secret_sharing.py::TestShamirSplitReconstruct::test_3_of_5_roundtrip PASSED [ 37%]
src/codomyrmex/tests/unit/crypto/test_protocols_secret_sharing.py::TestShamirSplitReconstruct::test_all_shares_roundtrip PASSED [ 37%]
src/codomyrmex/tests/unit/crypto/test_protocols_secret_sharing.py::TestShamirSplitReconstruct::test_any_k_subset_works PASSED [ 37%]
src/codomyrmex/tests/unit/crypto/test_protocols_secret_sharing.py::TestShamirSplitReconstruct::test_fewer_than_k_shares_gives_wrong_result PASSED [ 38%]
src/codomyrmex/tests/unit/crypto/test_protocols_secret_sharing.py::TestShamirSplitReconstruct::test_2_of_2_edge_case PASSED [ 38%]
src/codomyrmex/tests/unit/crypto/test_protocols_secret_sharing.py::TestShamirSplitReconstruct::test_k_equals_n PASSED [ 38%]
src/codomyrmex/tests/unit/crypto/test_protocols_secret_sharing.py::TestShamirSplitReconstruct::test_single_byte_secret PASSED [ 38%]
src/codomyrmex/tests/unit/crypto/test_protocols_secret_sharing.py::TestShamirSplitReconstruct::test_large_secret PASSED [ 38%]
src/codomyrmex/tests/unit/crypto/test_protocols_secret_sharing.py::TestShamirValidation::test_k_less_than_2_raises PASSED [ 38%]
src/codomyrmex/tests/unit/crypto/test_protocols_secret_sharing.py::TestShamirValidation::test_n_less_than_k_raises PASSED [ 38%]
src/codomyrmex/tests/unit/crypto/test_protocols_secret_sharing.py::TestShamirValidation::test_empty_secret_raises PASSED [ 38%]
src/codomyrmex/tests/unit/crypto/test_protocols_secret_sharing.py::TestShamirValidation::test_reconstruct_with_one_share_raises PASSED [ 38%]
src/codomyrmex/tests/unit/crypto/test_protocols_secret_sharing.py::TestShamirValidation::test_reconstruct_duplicate_indices_raises PASSED [ 38%]
src/codomyrmex/tests/unit/crypto/test_protocols_secret_sharing.py::TestShareCommitments::test_commitment_roundtrip PASSED [ 38%]
src/codomyrmex/tests/unit/crypto/test_protocols_secret_sharing.py::TestShareCommitments::test_tampered_share_fails_verification PASSED [ 38%]
src/codomyrmex/tests/unit/crypto/test_protocols_secret_sharing.py::TestShareCommitments::test_wrong_index_fails_verification PASSED [ 38%]
src/codomyrmex/tests/unit/crypto/test_protocols_zero_knowledge.py::TestSchnorrProtocol::test_prove_verify_small_prime PASSED [ 38%]
src/codomyrmex/tests/unit/crypto/test_protocols_zero_knowledge.py::TestSchnorrProtocol::test_prove_verify_medium_prime PASSED [ 38%]
src/codomyrmex/tests/unit/crypto/test_protocols_zero_knowledge.py::TestSchnorrProtocol::test_multiple_secrets PASSED [ 38%]
src/codomyrmex/tests/unit/crypto/test_protocols_zero_knowledge.py::TestSchnorrProtocol::test_tampered_commitment_fails PASSED [ 38%]
src/codomyrmex/tests/unit/crypto/test_protocols_zero_knowledge.py::TestSchnorrProtocol::test_tampered_response_fails PASSED [ 38%]
src/codomyrmex/tests/unit/crypto/test_protocols_zero_knowledge.py::TestSchnorrProtocol::test_wrong_public_value_fails PASSED [ 38%]
src/codomyrmex/tests/unit/crypto/test_protocols_zero_knowledge.py::TestSchnorrProtocol::test_invalid_inputs_raise PASSED [ 38%]
src/codomyrmex/tests/unit/crypto/test_protocols_zero_knowledge.py::TestPedersenCommitment::test_commit_verify_roundtrip PASSED [ 38%]
src/codomyrmex/tests/unit/crypto/test_protocols_zero_knowledge.py::TestPedersenCommitment::test_different_values_different_commitments PASSED [ 38%]
src/codomyrmex/tests/unit/crypto/test_protocols_zero_knowledge.py::TestPedersenCommitment::test_different_randomness_different_commitments PASSED [ 38%]
src/codomyrmex/tests/unit/crypto/test_protocols_zero_knowledge.py::TestPedersenCommitment::test_wrong_value_fails PASSED [ 38%]
src/codomyrmex/tests/unit/crypto/test_protocols_zero_knowledge.py::TestPedersenCommitment::test_wrong_randomness_fails PASSED [ 38%]
src/codomyrmex/tests/unit/crypto/test_protocols_zero_knowledge.py::TestPedersenCommitment::test_medium_prime PASSED [ 38%]
src/codomyrmex/tests/unit/crypto/test_protocols_zero_knowledge.py::TestPedersenCommitment::test_zero_value PASSED [ 38%]
src/codomyrmex/tests/unit/crypto/test_protocols_zero_knowledge.py::TestPedersenCommitment::test_invalid_prime_raises PASSED [ 38%]
src/codomyrmex/tests/unit/crypto/test_random.py::TestSecureRandomBytes::test_returns_correct_length PASSED [ 38%]
src/codomyrmex/tests/unit/crypto/test_random.py::TestSecureRandomBytes::test_zero_bytes PASSED [ 38%]
src/codomyrmex/tests/unit/crypto/test_random.py::TestSecureRandomBytes::test_negative_raises PASSED [ 38%]
src/codomyrmex/tests/unit/crypto/test_random.py::TestSecureRandomBytes::test_different_each_call PASSED [ 38%]
src/codomyrmex/tests/unit/crypto/test_random.py::TestSecureRandomInt::test_within_range PASSED [ 38%]
src/codomyrmex/tests/unit/crypto/test_random.py::TestSecureRandomInt::test_single_value_range PASSED [ 38%]
src/codomyrmex/tests/unit/crypto/test_random.py::TestSecureRandomInt::test_negative_range PASSED [ 38%]
src/codomyrmex/tests/unit/crypto/test_random.py::TestSecureRandomInt::test_min_greater_than_max_raises PASSED [ 38%]
src/codomyrmex/tests/unit/crypto/test_random.py::TestSecureRandomString::test_correct_length PASSED [ 38%]
src/codomyrmex/tests/unit/crypto/test_random.py::TestSecureRandomString::test_default_charset PASSED [ 38%]
src/codomyrmex/tests/unit/crypto/test_random.py::TestSecureRandomString::test_custom_charset PASSED [ 38%]
src/codomyrmex/tests/unit/crypto/test_random.py::TestSecureRandomString::test_negative_length_raises PASSED [ 38%]
src/codomyrmex/tests/unit/crypto/test_random.py::TestSecureRandomString::test_empty_charset_raises PASSED [ 38%]
src/codomyrmex/tests/unit/crypto/test_random.py::TestSecureRandomString::test_zero_length PASSED [ 38%]
src/codomyrmex/tests/unit/crypto/test_random.py::TestGenerateUUID4::test_format PASSED [ 38%]
src/codomyrmex/tests/unit/crypto/test_random.py::TestGenerateUUID4::test_uniqueness PASSED [ 38%]
src/codomyrmex/tests/unit/crypto/test_random.py::TestGenerateNonce::test_default_length PASSED [ 38%]
src/codomyrmex/tests/unit/crypto/test_random.py::TestGenerateNonce::test_custom_length PASSED [ 38%]
src/codomyrmex/tests/unit/crypto/test_random.py::TestGenerateNonce::test_zero_size_raises PASSED [ 38%]
src/codomyrmex/tests/unit/crypto/test_random.py::TestGenerateNonce::test_negative_size_raises PASSED [ 38%]
src/codomyrmex/tests/unit/crypto/test_random.py::TestMonobitTest::test_passes_for_random_data PASSED [ 38%]
src/codomyrmex/tests/unit/crypto/test_random.py::TestMonobitTest::test_fails_for_all_zeros PASSED [ 38%]
src/codomyrmex/tests/unit/crypto/test_random.py::TestMonobitTest::test_fails_for_all_ones PASSED [ 38%]
src/codomyrmex/tests/unit/crypto/test_random.py::TestMonobitTest::test_empty_raises PASSED [ 38%]
src/codomyrmex/tests/unit/crypto/test_random.py::TestRunsTest::test_passes_for_random_data PASSED [ 38%]
src/codomyrmex/tests/unit/crypto/test_random.py::TestRunsTest::test_fails_for_all_zeros PASSED [ 38%]
src/codomyrmex/tests/unit/crypto/test_random.py::TestRunsTest::test_empty_raises PASSED [ 38%]
src/codomyrmex/tests/unit/crypto/test_random.py::TestBlockFrequencyTest::test_passes_for_random_data PASSED [ 38%]
src/codomyrmex/tests/unit/crypto/test_random.py::TestBlockFrequencyTest::test_insufficient_data_raises PASSED [ 38%]
src/codomyrmex/tests/unit/crypto/test_random.py::TestBlockFrequencyTest::test_empty_raises PASSED [ 38%]
src/codomyrmex/tests/unit/crypto/test_random.py::TestBlockFrequencyTest::test_custom_block_size PASSED [ 38%]
src/codomyrmex/tests/unit/crypto/test_random.py::TestRunNistSuite::test_returns_three_results PASSED [ 38%]
src/codomyrmex/tests/unit/crypto/test_random.py::TestRunNistSuite::test_all_pass_for_random_data PASSED [ 38%]
src/codomyrmex/tests/unit/crypto/test_steganography_detection.py::TestDetectLsbSteganography::test_returns_detection_result PASSED [ 38%]
src/codomyrmex/tests/unit/crypto/test_steganography_detection.py::TestDetectLsbSteganography::test_confidence_range PASSED [ 38%]
src/codomyrmex/tests/unit/crypto/test_steganography_detection.py::TestDetectLsbSteganography::test_method_is_lsb_analysis PASSED [ 38%]
src/codomyrmex/tests/unit/crypto/test_steganography_detection.py::TestDetectLsbSteganography::test_clean_image_lower_confidence PASSED [ 38%]
src/codomyrmex/tests/unit/crypto/test_steganography_detection.py::TestDetectLsbSteganography::test_stego_image_higher_confidence PASSED [ 38%]
src/codomyrmex/tests/unit/crypto/test_steganography_detection.py::TestDetectLsbSteganography::test_details_contains_expected_keys PASSED [ 38%]
src/codomyrmex/tests/unit/crypto/test_steganography_detection.py::TestDetectLsbSteganography::test_nonexistent_image_raises PASSED [ 38%]
src/codomyrmex/tests/unit/crypto/test_steganography_detection.py::TestDetectLsbSteganography::test_stego_image_has_length_header PASSED [ 38%]
src/codomyrmex/tests/unit/crypto/test_steganography_detection.py::TestAnalyzeStatisticalAnomalies::test_empty_data PASSED [ 38%]
src/codomyrmex/tests/unit/crypto/test_steganography_detection.py::TestAnalyzeStatisticalAnomalies::test_returns_detection_result PASSED [ 38%]
src/codomyrmex/tests/unit/crypto/test_steganography_detection.py::TestAnalyzeStatisticalAnomalies::test_confidence_range PASSED [ 38%]
src/codomyrmex/tests/unit/crypto/test_steganography_detection.py::TestAnalyzeStatisticalAnomalies::test_low_entropy_data PASSED [ 38%]
src/codomyrmex/tests/unit/crypto/test_steganography_detection.py::TestAnalyzeStatisticalAnomalies::test_high_entropy_random_data PASSED [ 38%]
src/codomyrmex/tests/unit/crypto/test_steganography_detection.py::TestAnalyzeStatisticalAnomalies::test_data_with_length_header PASSED [ 38%]
src/codomyrmex/tests/unit/crypto/test_steganography_detection.py::TestAnalyzeStatisticalAnomalies::test_details_contains_expected_keys PASSED [ 38%]
src/codomyrmex/tests/unit/crypto/test_steganography_image.py::TestCalculateCapacity::test_100x100_capacity PASSED [ 38%]
src/codomyrmex/tests/unit/crypto/test_steganography_image.py::TestCalculateCapacity::test_small_image_capacity PASSED [ 38%]
src/codomyrmex/tests/unit/crypto/test_steganography_image.py::TestCalculateCapacity::test_nonexistent_image_raises PASSED [ 38%]
src/codomyrmex/tests/unit/crypto/test_steganography_image.py::TestCalculateCapacity::test_positive_for_reasonable_image PASSED [ 38%]
src/codomyrmex/tests/unit/crypto/test_steganography_image.py::TestEmbedAndExtract::test_roundtrip_simple_message PASSED [ 38%]
src/codomyrmex/tests/unit/crypto/test_steganography_image.py::TestEmbedAndExtract::test_roundtrip_empty_message PASSED [ 38%]
src/codomyrmex/tests/unit/crypto/test_steganography_image.py::TestEmbedAndExtract::test_roundtrip_unicode_message PASSED [ 38%]
src/codomyrmex/tests/unit/crypto/test_steganography_image.py::TestEmbedAndExtract::test_roundtrip_long_message PASSED [ 38%]
src/codomyrmex/tests/unit/crypto/test_steganography_image.py::TestEmbedAndExtract::test_message_too_large_raises PASSED [ 38%]
src/codomyrmex/tests/unit/crypto/test_steganography_image.py::TestEmbedAndExtract::test_output_is_valid_png PASSED [ 38%]
src/codomyrmex/tests/unit/crypto/test_steganography_image.py::TestEmbedAndExtract::test_extract_from_nonexistent_raises PASSED [ 38%]
src/codomyrmex/tests/unit/crypto/test_steganography_image.py::TestRGBAImage::test_rgba_image_roundtrip PASSED [ 38%]
src/codomyrmex/tests/unit/crypto/test_steganography_text.py::TestEmbedExtractRoundtrip::test_simple_message PASSED [ 38%]
src/codomyrmex/tests/unit/crypto/test_steganography_text.py::TestEmbedExtractRoundtrip::test_empty_secret_message PASSED [ 38%]
src/codomyrmex/tests/unit/crypto/test_steganography_text.py::TestEmbedExtractRoundtrip::test_longer_secret_message PASSED [ 38%]
src/codomyrmex/tests/unit/crypto/test_steganography_text.py::TestEmbedExtractRoundtrip::test_unicode_secret_message PASSED [ 38%]
src/codomyrmex/tests/unit/crypto/test_steganography_text.py::TestEmbedExtractRoundtrip::test_multiline_cover_text PASSED [ 38%]
src/codomyrmex/tests/unit/crypto/test_steganography_text.py::TestCoverTextPreservation::test_visible_chars_unchanged PASSED [ 38%]
src/codomyrmex/tests/unit/crypto/test_steganography_text.py::TestCoverTextPreservation::test_stego_text_longer_than_cover PASSED [ 38%]
src/codomyrmex/tests/unit/crypto/test_steganography_text.py::TestCoverTextPreservation::test_printable_chars_same PASSED [ 38%]
src/codomyrmex/tests/unit/crypto/test_steganography_text.py::TestEdgeCases::test_empty_cover_text_raises PASSED [ 38%]
src/codomyrmex/tests/unit/crypto/test_steganography_text.py::TestEdgeCases::test_no_hidden_message_raises PASSED [ 38%]
src/codomyrmex/tests/unit/crypto/test_steganography_text.py::TestEdgeCases::test_single_word_cover_text PASSED [ 39%]
src/codomyrmex/tests/unit/crypto/test_steganography_text.py::TestEdgeCases::test_special_characters_in_secret PASSED [ 39%]
src/codomyrmex/tests/unit/dark/test_dark_pdf.py::TestDarkPDFFilterInit::test_default_values PASSED [ 39%]
src/codomyrmex/tests/unit/dark/test_dark_pdf.py::TestDarkPDFFilterInit::test_custom_values PASSED [ 39%]
src/codomyrmex/tests/unit/dark/test_dark_pdf.py::TestDarkPDFFilterInit::test_inversion_out_of_range PASSED [ 39%]
src/codomyrmex/tests/unit/dark/test_dark_pdf.py::TestDarkPDFFilterInit::test_brightness_out_of_range PASSED [ 39%]
src/codomyrmex/tests/unit/dark/test_dark_pdf.py::TestDarkPDFFilterInit::test_contrast_out_of_range PASSED [ 39%]
src/codomyrmex/tests/unit/dark/test_dark_pdf.py::TestDarkPDFFilterInit::test_sepia_out_of_range PASSED [ 39%]
src/codomyrmex/tests/unit/dark/test_dark_pdf.py::TestDarkPDFFilterInit::test_dpi_out_of_range PASSED [ 39%]
src/codomyrmex/tests/unit/dark/test_dark_pdf.py::TestApplyInversion::test_full_inversion PASSED [ 39%]
src/codomyrmex/tests/unit/dark/test_dark_pdf.py::TestApplyInversion::test_no_inversion PASSED [ 39%]
src/codomyrmex/tests/unit/dark/test_dark_pdf.py::TestApplyInversion::test_half_inversion PASSED [ 39%]
src/codomyrmex/tests/unit/dark/test_dark_pdf.py::TestApplyBrightness::test_increased_brightness PASSED [ 39%]
src/codomyrmex/tests/unit/dark/test_dark_pdf.py::TestApplyBrightness::test_decreased_brightness PASSED [ 39%]
src/codomyrmex/tests/unit/dark/test_dark_pdf.py::TestApplyContrast::test_high_contrast PASSED [ 39%]
src/codomyrmex/tests/unit/dark/test_dark_pdf.py::TestApplyContrast::test_identity_contrast PASSED [ 39%]
src/codomyrmex/tests/unit/dark/test_dark_pdf.py::TestApplySepia::test_full_sepia PASSED [ 39%]
src/codomyrmex/tests/unit/dark/test_dark_pdf.py::TestApplySepia::test_no_sepia PASSED [ 39%]
src/codomyrmex/tests/unit/dark/test_dark_pdf.py::TestApplyToImage::test_rgba_preserves_alpha PASSED [ 39%]
src/codomyrmex/tests/unit/dark/test_dark_pdf.py::TestApplyToImage::test_grayscale_input PASSED [ 39%]
src/codomyrmex/tests/unit/dark/test_dark_pdf.py::TestApplyToPdf::test_pdf_round_trip PASSED [ 39%]
src/codomyrmex/tests/unit/dark/test_dark_pdf.py::TestApplyToPdf::test_pdf_not_found PASSED [ 39%]
src/codomyrmex/tests/unit/dark/test_dark_pdf.py::TestApplyToPdf::test_apply_dark_mode_function PASSED [ 39%]
src/codomyrmex/tests/unit/dark/test_dark_pdf.py::TestApplyToPdf::test_creates_output_directory PASSED [ 39%]
src/codomyrmex/tests/unit/dark/test_dark_pdf.py::TestDarkPDFPresets::test_default_preset PASSED [ 39%]
src/codomyrmex/tests/unit/dark/test_dark_pdf.py::TestDarkPDFPresets::test_sepia_preset PASSED [ 39%]
src/codomyrmex/tests/unit/dark/test_dark_pdf.py::TestDarkPDFPresets::test_high_contrast_preset PASSED [ 39%]
src/codomyrmex/tests/unit/dark/test_dark_pdf.py::TestDarkPDFPresets::test_unknown_preset PASSED [ 39%]
src/codomyrmex/tests/unit/dark/test_dark_pdf.py::TestDarkPDFPresets::test_preset_with_overrides PASSED [ 39%]
src/codomyrmex/tests/unit/dark/test_dark_pdf.py::TestDarkPDFPresets::test_save PASSED [ 39%]
src/codomyrmex/tests/unit/dark/test_dark_pdf.py::TestDarkPDFPresets::test_dark_classmethod PASSED [ 39%]
src/codomyrmex/tests/unit/dark/test_dark_pdf.py::TestDarkPDFPresets::test_sepia_classmethod PASSED [ 39%]
src/codomyrmex/tests/unit/dark/test_dark_pdf.py::TestDarkPDFPresets::test_batch PASSED [ 39%]
src/codomyrmex/tests/unit/dark/test_dark_pdf.py::TestDarkPDFPresets::test_available_presets PASSED [ 39%]
src/codomyrmex/tests/unit/dark/test_dark_pdf.py::TestDarkPDFPresets::test_file_not_found PASSED [ 39%]
src/codomyrmex/tests/unit/data_lineage/test_data_lineage.py::TestDataLineageImports::test_module_imports PASSED [ 39%]
src/codomyrmex/tests/unit/data_lineage/test_data_lineage.py::TestDataLineageImports::test_public_api_exists PASSED [ 39%]
src/codomyrmex/tests/unit/data_lineage/test_data_lineage.py::TestNodeType::test_node_type_values PASSED [ 39%]
src/codomyrmex/tests/unit/data_lineage/test_data_lineage.py::TestEdgeType::test_edge_type_values PASSED [ 39%]
src/codomyrmex/tests/unit/data_lineage/test_data_lineage.py::TestLineageNode::test_node_creation PASSED [ 39%]
src/codomyrmex/tests/unit/data_lineage/test_data_lineage.py::TestLineageNode::test_node_key_property PASSED [ 39%]
src/codomyrmex/tests/unit/data_lineage/test_data_lineage.py::TestLineageNode::test_node_to_dict PASSED [ 39%]
src/codomyrmex/tests/unit/data_lineage/test_data_lineage.py::TestLineageEdge::test_edge_creation PASSED [ 39%]
src/codomyrmex/tests/unit/data_lineage/test_data_lineage.py::TestLineageEdge::test_edge_key_property PASSED [ 39%]
src/codomyrmex/tests/unit/data_lineage/test_data_lineage.py::TestDataAsset::test_data_asset_creation PASSED [ 39%]
src/codomyrmex/tests/unit/data_lineage/test_data_lineage.py::TestDataAsset::test_data_asset_compute_checksum PASSED [ 39%]
src/codomyrmex/tests/unit/data_lineage/test_data_lineage.py::TestLineageGraph::test_graph_add_node PASSED [ 39%]
src/codomyrmex/tests/unit/data_lineage/test_data_lineage.py::TestLineageGraph::test_graph_add_edge PASSED [ 39%]
src/codomyrmex/tests/unit/data_lineage/test_data_lineage.py::TestLineageGraph::test_graph_get_upstream PASSED [ 39%]
src/codomyrmex/tests/unit/data_lineage/test_data_lineage.py::TestLineageGraph::test_graph_get_downstream PASSED [ 39%]
src/codomyrmex/tests/unit/data_lineage/test_data_lineage.py::TestLineageGraph::test_graph_get_path PASSED [ 39%]
src/codomyrmex/tests/unit/data_lineage/test_data_lineage.py::TestLineageGraph::test_graph_to_dict PASSED [ 39%]
src/codomyrmex/tests/unit/data_lineage/test_data_lineage.py::TestLineageTracker::test_tracker_register_dataset PASSED [ 39%]
src/codomyrmex/tests/unit/data_lineage/test_data_lineage.py::TestLineageTracker::test_tracker_register_transformation PASSED [ 39%]
src/codomyrmex/tests/unit/data_lineage/test_data_lineage.py::TestImpactAnalyzer::test_analyzer_analyze_change PASSED [ 39%]
src/codomyrmex/tests/unit/data_visualization/test_data_visualization.py::TestImports::test_import_data_visualization_package PASSED [ 39%]
src/codomyrmex/tests/unit/data_visualization/test_data_visualization.py::TestImports::test_import_charts_submodule PASSED [ 39%]
src/codomyrmex/tests/unit/data_visualization/test_data_visualization.py::TestImports::test_import_themes_submodule PASSED [ 39%]
src/codomyrmex/tests/unit/data_visualization/test_data_visualization.py::TestImports::test_import_mermaid_submodule PASSED [ 39%]
src/codomyrmex/tests/unit/data_visualization/test_data_visualization.py::TestImports::test_import_engines_submodule PASSED [ 39%]
src/codomyrmex/tests/unit/data_visualization/test_data_visualization.py::TestImports::test_import_git_submodule PASSED [ 39%]
src/codomyrmex/tests/unit/data_visualization/test_data_visualization.py::TestImports::test_import_exceptions PASSED [ 39%]
src/codomyrmex/tests/unit/data_visualization/test_data_visualization.py::TestImports::test_import_chart_functions_from_charts PASSED [ 39%]
src/codomyrmex/tests/unit/data_visualization/test_data_visualization.py::TestImports::test_import_chart_classes_from_charts PASSED [ 39%]
src/codomyrmex/tests/unit/data_visualization/test_data_visualization.py::TestImports::test_backward_compat_line_plot_import PASSED [ 39%]
src/codomyrmex/tests/unit/data_visualization/test_data_visualization.py::TestImports::test_backward_compat_bar_chart_import PASSED [ 39%]
src/codomyrmex/tests/unit/data_visualization/test_data_visualization.py::TestImports::test_backward_compat_scatter_plot_import PASSED [ 39%]
src/codomyrmex/tests/unit/data_visualization/test_data_visualization.py::TestImports::test_backward_compat_histogram_import PASSED [ 39%]
src/codomyrmex/tests/unit/data_visualization/test_data_visualization.py::TestImports::test_backward_compat_pie_chart_import PASSED [ 39%]
src/codomyrmex/tests/unit/data_visualization/test_data_visualization.py::TestImports::test_backward_compat_plotter_import PASSED [ 39%]
src/codomyrmex/tests/unit/data_visualization/test_data_visualization.py::TestImports::test_backward_compat_plot_utils_import PASSED [ 39%]
src/codomyrmex/tests/unit/data_visualization/test_data_visualization.py::TestImports::test_engines_plotter_class PASSED [ 39%]
src/codomyrmex/tests/unit/data_visualization/test_data_visualization.py::TestImports::test_engines_advanced_plotter_class PASSED [ 39%]
src/codomyrmex/tests/unit/data_visualization/test_data_visualization.py::TestImports::test_git_visualizer_import PASSED [ 39%]
src/codomyrmex/tests/unit/data_visualization/test_data_visualization.py::TestImports::test_top_level_create_heatmap PASSED [ 39%]
src/codomyrmex/tests/unit/data_visualization/test_data_visualization.py::TestImports::test_top_level_create_box_plot PASSED [ 39%]
src/codomyrmex/tests/unit/data_visualization/test_data_visualization.py::TestImports::test_top_level_create_area_chart PASSED [ 39%]
src/codomyrmex/tests/unit/data_visualization/test_data_visualization.py::TestPlotUtils::test_get_codomyrmex_logger PASSED [ 39%]
src/codomyrmex/tests/unit/data_visualization/test_data_visualization.py::TestPlotUtils::test_save_plot_success PASSED [ 39%]
src/codomyrmex/tests/unit/data_visualization/test_data_visualization.py::TestPlotUtils::test_save_plot_creates_directory PASSED [ 39%]
src/codomyrmex/tests/unit/data_visualization/test_data_visualization.py::TestPlotUtils::test_save_plot_pdf_format PASSED [ 39%]
src/codomyrmex/tests/unit/data_visualization/test_data_visualization.py::TestPlotUtils::test_apply_common_aesthetics PASSED [ 39%]
src/codomyrmex/tests/unit/data_visualization/test_data_visualization.py::TestPlotUtils::test_get_color_palette_default PASSED [ 39%]
src/codomyrmex/tests/unit/data_visualization/test_data_visualization.py::TestPlotUtils::test_get_color_palette_custom_size PASSED [ 39%]
src/codomyrmex/tests/unit/data_visualization/test_data_visualization.py::TestPlotUtils::test_get_color_palette_more_than_base PASSED [ 39%]
src/codomyrmex/tests/unit/data_visualization/test_data_visualization.py::TestPlotUtils::test_configure_plot PASSED [ 39%]
src/codomyrmex/tests/unit/data_visualization/test_data_visualization.py::TestPlotUtils::test_apply_style PASSED [ 39%]
src/codomyrmex/tests/unit/data_visualization/test_data_visualization.py::TestPlotUtils::test_save_figure_alias PASSED [ 39%]
src/codomyrmex/tests/unit/data_visualization/test_data_visualization.py::TestPlotUtils::test_default_figure_size PASSED [ 39%]
src/codomyrmex/tests/unit/data_visualization/test_data_visualization.py::TestBarChart::test_basic_bar_chart PASSED [ 39%]
src/codomyrmex/tests/unit/data_visualization/test_data_visualization.py::TestBarChart::test_horizontal_bar_chart PASSED [ 39%]
src/codomyrmex/tests/unit/data_visualization/test_data_visualization.py::TestBarChart::test_empty_data_returns_none PASSED [ 39%]
src/codomyrmex/tests/unit/data_visualization/test_data_visualization.py::TestBarChart::test_mismatched_lengths_returns_none PASSED [ 39%]
src/codomyrmex/tests/unit/data_visualization/test_data_visualization.py::TestBarChart::test_bar_chart_with_theme PASSED [ 39%]
src/codomyrmex/tests/unit/data_visualization/test_data_visualization.py::TestBarChart::test_bar_chart_class PASSED [ 39%]
src/codomyrmex/tests/unit/data_visualization/test_data_visualization.py::TestLinePlot::test_basic_line_plot PASSED [ 39%]
src/codomyrmex/tests/unit/data_visualization/test_data_visualization.py::TestLinePlot::test_multiple_lines PASSED [ 39%]
src/codomyrmex/tests/unit/data_visualization/test_data_visualization.py::TestLinePlot::test_empty_data_returns_none PASSED [ 39%]
src/codomyrmex/tests/unit/data_visualization/test_data_visualization.py::TestLinePlot::test_with_markers PASSED [ 39%]
src/codomyrmex/tests/unit/data_visualization/test_data_visualization.py::TestLinePlot::test_line_plot_with_theme PASSED [ 40%]
src/codomyrmex/tests/unit/data_visualization/test_data_visualization.py::TestLinePlot::test_line_plot_class PASSED [ 40%]
src/codomyrmex/tests/unit/data_visualization/test_data_visualization.py::TestScatterPlot::test_basic_scatter_plot PASSED [ 40%]
src/codomyrmex/tests/unit/data_visualization/test_data_visualization.py::TestScatterPlot::test_empty_data_returns_none PASSED [ 40%]
src/codomyrmex/tests/unit/data_visualization/test_data_visualization.py::TestScatterPlot::test_mismatched_data_returns_none PASSED [ 40%]
src/codomyrmex/tests/unit/data_visualization/test_data_visualization.py::TestScatterPlot::test_custom_styling PASSED [ 40%]
src/codomyrmex/tests/unit/data_visualization/test_data_visualization.py::TestScatterPlot::test_scatter_with_theme PASSED [ 40%]
src/codomyrmex/tests/unit/data_visualization/test_data_visualization.py::TestScatterPlot::test_scatter_plot_class PASSED [ 40%]
src/codomyrmex/tests/unit/data_visualization/test_data_visualization.py::TestHistogram::test_basic_histogram PASSED [ 40%]
src/codomyrmex/tests/unit/data_visualization/test_data_visualization.py::TestHistogram::test_empty_data_returns_none PASSED [ 40%]
src/codomyrmex/tests/unit/data_visualization/test_data_visualization.py::TestHistogram::test_custom_bins PASSED [ 40%]
src/codomyrmex/tests/unit/data_visualization/test_data_visualization.py::TestHistogram::test_histogram_with_theme PASSED [ 40%]
src/codomyrmex/tests/unit/data_visualization/test_data_visualization.py::TestHistogram::test_histogram_class PASSED [ 40%]
src/codomyrmex/tests/unit/data_visualization/test_data_visualization.py::TestPieChart::test_basic_pie_chart PASSED [ 40%]
src/codomyrmex/tests/unit/data_visualization/test_data_visualization.py::TestPieChart::test_pie_with_explode PASSED [ 40%]
src/codomyrmex/tests/unit/data_visualization/test_data_visualization.py::TestPieChart::test_empty_data_returns_none PASSED [ 40%]
src/codomyrmex/tests/unit/data_visualization/test_data_visualization.py::TestPieChart::test_mismatched_explode_ignored PASSED [ 40%]
src/codomyrmex/tests/unit/data_visualization/test_data_visualization.py::TestPieChart::test_pie_with_theme PASSED [ 40%]
src/codomyrmex/tests/unit/data_visualization/test_data_visualization.py::TestPieChart::test_pie_chart_class PASSED [ 40%]
src/codomyrmex/tests/unit/data_visualization/test_data_visualization.py::TestHeatmap::test_basic_heatmap PASSED [ 40%]
src/codomyrmex/tests/unit/data_visualization/test_data_visualization.py::TestHeatmap::test_heatmap_with_labels PASSED [ 40%]
src/codomyrmex/tests/unit/data_visualization/test_data_visualization.py::TestHeatmap::test_heatmap_with_annotations PASSED [ 40%]
src/codomyrmex/tests/unit/data_visualization/test_data_visualization.py::TestHeatmap::test_heatmap_invalid_data_returns_none PASSED [ 40%]
src/codomyrmex/tests/unit/data_visualization/test_data_visualization.py::TestHeatmap::test_heatmap_with_theme PASSED [ 40%]
src/codomyrmex/tests/unit/data_visualization/test_data_visualization.py::TestHeatmap::test_heatmap_class PASSED [ 40%]
src/codomyrmex/tests/unit/data_visualization/test_data_visualization.py::TestBoxPlot::test_basic_box_plot PASSED [ 40%]
src/codomyrmex/tests/unit/data_visualization/test_data_visualization.py::TestBoxPlot::test_box_plot_with_dict_data PASSED [ 40%]
src/codomyrmex/tests/unit/data_visualization/test_data_visualization.py::TestBoxPlot::test_box_plot_multiple_lists PASSED [ 40%]
src/codomyrmex/tests/unit/data_visualization/test_data_visualization.py::TestBoxPlot::test_box_plot_empty_returns_none PASSED [ 40%]
src/codomyrmex/tests/unit/data_visualization/test_data_visualization.py::TestBoxPlot::test_box_plot_class PASSED [ 40%]
src/codomyrmex/tests/unit/data_visualization/test_data_visualization.py::TestAreaChart::test_basic_area_chart PASSED [ 40%]
src/codomyrmex/tests/unit/data_visualization/test_data_visualization.py::TestAreaChart::test_stacked_area_chart PASSED [ 40%]
src/codomyrmex/tests/unit/data_visualization/test_data_visualization.py::TestAreaChart::test_multiple_area_unstacked PASSED [ 40%]
src/codomyrmex/tests/unit/data_visualization/test_data_visualization.py::TestAreaChart::test_empty_data_returns_none PASSED [ 40%]
src/codomyrmex/tests/unit/data_visualization/test_data_visualization.py::TestAreaChart::test_area_chart_class PASSED [ 40%]
src/codomyrmex/tests/unit/data_visualization/test_data_visualization.py::TestThemes::test_get_all_themes PASSED [ 40%]
src/codomyrmex/tests/unit/data_visualization/test_data_visualization.py::TestThemes::test_default_theme PASSED [ 40%]
src/codomyrmex/tests/unit/data_visualization/test_data_visualization.py::TestThemes::test_dark_theme PASSED [ 40%]
src/codomyrmex/tests/unit/data_visualization/test_data_visualization.py::TestThemes::test_theme_to_rcparams PASSED [ 40%]
src/codomyrmex/tests/unit/data_visualization/test_data_visualization.py::TestThemes::test_apply_theme PASSED [ 40%]
src/codomyrmex/tests/unit/data_visualization/test_data_visualization.py::TestThemes::test_list_themes PASSED [ 40%]
src/codomyrmex/tests/unit/data_visualization/test_data_visualization.py::TestThemes::test_color_palette_cycling PASSED [ 40%]
src/codomyrmex/tests/unit/data_visualization/test_data_visualization.py::TestThemes::test_minimal_theme_no_grid PASSED [ 40%]
src/codomyrmex/tests/unit/data_visualization/test_data_visualization.py::TestThemes::test_scientific_theme_serif PASSED [ 40%]
src/codomyrmex/tests/unit/data_visualization/test_data_visualization.py::TestAdvancedPlotter::test_create_figure PASSED [ 40%]
src/codomyrmex/tests/unit/data_visualization/test_data_visualization.py::TestAdvancedPlotter::test_plot_line PASSED [ 40%]
src/codomyrmex/tests/unit/data_visualization/test_data_visualization.py::TestAdvancedPlotter::test_plot_scatter PASSED [ 40%]
src/codomyrmex/tests/unit/data_visualization/test_data_visualization.py::TestAdvancedPlotter::test_plot_bar PASSED [ 40%]
src/codomyrmex/tests/unit/data_visualization/test_data_visualization.py::TestAdvancedPlotter::test_plot_histogram PASSED [ 40%]
src/codomyrmex/tests/unit/data_visualization/test_data_visualization.py::TestAdvancedPlotter::test_plot_heatmap SKIPPED [ 40%]
src/codomyrmex/tests/unit/data_visualization/test_data_visualization.py::TestAdvancedPlotter::test_plot_box PASSED [ 40%]
src/codomyrmex/tests/unit/data_visualization/test_data_visualization.py::TestAdvancedPlotter::test_save_plot PASSED [ 40%]
src/codomyrmex/tests/unit/data_visualization/test_data_visualization.py::TestAdvancedPlotter::test_clear_figures PASSED [ 40%]
src/codomyrmex/tests/unit/data_visualization/test_data_visualization.py::TestAdvancedPlotter::test_convenience_functions PASSED [ 40%]
src/codomyrmex/tests/unit/data_visualization/test_data_visualization.py::TestAdvancedPlotter::test_plot_config_dataclass PASSED [ 40%]
src/codomyrmex/tests/unit/data_visualization/test_data_visualization.py::TestAdvancedPlotter::test_enums PASSED [ 40%]
src/codomyrmex/tests/unit/data_visualization/test_data_visualization.py::TestMermaidBuilders::test_flowchart_creation PASSED [ 40%]
src/codomyrmex/tests/unit/data_visualization/test_data_visualization.py::TestMermaidBuilders::test_sequence_diagram PASSED [ 40%]
src/codomyrmex/tests/unit/data_visualization/test_data_visualization.py::TestMermaidBuilders::test_class_diagram PASSED [ 40%]
src/codomyrmex/tests/unit/data_visualization/test_data_visualization.py::TestMermaidBuilders::test_flowchart_subgraph PASSED [ 40%]
src/codomyrmex/tests/unit/data_visualization/test_data_visualization.py::TestMermaidBuilders::test_to_markdown PASSED [ 40%]
src/codomyrmex/tests/unit/data_visualization/test_data_visualization.py::TestMermaidGenerator::test_git_branch_diagram PASSED [ 40%]
src/codomyrmex/tests/unit/data_visualization/test_data_visualization.py::TestMermaidGenerator::test_git_workflow_diagram PASSED [ 40%]
src/codomyrmex/tests/unit/data_visualization/test_data_visualization.py::TestMermaidGenerator::test_commit_timeline_diagram PASSED [ 40%]
src/codomyrmex/tests/unit/data_visualization/test_data_visualization.py::TestMermaidGenerator::test_repository_structure_diagram PASSED [ 40%]
src/codomyrmex/tests/unit/data_visualization/test_data_visualization.py::TestMermaidGenerator::test_save_mermaid_to_file PASSED [ 40%]
src/codomyrmex/tests/unit/data_visualization/test_data_visualization.py::TestGitVisualizer::test_instantiation PASSED [ 40%]
src/codomyrmex/tests/unit/data_visualization/test_data_visualization.py::TestGitVisualizer::test_git_tree_png_with_sample_data PASSED [ 40%]
src/codomyrmex/tests/unit/data_visualization/test_data_visualization.py::TestGitVisualizer::test_git_tree_mermaid_with_sample_data PASSED [ 40%]
src/codomyrmex/tests/unit/data_visualization/test_data_visualization.py::TestGitVisualizer::test_commit_activity_png PASSED [ 40%]
src/codomyrmex/tests/unit/data_visualization/test_data_visualization.py::TestGitVisualizer::test_repository_summary_png PASSED [ 40%]
src/codomyrmex/tests/unit/data_visualization/test_data_visualization.py::TestGitVisualizer::test_branch_color_mapping PASSED [ 40%]
src/codomyrmex/tests/unit/data_visualization/test_data_visualization.py::TestGitVisualizer::test_sample_commits_generation PASSED [ 40%]
src/codomyrmex/tests/unit/data_visualization/test_data_visualization.py::TestGitVisualizer::test_convenience_functions PASSED [ 40%]
src/codomyrmex/tests/unit/data_visualization/test_data_visualization.py::TestExceptions::test_exception_hierarchy PASSED [ 40%]
src/codomyrmex/tests/unit/data_visualization/test_data_visualization.py::TestExceptions::test_exceptions_are_raisable PASSED [ 40%]
src/codomyrmex/tests/unit/data_visualization/test_data_visualization.py::TestExceptions::test_exception_message PASSED [ 40%]
src/codomyrmex/tests/unit/data_visualization/test_data_visualization.py::TestPlotter::test_plotter_bar_chart PASSED [ 40%]
src/codomyrmex/tests/unit/data_visualization/test_data_visualization.py::TestPlotter::test_plotter_line_plot PASSED [ 40%]
src/codomyrmex/tests/unit/data_visualization/test_data_visualization.py::TestPlotter::test_plotter_heatmap PASSED [ 40%]
src/codomyrmex/tests/unit/data_visualization/test_data_visualization.py::TestPlotter::test_plotter_default_figure_size PASSED [ 40%]
src/codomyrmex/tests/unit/database_management/connections/test_connections.py::TestMockConnection::test_create PASSED [ 40%]
src/codomyrmex/tests/unit/database_management/connections/test_connections.py::TestMockConnection::test_execute PASSED [ 40%]
src/codomyrmex/tests/unit/database_management/connections/test_connections.py::TestMockConnection::test_is_valid PASSED [ 40%]
src/codomyrmex/tests/unit/database_management/connections/test_connections.py::TestMockConnection::test_close PASSED [ 40%]
src/codomyrmex/tests/unit/database_management/connections/test_connections.py::TestMockConnection::test_mark_used PASSED [ 40%]
src/codomyrmex/tests/unit/database_management/connections/test_connections.py::TestConnectionPool::test_create_pool PASSED [ 40%]
src/codomyrmex/tests/unit/database_management/connections/test_connections.py::TestConnectionPool::test_acquire_release PASSED [ 40%]
src/codomyrmex/tests/unit/database_management/connections/test_connections.py::TestConnectionPool::test_connection_context_manager PASSED [ 40%]
src/codomyrmex/tests/unit/database_management/connections/test_connections.py::TestConnectionPool::test_max_connections_timeout PASSED [ 40%]
src/codomyrmex/tests/unit/database_management/connections/test_connections.py::TestConnectionPool::test_stats PASSED [ 40%]
src/codomyrmex/tests/unit/database_management/connections/test_connections.py::TestHealthChecker::test_check_health PASSED [ 40%]
src/codomyrmex/tests/unit/database_management/connections/test_connections.py::TestHealthChecker::test_last_check_updated PASSED [ 40%]
src/codomyrmex/tests/unit/database_management/connections/test_connections.py::TestConnectionStats::test_utilization PASSED [ 40%]
src/codomyrmex/tests/unit/database_management/connections/test_connections.py::TestConnectionStats::test_utilization_empty PASSED [ 40%]
src/codomyrmex/tests/unit/database_management/test_database_management.py::TestConnectionManagement::test_database_connection_creation PASSED [ 40%]
src/codomyrmex/tests/unit/database_management/test_database_management.py::TestConnectionManagement::test_database_connection_defaults PASSED [ 40%]
src/codomyrmex/tests/unit/database_management/test_database_management.py::TestConnectionManagement::test_mysql_connection_defaults PASSED [ 40%]
src/codomyrmex/tests/unit/database_management/test_database_management.py::TestConnectionManagement::test_database_connection_auto_timestamp PASSED [ 40%]
src/codomyrmex/tests/unit/database_management/test_database_management.py::TestConnectionManagement::test_connection_string_sqlite PASSED [ 41%]
src/codomyrmex/tests/unit/database_management/test_database_management.py::TestConnectionManagement::test_connection_string_postgresql PASSED [ 41%]
src/codomyrmex/tests/unit/database_management/test_database_management.py::TestConnectionManagement::test_connection_string_mysql PASSED [ 41%]
src/codomyrmex/tests/unit/database_management/test_database_management.py::TestConnectionManagement::test_custom_connection_string PASSED [ 41%]
src/codomyrmex/tests/unit/database_management/test_database_management.py::TestConnectionManagement::test_unsupported_database_type_connection_string PASSED [ 41%]
src/codomyrmex/tests/unit/database_management/test_database_management.py::TestConnectionManagement::test_sqlite_connect_and_disconnect PASSED [ 41%]
src/codomyrmex/tests/unit/database_management/test_database_management.py::TestConnectionManagement::test_disconnect_when_not_connected PASSED [ 41%]
src/codomyrmex/tests/unit/database_management/test_database_management.py::TestQueryExecution::test_select_query_execution PASSED [ 41%]
src/codomyrmex/tests/unit/database_management/test_database_management.py::TestQueryExecution::test_insert_query_execution PASSED [ 41%]
src/codomyrmex/tests/unit/database_management/test_database_management.py::TestQueryExecution::test_update_query_execution PASSED [ 41%]
src/codomyrmex/tests/unit/database_management/test_database_management.py::TestQueryExecution::test_delete_query_execution PASSED [ 41%]
src/codomyrmex/tests/unit/database_management/test_database_management.py::TestQueryExecution::test_query_with_invalid_table PASSED [ 41%]
src/codomyrmex/tests/unit/database_management/test_database_management.py::TestParameterizedQueries::test_parameterized_select PASSED [ 41%]
src/codomyrmex/tests/unit/database_management/test_database_management.py::TestParameterizedQueries::test_parameterized_select_multiple_params PASSED [ 41%]
src/codomyrmex/tests/unit/database_management/test_database_management.py::TestParameterizedQueries::test_parameterized_insert PASSED [ 41%]
src/codomyrmex/tests/unit/database_management/test_database_management.py::TestParameterizedQueries::test_parameterized_update PASSED [ 41%]
src/codomyrmex/tests/unit/database_management/test_database_management.py::TestTransactionHandling::test_transaction_commit PASSED [ 41%]
src/codomyrmex/tests/unit/database_management/test_database_management.py::TestTransactionHandling::test_transaction_rollback_on_error PASSED [ 41%]
src/codomyrmex/tests/unit/database_management/test_database_management.py::TestTransactionHandling::test_nested_transaction_behavior PASSED [ 41%]
src/codomyrmex/tests/unit/database_management/test_database_management.py::TestResultSetIteration::test_iterate_over_result_rows PASSED [ 41%]
src/codomyrmex/tests/unit/database_management/test_database_management.py::TestResultSetIteration::test_result_columns_access PASSED [ 41%]
src/codomyrmex/tests/unit/database_management/test_database_management.py::TestResultSetIteration::test_empty_result_set PASSED [ 41%]
src/codomyrmex/tests/unit/database_management/test_database_management.py::TestResultSetIteration::test_query_result_dataclass PASSED [ 41%]
src/codomyrmex/tests/unit/database_management/test_database_management.py::TestResultSetIteration::test_result_execution_time PASSED [ 41%]
src/codomyrmex/tests/unit/database_management/test_database_management.py::TestConnectionPooling::test_database_manager_multiple_connections PASSED [ 41%]
src/codomyrmex/tests/unit/database_management/test_database_management.py::TestConnectionPooling::test_connect_all_and_disconnect_all PASSED [ 41%]
src/codomyrmex/tests/unit/database_management/test_database_management.py::TestConnectionPooling::test_health_check_all_connections PASSED [ 41%]
src/codomyrmex/tests/unit/database_management/test_database_management.py::TestConnectionPooling::test_database_stats PASSED [ 41%]
src/codomyrmex/tests/unit/database_management/test_database_management.py::TestConnectionPooling::test_connection_pool_size_config PASSED [ 41%]
src/codomyrmex/tests/unit/database_management/test_database_management.py::TestMigrationSupport::test_migration_creation PASSED [ 41%]
src/codomyrmex/tests/unit/database_management/test_database_management.py::TestMigrationSupport::test_migration_apply PASSED [ 41%]
src/codomyrmex/tests/unit/database_management/test_database_management.py::TestMigrationSupport::test_migration_rollback PASSED [ 41%]
src/codomyrmex/tests/unit/database_management/test_database_management.py::TestMigrationSupport::test_migration_dry_run PASSED [ 41%]
src/codomyrmex/tests/unit/database_management/test_database_management.py::TestMigrationSupport::test_list_migrations PASSED [ 41%]
src/codomyrmex/tests/unit/database_management/test_database_management.py::TestMigrationSupport::test_get_pending_migrations PASSED [ 41%]
src/codomyrmex/tests/unit/database_management/test_database_management.py::TestMigrationSupport::test_migration_dependencies PASSED [ 41%]
src/codomyrmex/tests/unit/database_management/test_database_management.py::TestMigrationSupport::test_migration_checksum_calculation PASSED [ 41%]
src/codomyrmex/tests/unit/database_management/test_database_management.py::TestSchemaIntrospection::test_get_tables PASSED [ 41%]
src/codomyrmex/tests/unit/database_management/test_database_management.py::TestSchemaIntrospection::test_get_table_info PASSED [ 41%]
src/codomyrmex/tests/unit/database_management/test_database_management.py::TestSchemaIntrospection::test_schema_generator_create_table PASSED [ 41%]
src/codomyrmex/tests/unit/database_management/test_database_management.py::TestSchemaIntrospection::test_schema_definition_to_sql PASSED [ 41%]
src/codomyrmex/tests/unit/database_management/test_database_management.py::TestSchemaIntrospection::test_column_to_sql_with_constraints PASSED [ 41%]
src/codomyrmex/tests/unit/database_management/test_database_management.py::TestSchemaIntrospection::test_index_creation_sql PASSED [ 41%]
src/codomyrmex/tests/unit/database_management/test_database_management.py::TestBatchOperations::test_execute_many_batch_insert PASSED [ 41%]
src/codomyrmex/tests/unit/database_management/test_database_management.py::TestBatchOperations::test_execute_many_empty_list PASSED [ 41%]
src/codomyrmex/tests/unit/database_management/test_database_management.py::TestBatchOperations::test_execute_script_batch PASSED [ 41%]
src/codomyrmex/tests/unit/database_management/test_database_management.py::TestBatchOperations::test_batch_insert_performance PASSED [ 41%]
src/codomyrmex/tests/unit/database_management/test_database_management.py::TestErrorHandling::test_connection_not_found_error PASSED [ 41%]
src/codomyrmex/tests/unit/database_management/test_database_management.py::TestErrorHandling::test_execute_without_connection PASSED [ 41%]
src/codomyrmex/tests/unit/database_management/test_database_management.py::TestErrorHandling::test_invalid_database_url PASSED [ 41%]
src/codomyrmex/tests/unit/database_management/test_database_management.py::TestErrorHandling::test_query_syntax_error PASSED [ 41%]
src/codomyrmex/tests/unit/database_management/test_database_management.py::TestErrorHandling::test_constraint_violation_error PASSED [ 41%]
src/codomyrmex/tests/unit/database_management/test_database_management.py::TestErrorHandling::test_migration_not_found_error PASSED [ 41%]
src/codomyrmex/tests/unit/database_management/test_database_management.py::TestErrorHandling::test_rollback_without_sql PASSED [ 41%]
src/codomyrmex/tests/unit/database_management/test_database_management.py::TestBackupManager::test_backup_sqlite_database PASSED [ 41%]
src/codomyrmex/tests/unit/database_management/test_database_management.py::TestBackupManager::test_backup_with_compression PASSED [ 41%]
src/codomyrmex/tests/unit/database_management/test_database_management.py::TestBackupManager::test_list_backups PASSED [ 41%]
src/codomyrmex/tests/unit/database_management/test_database_management.py::TestBackupManager::test_delete_backup PASSED [ 41%]
src/codomyrmex/tests/unit/database_management/test_database_management.py::TestPerformanceMonitor::test_record_query_metrics PASSED [ 41%]
src/codomyrmex/tests/unit/database_management/test_database_management.py::TestPerformanceMonitor::test_record_database_metrics PASSED [ 41%]
src/codomyrmex/tests/unit/database_management/test_database_management.py::TestPerformanceMonitor::test_performance_report_generation PASSED [ 41%]
src/codomyrmex/tests/unit/database_management/test_database_management.py::TestPerformanceMonitor::test_check_alerts_high_query_time PASSED [ 41%]
src/codomyrmex/tests/unit/database_management/test_database_management.py::TestConvenienceFunctions::test_manage_databases_function PASSED [ 41%]
src/codomyrmex/tests/unit/database_management/test_database_management.py::TestConvenienceFunctions::test_manage_databases_without_url PASSED [ 41%]
src/codomyrmex/tests/unit/database_management/test_database_management.py::TestConvenienceFunctions::test_database_connector_convenience PASSED [ 41%]
src/codomyrmex/tests/unit/database_management/test_database_management.py::TestConvenienceFunctions::test_database_connector_execute PASSED [ 41%]
src/codomyrmex/tests/unit/database_management/test_database_management.py::TestConvenienceFunctions::test_monitor_database_function PASSED [ 41%]
src/codomyrmex/tests/unit/database_management/test_database_management.py::TestConvenienceFunctions::test_optimize_database_function PASSED [ 41%]
src/codomyrmex/tests/unit/database_management/test_database_management.py::TestDatabaseConnector::test_parse_sqlite_url PASSED [ 41%]
src/codomyrmex/tests/unit/database_management/test_database_management.py::TestDatabaseConnector::test_parse_postgresql_url PASSED [ 41%]
src/codomyrmex/tests/unit/database_management/test_database_management.py::TestDatabaseConnector::test_parse_mysql_url PASSED [ 41%]
src/codomyrmex/tests/unit/database_management/test_database_management.py::TestDatabaseConnector::test_invalid_url_raises_error PASSED [ 41%]
src/codomyrmex/tests/unit/database_management/test_database_management.py::TestDatabaseConnector::test_sqlite_connect_and_execute PASSED [ 41%]
src/codomyrmex/tests/unit/database_management/test_database_management.py::TestDatabaseConnector::test_execute_script PASSED [ 41%]
src/codomyrmex/tests/unit/database_management/test_database_management.py::TestSchemaGeneratorAdvanced::test_compare_schemas PASSED [ 41%]
src/codomyrmex/tests/unit/database_management/test_database_management.py::TestSchemaGeneratorAdvanced::test_schema_drift_report PASSED [ 41%]
src/codomyrmex/tests/unit/database_management/test_database_management.py::TestSchemaGeneratorAdvanced::test_export_schema_sql PASSED [ 41%]
src/codomyrmex/tests/unit/database_management/test_database_management.py::TestSchemaGeneratorAdvanced::test_export_schema_json PASSED [ 41%]
src/codomyrmex/tests/unit/database_management/test_database_management.py::TestSchemaGeneratorAdvanced::test_generate_migration_from_changes PASSED [ 41%]
src/codomyrmex/tests/unit/database_management/test_database_management.py::TestIntegration::test_full_database_lifecycle PASSED [ 41%]
src/codomyrmex/tests/unit/database_management/test_database_management.py::TestIntegration::test_migration_workflow PASSED [ 41%]
src/codomyrmex/tests/unit/database_management/test_database_management.py::TestIntegration::test_backup_and_monitor_integration PASSED [ 41%]
src/codomyrmex/tests/unit/defense/test_defense.py::TestActiveDefense::test_init PASSED [ 41%]
src/codomyrmex/tests/unit/defense/test_defense.py::TestActiveDefense::test_detect_exploit_jailbreak PASSED [ 41%]
src/codomyrmex/tests/unit/defense/test_defense.py::TestActiveDefense::test_detect_exploit_system_override PASSED [ 41%]
src/codomyrmex/tests/unit/defense/test_defense.py::TestActiveDefense::test_detect_exploit_clean_input PASSED [ 41%]
src/codomyrmex/tests/unit/defense/test_defense.py::TestActiveDefense::test_detect_exploit_case_insensitive PASSED [ 41%]
src/codomyrmex/tests/unit/defense/test_defense.py::TestActiveDefense::test_metrics_tracking PASSED [ 41%]
src/codomyrmex/tests/unit/defense/test_defense.py::TestActiveDefense::test_update_patterns PASSED [ 41%]
src/codomyrmex/tests/unit/defense/test_defense.py::TestActiveDefense::test_update_patterns_no_duplicates PASSED [ 41%]
src/codomyrmex/tests/unit/defense/test_defense.py::TestActiveDefense::test_get_threat_report PASSED [ 41%]
src/codomyrmex/tests/unit/defense/test_defense.py::TestActiveDefense::test_poison_context PASSED [ 41%]
src/codomyrmex/tests/unit/defense/test_defense.py::TestActiveDefense::test_poison_context_zero_intensity PASSED [ 41%]
src/codomyrmex/tests/unit/defense/test_defense.py::TestActiveDefense::test_poison_context_max_intensity PASSED [ 41%]
src/codomyrmex/tests/unit/defense/test_defense.py::TestRabbitHole::test_init PASSED [ 41%]
src/codomyrmex/tests/unit/defense/test_defense.py::TestRabbitHole::test_engage PASSED [ 41%]
src/codomyrmex/tests/unit/defense/test_defense.py::TestRabbitHole::test_generate_response_active_session PASSED [ 41%]
src/codomyrmex/tests/unit/defense/test_defense.py::TestRabbitHole::test_generate_response_no_session PASSED [ 41%]
src/codomyrmex/tests/unit/defense/test_defense.py::TestRabbitHole::test_stall PASSED [ 42%]
src/codomyrmex/tests/unit/defense/test_defense_extended.py::test_exploit_detection PASSED [ 42%]
src/codomyrmex/tests/unit/defense/test_defense_extended.py::test_poison_generation PASSED [ 42%]
src/codomyrmex/tests/unit/defense/test_defense_extended.py::test_rabbit_hole_engagement PASSED [ 42%]
src/codomyrmex/tests/unit/defense/test_honeytoken_activation.py::TestHoneytokenActivation::test_create_honeytoken PASSED [ 42%]
src/codomyrmex/tests/unit/defense/test_honeytoken_activation.py::TestHoneytokenActivation::test_check_honeytoken_detects_planted_token PASSED [ 42%]
src/codomyrmex/tests/unit/defense/test_honeytoken_activation.py::TestHoneytokenActivation::test_check_honeytoken_no_false_positive PASSED [ 42%]
src/codomyrmex/tests/unit/defense/test_honeytoken_activation.py::TestHoneytokenActivation::test_honeytoken_trigger_count PASSED [ 42%]
src/codomyrmex/tests/unit/defense/test_honeytoken_activation.py::TestHoneytokenActivation::test_threat_report_includes_honeytokens PASSED [ 42%]
src/codomyrmex/tests/unit/defense/test_honeytoken_activation.py::TestHoneytokenActivation::test_multiple_honeytokens PASSED [ 42%]
src/codomyrmex/tests/unit/dependency_injection/test_dependency_injection.py::TestScope::test_scope_singleton_value PASSED [ 42%]
src/codomyrmex/tests/unit/dependency_injection/test_dependency_injection.py::TestScope::test_scope_transient_value PASSED [ 42%]
src/codomyrmex/tests/unit/dependency_injection/test_dependency_injection.py::TestScope::test_scope_scoped_value PASSED [ 42%]
src/codomyrmex/tests/unit/dependency_injection/test_dependency_injection.py::TestScope::test_scope_from_string_singleton PASSED [ 42%]
src/codomyrmex/tests/unit/dependency_injection/test_dependency_injection.py::TestScope::test_scope_from_string_transient PASSED [ 42%]
src/codomyrmex/tests/unit/dependency_injection/test_dependency_injection.py::TestScope::test_scope_from_string_scoped PASSED [ 42%]
src/codomyrmex/tests/unit/dependency_injection/test_dependency_injection.py::TestScope::test_scope_from_string_case_insensitive PASSED [ 42%]
src/codomyrmex/tests/unit/dependency_injection/test_dependency_injection.py::TestScope::test_scope_from_string_invalid_raises PASSED [ 42%]
src/codomyrmex/tests/unit/dependency_injection/test_dependency_injection.py::TestContainerRegistration::test_register_and_resolve_singleton PASSED [ 42%]
src/codomyrmex/tests/unit/dependency_injection/test_dependency_injection.py::TestContainerRegistration::test_register_and_resolve_transient PASSED [ 42%]
src/codomyrmex/tests/unit/dependency_injection/test_dependency_injection.py::TestContainerRegistration::test_register_returns_container_for_chaining PASSED [ 42%]
src/codomyrmex/tests/unit/dependency_injection/test_dependency_injection.py::TestContainerRegistration::test_register_raises_type_error_for_non_class PASSED [ 42%]
src/codomyrmex/tests/unit/dependency_injection/test_dependency_injection.py::TestContainerRegistration::test_register_raises_value_error_for_invalid_scope PASSED [ 42%]
src/codomyrmex/tests/unit/dependency_injection/test_dependency_injection.py::TestContainerRegisterInstance::test_register_instance_returns_same_object PASSED [ 42%]
src/codomyrmex/tests/unit/dependency_injection/test_dependency_injection.py::TestContainerRegisterInstance::test_register_instance_returns_container_for_chaining PASSED [ 42%]
src/codomyrmex/tests/unit/dependency_injection/test_dependency_injection.py::TestContainerRegisterInstance::test_register_instance_raises_on_none PASSED [ 42%]
src/codomyrmex/tests/unit/dependency_injection/test_dependency_injection.py::TestContainerRegisterInstance::test_register_instance_descriptor_is_instance_registration PASSED [ 42%]
src/codomyrmex/tests/unit/dependency_injection/test_dependency_injection.py::TestContainerRegisterFactory::test_register_factory_singleton PASSED [ 42%]
src/codomyrmex/tests/unit/dependency_injection/test_dependency_injection.py::TestContainerRegisterFactory::test_register_factory_transient PASSED [ 42%]
src/codomyrmex/tests/unit/dependency_injection/test_dependency_injection.py::TestContainerRegisterFactory::test_register_factory_returns_container_for_chaining PASSED [ 42%]
src/codomyrmex/tests/unit/dependency_injection/test_dependency_injection.py::TestContainerQuery::test_has_returns_true_for_registered PASSED [ 42%]
src/codomyrmex/tests/unit/dependency_injection/test_dependency_injection.py::TestContainerQuery::test_has_returns_false_for_unregistered PASSED [ 42%]
src/codomyrmex/tests/unit/dependency_injection/test_dependency_injection.py::TestContainerQuery::test_contains_dunder PASSED [ 42%]
src/codomyrmex/tests/unit/dependency_injection/test_dependency_injection.py::TestContainerQuery::test_get_descriptor_returns_descriptor PASSED [ 42%]
src/codomyrmex/tests/unit/dependency_injection/test_dependency_injection.py::TestContainerQuery::test_get_descriptor_returns_none_for_missing PASSED [ 42%]
src/codomyrmex/tests/unit/dependency_injection/test_dependency_injection.py::TestContainerQuery::test_registrations_returns_dict_copy PASSED [ 42%]
src/codomyrmex/tests/unit/dependency_injection/test_dependency_injection.py::TestContainerQuery::test_len_dunder PASSED [ 42%]
src/codomyrmex/tests/unit/dependency_injection/test_dependency_injection.py::TestContainerQuery::test_repr PASSED [ 42%]
src/codomyrmex/tests/unit/dependency_injection/test_dependency_injection.py::TestContainerReset::test_reset_clears_all_registrations PASSED [ 42%]
src/codomyrmex/tests/unit/dependency_injection/test_dependency_injection.py::TestContainerReset::test_reset_clears_cached_singleton_instances PASSED [ 42%]
src/codomyrmex/tests/unit/dependency_injection/test_dependency_injection.py::TestResolutionErrors::test_resolve_unregistered_raises_key_error PASSED [ 42%]
src/codomyrmex/tests/unit/dependency_injection/test_dependency_injection.py::TestResolutionErrors::test_resolution_error_is_exception PASSED [ 42%]
src/codomyrmex/tests/unit/dependency_injection/test_dependency_injection.py::TestResolutionErrors::test_circular_dependency_error_inherits_resolution_error PASSED [ 42%]
src/codomyrmex/tests/unit/dependency_injection/test_dependency_injection.py::TestResolutionErrors::test_circular_dependency_detected PASSED [ 42%]
src/codomyrmex/tests/unit/dependency_injection/test_dependency_injection.py::TestScopeContext::test_scoped_returns_same_instance_within_context PASSED [ 42%]
src/codomyrmex/tests/unit/dependency_injection/test_dependency_injection.py::TestScopeContext::test_scoped_returns_different_instance_across_contexts PASSED [ 42%]
src/codomyrmex/tests/unit/dependency_injection/test_dependency_injection.py::TestScopeContext::test_scope_context_active_property PASSED [ 42%]
src/codomyrmex/tests/unit/dependency_injection/test_dependency_injection.py::TestScopeContext::test_scope_context_has_unique_id PASSED [ 42%]
src/codomyrmex/tests/unit/dependency_injection/test_dependency_injection.py::TestScopeContext::test_resolve_scoped_without_context_raises PASSED [ 42%]
src/codomyrmex/tests/unit/dependency_injection/test_dependency_injection.py::TestScopeContext::test_resolve_from_inactive_scope_raises PASSED [ 42%]
src/codomyrmex/tests/unit/dependency_injection/test_dependency_injection.py::TestScopeContext::test_scope_context_dispose_calls_close PASSED [ 42%]
src/codomyrmex/tests/unit/dependency_injection/test_dependency_injection.py::TestScopeContext::test_scope_context_repr PASSED [ 42%]
src/codomyrmex/tests/unit/dependency_injection/test_dependency_injection.py::TestServiceDescriptor::test_default_values PASSED [ 42%]
src/codomyrmex/tests/unit/dependency_injection/test_dependency_injection.py::TestServiceDescriptor::test_is_instance_registration_true PASSED [ 42%]
src/codomyrmex/tests/unit/dependency_injection/test_dependency_injection.py::TestServiceDescriptor::test_is_instance_registration_false_with_implementation PASSED [ 42%]
src/codomyrmex/tests/unit/dependency_injection/test_dependency_injection.py::TestInjectableDecorator::test_injectable_sets_metadata PASSED [ 42%]
src/codomyrmex/tests/unit/dependency_injection/test_dependency_injection.py::TestInjectableDecorator::test_injectable_default_scope_is_singleton PASSED [ 42%]
src/codomyrmex/tests/unit/dependency_injection/test_dependency_injection.py::TestInjectableDecorator::test_injectable_with_tags PASSED [ 42%]
src/codomyrmex/tests/unit/dependency_injection/test_dependency_injection.py::TestInjectableDecorator::test_is_injectable_returns_false_for_plain_class PASSED [ 42%]
src/codomyrmex/tests/unit/dependency_injection/test_dependency_injection.py::TestInjectDecorator::test_inject_sets_metadata PASSED [ 42%]
src/codomyrmex/tests/unit/dependency_injection/test_dependency_injection.py::TestInjectDecorator::test_inject_precomputes_params PASSED [ 42%]
src/codomyrmex/tests/unit/dependency_injection/test_dependency_injection.py::TestInjectDecorator::test_inject_excludes_self_param PASSED [ 42%]
src/codomyrmex/tests/unit/dependency_injection/test_dependency_injection.py::TestInjectDecorator::test_inject_decorator_auto_resolves_in_container PASSED [ 42%]
src/codomyrmex/tests/unit/dependency_injection/test_dependency_injection.py::TestIntrospectionFunctions::test_get_injectable_metadata_returns_none_for_undecorated PASSED [ 42%]
src/codomyrmex/tests/unit/dependency_injection/test_dependency_injection.py::TestIntrospectionFunctions::test_get_inject_metadata_returns_none_for_undecorated PASSED [ 42%]
src/codomyrmex/tests/unit/dependency_injection/test_dependency_injection.py::TestIntrospectionFunctions::test_get_injectable_params_returns_empty_for_undecorated PASSED [ 42%]
src/codomyrmex/tests/unit/dependency_injection/test_dependency_injection.py::TestThreadSafety::test_concurrent_resolve_singleton PASSED [ 42%]
src/codomyrmex/tests/unit/dependency_injection/test_dependency_injection.py::TestThreadSafety::test_concurrent_register_and_resolve PASSED [ 42%]
src/codomyrmex/tests/unit/dependency_injection/test_dependency_injection.py::TestAutoResolutionViaHints::test_auto_resolve_constructor_deps PASSED [ 42%]
src/codomyrmex/tests/unit/dependency_injection/test_dependency_injection.py::TestAutoResolutionViaHints::test_constructor_with_no_hints_creates_plain_instance PASSED [ 42%]
src/codomyrmex/tests/unit/deployment/test_deployment.py::test_deployment_target_creation PASSED [ 42%]
src/codomyrmex/tests/unit/deployment/test_deployment.py::test_deployment_target_with_metadata PASSED [ 42%]
src/codomyrmex/tests/unit/deployment/test_deployment.py::test_deployment_result_to_dict PASSED [ 42%]
src/codomyrmex/tests/unit/deployment/test_deployment.py::test_deployment_result_with_errors PASSED [ 42%]
src/codomyrmex/tests/unit/deployment/test_deployment.py::test_deployment_state_values PASSED [ 42%]
src/codomyrmex/tests/unit/deployment/test_deployment.py::test_rolling_deployment_all_succeed PASSED [ 42%]
src/codomyrmex/tests/unit/deployment/test_deployment.py::test_rolling_deployment_partial_failure PASSED [ 42%]
src/codomyrmex/tests/unit/deployment/test_deployment.py::test_rolling_deployment_with_health_check PASSED [ 42%]
src/codomyrmex/tests/unit/deployment/test_deployment.py::test_rolling_deployment_rollback PASSED [ 42%]
src/codomyrmex/tests/unit/deployment/test_deployment.py::test_blue_green_deployment_success PASSED [ 42%]
src/codomyrmex/tests/unit/deployment/test_deployment.py::test_blue_green_deployment_rollback PASSED [ 42%]
src/codomyrmex/tests/unit/deployment/test_deployment.py::test_canary_deployment_full_rollout PASSED [ 42%]
src/codomyrmex/tests/unit/deployment/test_deployment.py::test_canary_deployment_stops_on_failure PASSED [ 42%]
src/codomyrmex/tests/unit/deployment/test_deployment.py::test_create_strategy_rolling PASSED [ 42%]
src/codomyrmex/tests/unit/deployment/test_deployment.py::test_create_strategy_blue_green PASSED [ 42%]
src/codomyrmex/tests/unit/deployment/test_deployment.py::test_create_strategy_canary PASSED [ 42%]
src/codomyrmex/tests/unit/deployment/test_deployment.py::test_create_strategy_unknown_raises PASSED [ 42%]
src/codomyrmex/tests/unit/deployment/test_deployment.py::test_manager_default_strategy PASSED [ 42%]
src/codomyrmex/tests/unit/deployment/test_deployment.py::test_manager_deployment_history PASSED [ 42%]
src/codomyrmex/tests/unit/deployment/test_deployment.py::test_manager_deploy_failure_recorded PASSED [ 42%]
src/codomyrmex/tests/unit/deployment/test_deployment.py::test_manager_rollback PASSED [ 42%]
src/codomyrmex/tests/unit/deployment/test_deployment.py::test_health_status_enum_values PASSED [ 42%]
src/codomyrmex/tests/unit/deployment/test_deployment.py::test_health_check_result_to_dict PASSED [ 42%]
src/codomyrmex/tests/unit/deployment/test_deployment.py::test_command_health_check_success PASSED [ 42%]
src/codomyrmex/tests/unit/deployment/test_deployment.py::test_command_health_check_failure PASSED [ 42%]
src/codomyrmex/tests/unit/deployment/test_deployment.py::test_disk_health_check PASSED [ 42%]
src/codomyrmex/tests/unit/deployment/test_deployment.py::test_health_checker_aggregation_all_healthy PASSED [ 42%]
src/codomyrmex/tests/unit/deployment/test_deployment.py::test_health_checker_aggregation_mixed PASSED [ 42%]
src/codomyrmex/tests/unit/deployment/test_deployment.py::test_health_checker_aggregation_critical_fail PASSED [ 42%]
src/codomyrmex/tests/unit/deployment/test_deployment.py::test_aggregated_health_to_dict PASSED [ 43%]
src/codomyrmex/tests/unit/deployment/test_deployment.py::test_gitops_sync_method PASSED [ 43%]
src/codomyrmex/tests/unit/deployment/test_deployment.py::test_gitops_version_unknown_before_sync PASSED [ 43%]
src/codomyrmex/tests/unit/deployment/test_deployment.py::test_gitops_version_after_sync PASSED [ 43%]
src/codomyrmex/tests/unit/deployment/test_deployment.py::test_gitops_real_git_repo PASSED [ 43%]
src/codomyrmex/tests/unit/deployment/test_deployment_pipeline.py::TestDockerStage::test_render PASSED [ 43%]
src/codomyrmex/tests/unit/deployment/test_deployment_pipeline.py::TestDockerfileSpec::test_render_multi_stage PASSED [ 43%]
src/codomyrmex/tests/unit/deployment/test_deployment_pipeline.py::TestDockerfileSpec::test_labels PASSED [ 43%]
src/codomyrmex/tests/unit/deployment/test_deployment_pipeline.py::TestAutoBuilder::test_from_pyproject PASSED [ 43%]
src/codomyrmex/tests/unit/deployment/test_deployment_pipeline.py::TestAutoBuilder::test_default_spec PASSED [ 43%]
src/codomyrmex/tests/unit/deployment/test_deployment_pipeline.py::TestAutoBuilder::test_from_config PASSED [ 43%]
src/codomyrmex/tests/unit/deployment/test_deployment_pipeline.py::TestAutoBuilder::test_missing_file PASSED [ 43%]
src/codomyrmex/tests/unit/deployment/test_deployment_pipeline.py::TestComponentHealth::test_to_dict PASSED [ 43%]
src/codomyrmex/tests/unit/deployment/test_deployment_pipeline.py::TestHealthReport::test_is_healthy PASSED [ 43%]
src/codomyrmex/tests/unit/deployment/test_deployment_pipeline.py::TestHealthChecker::test_all_healthy PASSED [ 43%]
src/codomyrmex/tests/unit/deployment/test_deployment_pipeline.py::TestHealthChecker::test_unhealthy_component PASSED [ 43%]
src/codomyrmex/tests/unit/deployment/test_deployment_pipeline.py::TestHealthChecker::test_degraded_escalation PASSED [ 43%]
src/codomyrmex/tests/unit/deployment/test_deployment_pipeline.py::TestHealthChecker::test_check_fn_exception PASSED [ 43%]
src/codomyrmex/tests/unit/deployment/test_deployment_pipeline.py::TestHealthChecker::test_liveness PASSED [ 43%]
src/codomyrmex/tests/unit/deployment/test_deployment_pipeline.py::TestHealthChecker::test_readiness PASSED [ 43%]
src/codomyrmex/tests/unit/deployment/test_deployment_pipeline.py::TestMetricComparison::test_within_threshold PASSED [ 43%]
src/codomyrmex/tests/unit/deployment/test_deployment_pipeline.py::TestMetricComparison::test_exceeds_threshold PASSED [ 43%]
src/codomyrmex/tests/unit/deployment/test_deployment_pipeline.py::TestMetricComparison::test_zero_baseline PASSED [ 43%]
src/codomyrmex/tests/unit/deployment/test_deployment_pipeline.py::TestCanaryAnalyzer::test_promote PASSED [ 43%]
src/codomyrmex/tests/unit/deployment/test_deployment_pipeline.py::TestCanaryAnalyzer::test_rollback PASSED [ 43%]
src/codomyrmex/tests/unit/deployment/test_deployment_pipeline.py::TestCanaryAnalyzer::test_continue PASSED [ 43%]
src/codomyrmex/tests/unit/deployment/test_deployment_pipeline.py::TestCanaryAnalyzer::test_custom_tolerances PASSED [ 43%]
src/codomyrmex/tests/unit/deployment/test_deployment_pipeline.py::TestCanaryAnalyzer::test_report_to_dict PASSED [ 43%]
src/codomyrmex/tests/unit/docs_gen/test_docs_gen.py::TestAPIDocExtractor::test_extract_module_docstring PASSED [ 43%]
src/codomyrmex/tests/unit/docs_gen/test_docs_gen.py::TestAPIDocExtractor::test_extract_class PASSED [ 43%]
src/codomyrmex/tests/unit/docs_gen/test_docs_gen.py::TestAPIDocExtractor::test_extract_methods PASSED [ 43%]
src/codomyrmex/tests/unit/docs_gen/test_docs_gen.py::TestAPIDocExtractor::test_extract_function PASSED [ 43%]
src/codomyrmex/tests/unit/docs_gen/test_docs_gen.py::TestAPIDocExtractor::test_extract_exports PASSED [ 43%]
src/codomyrmex/tests/unit/docs_gen/test_docs_gen.py::TestAPIDocExtractor::test_to_markdown PASSED [ 43%]
src/codomyrmex/tests/unit/docs_gen/test_docs_gen.py::TestSearchIndex::test_add_and_search PASSED [ 43%]
src/codomyrmex/tests/unit/docs_gen/test_docs_gen.py::TestSearchIndex::test_title_boosted PASSED [ 43%]
src/codomyrmex/tests/unit/docs_gen/test_docs_gen.py::TestSearchIndex::test_no_results PASSED [ 43%]
src/codomyrmex/tests/unit/docs_gen/test_docs_gen.py::TestSearchIndex::test_remove PASSED [ 43%]
src/codomyrmex/tests/unit/docs_gen/test_docs_gen.py::TestSiteGenerator::test_add_module PASSED [ 43%]
src/codomyrmex/tests/unit/docs_gen/test_docs_gen.py::TestSiteGenerator::test_generate_pages PASSED [ 43%]
src/codomyrmex/tests/unit/docs_gen/test_docs_gen.py::TestSiteGenerator::test_mkdocs_yaml PASSED [ 43%]
src/codomyrmex/tests/unit/docs_gen/test_docs_gen.py::TestSiteGenerator::test_search_integrated PASSED [ 43%]
src/codomyrmex/tests/unit/documentation/test_bootstrap_agents_readmes.py::TestDocumentationBootstrapper::test_should_process_directory_excludes_output PASSED [ 43%]
src/codomyrmex/tests/unit/documentation/test_bootstrap_agents_readmes.py::TestDocumentationBootstrapper::test_should_process_directory_excludes_at_output PASSED [ 43%]
src/codomyrmex/tests/unit/documentation/test_bootstrap_agents_readmes.py::TestDocumentationBootstrapper::test_should_process_directory_excludes_dot_directories PASSED [ 43%]
src/codomyrmex/tests/unit/documentation/test_bootstrap_agents_readmes.py::TestDocumentationBootstrapper::test_should_process_directory_allows_surface_roots PASSED [ 43%]
src/codomyrmex/tests/unit/documentation/test_bootstrap_agents_readmes.py::TestDocumentationBootstrapper::test_should_process_directory_allows_surface_subdirs PASSED [ 43%]
src/codomyrmex/tests/unit/documentation/test_bootstrap_agents_readmes.py::TestDocumentationBootstrapper::test_get_directory_inventory_excludes_special_files PASSED [ 43%]
src/codomyrmex/tests/unit/documentation/test_bootstrap_agents_readmes.py::TestDocumentationBootstrapper::test_generate_agents_md_basic_structure PASSED [ 43%]
src/codomyrmex/tests/unit/documentation/test_bootstrap_agents_readmes.py::TestDocumentationBootstrapper::test_generate_readme_md_basic_structure PASSED [ 43%]
src/codomyrmex/tests/unit/documentation/test_bootstrap_agents_readmes.py::TestDocumentationBootstrapper::test_get_navigation_links_with_existing_files PASSED [ 43%]
src/codomyrmex/tests/unit/documentation/test_bootstrap_agents_readmes.py::TestDocumentationBootstrapper::test_bootstrap_creates_files PASSED [ 43%]
src/codomyrmex/tests/unit/documentation/test_bootstrap_agents_readmes.py::TestDocumentationBootstrapper::test_bootstrap_skips_excluded_directories PASSED [ 43%]
src/codomyrmex/tests/unit/documentation/test_bootstrap_agents_readmes.py::TestIntegrationWithValidator::test_generated_agents_passes_validation PASSED [ 43%]
src/codomyrmex/tests/unit/documentation/test_documentation.py::TestDocumentation::test_documentation_import PASSED [ 43%]
src/codomyrmex/tests/unit/documentation/test_documentation.py::TestDocumentation::test_documentation_module_structure PASSED [ 43%]
src/codomyrmex/tests/unit/documentation/test_documentation.py::TestDocumentation::test_command_exists PASSED [ 43%]
src/codomyrmex/tests/unit/documentation/test_documentation.py::TestDocumentation::test_check_doc_environment_success PASSED [ 43%]
src/codomyrmex/tests/unit/documentation/test_documentation.py::TestDocumentation::test_check_doc_environment_missing_node PASSED [ 43%]
src/codomyrmex/tests/unit/documentation/test_documentation.py::TestDocumentation::test_install_dependencies_success SKIPPED [ 43%]
src/codomyrmex/tests/unit/documentation/test_documentation.py::TestDocumentation::test_run_command_stream_output SKIPPED [ 43%]
src/codomyrmex/tests/unit/documentation/test_documentation.py::TestDocumentation::test_main_full_cycle PASSED [ 43%]
src/codomyrmex/tests/unit/documentation/test_documentation.py::TestDocumentation::test_assess_site PASSED [ 43%]
src/codomyrmex/tests/unit/documentation/test_documentation.py::TestDocumentation::test_print_assessment_checklist PASSED [ 43%]
src/codomyrmex/tests/unit/documentation/test_documentation.py::TestDocumentation::test_serve_static_site_build_missing SKIPPED [ 43%]
src/codomyrmex/tests/unit/documentation/test_documentation.py::TestDocumentation::test_constants_and_paths PASSED [ 43%]
src/codomyrmex/tests/unit/documentation/test_documentation.py::TestDocumentation::test_build_static_site_error_handling SKIPPED [ 43%]
src/codomyrmex/tests/unit/documents/test_documents.py::TestDocumentModel::test_document_creation PASSED [ 43%]
src/codomyrmex/tests/unit/documents/test_documents.py::TestDocumentModel::test_document_auto_id PASSED [ 43%]
src/codomyrmex/tests/unit/documents/test_documents.py::TestDocumentModel::test_document_get_content_as_string PASSED [ 43%]
src/codomyrmex/tests/unit/documents/test_documents.py::TestDocumentModel::test_document_type_detection PASSED [ 43%]
src/codomyrmex/tests/unit/documents/test_documents.py::TestDocumentModel::test_document_to_dict PASSED [ 43%]
src/codomyrmex/tests/unit/documents/test_documents.py::TestDocumentModel::test_document_to_dict_truncates_long_content PASSED [ 43%]
src/codomyrmex/tests/unit/documents/test_documents.py::TestDocumentModel::test_document_encoding_field PASSED [ 43%]
src/codomyrmex/tests/unit/documents/test_documents.py::TestDocumentModel::test_document_type_property PASSED [ 43%]
src/codomyrmex/tests/unit/documents/test_documents.py::TestDocumentMetadataModel::test_metadata_creation PASSED [ 43%]
src/codomyrmex/tests/unit/documents/test_documents.py::TestDocumentMetadataModel::test_metadata_to_dict PASSED [ 43%]
src/codomyrmex/tests/unit/documents/test_documents.py::TestDocumentMetadataModel::test_metadata_from_dict PASSED [ 43%]
src/codomyrmex/tests/unit/documents/test_documents.py::TestDocumentMetadataModel::test_metadata_copy PASSED [ 43%]
src/codomyrmex/tests/unit/documents/test_documents.py::TestDocumentMetadataModel::test_metadata_field_creation PASSED [ 43%]
src/codomyrmex/tests/unit/documents/test_documents.py::TestDocumentsConfig::test_config_defaults PASSED [ 43%]
src/codomyrmex/tests/unit/documents/test_documents.py::TestDocumentsConfig::test_config_custom_values PASSED [ 43%]
src/codomyrmex/tests/unit/documents/test_documents.py::TestDocumentsConfig::test_get_set_config PASSED [ 43%]
src/codomyrmex/tests/unit/documents/test_documents.py::TestDocumentsConfig::test_config_env_var_cache_dir PASSED [ 43%]
src/codomyrmex/tests/unit/documents/test_documents.py::TestValidationResult::test_valid_result PASSED [ 43%]
src/codomyrmex/tests/unit/documents/test_documents.py::TestValidationResult::test_invalid_result PASSED [ 43%]
src/codomyrmex/tests/unit/documents/test_documents.py::TestValidationResult::test_result_with_warnings PASSED [ 43%]
src/codomyrmex/tests/unit/documents/test_documents.py::TestDocumentReader::test_read_markdown_file PASSED [ 43%]
src/codomyrmex/tests/unit/documents/test_documents.py::TestDocumentReader::test_read_json_file PASSED [ 43%]
src/codomyrmex/tests/unit/documents/test_documents.py::TestDocumentReader::test_read_yaml_file PASSED [ 43%]
src/codomyrmex/tests/unit/documents/test_documents.py::TestDocumentReader::test_read_text_file PASSED [ 43%]
src/codomyrmex/tests/unit/documents/test_documents.py::TestDocumentReader::test_read_nonexistent_file PASSED [ 43%]
src/codomyrmex/tests/unit/documents/test_documents.py::TestDocumentReader::test_auto_format_detection PASSED [ 43%]
src/codomyrmex/tests/unit/documents/test_documents.py::TestDocumentWriter::test_write_markdown PASSED [ 43%]
src/codomyrmex/tests/unit/documents/test_documents.py::TestDocumentWriter::test_write_json PASSED [ 43%]
src/codomyrmex/tests/unit/documents/test_documents.py::TestDocumentWriter::test_write_text PASSED [ 43%]
src/codomyrmex/tests/unit/documents/test_documents.py::TestDocumentWriter::test_write_creates_directory PASSED [ 43%]
src/codomyrmex/tests/unit/documents/test_documents.py::TestDocumentParser::test_parse_json_content PASSED [ 43%]
src/codomyrmex/tests/unit/documents/test_documents.py::TestDocumentParser::test_parse_yaml_content PASSED [ 43%]
src/codomyrmex/tests/unit/documents/test_documents.py::TestDocumentParser::test_parse_markdown_content PASSED [ 44%]
src/codomyrmex/tests/unit/documents/test_documents.py::TestDocumentValidator::test_validate_valid_json PASSED [ 44%]
src/codomyrmex/tests/unit/documents/test_documents.py::TestDocumentValidator::test_validate_invalid_json_string PASSED [ 44%]
src/codomyrmex/tests/unit/documents/test_documents.py::TestDocumentValidator::test_validate_none_content PASSED [ 44%]
src/codomyrmex/tests/unit/documents/test_documents.py::TestDocumentValidator::test_validate_with_schema PASSED [ 44%]
src/codomyrmex/tests/unit/documents/test_documents.py::TestFormatHandlers::test_markdown_read_write PASSED [ 44%]
src/codomyrmex/tests/unit/documents/test_documents.py::TestFormatHandlers::test_json_read_write PASSED [ 44%]
src/codomyrmex/tests/unit/documents/test_documents.py::TestFormatHandlers::test_yaml_read_write PASSED [ 44%]
src/codomyrmex/tests/unit/documents/test_documents.py::TestFormatHandlers::test_text_read_write PASSED [ 44%]
src/codomyrmex/tests/unit/documents/test_documents.py::TestFormatHandlers::test_json_schema_validation PASSED [ 44%]
src/codomyrmex/tests/unit/documents/test_documents.py::TestHtmlHandler::test_html_read_write PASSED [ 44%]
src/codomyrmex/tests/unit/documents/test_documents.py::TestHtmlHandler::test_html_read_nonexistent PASSED [ 44%]
src/codomyrmex/tests/unit/documents/test_documents.py::TestHtmlHandler::test_strip_html_tags PASSED [ 44%]
src/codomyrmex/tests/unit/documents/test_documents.py::TestHtmlHandler::test_html_unicode PASSED [ 44%]
src/codomyrmex/tests/unit/documents/test_documents.py::TestXmlHandler::test_xml_read_write PASSED [ 44%]
src/codomyrmex/tests/unit/documents/test_documents.py::TestXmlHandler::test_xml_invalid PASSED [ 44%]
src/codomyrmex/tests/unit/documents/test_documents.py::TestXmlHandler::test_xml_read_nonexistent PASSED [ 44%]
src/codomyrmex/tests/unit/documents/test_documents.py::TestCsvHandler::test_csv_read_write PASSED [ 44%]
src/codomyrmex/tests/unit/documents/test_documents.py::TestCsvHandler::test_csv_write_empty PASSED [ 44%]
src/codomyrmex/tests/unit/documents/test_documents.py::TestCsvHandler::test_csv_read_nonexistent PASSED [ 44%]
src/codomyrmex/tests/unit/documents/test_documents.py::TestDocumentTransformation::test_convert_markdown_to_text PASSED [ 44%]
src/codomyrmex/tests/unit/documents/test_documents.py::TestDocumentTransformation::test_convert_same_format PASSED [ 44%]
src/codomyrmex/tests/unit/documents/test_documents.py::TestDocumentTransformation::test_convert_yaml_to_json PASSED [ 44%]
src/codomyrmex/tests/unit/documents/test_documents.py::TestDocumentTransformation::test_merge_documents PASSED [ 44%]
src/codomyrmex/tests/unit/documents/test_documents.py::TestDocumentTransformation::test_merge_single_document PASSED [ 44%]
src/codomyrmex/tests/unit/documents/test_documents.py::TestDocumentTransformation::test_merge_empty_raises PASSED [ 44%]
src/codomyrmex/tests/unit/documents/test_documents.py::TestDocumentTransformation::test_split_document_by_sections PASSED [ 44%]
src/codomyrmex/tests/unit/documents/test_documents.py::TestDocumentTransformation::test_split_document_by_size PASSED [ 44%]
src/codomyrmex/tests/unit/documents/test_documents.py::TestDocumentTransformation::test_split_document_by_lines PASSED [ 44%]
src/codomyrmex/tests/unit/documents/test_documents.py::TestFormatter::test_format_default PASSED [ 44%]
src/codomyrmex/tests/unit/documents/test_documents.py::TestFormatter::test_format_json_compact PASSED [ 44%]
src/codomyrmex/tests/unit/documents/test_documents.py::TestFormatter::test_format_json_pretty PASSED [ 44%]
src/codomyrmex/tests/unit/documents/test_documents.py::TestMetadataOperations::test_extract_metadata PASSED [ 44%]
src/codomyrmex/tests/unit/documents/test_documents.py::TestMetadataOperations::test_extract_markdown_frontmatter PASSED [ 44%]
src/codomyrmex/tests/unit/documents/test_documents.py::TestMetadataOperations::test_get_document_version PASSED [ 44%]
src/codomyrmex/tests/unit/documents/test_documents.py::TestMetadataOperations::test_update_markdown_metadata PASSED [ 44%]
src/codomyrmex/tests/unit/documents/test_documents.py::TestSearchIndexer::test_create_index PASSED [ 44%]
src/codomyrmex/tests/unit/documents/test_documents.py::TestSearchIndexer::test_index_document PASSED [ 44%]
src/codomyrmex/tests/unit/documents/test_documents.py::TestSearchIndexer::test_index_add_remove PASSED [ 44%]
src/codomyrmex/tests/unit/documents/test_documents.py::TestSearchIndexer::test_index_search PASSED [ 44%]
src/codomyrmex/tests/unit/documents/test_documents.py::TestSearchIndexer::test_index_search_no_results PASSED [ 44%]
src/codomyrmex/tests/unit/documents/test_documents.py::TestSearchIndexer::test_index_save_load PASSED [ 44%]
src/codomyrmex/tests/unit/documents/test_documents.py::TestSearchIndexer::test_index_get_document PASSED [ 44%]
src/codomyrmex/tests/unit/documents/test_documents.py::TestSearchSearcher::test_search_documents PASSED [ 44%]
src/codomyrmex/tests/unit/documents/test_documents.py::TestSearchSearcher::test_search_index_with_scores PASSED [ 44%]
src/codomyrmex/tests/unit/documents/test_documents.py::TestSearchSearcher::test_search_empty_query PASSED [ 44%]
src/codomyrmex/tests/unit/documents/test_documents.py::TestSearchQueryBuilder::test_query_builder_fluent PASSED [ 44%]
src/codomyrmex/tests/unit/documents/test_documents.py::TestSearchQueryBuilder::test_query_builder_to_dict PASSED [ 44%]
src/codomyrmex/tests/unit/documents/test_documents.py::TestSearchQueryBuilder::test_build_query_convenience PASSED [ 44%]
src/codomyrmex/tests/unit/documents/test_documents.py::TestUtilsEncodingDetector::test_detect_encoding_utf8 PASSED [ 44%]
src/codomyrmex/tests/unit/documents/test_documents.py::TestUtilsEncodingDetector::test_detect_encoding_empty_file PASSED [ 44%]
src/codomyrmex/tests/unit/documents/test_documents.py::TestUtilsFormatDetector::test_detect_format_markdown PASSED [ 44%]
src/codomyrmex/tests/unit/documents/test_documents.py::TestUtilsFormatDetector::test_detect_format_json PASSED [ 44%]
src/codomyrmex/tests/unit/documents/test_documents.py::TestUtilsFormatDetector::test_detect_format_yaml PASSED [ 44%]
src/codomyrmex/tests/unit/documents/test_documents.py::TestUtilsFormatDetector::test_detect_format_text PASSED [ 44%]
src/codomyrmex/tests/unit/documents/test_documents.py::TestUtilsFormatDetector::test_detect_format_html PASSED [ 44%]
src/codomyrmex/tests/unit/documents/test_documents.py::TestUtilsFormatDetector::test_detect_format_xml PASSED [ 44%]
src/codomyrmex/tests/unit/documents/test_documents.py::TestUtilsFormatDetector::test_detect_format_csv PASSED [ 44%]
src/codomyrmex/tests/unit/documents/test_documents.py::TestUtilsFormatDetector::test_detect_format_unknown PASSED [ 44%]
src/codomyrmex/tests/unit/documents/test_documents.py::TestUtilsFormatDetector::test_detect_mime_type PASSED [ 44%]
src/codomyrmex/tests/unit/documents/test_documents.py::TestUtilsFileValidator::test_validate_existing_file PASSED [ 44%]
src/codomyrmex/tests/unit/documents/test_documents.py::TestUtilsFileValidator::test_validate_nonexistent_file PASSED [ 44%]
src/codomyrmex/tests/unit/documents/test_documents.py::TestUtilsFileValidator::test_validate_directory_path PASSED [ 44%]
src/codomyrmex/tests/unit/documents/test_documents.py::TestUtilsFileValidator::test_check_file_size_within_limit PASSED [ 44%]
src/codomyrmex/tests/unit/documents/test_documents.py::TestUtilsFileValidator::test_check_file_size_nonexistent PASSED [ 44%]
src/codomyrmex/tests/unit/documents/test_documents.py::TestConvenienceFunctions::test_read_document_function PASSED [ 44%]
src/codomyrmex/tests/unit/documents/test_documents.py::TestConvenienceFunctions::test_write_document_function PASSED [ 44%]
src/codomyrmex/tests/unit/documents/test_documents.py::TestConvenienceFunctions::test_parse_document_function PASSED [ 44%]
src/codomyrmex/tests/unit/documents/test_documents.py::TestConvenienceFunctions::test_validate_document_function PASSED [ 44%]
src/codomyrmex/tests/unit/documents/test_documents.py::TestErrorHandling::test_read_error_for_missing_file PASSED [ 44%]
src/codomyrmex/tests/unit/documents/test_documents.py::TestErrorHandling::test_write_error_handling PASSED [ 44%]
src/codomyrmex/tests/unit/documents/test_documents.py::TestErrorHandling::test_unsupported_format_error PASSED [ 44%]
src/codomyrmex/tests/unit/documents/test_documents.py::TestRoundTrip::test_markdown_round_trip PASSED [ 44%]
src/codomyrmex/tests/unit/documents/test_documents.py::TestRoundTrip::test_json_round_trip PASSED [ 44%]
src/codomyrmex/tests/unit/documents/test_documents.py::TestRoundTrip::test_text_round_trip PASSED [ 44%]
src/codomyrmex/tests/unit/documents/test_documents.py::TestEdgeCases::test_empty_text_file PASSED [ 44%]
src/codomyrmex/tests/unit/documents/test_documents.py::TestEdgeCases::test_unicode_content PASSED [ 44%]
src/codomyrmex/tests/unit/documents/test_documents.py::TestEdgeCases::test_document_with_dict_content PASSED [ 44%]
src/codomyrmex/tests/unit/documents/test_documents.py::TestEdgeCases::test_empty_json_file PASSED [ 44%]
src/codomyrmex/tests/unit/documents/unit/core/test_document_parser.py::TestDocumentParser::test_parse_json PASSED [ 44%]
src/codomyrmex/tests/unit/documents/unit/core/test_document_parser.py::TestDocumentParser::test_parse_invalid_json PASSED [ 44%]
src/codomyrmex/tests/unit/documents/unit/core/test_document_parser.py::TestDocumentParser::test_parse_markdown PASSED [ 44%]
src/codomyrmex/tests/unit/documents/unit/core/test_document_parser.py::TestDocumentParser::test_parse_text PASSED [ 44%]
src/codomyrmex/tests/unit/documents/unit/core/test_document_parser.py::TestParseDocumentConvenience::test_parse_document_wrapper PASSED [ 44%]
src/codomyrmex/tests/unit/documents/unit/core/test_document_reader.py::TestDocumentReader::test_read_file_not_found PASSED [ 44%]
src/codomyrmex/tests/unit/documents/unit/core/test_document_reader.py::TestDocumentReader::test_read_text_file PASSED [ 44%]
src/codomyrmex/tests/unit/documents/unit/core/test_document_reader.py::TestDocumentReader::test_read_json_file PASSED [ 44%]
src/codomyrmex/tests/unit/documents/unit/core/test_document_reader.py::TestDocumentReader::test_read_markdown_file PASSED [ 44%]
src/codomyrmex/tests/unit/documents/unit/core/test_document_reader.py::TestDocumentReader::test_detect_format_json PASSED [ 44%]
src/codomyrmex/tests/unit/documents/unit/core/test_document_reader.py::TestReadDocumentConvenience::test_read_document_wrapper PASSED [ 44%]
src/codomyrmex/tests/unit/documents/unit/core/test_document_validator.py::TestDocumentValidator::test_validate_structured_json PASSED [ 44%]
src/codomyrmex/tests/unit/documents/unit/core/test_document_validator.py::TestDocumentValidator::test_validate_structured_json_fail PASSED [ 44%]
src/codomyrmex/tests/unit/documents/unit/core/test_document_validator.py::TestDocumentValidator::test_validate_markdown PASSED [ 44%]
src/codomyrmex/tests/unit/documents/unit/core/test_document_validator.py::TestValidateDocumentConvenience::test_validate_document_wrapper PASSED [ 44%]
src/codomyrmex/tests/unit/documents/unit/core/test_document_writer.py::TestDocumentWriter::test_write_text PASSED [ 44%]
src/codomyrmex/tests/unit/documents/unit/core/test_document_writer.py::TestDocumentWriter::test_write_json PASSED [ 44%]
src/codomyrmex/tests/unit/documents/unit/core/test_document_writer.py::TestDocumentWriter::test_write_creates_parent_dirs PASSED [ 44%]
src/codomyrmex/tests/unit/documents/unit/core/test_document_writer.py::TestDocumentWriter::test_write_unsupported_format PASSED [ 44%]
src/codomyrmex/tests/unit/documents/unit/core/test_document_writer.py::TestWriteDocumentConvenience::test_write_document_wrapper PASSED [ 45%]
src/codomyrmex/tests/unit/documents/unit/formats/test_json_handler.py::TestJsonHandler::test_read_json PASSED [ 45%]
src/codomyrmex/tests/unit/documents/unit/formats/test_json_handler.py::TestJsonHandler::test_write_json PASSED [ 45%]
src/codomyrmex/tests/unit/documents/unit/formats/test_json_handler.py::TestJsonHandler::test_roundtrip PASSED [ 45%]
src/codomyrmex/tests/unit/documents/unit/formats/test_markdown_handler.py::TestMarkdownHandler::test_read_markdown PASSED [ 45%]
src/codomyrmex/tests/unit/documents/unit/formats/test_markdown_handler.py::TestMarkdownHandler::test_write_markdown PASSED [ 45%]
src/codomyrmex/tests/unit/documents/unit/formats/test_markdown_handler.py::TestMarkdownHandler::test_roundtrip PASSED [ 45%]
src/codomyrmex/tests/unit/documents/unit/formats/test_text_handler.py::TestTextHandler::test_read_text PASSED [ 45%]
src/codomyrmex/tests/unit/documents/unit/formats/test_text_handler.py::TestTextHandler::test_write_text PASSED [ 45%]
src/codomyrmex/tests/unit/documents/unit/formats/test_text_handler.py::TestTextHandler::test_roundtrip PASSED [ 45%]
src/codomyrmex/tests/unit/documents/unit/formats/test_yaml_handler.py::TestYamlHandler::test_read_yaml PASSED [ 45%]
src/codomyrmex/tests/unit/documents/unit/formats/test_yaml_handler.py::TestYamlHandler::test_write_yaml PASSED [ 45%]
src/codomyrmex/tests/unit/documents/unit/formats/test_yaml_handler.py::TestYamlHandler::test_roundtrip PASSED [ 45%]
src/codomyrmex/tests/unit/documents/unit/models/test_document.py::TestDocument::test_document_initialization PASSED [ 45%]
src/codomyrmex/tests/unit/documents/unit/models/test_document.py::TestDocument::test_document_type_property PASSED [ 45%]
src/codomyrmex/tests/unit/documents/unit/models/test_document.py::TestDocument::test_get_content_as_string_bytes_content PASSED [ 45%]
src/codomyrmex/tests/unit/documents/unit/models/test_document.py::TestDocument::test_get_content_as_string_dict_content PASSED [ 45%]
src/codomyrmex/tests/unit/documents/unit/models/test_document.py::TestDocument::test_get_content_as_string_string_content PASSED [ 45%]
src/codomyrmex/tests/unit/documents/unit/models/test_document.py::TestDocument::test_metadata_defaults PASSED [ 45%]
src/codomyrmex/tests/unit/documents/unit/utils/test_encoding_detector.py::TestEncodingDetector::test_detect_encoding_utf8_bom PASSED [ 45%]
src/codomyrmex/tests/unit/documents/unit/utils/test_encoding_detector.py::TestEncodingDetector::test_detect_encoding_plain_ascii PASSED [ 45%]
src/codomyrmex/tests/unit/documents/unit/utils/test_encoding_detector.py::TestEncodingDetector::test_detect_encoding_utf8 PASSED [ 45%]
src/codomyrmex/tests/unit/edge_computing/test_edge_computing.py::TestEdgeNodeStatus::test_online PASSED [ 45%]
src/codomyrmex/tests/unit/edge_computing/test_edge_computing.py::TestEdgeNodeStatus::test_offline PASSED [ 45%]
src/codomyrmex/tests/unit/edge_computing/test_edge_computing.py::TestEdgeNodeStatus::test_degraded PASSED [ 45%]
src/codomyrmex/tests/unit/edge_computing/test_edge_computing.py::TestEdgeNodeStatus::test_syncing PASSED [ 45%]
src/codomyrmex/tests/unit/edge_computing/test_edge_computing.py::TestEdgeNode::test_create_node PASSED [ 45%]
src/codomyrmex/tests/unit/edge_computing/test_edge_computing.py::TestEdgeNode::test_node_defaults PASSED [ 45%]
src/codomyrmex/tests/unit/edge_computing/test_edge_computing.py::TestEdgeFunction::test_create_function PASSED [ 45%]
src/codomyrmex/tests/unit/edge_computing/test_edge_computing.py::TestEdgeFunction::test_function_with_env PASSED [ 45%]
src/codomyrmex/tests/unit/edge_computing/test_edge_computing.py::TestSyncState::test_create_sync_state PASSED [ 45%]
src/codomyrmex/tests/unit/edge_computing/test_edge_computing.py::TestSyncState::test_from_data PASSED [ 45%]
src/codomyrmex/tests/unit/edge_computing/test_edge_computing.py::TestEdgeExecutionError::test_is_exception PASSED [ 45%]
src/codomyrmex/tests/unit/edge_computing/test_edge_computing.py::TestEdgeSynchronizer::test_create_synchronizer PASSED [ 45%]
src/codomyrmex/tests/unit/edge_computing/test_edge_computing.py::TestEdgeRuntime::test_create_runtime PASSED [ 45%]
src/codomyrmex/tests/unit/edge_computing/test_edge_computing.py::TestEdgeCluster::test_create_cluster PASSED [ 45%]
src/codomyrmex/tests/unit/edge_computing/test_edge_computing.py::TestSyncStateFromData::test_from_data_generates_valid_checksum PASSED [ 45%]
src/codomyrmex/tests/unit/edge_computing/test_edge_computing.py::TestSyncStateFromData::test_same_data_produces_same_checksum PASSED [ 45%]
src/codomyrmex/tests/unit/edge_computing/test_edge_computing.py::TestSyncStateFromData::test_different_data_produces_different_checksum PASSED [ 45%]
src/codomyrmex/tests/unit/edge_computing/test_edge_computing.py::TestSyncStateFromData::test_from_data_preserves_data_dict PASSED [ 45%]
src/codomyrmex/tests/unit/edge_computing/test_edge_computing.py::TestSyncStateFromData::test_from_data_sets_updated_at PASSED [ 45%]
src/codomyrmex/tests/unit/edge_computing/test_edge_computing.py::TestEdgeSynchronizerLifecycle::test_initial_local_state_is_none PASSED [ 45%]
src/codomyrmex/tests/unit/edge_computing/test_edge_computing.py::TestEdgeSynchronizerLifecycle::test_update_local_creates_state PASSED [ 45%]
src/codomyrmex/tests/unit/edge_computing/test_edge_computing.py::TestEdgeSynchronizerLifecycle::test_update_local_increments_version PASSED [ 45%]
src/codomyrmex/tests/unit/edge_computing/test_edge_computing.py::TestEdgeSynchronizerLifecycle::test_update_local_increments_version_three_times PASSED [ 45%]
src/codomyrmex/tests/unit/edge_computing/test_edge_computing.py::TestEdgeSynchronizerLifecycle::test_apply_remote_with_newer_version_succeeds PASSED [ 45%]
src/codomyrmex/tests/unit/edge_computing/test_edge_computing.py::TestEdgeSynchronizerLifecycle::test_apply_remote_with_older_version_rejected PASSED [ 45%]
src/codomyrmex/tests/unit/edge_computing/test_edge_computing.py::TestEdgeSynchronizerLifecycle::test_apply_remote_with_equal_version_rejected PASSED [ 45%]
src/codomyrmex/tests/unit/edge_computing/test_edge_computing.py::TestEdgeSynchronizerLifecycle::test_apply_remote_when_no_local_state PASSED [ 45%]
src/codomyrmex/tests/unit/edge_computing/test_edge_computing.py::TestEdgeSynchronizerLifecycle::test_pending_changes_tracked PASSED [ 45%]
src/codomyrmex/tests/unit/edge_computing/test_edge_computing.py::TestEdgeSynchronizerLifecycle::test_confirm_sync_clears_confirmed_changes PASSED [ 45%]
src/codomyrmex/tests/unit/edge_computing/test_edge_computing.py::TestEdgeSynchronizerLifecycle::test_confirm_sync_all_clears_everything PASSED [ 45%]
src/codomyrmex/tests/unit/edge_computing/test_edge_computing.py::TestEdgeSynchronizerLifecycle::test_pending_changes_returns_copy PASSED [ 45%]
src/codomyrmex/tests/unit/edge_computing/test_edge_computing.py::TestEdgeRuntimeBehavior::test_deploy_adds_function PASSED [ 45%]
src/codomyrmex/tests/unit/edge_computing/test_edge_computing.py::TestEdgeRuntimeBehavior::test_deploy_multiple_functions PASSED [ 45%]
src/codomyrmex/tests/unit/edge_computing/test_edge_computing.py::TestEdgeRuntimeBehavior::test_undeploy_removes_function PASSED [ 45%]
src/codomyrmex/tests/unit/edge_computing/test_edge_computing.py::TestEdgeRuntimeBehavior::test_undeploy_nonexistent_returns_false PASSED [ 45%]
src/codomyrmex/tests/unit/edge_computing/test_edge_computing.py::TestEdgeRuntimeBehavior::test_invoke_returns_handler_result PASSED [ 45%]
src/codomyrmex/tests/unit/edge_computing/test_edge_computing.py::TestEdgeRuntimeBehavior::test_invoke_missing_function_raises_value_error PASSED [ 45%]
src/codomyrmex/tests/unit/edge_computing/test_edge_computing.py::TestEdgeRuntimeBehavior::test_invoke_failure_wraps_in_edge_execution_error PASSED [ 45%]
src/codomyrmex/tests/unit/edge_computing/test_edge_computing.py::TestEdgeRuntimeBehavior::test_invoke_failure_chains_original_exception PASSED [ 45%]
src/codomyrmex/tests/unit/edge_computing/test_edge_computing.py::TestEdgeRuntimeBehavior::test_list_functions_empty_initially PASSED [ 45%]
src/codomyrmex/tests/unit/edge_computing/test_edge_computing.py::TestEdgeRuntimeBehavior::test_invoke_with_kwargs PASSED [ 45%]
src/codomyrmex/tests/unit/edge_computing/test_edge_computing.py::TestEdgeClusterBehavior::test_register_node PASSED [ 45%]
src/codomyrmex/tests/unit/edge_computing/test_edge_computing.py::TestEdgeClusterBehavior::test_register_creates_runtime PASSED [ 45%]
src/codomyrmex/tests/unit/edge_computing/test_edge_computing.py::TestEdgeClusterBehavior::test_deregister_node PASSED [ 45%]
src/codomyrmex/tests/unit/edge_computing/test_edge_computing.py::TestEdgeClusterBehavior::test_deregister_nonexistent_returns_false PASSED [ 45%]
src/codomyrmex/tests/unit/edge_computing/test_edge_computing.py::TestEdgeClusterBehavior::test_deploy_to_all_deploys_to_all_registered_nodes PASSED [ 45%]
src/codomyrmex/tests/unit/edge_computing/test_edge_computing.py::TestEdgeClusterBehavior::test_deploy_to_all_empty_cluster PASSED [ 45%]
src/codomyrmex/tests/unit/edge_computing/test_edge_computing.py::TestEdgeClusterBehavior::test_heartbeat_updates_node PASSED [ 45%]
src/codomyrmex/tests/unit/edge_computing/test_edge_computing.py::TestEdgeClusterBehavior::test_heartbeat_nonexistent_node_no_error PASSED [ 45%]
src/codomyrmex/tests/unit/edge_computing/test_edge_computing.py::TestEdgeClusterBehavior::test_list_nodes_returns_all PASSED [ 45%]
src/codomyrmex/tests/unit/edge_computing/test_edge_computing.py::TestEdgeClusterBehavior::test_list_nodes_with_status_filter PASSED [ 45%]
src/codomyrmex/tests/unit/edge_computing/test_edge_computing.py::TestEdgeClusterBehavior::test_list_nodes_filter_returns_empty_when_none_match PASSED [ 45%]
src/codomyrmex/tests/unit/edge_computing/test_edge_computing.py::TestEdgeClusterBehavior::test_get_node_missing_returns_none PASSED [ 45%]
src/codomyrmex/tests/unit/edge_computing/test_edge_computing.py::TestEdgeClusterBehavior::test_get_runtime_missing_returns_none PASSED [ 45%]
src/codomyrmex/tests/unit/edge_computing/test_edge_computing.py::TestEdgeClusterBehavior::test_invoke_through_cluster PASSED [ 45%]
src/codomyrmex/tests/unit/edge_computing/test_edge_computing.py::TestInvocationRecord::test_create_record PASSED [ 45%]
src/codomyrmex/tests/unit/edge_computing/test_edge_computing.py::TestInvocationRecord::test_create_failed_record PASSED [ 45%]
src/codomyrmex/tests/unit/edge_computing/test_edge_computing.py::TestEdgeMetrics::test_record_adds_entry PASSED [ 45%]
src/codomyrmex/tests/unit/edge_computing/test_edge_computing.py::TestEdgeMetrics::test_total_invocations_no_filter PASSED [ 45%]
src/codomyrmex/tests/unit/edge_computing/test_edge_computing.py::TestEdgeMetrics::test_total_invocations_filter_by_function_id PASSED [ 45%]
src/codomyrmex/tests/unit/edge_computing/test_edge_computing.py::TestEdgeMetrics::test_total_invocations_filter_by_node_id PASSED [ 45%]
src/codomyrmex/tests/unit/edge_computing/test_edge_computing.py::TestEdgeMetrics::test_total_invocations_filter_both PASSED [ 45%]
src/codomyrmex/tests/unit/edge_computing/test_edge_computing.py::TestEdgeMetrics::test_success_rate_all_success PASSED [ 45%]
src/codomyrmex/tests/unit/edge_computing/test_edge_computing.py::TestEdgeMetrics::test_success_rate_mixed PASSED [ 45%]
src/codomyrmex/tests/unit/edge_computing/test_edge_computing.py::TestEdgeMetrics::test_success_rate_all_failed PASSED [ 45%]
src/codomyrmex/tests/unit/edge_computing/test_edge_computing.py::TestEdgeMetrics::test_success_rate_no_records PASSED [ 45%]
src/codomyrmex/tests/unit/edge_computing/test_edge_computing.py::TestEdgeMetrics::test_success_rate_filter_by_function PASSED [ 45%]
src/codomyrmex/tests/unit/edge_computing/test_edge_computing.py::TestEdgeMetrics::test_avg_latency_ms PASSED [ 45%]
src/codomyrmex/tests/unit/edge_computing/test_edge_computing.py::TestEdgeMetrics::test_avg_latency_no_records PASSED [ 45%]
src/codomyrmex/tests/unit/edge_computing/test_edge_computing.py::TestEdgeMetrics::test_avg_latency_filter_by_function PASSED [ 45%]
src/codomyrmex/tests/unit/edge_computing/test_edge_computing.py::TestEdgeMetrics::test_error_count PASSED [ 45%]
src/codomyrmex/tests/unit/edge_computing/test_edge_computing.py::TestEdgeMetrics::test_error_count_none PASSED [ 45%]
src/codomyrmex/tests/unit/edge_computing/test_edge_computing.py::TestEdgeMetrics::test_error_count_filter_by_node PASSED [ 45%]
src/codomyrmex/tests/unit/edge_computing/test_edge_computing.py::TestEdgeMetrics::test_summary PASSED [ 45%]
src/codomyrmex/tests/unit/edge_computing/test_edge_computing.py::TestEdgeMetrics::test_summary_empty PASSED [ 45%]
src/codomyrmex/tests/unit/education/test_education.py::test_module_import PASSED [ 45%]
src/codomyrmex/tests/unit/education/test_education.py::test_difficulty_level_enum_values PASSED [ 45%]
src/codomyrmex/tests/unit/education/test_education.py::test_difficulty_level_enum_member_count PASSED [ 46%]
src/codomyrmex/tests/unit/education/test_education.py::test_difficulty_level_distinct_values PASSED [ 46%]
src/codomyrmex/tests/unit/education/test_education.py::test_lesson_creation PASSED [ 46%]
src/codomyrmex/tests/unit/education/test_education.py::test_lesson_custom_duration PASSED [ 46%]
src/codomyrmex/tests/unit/education/test_education.py::test_lesson_with_prerequisites PASSED [ 46%]
src/codomyrmex/tests/unit/education/test_education.py::test_lesson_with_exercises PASSED [ 46%]
src/codomyrmex/tests/unit/education/test_education.py::test_lesson_id_is_unique PASSED [ 46%]
src/codomyrmex/tests/unit/education/test_education.py::test_lesson_to_dict PASSED [ 46%]
src/codomyrmex/tests/unit/education/test_education.py::test_lesson_to_dict_roundtrip PASSED [ 46%]
src/codomyrmex/tests/unit/education/test_education.py::test_lesson_multiple_objectives PASSED [ 46%]
src/codomyrmex/tests/unit/education/test_education.py::test_curriculum_construction PASSED [ 46%]
src/codomyrmex/tests/unit/education/test_education.py::test_curriculum_custom_level PASSED [ 46%]
src/codomyrmex/tests/unit/education/test_education.py::test_curriculum_add_module PASSED [ 46%]
src/codomyrmex/tests/unit/education/test_education.py::test_curriculum_add_module_with_params PASSED [ 46%]
src/codomyrmex/tests/unit/education/test_education.py::test_curriculum_add_module_default_objectives PASSED [ 46%]
src/codomyrmex/tests/unit/education/test_education.py::test_curriculum_add_duplicate_module_raises PASSED [ 46%]
src/codomyrmex/tests/unit/education/test_education.py::test_curriculum_get_module_found PASSED [ 46%]
src/codomyrmex/tests/unit/education/test_education.py::test_curriculum_get_module_not_found PASSED [ 46%]
src/codomyrmex/tests/unit/education/test_education.py::test_curriculum_get_module_among_many PASSED [ 46%]
src/codomyrmex/tests/unit/education/test_education.py::test_curriculum_total_duration_empty PASSED [ 46%]
src/codomyrmex/tests/unit/education/test_education.py::test_curriculum_total_duration_single PASSED [ 46%]
src/codomyrmex/tests/unit/education/test_education.py::test_curriculum_total_duration_multiple PASSED [ 46%]
src/codomyrmex/tests/unit/education/test_education.py::test_curriculum_get_modules_returns_list_of_dicts PASSED [ 46%]
src/codomyrmex/tests/unit/education/test_education.py::test_curriculum_get_modules_empty PASSED [ 46%]
src/codomyrmex/tests/unit/education/test_education.py::test_curriculum_learning_path_no_prerequisites PASSED [ 46%]
src/codomyrmex/tests/unit/education/test_education.py::test_curriculum_learning_path_respects_prerequisites PASSED [ 46%]
src/codomyrmex/tests/unit/education/test_education.py::test_curriculum_learning_path_chain PASSED [ 46%]
src/codomyrmex/tests/unit/education/test_education.py::test_curriculum_learning_path_skips_for_advanced_student PASSED [ 46%]
src/codomyrmex/tests/unit/education/test_education.py::test_curriculum_export_json PASSED [ 46%]
src/codomyrmex/tests/unit/education/test_education.py::test_curriculum_export_text PASSED [ 46%]
src/codomyrmex/tests/unit/education/test_education.py::test_curriculum_export_unsupported_format_raises PASSED [ 46%]
src/codomyrmex/tests/unit/education/test_education.py::test_curriculum_repr PASSED [ 46%]
src/codomyrmex/tests/unit/education/test_education.py::test_curriculum_repr_empty PASSED [ 46%]
src/codomyrmex/tests/unit/education/test_education.py::test_curriculum_len PASSED [ 46%]
src/codomyrmex/tests/unit/embodiment/test_embodiment.py::test_ros_bridge_pub_sub PASSED [ 46%]
src/codomyrmex/tests/unit/embodiment/test_embodiment.py::test_bridge_publishing PASSED [ 46%]
src/codomyrmex/tests/unit/embodiment/test_embodiment.py::test_transform_3d PASSED [ 46%]
src/codomyrmex/tests/unit/encryption/test_encryption.py::TestEncryptorAES::test_aes_encrypt_decrypt_roundtrip PASSED [ 46%]
src/codomyrmex/tests/unit/encryption/test_encryption.py::TestEncryptorAES::test_aes_encrypt_produces_different_output PASSED [ 46%]
src/codomyrmex/tests/unit/encryption/test_encryption.py::TestEncryptorAES::test_aes_decrypt_with_wrong_key_fails PASSED [ 46%]
src/codomyrmex/tests/unit/encryption/test_encryption.py::TestEncryptorAES::test_aes_encrypt_empty_data PASSED [ 46%]
src/codomyrmex/tests/unit/encryption/test_encryption.py::TestEncryptorAES::test_aes_encrypt_large_data PASSED [ 46%]
src/codomyrmex/tests/unit/encryption/test_encryption.py::TestEncryptorAES::test_aes_key_normalization PASSED [ 46%]
src/codomyrmex/tests/unit/encryption/test_encryption.py::TestEncryptorAES::test_generate_aes_key PASSED [ 46%]
src/codomyrmex/tests/unit/encryption/test_encryption.py::TestEncryptorAES::test_generate_aes_key_uniqueness PASSED [ 46%]
src/codomyrmex/tests/unit/encryption/test_encryption.py::TestEncryptorRSA::test_rsa_encrypt_decrypt_roundtrip PASSED [ 46%]
src/codomyrmex/tests/unit/encryption/test_encryption.py::TestEncryptorRSA::test_rsa_encrypt_with_private_key_fails PASSED [ 46%]
src/codomyrmex/tests/unit/encryption/test_encryption.py::TestEncryptorRSA::test_rsa_decrypt_with_public_key_fails PASSED [ 46%]
src/codomyrmex/tests/unit/encryption/test_encryption.py::TestEncryptorRSA::test_rsa_key_pair_generation PASSED [ 46%]
src/codomyrmex/tests/unit/encryption/test_encryption.py::TestEncryptorRSA::test_rsa_different_key_sizes PASSED [ 46%]
src/codomyrmex/tests/unit/encryption/test_encryption.py::TestDigitalSignatures::test_sign_and_verify PASSED [ 46%]
src/codomyrmex/tests/unit/encryption/test_encryption.py::TestDigitalSignatures::test_verify_with_wrong_data_fails PASSED [ 46%]
src/codomyrmex/tests/unit/encryption/test_encryption.py::TestDigitalSignatures::test_verify_with_wrong_signature_fails PASSED [ 46%]
src/codomyrmex/tests/unit/encryption/test_encryption.py::TestDigitalSignatures::test_verify_with_wrong_key_fails PASSED [ 46%]
src/codomyrmex/tests/unit/encryption/test_encryption.py::TestKeyDerivation::test_derive_key_from_password PASSED [ 46%]
src/codomyrmex/tests/unit/encryption/test_encryption.py::TestKeyDerivation::test_derive_key_deterministic PASSED [ 46%]
src/codomyrmex/tests/unit/encryption/test_encryption.py::TestKeyDerivation::test_derive_key_different_salt PASSED [ 46%]
src/codomyrmex/tests/unit/encryption/test_encryption.py::TestKeyDerivation::test_derive_key_different_password PASSED [ 46%]
src/codomyrmex/tests/unit/encryption/test_encryption.py::TestKeyDerivation::test_generate_salt PASSED [ 46%]
src/codomyrmex/tests/unit/encryption/test_encryption.py::TestKeyDerivation::test_generate_salt_custom_length PASSED [ 46%]
src/codomyrmex/tests/unit/encryption/test_encryption.py::TestStringEncryption::test_encrypt_decrypt_string PASSED [ 46%]
src/codomyrmex/tests/unit/encryption/test_encryption.py::TestStringEncryption::test_encrypt_string_unicode PASSED [ 46%]
src/codomyrmex/tests/unit/encryption/test_encryption.py::TestStringEncryption::test_encrypt_string_empty PASSED [ 46%]
src/codomyrmex/tests/unit/encryption/test_encryption.py::TestFileEncryption::test_encrypt_decrypt_file PASSED [ 46%]
src/codomyrmex/tests/unit/encryption/test_encryption.py::TestFileEncryption::test_encrypt_file_not_found PASSED [ 46%]
src/codomyrmex/tests/unit/encryption/test_encryption.py::TestFileEncryption::test_decrypt_file_corrupted PASSED [ 46%]
src/codomyrmex/tests/unit/encryption/test_encryption.py::TestHashing::test_hash_sha256 PASSED [ 46%]
src/codomyrmex/tests/unit/encryption/test_encryption.py::TestHashing::test_hash_sha512 PASSED [ 46%]
src/codomyrmex/tests/unit/encryption/test_encryption.py::TestHashing::test_hash_sha384 PASSED [ 46%]
src/codomyrmex/tests/unit/encryption/test_encryption.py::TestHashing::test_hash_md5 PASSED [ 46%]
src/codomyrmex/tests/unit/encryption/test_encryption.py::TestHashing::test_hash_invalid_algorithm PASSED [ 46%]
src/codomyrmex/tests/unit/encryption/test_encryption.py::TestHashing::test_hash_different_data PASSED [ 46%]
src/codomyrmex/tests/unit/encryption/test_encryption.py::TestAESGCM::test_aes_gcm_encrypt_decrypt PASSED [ 46%]
src/codomyrmex/tests/unit/encryption/test_encryption.py::TestAESGCM::test_aes_gcm_with_associated_data PASSED [ 46%]
src/codomyrmex/tests/unit/encryption/test_encryption.py::TestAESGCM::test_aes_gcm_wrong_aad_fails PASSED [ 46%]
src/codomyrmex/tests/unit/encryption/test_encryption.py::TestAESGCM::test_aes_gcm_tampered_ciphertext_fails PASSED [ 46%]
src/codomyrmex/tests/unit/encryption/test_encryption.py::TestAESGCM::test_aes_gcm_auto_key_generation PASSED [ 46%]
src/codomyrmex/tests/unit/encryption/test_encryption.py::TestAESGCM::test_aes_gcm_invalid_key_size PASSED [ 46%]
src/codomyrmex/tests/unit/encryption/test_encryption.py::TestAESGCM::test_aes_gcm_valid_key_sizes PASSED [ 46%]
src/codomyrmex/tests/unit/encryption/test_encryption.py::TestSecureDataContainer::test_pack_unpack_dict PASSED [ 46%]
src/codomyrmex/tests/unit/encryption/test_encryption.py::TestSecureDataContainer::test_pack_unpack_with_metadata PASSED [ 46%]
src/codomyrmex/tests/unit/encryption/test_encryption.py::TestSecureDataContainer::test_pack_unpack_list PASSED [ 46%]
src/codomyrmex/tests/unit/encryption/test_encryption.py::TestSecureDataContainer::test_pack_unpack_nested PASSED [ 46%]
src/codomyrmex/tests/unit/encryption/test_encryption.py::TestSecureDataContainer::test_different_keys_cannot_decrypt PASSED [ 46%]
src/codomyrmex/tests/unit/encryption/test_encryption.py::TestKeyManager::test_store_and_retrieve_key PASSED [ 46%]
src/codomyrmex/tests/unit/encryption/test_encryption.py::TestKeyManager::test_get_nonexistent_key PASSED [ 46%]
src/codomyrmex/tests/unit/encryption/test_encryption.py::TestKeyManager::test_delete_key PASSED [ 46%]
src/codomyrmex/tests/unit/encryption/test_encryption.py::TestKeyManager::test_delete_nonexistent_key PASSED [ 46%]
src/codomyrmex/tests/unit/encryption/test_encryption.py::TestKeyManager::test_key_file_permissions PASSED [ 46%]
src/codomyrmex/tests/unit/encryption/test_encryption.py::TestKeyManager::test_multiple_keys PASSED [ 46%]
src/codomyrmex/tests/unit/encryption/test_encryption.py::TestKeyManager::test_list_keys PASSED [ 46%]
src/codomyrmex/tests/unit/encryption/test_encryption.py::TestKeyManager::test_list_keys_empty PASSED [ 46%]
src/codomyrmex/tests/unit/encryption/test_encryption.py::TestKeyManager::test_key_exists_true PASSED [ 46%]
src/codomyrmex/tests/unit/encryption/test_encryption.py::TestKeyManager::test_key_exists_false PASSED [ 46%]
src/codomyrmex/tests/unit/encryption/test_encryption.py::TestKeyManager::test_rotate_key PASSED [ 46%]
src/codomyrmex/tests/unit/encryption/test_encryption.py::TestKeyManager::test_rotate_key_nonexistent PASSED [ 46%]
src/codomyrmex/tests/unit/encryption/test_encryption.py::TestConvenienceFunctions::test_generate_aes_key PASSED [ 46%]
src/codomyrmex/tests/unit/encryption/test_encryption.py::TestConvenienceFunctions::test_encrypt_data_aes PASSED [ 46%]
src/codomyrmex/tests/unit/encryption/test_encryption.py::TestConvenienceFunctions::test_encrypt_data_rsa PASSED [ 46%]
src/codomyrmex/tests/unit/encryption/test_encryption.py::TestInitConvenienceFunctions::test_encrypt_decrypt PASSED [ 47%]
src/codomyrmex/tests/unit/encryption/test_encryption.py::TestInitConvenienceFunctions::test_generate_key PASSED [ 47%]
src/codomyrmex/tests/unit/encryption/test_encryption.py::TestInitConvenienceFunctions::test_get_encryptor PASSED [ 47%]
src/codomyrmex/tests/unit/encryption/test_encryption.py::TestInitConvenienceFunctions::test_encrypt_decrypt_file PASSED [ 47%]
src/codomyrmex/tests/unit/encryption/test_encryption.py::TestInitConvenienceFunctions::test_hash_data PASSED [ 47%]
src/codomyrmex/tests/unit/encryption/test_encryption.py::TestErrorHandling::test_unknown_algorithm PASSED [ 47%]
src/codomyrmex/tests/unit/encryption/test_encryption.py::TestErrorHandling::test_encryption_error_has_context PASSED [ 47%]
src/codomyrmex/tests/unit/encryption/test_encryption.py::TestErrorHandling::test_encryption_error_identity PASSED [ 47%]
src/codomyrmex/tests/unit/encryption/test_encryption.py::TestHMAC::test_compute_and_verify_sha256 PASSED [ 47%]
src/codomyrmex/tests/unit/encryption/test_encryption.py::TestHMAC::test_compute_and_verify_sha512 PASSED [ 47%]
src/codomyrmex/tests/unit/encryption/test_encryption.py::TestHMAC::test_verify_fails_tampered_data PASSED [ 47%]
src/codomyrmex/tests/unit/encryption/test_encryption.py::TestHMAC::test_verify_fails_wrong_key PASSED [ 47%]
src/codomyrmex/tests/unit/encryption/test_encryption.py::TestHMAC::test_invalid_algorithm PASSED [ 47%]
src/codomyrmex/tests/unit/encryption/test_encryption.py::TestHMAC::test_empty_data PASSED [ 47%]
src/codomyrmex/tests/unit/encryption/test_encryption.py::TestHMAC::test_string_inputs PASSED [ 47%]
src/codomyrmex/tests/unit/encryption/test_encryption.py::TestHKDF::test_basic_derivation PASSED [ 47%]
src/codomyrmex/tests/unit/encryption/test_encryption.py::TestHKDF::test_deterministic_with_same_inputs PASSED [ 47%]
src/codomyrmex/tests/unit/encryption/test_encryption.py::TestHKDF::test_different_salt_different_key PASSED [ 47%]
src/codomyrmex/tests/unit/encryption/test_encryption.py::TestHKDF::test_different_info_different_key PASSED [ 47%]
src/codomyrmex/tests/unit/encryption/test_encryption.py::TestHKDF::test_custom_length PASSED [ 47%]
src/codomyrmex/tests/unit/encryption/test_encryption.py::TestHKDF::test_invalid_algorithm PASSED [ 47%]
src/codomyrmex/tests/unit/encryption/test_encryption.py::TestHKDF::test_string_input PASSED [ 47%]
src/codomyrmex/tests/unit/encryption/test_encryption.py::TestEdgeCases::test_binary_data_with_null_bytes PASSED [ 47%]
src/codomyrmex/tests/unit/encryption/test_encryption.py::TestEdgeCases::test_very_long_key_id PASSED [ 47%]
src/codomyrmex/tests/unit/encryption/test_encryption.py::TestEdgeCases::test_empty_key_id PASSED [ 47%]
src/codomyrmex/tests/unit/encryption/test_encryption.py::TestEdgeCases::test_container_non_serializable_data PASSED [ 47%]
src/codomyrmex/tests/unit/encryption/test_encryption.py::TestEdgeCases::test_aes_gcm_empty_data PASSED [ 47%]
src/codomyrmex/tests/unit/encryption/test_encryption.py::TestEdgeCases::test_hash_empty_data PASSED [ 47%]
src/codomyrmex/tests/unit/encryption/test_encryption.py::TestEdgeCases::test_aes_cbc_deprecation_warning PASSED [ 47%]
src/codomyrmex/tests/unit/encryption/test_encryption.py::TestEncryptionIntegration::test_key_manager_with_encryptor PASSED [ 47%]
src/codomyrmex/tests/unit/encryption/test_encryption.py::TestEncryptionIntegration::test_file_encryption_with_key_manager PASSED [ 47%]
src/codomyrmex/tests/unit/encryption/test_encryption.py::TestEncryptionIntegration::test_secure_container_with_derived_key PASSED [ 47%]
src/codomyrmex/tests/unit/encryption/test_encryption.py::TestEncryptionIntegration::test_key_rotation_re_encryption PASSED [ 47%]
src/codomyrmex/tests/unit/environment_setup/test_env_robustness.py::TestEnvironmentRobustness::test_missing_env_file PASSED [ 47%]
src/codomyrmex/tests/unit/environment_setup/test_env_robustness.py::TestEnvironmentRobustness::test_malformed_env_file PASSED [ 47%]
src/codomyrmex/tests/unit/environment_setup/test_env_robustness.py::TestEnvironmentRobustness::test_permission_error PASSED [ 47%]
src/codomyrmex/tests/unit/environment_setup/test_env_robustness.py::TestEnvironmentRobustness::test_validate_environment_failure PASSED [ 47%]
src/codomyrmex/tests/unit/environment_setup/test_environment_setup.py::TestEnvironmentSetupComprehensive::test_environment_setup_import PASSED [ 47%]
src/codomyrmex/tests/unit/environment_setup/test_environment_setup.py::TestEnvironmentSetupComprehensive::test_is_uv_available_real PASSED [ 47%]
src/codomyrmex/tests/unit/environment_setup/test_environment_setup.py::TestEnvironmentSetupComprehensive::test_is_uv_environment_active PASSED [ 47%]
src/codomyrmex/tests/unit/environment_setup/test_environment_setup.py::TestEnvironmentSetupComprehensive::test_is_uv_environment_virtual_env_with_uv PASSED [ 47%]
src/codomyrmex/tests/unit/environment_setup/test_environment_setup.py::TestEnvironmentSetupComprehensive::test_is_uv_environment_normal_virtual_env PASSED [ 47%]
src/codomyrmex/tests/unit/environment_setup/test_environment_setup.py::TestEnvironmentSetupComprehensive::test_is_uv_environment_no_env PASSED [ 47%]
src/codomyrmex/tests/unit/environment_setup/test_environment_setup.py::TestEnvironmentSetupComprehensive::test_ensure_dependencies_installed_both_available PASSED [ 47%]
src/codomyrmex/tests/unit/environment_setup/test_environment_setup.py::TestEnvironmentSetupComprehensive::test_ensure_dependencies_installed_kit_missing PASSED [ 47%]
src/codomyrmex/tests/unit/environment_setup/test_environment_setup.py::TestEnvironmentSetupComprehensive::test_ensure_dependencies_installed_dotenv_missing PASSED [ 47%]
src/codomyrmex/tests/unit/environment_setup/test_environment_setup.py::TestEnvironmentSetupComprehensive::test_ensure_dependencies_installed_both_missing PASSED [ 47%]
src/codomyrmex/tests/unit/environment_setup/test_environment_setup.py::TestEnvironmentSetupComprehensive::test_check_and_setup_env_vars_file_exists PASSED [ 47%]
src/codomyrmex/tests/unit/environment_setup/test_environment_setup.py::TestEnvironmentSetupComprehensive::test_check_and_setup_env_vars_file_missing PASSED [ 47%]
src/codomyrmex/tests/unit/environment_setup/test_environment_setup.py::TestEnvironmentSetupComprehensive::test_env_checker_module_structure PASSED [ 47%]
src/codomyrmex/tests/unit/environment_setup/test_environment_setup.py::TestEnvironmentSetupComprehensive::test_env_checker_constants PASSED [ 47%]
src/codomyrmex/tests/unit/environment_setup/test_environment_setup.py::TestEnvironmentSetupComprehensive::test_ensure_dependencies_installed_error_handling PASSED [ 47%]
src/codomyrmex/tests/unit/environment_setup/test_environment_setup.py::TestEnvironmentSetupComprehensive::test_check_and_setup_env_vars_path_handling PASSED [ 47%]
src/codomyrmex/tests/unit/environment_setup/test_environment_setup.py::TestEnvironmentSetupComprehensive::test_is_uv_available_exception_handling PASSED [ 47%]
src/codomyrmex/tests/unit/environment_setup/test_environment_setup.py::TestEnvironmentSetupComprehensive::test_is_uv_environment_edge_cases PASSED [ 47%]
src/codomyrmex/tests/unit/environment_setup/test_environment_setup.py::TestEnvironmentSetupComprehensive::test_ensure_dependencies_installed_instruction_format PASSED [ 47%]
src/codomyrmex/tests/unit/environment_setup/test_environment_setup.py::TestEnvironmentSetupComprehensive::test_check_and_setup_env_vars_instruction_format PASSED [ 47%]
src/codomyrmex/tests/unit/environment_setup/test_environment_setup.py::TestEnvironmentSetupComprehensive::test_module_integration_with_logging PASSED [ 47%]
src/codomyrmex/tests/unit/environment_setup/test_environment_setup.py::TestEnvironmentSetupComprehensive::test_env_checker_standalone_execution PASSED [ 47%]
src/codomyrmex/tests/unit/events/test_async_events.py::TestAsyncEventPublishing::test_basic_async_publish PASSED [ 47%]
src/codomyrmex/tests/unit/events/test_async_events.py::TestAsyncEventPublishing::test_publish_multiple_events_async PASSED [ 47%]
src/codomyrmex/tests/unit/events/test_async_events.py::TestAsyncEventPublishing::test_async_publish_with_data PASSED [ 47%]
src/codomyrmex/tests/unit/events/test_async_events.py::TestAsyncEventPublishing::test_async_publish_high_volume PASSED [ 47%]
src/codomyrmex/tests/unit/events/test_async_events.py::TestAsyncEventPublishing::test_async_publish_different_event_types PASSED [ 47%]
src/codomyrmex/tests/unit/events/test_async_events.py::TestAsyncEventSubscription::test_async_handler_subscription PASSED [ 47%]
src/codomyrmex/tests/unit/events/test_async_events.py::TestAsyncEventSubscription::test_mixed_sync_async_handlers PASSED [ 47%]
src/codomyrmex/tests/unit/events/test_async_events.py::TestAsyncEventSubscription::test_unsubscribe_async_handler PASSED [ 47%]
src/codomyrmex/tests/unit/events/test_async_events.py::TestAsyncEventSubscription::test_wildcard_pattern_async PASSED [ 47%]
src/codomyrmex/tests/unit/events/test_async_events.py::TestAsyncEventSubscription::test_filter_function_with_async_handler PASSED [ 47%]
src/codomyrmex/tests/unit/events/test_async_events.py::TestAsyncEventOrdering::test_event_order_preserved PASSED [ 47%]
src/codomyrmex/tests/unit/events/test_async_events.py::TestAsyncEventOrdering::test_priority_ordering PASSED [ 47%]
src/codomyrmex/tests/unit/events/test_async_events.py::TestAsyncEventOrdering::test_async_handlers_concurrent_execution PASSED [ 47%]
src/codomyrmex/tests/unit/events/test_async_events.py::TestAsyncEventOrdering::test_event_timestamp_ordering PASSED [ 47%]
src/codomyrmex/tests/unit/events/test_async_events.py::TestConcurrentSubscribers::test_multiple_subscribers_same_event PASSED [ 47%]
src/codomyrmex/tests/unit/events/test_async_events.py::TestConcurrentSubscribers::test_concurrent_async_subscribers PASSED [ 47%]
src/codomyrmex/tests/unit/events/test_async_events.py::TestConcurrentSubscribers::test_subscriber_isolation PASSED [ 47%]
src/codomyrmex/tests/unit/events/test_async_events.py::TestConcurrentSubscribers::test_high_subscriber_count PASSED [ 47%]
src/codomyrmex/tests/unit/events/test_async_events.py::TestConcurrentSubscribers::test_dynamic_subscription_during_event_processing PASSED [ 47%]
src/codomyrmex/tests/unit/events/test_async_events.py::TestAsyncErrorHandling::test_sync_handler_exception PASSED [ 47%]
src/codomyrmex/tests/unit/events/test_async_events.py::TestAsyncErrorHandling::test_async_handler_exception PASSED [ 47%]
src/codomyrmex/tests/unit/events/test_async_events.py::TestAsyncErrorHandling::test_dead_letter_queue PASSED [ 47%]
src/codomyrmex/tests/unit/events/test_async_events.py::TestAsyncErrorHandling::test_error_event_emission_on_failure PASSED [ 47%]
src/codomyrmex/tests/unit/events/test_async_events.py::TestAsyncErrorHandling::test_handler_timeout_handling PASSED [ 47%]
src/codomyrmex/tests/unit/events/test_async_events.py::TestAsyncErrorHandling::test_exception_in_filter_function PASSED [ 47%]
src/codomyrmex/tests/unit/events/test_async_events.py::TestAsyncEventEmitterClass::test_async_emitter_direct_publish PASSED [ 47%]
src/codomyrmex/tests/unit/events/test_async_events.py::TestAsyncEventEmitterClass::test_async_event_publishing_pattern PASSED [ 47%]
src/codomyrmex/tests/unit/events/test_async_events.py::TestAsyncEventEmitterClass::test_delayed_async_publishing PASSED [ 47%]
src/codomyrmex/tests/unit/events/test_async_events.py::TestAsyncEventEmitterEmit::test_emit_async_method PASSED [ 47%]
src/codomyrmex/tests/unit/events/test_async_events.py::TestAsyncEventEmitterEmit::test_emit_batch_async PASSED [ 47%]
src/codomyrmex/tests/unit/events/test_async_events.py::TestAsyncEventChaining::test_event_triggers_another_event PASSED [ 47%]
src/codomyrmex/tests/unit/events/test_async_events.py::TestAsyncEventChaining::test_async_event_chain PASSED [ 47%]
src/codomyrmex/tests/unit/events/test_async_events.py::TestAsyncEventChaining::test_circular_event_prevention PASSED [ 47%]
src/codomyrmex/tests/unit/events/test_async_events.py::TestAsyncEventBusStats::test_stats_after_async_operations PASSED [ 47%]
src/codomyrmex/tests/unit/events/test_async_events.py::TestAsyncEventBusStats::test_reset_stats_async PASSED [ 47%]
src/codomyrmex/tests/unit/events/test_async_events.py::TestAsyncEventBusStats::test_subscriber_stats PASSED [ 47%]
src/codomyrmex/tests/unit/events/test_async_events.py::TestAsyncEventCorrelation::test_correlation_id_preserved PASSED [ 47%]
src/codomyrmex/tests/unit/events/test_async_events.py::TestAsyncEventCorrelation::test_correlation_context_in_emitter PASSED [ 47%]
src/codomyrmex/tests/unit/events/test_async_events.py::TestAsyncEventValidation::test_invalid_event_data_handling PASSED [ 47%]
src/codomyrmex/tests/unit/events/test_async_events.py::TestAsyncEventValidation::test_event_schema_validation PASSED [ 48%]
src/codomyrmex/tests/unit/events/test_async_events.py::TestAsyncEventShutdown::test_graceful_shutdown PASSED [ 48%]
src/codomyrmex/tests/unit/events/test_async_events.py::TestAsyncEventShutdown::test_publish_after_shutdown PASSED [ 48%]
src/codomyrmex/tests/unit/events/test_async_events.py::TestAsyncEventShutdown::test_shutdown_with_pending_events PASSED [ 48%]
src/codomyrmex/tests/unit/events/test_event_streaming.py::TestEventStore::test_append_and_read PASSED [ 48%]
src/codomyrmex/tests/unit/events/test_event_streaming.py::TestEventStore::test_sequence_numbers PASSED [ 48%]
src/codomyrmex/tests/unit/events/test_event_streaming.py::TestEventStore::test_read_range PASSED [ 48%]
src/codomyrmex/tests/unit/events/test_event_streaming.py::TestEventStore::test_read_by_topic PASSED [ 48%]
src/codomyrmex/tests/unit/events/test_event_streaming.py::TestEventStore::test_compaction PASSED [ 48%]
src/codomyrmex/tests/unit/events/test_event_streaming.py::TestEventStore::test_topics PASSED [ 48%]
src/codomyrmex/tests/unit/events/test_event_streaming.py::TestEventReplayer::test_replay_all PASSED [ 48%]
src/codomyrmex/tests/unit/events/test_event_streaming.py::TestEventReplayer::test_deterministic_replay PASSED [ 48%]
src/codomyrmex/tests/unit/events/test_event_streaming.py::TestEventReplayer::test_diff_deterministic PASSED [ 48%]
src/codomyrmex/tests/unit/events/test_event_streaming.py::TestStreamProjection::test_counter PASSED [ 48%]
src/codomyrmex/tests/unit/events/test_event_streaming.py::TestStreamProjection::test_latest_per_key PASSED [ 48%]
src/codomyrmex/tests/unit/events/test_event_streaming.py::TestStreamProjection::test_fold PASSED [ 48%]
src/codomyrmex/tests/unit/events/test_event_streaming.py::TestStreamProjection::test_running_aggregate PASSED [ 48%]
src/codomyrmex/tests/unit/events/test_events.py::TestStreamingModels::test_event_creation_defaults PASSED [ 48%]
src/codomyrmex/tests/unit/events/test_events.py::TestStreamingModels::test_event_creation_with_data PASSED [ 48%]
src/codomyrmex/tests/unit/events/test_events.py::TestStreamingModels::test_event_to_dict PASSED [ 48%]
src/codomyrmex/tests/unit/events/test_events.py::TestStreamingModels::test_event_to_sse PASSED [ 48%]
src/codomyrmex/tests/unit/events/test_events.py::TestStreamingModels::test_event_from_dict PASSED [ 48%]
src/codomyrmex/tests/unit/events/test_events.py::TestStreamingModels::test_event_from_dict_defaults PASSED [ 48%]
src/codomyrmex/tests/unit/events/test_events.py::TestStreamingModels::test_event_type_values PASSED [ 48%]
src/codomyrmex/tests/unit/events/test_events.py::TestStreamingModels::test_subscription_creation PASSED [ 48%]
src/codomyrmex/tests/unit/events/test_events.py::TestStreamingModels::test_subscription_cancel PASSED [ 48%]
src/codomyrmex/tests/unit/events/test_events.py::TestStreamingModels::test_subscription_should_receive_wildcard PASSED [ 48%]
src/codomyrmex/tests/unit/events/test_events.py::TestStreamingModels::test_subscription_should_receive_inactive PASSED [ 48%]
src/codomyrmex/tests/unit/events/test_events.py::TestStreamingModels::test_subscription_should_receive_topic_match PASSED [ 48%]
src/codomyrmex/tests/unit/events/test_events.py::TestStreamingModels::test_subscription_should_receive_topic_mismatch PASSED [ 48%]
src/codomyrmex/tests/unit/events/test_events.py::TestStreamingModels::test_subscription_filter_fn PASSED [ 48%]
src/codomyrmex/tests/unit/events/test_events.py::TestStreamingModels::test_create_event_helper PASSED [ 48%]
src/codomyrmex/tests/unit/events/test_events.py::TestInMemoryStream::test_publish_and_buffer PASSED [ 48%]
src/codomyrmex/tests/unit/events/test_events.py::TestInMemoryStream::test_subscribe_and_receive PASSED [ 48%]
src/codomyrmex/tests/unit/events/test_events.py::TestInMemoryStream::test_unsubscribe PASSED [ 48%]
src/codomyrmex/tests/unit/events/test_events.py::TestInMemoryStream::test_unsubscribe_unknown_id PASSED [ 48%]
src/codomyrmex/tests/unit/events/test_events.py::TestInMemoryStream::test_buffer_overflow PASSED [ 48%]
src/codomyrmex/tests/unit/events/test_events.py::TestInMemoryStream::test_get_recent_events_count PASSED [ 48%]
src/codomyrmex/tests/unit/events/test_events.py::TestTopicStream::test_publish_to_topic PASSED [ 48%]
src/codomyrmex/tests/unit/events/test_events.py::TestTopicStream::test_subscribe_to_topic PASSED [ 48%]
src/codomyrmex/tests/unit/events/test_events.py::TestTopicStream::test_list_topics_empty PASSED [ 48%]
src/codomyrmex/tests/unit/events/test_events.py::TestTopicStream::test_topic_creates_on_access PASSED [ 48%]
src/codomyrmex/tests/unit/events/test_events.py::TestBroadcast::test_broadcast_to_multiple_streams PASSED [ 48%]
src/codomyrmex/tests/unit/events/test_events.py::TestEventBus::test_subscribe_and_publish PASSED [ 48%]
src/codomyrmex/tests/unit/events/test_events.py::TestEventBus::test_unsubscribe PASSED [ 48%]
src/codomyrmex/tests/unit/events/test_events.py::TestEventBus::test_emit_typed PASSED [ 48%]
src/codomyrmex/tests/unit/events/test_events.py::TestEventBus::test_subscribe_typed PASSED [ 48%]
src/codomyrmex/tests/unit/events/test_events.py::TestEventBus::test_get_stats PASSED [ 48%]
src/codomyrmex/tests/unit/events/test_events.py::TestEventBus::test_reset_stats PASSED [ 48%]
src/codomyrmex/tests/unit/events/test_events.py::TestEventBus::test_multiple_subscribers PASSED [ 48%]
src/codomyrmex/tests/unit/events/test_events.py::TestEventSchema::test_event_creation PASSED [ 48%]
src/codomyrmex/tests/unit/events/test_events.py::TestEventSchema::test_event_to_dict PASSED [ 48%]
src/codomyrmex/tests/unit/events/test_events.py::TestEventSchema::test_event_to_json PASSED [ 48%]
src/codomyrmex/tests/unit/events/test_events.py::TestEventSchema::test_event_from_dict PASSED [ 48%]
src/codomyrmex/tests/unit/events/test_events.py::TestEventSchema::test_event_from_json PASSED [ 48%]
src/codomyrmex/tests/unit/events/test_events.py::TestEventSchema::test_event_schema_validate PASSED [ 48%]
src/codomyrmex/tests/unit/events/test_events.py::TestEventSchema::test_event_schema_register_and_get PASSED [ 48%]
src/codomyrmex/tests/unit/events/test_events.py::TestEventSchema::test_event_schema_list_registered PASSED [ 48%]
src/codomyrmex/tests/unit/events/test_events.py::TestEventCreators::test_create_system_startup_event PASSED [ 48%]
src/codomyrmex/tests/unit/events/test_events.py::TestEventCreators::test_create_module_load_event PASSED [ 48%]
src/codomyrmex/tests/unit/events/test_events.py::TestEventCreators::test_create_analysis_start_event PASSED [ 48%]
src/codomyrmex/tests/unit/events/test_events.py::TestEventCreators::test_create_analysis_complete_event PASSED [ 48%]
src/codomyrmex/tests/unit/events/test_events.py::TestEventCreators::test_create_error_event PASSED [ 48%]
src/codomyrmex/tests/unit/events/test_events.py::TestEventCreators::test_create_metric_event PASSED [ 48%]
src/codomyrmex/tests/unit/events/test_events.py::TestEventCreators::test_create_alert_event PASSED [ 48%]
src/codomyrmex/tests/unit/events/test_events.py::TestNotificationRouter::test_default_route PASSED [ 48%]
src/codomyrmex/tests/unit/events/test_events.py::TestNotificationRouter::test_add_default PASSED [ 48%]
src/codomyrmex/tests/unit/events/test_events.py::TestNotificationRouter::test_rule_matching PASSED [ 48%]
src/codomyrmex/tests/unit/events/test_events.py::TestNotificationService::test_send_without_provider_fails PASSED [ 48%]
src/codomyrmex/tests/unit/events/test_events.py::TestNotificationService::test_send_from_missing_template_fails PASSED [ 48%]
src/codomyrmex/tests/unit/events/test_events.py::TestNotificationService::test_history_tracking PASSED [ 48%]
src/codomyrmex/tests/unit/events/test_events.py::TestNotificationService::test_broadcast_multiple_channels PASSED [ 48%]
src/codomyrmex/tests/unit/evolutionary_ai/test_evolutionary_ai.py::test_genome_creation_with_genes PASSED [ 48%]
src/codomyrmex/tests/unit/evolutionary_ai/test_evolutionary_ai.py::test_genome_creation_random PASSED [ 48%]
src/codomyrmex/tests/unit/evolutionary_ai/test_evolutionary_ai.py::test_genome_default_length PASSED [ 48%]
src/codomyrmex/tests/unit/evolutionary_ai/test_evolutionary_ai.py::test_genome_copy_preserves_fitness PASSED [ 48%]
src/codomyrmex/tests/unit/evolutionary_ai/test_evolutionary_ai.py::test_genome_iteration PASSED [ 48%]
src/codomyrmex/tests/unit/evolutionary_ai/test_evolutionary_ai.py::test_genome_getitem PASSED [ 48%]
src/codomyrmex/tests/unit/evolutionary_ai/test_evolutionary_ai.py::test_crossover_produces_two_children PASSED [ 48%]
src/codomyrmex/tests/unit/evolutionary_ai/test_evolutionary_ai.py::test_crossover_children_have_parent_genes PASSED [ 48%]
src/codomyrmex/tests/unit/evolutionary_ai/test_evolutionary_ai.py::test_crossover_single_gene_returns_copies PASSED [ 48%]
src/codomyrmex/tests/unit/evolutionary_ai/test_evolutionary_ai.py::test_mutation_with_full_rate PASSED [ 48%]
src/codomyrmex/tests/unit/evolutionary_ai/test_evolutionary_ai.py::test_mutation_with_zero_rate PASSED [ 48%]
src/codomyrmex/tests/unit/evolutionary_ai/test_evolutionary_ai.py::test_mutation_clamps_to_bounds PASSED [ 48%]
src/codomyrmex/tests/unit/evolutionary_ai/test_evolutionary_ai.py::test_tournament_selection_picks_fittest PASSED [ 48%]
src/codomyrmex/tests/unit/evolutionary_ai/test_evolutionary_ai.py::test_tournament_selection_returns_copy PASSED [ 48%]
src/codomyrmex/tests/unit/evolutionary_ai/test_evolutionary_ai.py::test_population_initialization PASSED [ 48%]
src/codomyrmex/tests/unit/evolutionary_ai/test_evolutionary_ai.py::test_population_evaluate PASSED [ 48%]
src/codomyrmex/tests/unit/evolutionary_ai/test_evolutionary_ai.py::test_population_get_best PASSED [ 48%]
src/codomyrmex/tests/unit/evolutionary_ai/test_evolutionary_ai.py::test_population_get_worst PASSED [ 48%]
src/codomyrmex/tests/unit/evolutionary_ai/test_evolutionary_ai.py::test_population_evolve_increments_generation PASSED [ 48%]
src/codomyrmex/tests/unit/evolutionary_ai/test_evolutionary_ai.py::test_population_evolve_preserves_size PASSED [ 48%]
src/codomyrmex/tests/unit/evolutionary_ai/test_evolutionary_ai.py::test_population_elitism_preserves_best PASSED [ 48%]
src/codomyrmex/tests/unit/evolutionary_ai/test_evolutionary_ai.py::test_individual_comparison PASSED [ 48%]
src/codomyrmex/tests/unit/evolutionary_ai/test_evolutionary_ai.py::test_individual_none_fitness_ordering PASSED [ 48%]
src/codomyrmex/tests/unit/evolutionary_ai/test_evolutionary_ai.py::test_bit_flip_mutation PASSED [ 48%]
src/codomyrmex/tests/unit/evolutionary_ai/test_evolutionary_ai.py::test_swap_mutation PASSED [ 48%]
src/codomyrmex/tests/unit/evolutionary_ai/test_evolutionary_ai.py::test_gaussian_mutation_with_bounds PASSED [ 48%]
src/codomyrmex/tests/unit/evolutionary_ai/test_evolutionary_ai.py::test_scramble_mutation PASSED [ 48%]
src/codomyrmex/tests/unit/evolutionary_ai/test_evolutionary_ai.py::test_single_point_crossover PASSED [ 49%]
src/codomyrmex/tests/unit/evolutionary_ai/test_evolutionary_ai.py::test_two_point_crossover PASSED [ 49%]
src/codomyrmex/tests/unit/evolutionary_ai/test_evolutionary_ai.py::test_uniform_crossover PASSED [ 49%]
src/codomyrmex/tests/unit/evolutionary_ai/test_evolutionary_ai.py::test_blend_crossover PASSED [ 49%]
src/codomyrmex/tests/unit/evolutionary_ai/test_evolutionary_ai.py::test_tournament_selection_operator PASSED [ 49%]
src/codomyrmex/tests/unit/evolutionary_ai/test_evolutionary_ai.py::test_roulette_selection_operator PASSED [ 49%]
src/codomyrmex/tests/unit/evolutionary_ai/test_evolutionary_ai.py::test_rank_selection_operator PASSED [ 49%]
src/codomyrmex/tests/unit/evolutionary_ai/test_evolutionary_ai.py::test_elitism_selection_preserves_best PASSED [ 49%]
src/codomyrmex/tests/unit/evolutionary_ai/test_evolutionary_ai.py::test_create_mutation_factory PASSED [ 49%]
src/codomyrmex/tests/unit/evolutionary_ai/test_evolutionary_ai.py::test_create_crossover_factory PASSED [ 49%]
src/codomyrmex/tests/unit/evolutionary_ai/test_evolutionary_ai.py::test_create_selection_factory PASSED [ 49%]
src/codomyrmex/tests/unit/evolutionary_ai/test_evolutionary_ai.py::test_create_mutation_unknown_raises PASSED [ 49%]
src/codomyrmex/tests/unit/evolutionary_ai/test_evolutionary_ai.py::test_create_crossover_unknown_raises PASSED [ 49%]
src/codomyrmex/tests/unit/evolutionary_ai/test_evolutionary_ai.py::test_create_selection_unknown_raises PASSED [ 49%]
src/codomyrmex/tests/unit/examples/test_examples.py::TestExamplesModule::test_module_importable PASSED [ 49%]
src/codomyrmex/tests/unit/examples/test_examples.py::TestExamplesModule::test_module_has_init PASSED [ 49%]
src/codomyrmex/tests/unit/examples/test_examples.py::TestExamplesModule::test_module_has_docstring PASSED [ 49%]
src/codomyrmex/tests/unit/exceptions/test_exceptions.py::TestCodomyrmexError::test_basic_error_creation PASSED [ 49%]
src/codomyrmex/tests/unit/exceptions/test_exceptions.py::TestCodomyrmexError::test_error_with_context PASSED [ 49%]
src/codomyrmex/tests/unit/exceptions/test_exceptions.py::TestCodomyrmexError::test_error_with_custom_code PASSED [ 49%]
src/codomyrmex/tests/unit/exceptions/test_exceptions.py::TestCodomyrmexError::test_error_to_dict PASSED [ 49%]
src/codomyrmex/tests/unit/exceptions/test_exceptions.py::TestCodomyrmexError::test_error_inheritance PASSED [ 49%]
src/codomyrmex/tests/unit/exceptions/test_exceptions.py::TestSpecializedErrors::test_file_operation_error PASSED [ 49%]
src/codomyrmex/tests/unit/exceptions/test_exceptions.py::TestSpecializedErrors::test_file_operation_error_no_path PASSED [ 49%]
src/codomyrmex/tests/unit/exceptions/test_exceptions.py::TestSpecializedErrors::test_code_execution_error PASSED [ 49%]
src/codomyrmex/tests/unit/exceptions/test_exceptions.py::TestSpecializedErrors::test_code_execution_error_minimal PASSED [ 49%]
src/codomyrmex/tests/unit/exceptions/test_exceptions.py::TestSpecializedErrors::test_git_operation_error PASSED [ 49%]
src/codomyrmex/tests/unit/exceptions/test_exceptions.py::TestSpecializedErrors::test_timeout_error PASSED [ 49%]
src/codomyrmex/tests/unit/exceptions/test_exceptions.py::TestSpecializedErrors::test_timeout_error_no_duration PASSED [ 49%]
src/codomyrmex/tests/unit/exceptions/test_exceptions.py::TestErrorHierarchy::test_configuration_error_hierarchy PASSED [ 49%]
src/codomyrmex/tests/unit/exceptions/test_exceptions.py::TestErrorHierarchy::test_environment_error_hierarchy PASSED [ 49%]
src/codomyrmex/tests/unit/exceptions/test_exceptions.py::TestErrorHierarchy::test_dependency_error_hierarchy PASSED [ 49%]
src/codomyrmex/tests/unit/exceptions/test_exceptions.py::TestErrorHierarchy::test_ai_provider_error_hierarchy PASSED [ 49%]
src/codomyrmex/tests/unit/exceptions/test_exceptions.py::TestErrorHierarchy::test_static_analysis_error_hierarchy PASSED [ 49%]
src/codomyrmex/tests/unit/exceptions/test_exceptions.py::TestErrorHierarchy::test_visualization_error_hierarchy PASSED [ 49%]
src/codomyrmex/tests/unit/exceptions/test_exceptions.py::TestErrorHierarchy::test_orchestration_error_hierarchy PASSED [ 49%]
src/codomyrmex/tests/unit/exceptions/test_exceptions.py::TestUtilityFunctions::test_create_error_context_basic PASSED [ 49%]
src/codomyrmex/tests/unit/exceptions/test_exceptions.py::TestUtilityFunctions::test_create_error_context_filters_none PASSED [ 49%]
src/codomyrmex/tests/unit/exceptions/test_exceptions.py::TestUtilityFunctions::test_create_error_context_empty PASSED [ 49%]
src/codomyrmex/tests/unit/exceptions/test_exceptions.py::TestUtilityFunctions::test_format_exception_chain_single PASSED [ 49%]
src/codomyrmex/tests/unit/exceptions/test_exceptions.py::TestUtilityFunctions::test_format_exception_chain_standard_exception PASSED [ 49%]
src/codomyrmex/tests/unit/exceptions/test_exceptions.py::TestUtilityFunctions::test_format_exception_chain_with_cause PASSED [ 49%]
src/codomyrmex/tests/unit/exceptions/test_exceptions.py::TestUtilityFunctions::test_format_exception_chain_with_context PASSED [ 49%]
src/codomyrmex/tests/unit/exceptions/test_exceptions.py::TestErrorSerialization::test_error_serialization PASSED [ 49%]
src/codomyrmex/tests/unit/exceptions/test_exceptions.py::TestErrorSerialization::test_error_context_updates PASSED [ 49%]
src/codomyrmex/tests/unit/exceptions/test_exceptions.py::TestErrorUsagePatterns::test_raise_and_catch_codomyrmex_error PASSED [ 49%]
src/codomyrmex/tests/unit/exceptions/test_exceptions.py::TestErrorUsagePatterns::test_raise_and_catch_specialized_error PASSED [ 49%]
src/codomyrmex/tests/unit/exceptions/test_exceptions.py::TestErrorUsagePatterns::test_catch_base_error_for_specialized PASSED [ 49%]
src/codomyrmex/tests/unit/exceptions/test_exceptions.py::TestErrorUsagePatterns::test_error_with_exception_chaining PASSED [ 49%]
src/codomyrmex/tests/unit/exceptions/test_exceptions.py::TestErrorContextManagement::test_context_with_pathlib_path PASSED [ 49%]
src/codomyrmex/tests/unit/exceptions/test_exceptions.py::TestErrorContextManagement::test_context_with_string_path PASSED [ 49%]
src/codomyrmex/tests/unit/exceptions/test_exceptions.py::TestErrorContextManagement::test_empty_context_string_representation PASSED [ 49%]
src/codomyrmex/tests/unit/exceptions/test_exceptions.py::TestErrorContextManagement::test_complex_context_string_representation PASSED [ 49%]
src/codomyrmex/tests/unit/exceptions/test_exceptions.py::TestErrorIntegration::test_error_logging_compatibility PASSED [ 49%]
src/codomyrmex/tests/unit/exceptions/test_exceptions.py::TestErrorIntegration::test_error_json_serialization PASSED [ 49%]
src/codomyrmex/tests/unit/exceptions/test_exceptions.py::TestErrorIntegration::test_error_message_formatting PASSED [ 49%]
src/codomyrmex/tests/unit/feature_flags/test_experiments.py::TestVariantType::test_control PASSED [ 49%]
src/codomyrmex/tests/unit/feature_flags/test_experiments.py::TestVariantType::test_treatment PASSED [ 49%]
src/codomyrmex/tests/unit/feature_flags/test_experiments.py::TestVariant::test_create_variant PASSED [ 49%]
src/codomyrmex/tests/unit/feature_flags/test_experiments.py::TestVariant::test_variant_with_value PASSED [ 49%]
src/codomyrmex/tests/unit/feature_flags/test_experiments.py::TestExperiment::test_create_experiment PASSED [ 49%]
src/codomyrmex/tests/unit/feature_flags/test_experiments.py::TestExperiment::test_experiment_with_variants PASSED [ 49%]
src/codomyrmex/tests/unit/feature_flags/test_experiments.py::TestAssignment::test_create_assignment PASSED [ 49%]
src/codomyrmex/tests/unit/feature_flags/test_experiments.py::TestExperimentEvent::test_create_event PASSED [ 49%]
src/codomyrmex/tests/unit/feature_flags/test_experiments.py::TestExperimentEvent::test_event_with_value PASSED [ 49%]
src/codomyrmex/tests/unit/feature_flags/test_experiments.py::TestExperimentManager::test_create_manager PASSED [ 49%]
src/codomyrmex/tests/unit/feature_flags/test_experiments.py::TestExperimentManager::test_create_experiment PASSED [ 49%]
src/codomyrmex/tests/unit/feature_flags/test_experiments.py::TestExperimentManager::test_get_experiment PASSED [ 49%]
src/codomyrmex/tests/unit/feature_flags/test_experiments.py::TestExperimentManager::test_get_nonexistent_experiment PASSED [ 49%]
src/codomyrmex/tests/unit/feature_flags/test_experiments.py::TestExperimentManager::test_get_variant_assignment PASSED [ 49%]
src/codomyrmex/tests/unit/feature_flags/test_feature_flags.py::test_static_flags_enabled PASSED [ 49%]
src/codomyrmex/tests/unit/feature_flags/test_feature_flags.py::test_static_flags_disabled PASSED [ 49%]
src/codomyrmex/tests/unit/feature_flags/test_feature_flags.py::test_static_flags_missing_default PASSED [ 49%]
src/codomyrmex/tests/unit/feature_flags/test_feature_flags.py::test_percentage_rollout_deterministic PASSED [ 49%]
src/codomyrmex/tests/unit/feature_flags/test_feature_flags.py::test_percentage_rollout_no_user_id PASSED [ 49%]
src/codomyrmex/tests/unit/feature_flags/test_feature_flags.py::test_multivariate_flags PASSED [ 49%]
src/codomyrmex/tests/unit/feature_flags/test_feature_flags.py::test_flag_persistence_save_load PASSED [ 49%]
src/codomyrmex/tests/unit/feature_flags/test_feature_flags.py::test_evaluation_context_defaults PASSED [ 49%]
src/codomyrmex/tests/unit/feature_flags/test_feature_flags.py::test_evaluation_context_get_attribute PASSED [ 49%]
src/codomyrmex/tests/unit/feature_flags/test_feature_flags.py::test_evaluation_context_hash_key PASSED [ 49%]
src/codomyrmex/tests/unit/feature_flags/test_feature_flags.py::test_boolean_strategy_enabled PASSED [ 49%]
src/codomyrmex/tests/unit/feature_flags/test_feature_flags.py::test_boolean_strategy_disabled PASSED [ 49%]
src/codomyrmex/tests/unit/feature_flags/test_feature_flags.py::test_boolean_strategy_serialization PASSED [ 49%]
src/codomyrmex/tests/unit/feature_flags/test_feature_flags.py::test_percentage_strategy_zero PASSED [ 49%]
src/codomyrmex/tests/unit/feature_flags/test_feature_flags.py::test_percentage_strategy_hundred PASSED [ 49%]
src/codomyrmex/tests/unit/feature_flags/test_feature_flags.py::test_percentage_strategy_sticky PASSED [ 49%]
src/codomyrmex/tests/unit/feature_flags/test_feature_flags.py::test_user_list_strategy_allowed PASSED [ 49%]
src/codomyrmex/tests/unit/feature_flags/test_feature_flags.py::test_user_list_strategy_blocked PASSED [ 49%]
src/codomyrmex/tests/unit/feature_flags/test_feature_flags.py::test_user_list_strategy_no_user_id PASSED [ 49%]
src/codomyrmex/tests/unit/feature_flags/test_feature_flags.py::test_user_list_strategy_add_remove PASSED [ 49%]
src/codomyrmex/tests/unit/feature_flags/test_feature_flags.py::test_attribute_strategy_eq PASSED [ 49%]
src/codomyrmex/tests/unit/feature_flags/test_feature_flags.py::test_attribute_strategy_missing_attribute PASSED [ 49%]
src/codomyrmex/tests/unit/feature_flags/test_feature_flags.py::test_attribute_strategy_gt PASSED [ 49%]
src/codomyrmex/tests/unit/feature_flags/test_feature_flags.py::test_environment_strategy_enabled_env PASSED [ 49%]
src/codomyrmex/tests/unit/feature_flags/test_feature_flags.py::test_environment_strategy_disabled_env PASSED [ 49%]
src/codomyrmex/tests/unit/feature_flags/test_feature_flags.py::test_composite_strategy_and PASSED [ 49%]
src/codomyrmex/tests/unit/feature_flags/test_feature_flags.py::test_composite_strategy_and_one_false PASSED [ 49%]
src/codomyrmex/tests/unit/feature_flags/test_feature_flags.py::test_composite_strategy_or PASSED [ 49%]
src/codomyrmex/tests/unit/feature_flags/test_feature_flags.py::test_composite_strategy_empty PASSED [ 50%]
src/codomyrmex/tests/unit/feature_flags/test_feature_flags.py::test_create_strategy_boolean PASSED [ 50%]
src/codomyrmex/tests/unit/feature_flags/test_feature_flags.py::test_create_strategy_percentage PASSED [ 50%]
src/codomyrmex/tests/unit/feature_flags/test_feature_flags.py::test_create_strategy_unknown_raises PASSED [ 50%]
src/codomyrmex/tests/unit/feature_flags/test_feature_flags.py::test_in_memory_store_basic PASSED [ 50%]
src/codomyrmex/tests/unit/feature_flags/test_feature_flags.py::test_in_memory_store_delete PASSED [ 50%]
src/codomyrmex/tests/unit/feature_flags/test_feature_flags.py::test_in_memory_store_list_all PASSED [ 50%]
src/codomyrmex/tests/unit/feature_flags/test_feature_flags.py::test_in_memory_store_len PASSED [ 50%]
src/codomyrmex/tests/unit/feature_flags/test_feature_flags.py::test_file_store_basic PASSED [ 50%]
src/codomyrmex/tests/unit/feature_flags/test_feature_flags.py::test_file_store_persistence PASSED [ 50%]
src/codomyrmex/tests/unit/feature_flags/test_feature_flags.py::test_file_store_delete PASSED [ 50%]
src/codomyrmex/tests/unit/feature_flags/test_feature_flags.py::test_file_store_list_all PASSED [ 50%]
src/codomyrmex/tests/unit/feature_flags/test_feature_flags.py::test_rollout_config_valid PASSED [ 50%]
src/codomyrmex/tests/unit/feature_flags/test_feature_flags.py::test_rollout_config_empty_raises PASSED [ 50%]
src/codomyrmex/tests/unit/feature_flags/test_feature_flags.py::test_rollout_config_invalid_percentage_raises PASSED [ 50%]
src/codomyrmex/tests/unit/feature_flags/test_feature_flags.py::test_rollout_create_and_advance PASSED [ 50%]
src/codomyrmex/tests/unit/feature_flags/test_feature_flags.py::test_rollout_pause PASSED [ 50%]
src/codomyrmex/tests/unit/feature_flags/test_feature_flags.py::test_rollout_advance_from_paused PASSED [ 50%]
src/codomyrmex/tests/unit/feature_flags/test_feature_flags.py::test_rollout_nonexistent_raises PASSED [ 50%]
src/codomyrmex/tests/unit/feature_flags/test_feature_flags.py::test_targeting_rule_eq_matches PASSED [ 50%]
src/codomyrmex/tests/unit/feature_flags/test_feature_flags.py::test_targeting_rule_eq_no_match PASSED [ 50%]
src/codomyrmex/tests/unit/feature_flags/test_feature_flags.py::test_targeting_rule_missing_attribute PASSED [ 50%]
src/codomyrmex/tests/unit/feature_flags/test_feature_flags.py::test_flag_evaluator_disabled_flag PASSED [ 50%]
src/codomyrmex/tests/unit/feature_flags/test_feature_flags.py::test_flag_evaluator_targeting_rules_match PASSED [ 50%]
src/codomyrmex/tests/unit/feature_flags/test_feature_flags.py::test_flag_evaluator_targeting_rules_no_match PASSED [ 50%]
src/codomyrmex/tests/unit/feature_flags/test_feature_flags.py::test_flag_evaluator_percentage_rollout PASSED [ 50%]
src/codomyrmex/tests/unit/feature_store/test_feature_store.py::TestFeatureStoreImports::test_module_imports PASSED [ 50%]
src/codomyrmex/tests/unit/feature_store/test_feature_store.py::TestFeatureStoreImports::test_public_api_exists PASSED [ 50%]
src/codomyrmex/tests/unit/feature_store/test_feature_store.py::TestFeatureType::test_feature_type_values PASSED [ 50%]
src/codomyrmex/tests/unit/feature_store/test_feature_store.py::TestValueType::test_value_type_values PASSED [ 50%]
src/codomyrmex/tests/unit/feature_store/test_feature_store.py::TestFeatureDefinition::test_feature_definition_creation PASSED [ 50%]
src/codomyrmex/tests/unit/feature_store/test_feature_store.py::TestFeatureDefinition::test_feature_definition_to_dict PASSED [ 50%]
src/codomyrmex/tests/unit/feature_store/test_feature_store.py::TestFeatureValue::test_feature_value_creation PASSED [ 50%]
src/codomyrmex/tests/unit/feature_store/test_feature_store.py::TestFeatureValue::test_feature_value_age PASSED [ 50%]
src/codomyrmex/tests/unit/feature_store/test_feature_store.py::TestFeatureVector::test_feature_vector_creation PASSED [ 50%]
src/codomyrmex/tests/unit/feature_store/test_feature_store.py::TestFeatureVector::test_feature_vector_get PASSED [ 50%]
src/codomyrmex/tests/unit/feature_store/test_feature_store.py::TestFeatureVector::test_feature_vector_to_list PASSED [ 50%]
src/codomyrmex/tests/unit/feature_store/test_feature_store.py::TestFeatureGroup::test_feature_group_creation PASSED [ 50%]
src/codomyrmex/tests/unit/feature_store/test_feature_store.py::TestFeatureGroup::test_feature_group_feature_names PASSED [ 50%]
src/codomyrmex/tests/unit/feature_store/test_feature_store.py::TestFeatureGroup::test_feature_group_get_feature PASSED [ 50%]
src/codomyrmex/tests/unit/feature_store/test_feature_store.py::TestInMemoryFeatureStore::test_store_register_and_get_definition PASSED [ 50%]
src/codomyrmex/tests/unit/feature_store/test_feature_store.py::TestInMemoryFeatureStore::test_store_set_and_get_value PASSED [ 50%]
src/codomyrmex/tests/unit/feature_store/test_feature_store.py::TestInMemoryFeatureStore::test_store_value_versioning PASSED [ 50%]
src/codomyrmex/tests/unit/feature_store/test_feature_store.py::TestInMemoryFeatureStore::test_store_get_vector PASSED [ 50%]
src/codomyrmex/tests/unit/feature_store/test_feature_store.py::TestInMemoryFeatureStore::test_store_delete_value PASSED [ 50%]
src/codomyrmex/tests/unit/feature_store/test_feature_store.py::TestFeatureTransform::test_transform_add_and_apply PASSED [ 50%]
src/codomyrmex/tests/unit/feature_store/test_feature_store.py::TestFeatureService::test_service_register_and_ingest PASSED [ 50%]
src/codomyrmex/tests/unit/feature_store/test_feature_store.py::TestFeatureService::test_service_register_group PASSED [ 50%]
src/codomyrmex/tests/unit/feature_store/test_feature_store.py::TestFeatureService::test_service_ingest_batch PASSED [ 50%]
src/codomyrmex/tests/unit/finance/test_finance.py::test_module_import PASSED [ 50%]
src/codomyrmex/tests/unit/finance/test_finance.py::test_account_type_enum_values PASSED [ 50%]
src/codomyrmex/tests/unit/finance/test_finance.py::test_account_type_enum_count PASSED [ 50%]
src/codomyrmex/tests/unit/finance/test_finance.py::test_ledger_create_account PASSED [ 50%]
src/codomyrmex/tests/unit/finance/test_finance.py::test_ledger_duplicate_account_raises PASSED [ 50%]
src/codomyrmex/tests/unit/finance/test_finance.py::test_ledger_create_multiple_accounts PASSED [ 50%]
src/codomyrmex/tests/unit/finance/test_finance.py::test_account_repr PASSED [ 50%]
src/codomyrmex/tests/unit/finance/test_finance.py::test_ledger_post_transaction PASSED [ 50%]
src/codomyrmex/tests/unit/finance/test_finance.py::test_ledger_post_unbalanced_transaction_raises PASSED [ 50%]
src/codomyrmex/tests/unit/finance/test_finance.py::test_ledger_post_transaction_nonexistent_account_raises PASSED [ 50%]
src/codomyrmex/tests/unit/finance/test_finance.py::test_ledger_post_empty_entries_raises PASSED [ 50%]
src/codomyrmex/tests/unit/finance/test_finance.py::test_ledger_multiple_transactions_accumulate PASSED [ 50%]
src/codomyrmex/tests/unit/finance/test_finance.py::test_ledger_expense_transaction PASSED [ 50%]
src/codomyrmex/tests/unit/finance/test_finance.py::test_ledger_get_balance_nonexistent_raises PASSED [ 50%]
src/codomyrmex/tests/unit/finance/test_finance.py::test_transaction_is_balanced PASSED [ 50%]
src/codomyrmex/tests/unit/finance/test_finance.py::test_transaction_is_not_balanced PASSED [ 50%]
src/codomyrmex/tests/unit/finance/test_finance.py::test_ledger_trial_balance_empty PASSED [ 50%]
src/codomyrmex/tests/unit/finance/test_finance.py::test_ledger_trial_balance_after_transactions PASSED [ 50%]
src/codomyrmex/tests/unit/finance/test_finance.py::test_ledger_balance_sheet PASSED [ 50%]
src/codomyrmex/tests/unit/finance/test_finance.py::test_ledger_income_statement PASSED [ 50%]
src/codomyrmex/tests/unit/finance/test_finance.py::test_ledger_repr PASSED [ 50%]
src/codomyrmex/tests/unit/finance/test_finance.py::test_forecaster_moving_average_basic PASSED [ 50%]
src/codomyrmex/tests/unit/finance/test_finance.py::test_forecaster_moving_average_window_1 PASSED [ 50%]
src/codomyrmex/tests/unit/finance/test_finance.py::test_forecaster_moving_average_insufficient_data_raises PASSED [ 50%]
src/codomyrmex/tests/unit/finance/test_finance.py::test_forecaster_moving_average_invalid_window_raises PASSED [ 50%]
src/codomyrmex/tests/unit/finance/test_finance.py::test_forecaster_exponential_smoothing_basic PASSED [ 50%]
src/codomyrmex/tests/unit/finance/test_finance.py::test_forecaster_exponential_smoothing_invalid_alpha_raises PASSED [ 50%]
src/codomyrmex/tests/unit/finance/test_finance.py::test_forecaster_exponential_smoothing_empty_data_raises PASSED [ 50%]
src/codomyrmex/tests/unit/finance/test_finance.py::test_forecaster_linear_trend_basic PASSED [ 50%]
src/codomyrmex/tests/unit/finance/test_finance.py::test_forecaster_linear_trend_insufficient_data_raises PASSED [ 50%]
src/codomyrmex/tests/unit/finance/test_finance.py::test_forecaster_forecast_moving_average PASSED [ 50%]
src/codomyrmex/tests/unit/finance/test_finance.py::test_forecaster_forecast_linear_trend PASSED [ 50%]
src/codomyrmex/tests/unit/finance/test_finance.py::test_forecaster_forecast_unknown_method_raises PASSED [ 50%]
src/codomyrmex/tests/unit/finance/test_finance.py::test_forecaster_forecast_zero_periods_raises PASSED [ 50%]
src/codomyrmex/tests/unit/finance/test_finance.py::test_tax_calculator_zero_income PASSED [ 50%]
src/codomyrmex/tests/unit/finance/test_finance.py::test_tax_calculator_first_bracket_only PASSED [ 50%]
src/codomyrmex/tests/unit/finance/test_finance.py::test_tax_calculator_negative_income_raises PASSED [ 50%]
src/codomyrmex/tests/unit/finance/test_finance.py::test_tax_calculator_custom_brackets PASSED [ 50%]
src/codomyrmex/tests/unit/finance/test_finance.py::test_tax_calculator_invalid_rate_raises PASSED [ 50%]
src/codomyrmex/tests/unit/finance/test_finance.py::test_tax_calculator_result_is_tax_result PASSED [ 50%]
src/codomyrmex/tests/unit/finance/test_finance.py::test_tax_calculator_apply_deductions_reduces_income PASSED [ 50%]
src/codomyrmex/tests/unit/finance/test_finance.py::test_tax_calculator_apply_deductions_floor_at_zero PASSED [ 50%]
src/codomyrmex/tests/unit/finance/test_finance.py::test_tax_calculator_bracket_breakdown_amounts_sum_to_total PASSED [ 50%]
src/codomyrmex/tests/unit/formal_verification/test_formal_verification.py::TestConstraintSolver::test_solver_creation PASSED [ 50%]
src/codomyrmex/tests/unit/formal_verification/test_formal_verification.py::TestConstraintSolver::test_add_item_returns_index PASSED [ 50%]
src/codomyrmex/tests/unit/formal_verification/test_formal_verification.py::TestConstraintSolver::test_add_item_at_index PASSED [ 50%]
src/codomyrmex/tests/unit/formal_verification/test_formal_verification.py::TestConstraintSolver::test_delete_item PASSED [ 50%]
src/codomyrmex/tests/unit/formal_verification/test_formal_verification.py::TestConstraintSolver::test_replace_item PASSED [ 50%]
src/codomyrmex/tests/unit/formal_verification/test_formal_verification.py::TestConstraintSolver::test_clear_model PASSED [ 50%]
src/codomyrmex/tests/unit/formal_verification/test_formal_verification.py::TestConstraintSolver::test_get_model PASSED [ 50%]
src/codomyrmex/tests/unit/formal_verification/test_formal_verification.py::TestConstraintSolver::test_solve_sat PASSED [ 51%]
src/codomyrmex/tests/unit/formal_verification/test_formal_verification.py::TestConstraintSolver::test_solve_unsat PASSED [ 51%]
src/codomyrmex/tests/unit/formal_verification/test_formal_verification.py::TestConstraintSolver::test_is_satisfiable PASSED [ 51%]
src/codomyrmex/tests/unit/formal_verification/test_formal_verification.py::TestConstraintSolver::test_is_unsatisfiable PASSED [ 51%]
src/codomyrmex/tests/unit/formal_verification/test_formal_verification.py::TestConstraintSolver::test_unknown_backend_raises PASSED [ 51%]
src/codomyrmex/tests/unit/formal_verification/test_formal_verification.py::TestConstraintSolver::test_invalid_constraint_raises PASSED [ 51%]
src/codomyrmex/tests/unit/formal_verification/test_formal_verification.py::TestConstraintSolver::test_delete_out_of_range_raises PASSED [ 51%]
src/codomyrmex/tests/unit/formal_verification/test_formal_verification.py::TestConstraintSolver::test_add_constraints_batch PASSED [ 51%]
src/codomyrmex/tests/unit/formal_verification/test_formal_verification.py::TestISCVerification::test_consistent_criteria PASSED [ 51%]
src/codomyrmex/tests/unit/formal_verification/test_formal_verification.py::TestISCVerification::test_inconsistent_criteria PASSED [ 51%]
src/codomyrmex/tests/unit/formal_verification/test_formal_verification.py::TestISCVerification::test_direct_constraint_override PASSED [ 51%]
src/codomyrmex/tests/unit/formal_verification/test_formal_verification.py::TestISCVerification::test_no_translatable_criteria PASSED [ 51%]
src/codomyrmex/tests/unit/formal_verification/test_formal_verification.py::TestISCVerification::test_returns_result_never_raises PASSED [ 51%]
src/codomyrmex/tests/unit/formal_verification/test_formal_verification.py::TestISCVerification::test_graceful_without_z3 PASSED [ 51%]
src/codomyrmex/tests/unit/formal_verification/test_formal_verification.py::TestSolverBackendBase::test_solver_status_enum PASSED [ 51%]
src/codomyrmex/tests/unit/formal_verification/test_formal_verification.py::TestSolverBackendBase::test_solver_result_properties PASSED [ 51%]
src/codomyrmex/tests/unit/formal_verification/test_formal_verification.py::TestSolverBackendBase::test_exceptions_hierarchy PASSED [ 51%]
src/codomyrmex/tests/unit/formal_verification/test_formal_verification.py::TestSolverBackendBase::test_z3_backend_name PASSED [ 51%]
src/codomyrmex/tests/unit/formal_verification/test_formal_verification.py::TestMCPTools::test_mcp_clear_model PASSED [ 51%]
src/codomyrmex/tests/unit/formal_verification/test_formal_verification.py::TestMCPTools::test_mcp_add_and_get PASSED [ 51%]
src/codomyrmex/tests/unit/formal_verification/test_formal_verification.py::TestMCPTools::test_mcp_solve PASSED [ 51%]
src/codomyrmex/tests/unit/formal_verification/test_formal_verification.py::TestCLICommands::test_cli_status PASSED [ 51%]
src/codomyrmex/tests/unit/formal_verification/test_formal_verification.py::TestCLICommands::test_cli_backends PASSED [ 51%]
src/codomyrmex/tests/unit/formal_verification/test_formal_verification.py::TestModulePublicAPI::test_all_exports_valid PASSED [ 51%]
src/codomyrmex/tests/unit/formal_verification/test_formal_verification.py::TestModulePublicAPI::test_version_string PASSED [ 51%]
src/codomyrmex/tests/unit/formal_verification/test_formal_verification.py::TestRegexPatterns::test_under_pattern PASSED [ 51%]
src/codomyrmex/tests/unit/formal_verification/test_formal_verification.py::TestRegexPatterns::test_below_pattern PASSED [ 51%]
src/codomyrmex/tests/unit/formal_verification/test_formal_verification.py::TestRegexPatterns::test_at_least_pattern PASSED [ 51%]
src/codomyrmex/tests/unit/formal_verification/test_formal_verification.py::TestRegexPatterns::test_at_most_pattern PASSED [ 51%]
src/codomyrmex/tests/unit/formal_verification/test_formal_verification.py::TestRegexPatterns::test_between_pattern PASSED [ 51%]
src/codomyrmex/tests/unit/formal_verification/test_formal_verification.py::TestRegexPatterns::test_exactly_pattern PASSED [ 51%]
src/codomyrmex/tests/unit/formal_verification/test_formal_verification.py::TestRegexPatterns::test_float_uses_real PASSED [ 51%]
src/codomyrmex/tests/unit/formal_verification/test_formal_verification.py::TestRegexPatterns::test_int_uses_int PASSED [ 51%]
src/codomyrmex/tests/unit/formal_verification/test_formal_verification.py::TestRegexPatterns::test_no_match_returns_none PASSED [ 51%]
src/codomyrmex/tests/unit/formal_verification/test_formal_verification.py::TestRegexPatterns::test_var_sanitization PASSED [ 51%]
src/codomyrmex/tests/unit/formal_verification/test_formal_verification.py::TestISCEdgeCases::test_empty_criteria_list PASSED [ 51%]
src/codomyrmex/tests/unit/formal_verification/test_formal_verification.py::TestISCEdgeCases::test_skipped_reasons_populated PASSED [ 51%]
src/codomyrmex/tests/unit/formal_verification/test_formal_verification.py::TestISCEdgeCases::test_mixed_analyzable_and_skipped PASSED [ 51%]
src/codomyrmex/tests/unit/formal_verification/test_formal_verification.py::TestISCEdgeCases::test_idless_criteria_no_collision PASSED [ 51%]
src/codomyrmex/tests/unit/formal_verification/test_formal_verification.py::TestISCEdgeCases::test_multiline_constraint PASSED [ 51%]
src/codomyrmex/tests/unit/formal_verification/test_formal_verification.py::TestMCPToolsExtended::test_mcp_delete_item PASSED [ 51%]
src/codomyrmex/tests/unit/formal_verification/test_formal_verification.py::TestMCPToolsExtended::test_mcp_replace_item PASSED [ 51%]
src/codomyrmex/tests/unit/formal_verification/test_formal_verification.py::TestMCPToolsExtended::test_mcp_delete_out_of_range_error PASSED [ 51%]
src/codomyrmex/tests/unit/formal_verification/test_formal_verification.py::TestMCPToolsExtended::test_mcp_replace_out_of_range_error PASSED [ 51%]
src/codomyrmex/tests/unit/formal_verification/test_formal_verification.py::TestMCPToolsExtended::test_mcp_solve_unsat PASSED [ 51%]
src/codomyrmex/tests/unit/formal_verification/test_formal_verification.py::TestMCPToolsExtended::test_mcp_solve_empty_model PASSED [ 51%]
src/codomyrmex/tests/unit/formal_verification/test_formal_verification.py::TestMCPToolsExtended::test_mcp_add_with_explicit_index PASSED [ 51%]
src/codomyrmex/tests/unit/formal_verification/test_formal_verification.py::TestCLICommandsExtended::test_cmd_check_empty_expression PASSED [ 51%]
src/codomyrmex/tests/unit/formal_verification/test_formal_verification.py::TestCLICommandsExtended::test_cmd_check_valid_expression PASSED [ 51%]
src/codomyrmex/tests/unit/formal_verification/test_formal_verification.py::TestCLICommandsExtended::test_cmd_check_invalid_expression PASSED [ 51%]
src/codomyrmex/tests/unit/formal_verification/test_formal_verification.py::TestZ3BackendEmptyModel::test_delete_empty_model_clean_message PASSED [ 51%]
src/codomyrmex/tests/unit/formal_verification/test_formal_verification.py::TestZ3BackendEmptyModel::test_replace_empty_model_clean_message PASSED [ 51%]
src/codomyrmex/tests/unit/fpf/test_context_builder.py::test_context_builder_initialization PASSED [ 51%]
src/codomyrmex/tests/unit/fpf/test_context_builder.py::test_build_context_for_pattern PASSED [ 51%]
src/codomyrmex/tests/unit/fpf/test_context_builder.py::test_build_context_for_pattern_not_found PASSED [ 51%]
src/codomyrmex/tests/unit/fpf/test_context_builder.py::test_build_context_for_concept PASSED [ 51%]
src/codomyrmex/tests/unit/fpf/test_context_builder.py::test_build_minimal_context PASSED [ 51%]
src/codomyrmex/tests/unit/fpf/test_context_builder.py::test_build_full_context PASSED [ 51%]
src/codomyrmex/tests/unit/fpf/test_e2e.py::test_e2e_load_from_file_workflow PASSED [ 51%]
src/codomyrmex/tests/unit/fpf/test_e2e.py::test_e2e_fetch_and_load_workflow PASSED [ 51%]
src/codomyrmex/tests/unit/fpf/test_e2e.py::test_e2e_search_workflow PASSED [ 51%]
src/codomyrmex/tests/unit/fpf/test_e2e.py::test_e2e_export_workflow PASSED [ 51%]
src/codomyrmex/tests/unit/fpf/test_e2e.py::test_e2e_context_building_workflow PASSED [ 51%]
src/codomyrmex/tests/unit/fpf/test_e2e.py::test_e2e_full_pipeline PASSED [ 51%]
src/codomyrmex/tests/unit/fpf/test_e2e.py::test_e2e_error_handling PASSED [ 51%]
src/codomyrmex/tests/unit/fpf/test_exporter.py::test_exporter_initialization PASSED [ 51%]
src/codomyrmex/tests/unit/fpf/test_exporter.py::test_export_json PASSED  [ 51%]
src/codomyrmex/tests/unit/fpf/test_exporter.py::test_export_patterns_json PASSED [ 51%]
src/codomyrmex/tests/unit/fpf/test_exporter.py::test_export_concepts_json PASSED [ 51%]
src/codomyrmex/tests/unit/fpf/test_exporter.py::test_export_for_context PASSED [ 51%]
src/codomyrmex/tests/unit/fpf/test_exporter.py::test_export_for_context_with_filters PASSED [ 51%]
src/codomyrmex/tests/unit/fpf/test_extractor.py::test_extractor_initialization PASSED [ 51%]
src/codomyrmex/tests/unit/fpf/test_extractor.py::test_extract_concepts PASSED [ 51%]
src/codomyrmex/tests/unit/fpf/test_extractor.py::test_extract_relationships PASSED [ 51%]
src/codomyrmex/tests/unit/fpf/test_extractor.py::test_extract_keywords PASSED [ 51%]
src/codomyrmex/tests/unit/fpf/test_extractor.py::test_extract_concepts_empty_spec PASSED [ 51%]
src/codomyrmex/tests/unit/fpf/test_extractor.py::test_extract_relationships_empty_spec PASSED [ 51%]
src/codomyrmex/tests/unit/fpf/test_extractor.py::test_extract_relationships_multiple_types PASSED [ 51%]
src/codomyrmex/tests/unit/fpf/test_extractor.py::test_extract_dependencies_empty PASSED [ 51%]
src/codomyrmex/tests/unit/fpf/test_extractor.py::test_extract_keywords_empty PASSED [ 51%]
src/codomyrmex/tests/unit/fpf/test_fetcher.py::test_fetcher_initialization PASSED [ 51%]
src/codomyrmex/tests/unit/fpf/test_fetcher.py::test_fetch_latest PASSED  [ 51%]
src/codomyrmex/tests/unit/fpf/test_fetcher.py::test_cache_spec PASSED    [ 51%]
src/codomyrmex/tests/unit/fpf/test_fetcher.py::test_fetch_latest_error_handling PASSED [ 51%]
src/codomyrmex/tests/unit/fpf/test_fetcher.py::test_check_for_updates_nonexistent_file PASSED [ 51%]
src/codomyrmex/tests/unit/fpf/test_fetcher.py::test_check_for_updates_no_changes PASSED [ 51%]
src/codomyrmex/tests/unit/fpf/test_fetcher.py::test_get_version_info PASSED [ 51%]
src/codomyrmex/tests/unit/fpf/test_fetcher.py::test_get_version_info_invalid_repo PASSED [ 51%]
src/codomyrmex/tests/unit/fpf/test_fpf.py::test_fpf_module_import PASSED [ 51%]
src/codomyrmex/tests/unit/fpf/test_fpf.py::test_fpf_module_structure PASSED [ 51%]
src/codomyrmex/tests/unit/fpf/test_fpf.py::test_pattern_status_values PASSED [ 51%]
src/codomyrmex/tests/unit/fpf/test_fpf.py::test_concept_type_values PASSED [ 51%]
src/codomyrmex/tests/unit/fpf/test_fpf.py::test_relationship_type_values PASSED [ 51%]
src/codomyrmex/tests/unit/fpf/test_fpf.py::test_pattern_construction PASSED [ 51%]
src/codomyrmex/tests/unit/fpf/test_fpf.py::test_fpf_spec_get_pattern_by_id PASSED [ 51%]
src/codomyrmex/tests/unit/fpf/test_fpf.py::test_relationship_construction PASSED [ 51%]
src/codomyrmex/tests/unit/fpf/test_fpf.py::test_parser_initialization PASSED [ 51%]
src/codomyrmex/tests/unit/fpf/test_fpf.py::test_parser_extracts_patterns_from_markdown PASSED [ 51%]
src/codomyrmex/tests/unit/fpf/test_fpf.py::test_parser_extract_sections PASSED [ 51%]
src/codomyrmex/tests/unit/fpf/test_fpf.py::test_extractor_extracts_relationships PASSED [ 52%]
src/codomyrmex/tests/unit/fpf/test_fpf.py::test_extractor_extract_keywords PASSED [ 52%]
src/codomyrmex/tests/unit/fpf/test_fpf.py::test_context_builder_pattern_not_found PASSED [ 52%]
src/codomyrmex/tests/unit/fpf/test_fpf.py::test_context_builder_minimal_context PASSED [ 52%]
src/codomyrmex/tests/unit/fpf/test_fpf.py::test_client_raises_before_loading PASSED [ 52%]
src/codomyrmex/tests/unit/fpf/test_fpf.py::test_client_raises_on_export_before_loading PASSED [ 52%]
src/codomyrmex/tests/unit/fpf/test_fpf.py::test_client_raises_on_context_before_loading PASSED [ 52%]
src/codomyrmex/tests/unit/fpf/test_indexer.py::test_indexer_initialization PASSED [ 52%]
src/codomyrmex/tests/unit/fpf/test_indexer.py::test_build_index PASSED   [ 52%]
src/codomyrmex/tests/unit/fpf/test_indexer.py::test_search_patterns PASSED [ 52%]
src/codomyrmex/tests/unit/fpf/test_indexer.py::test_get_pattern_by_id PASSED [ 52%]
src/codomyrmex/tests/unit/fpf/test_indexer.py::test_get_pattern_by_id_not_found PASSED [ 52%]
src/codomyrmex/tests/unit/fpf/test_indexer.py::test_search_patterns_with_filters PASSED [ 52%]
src/codomyrmex/tests/unit/fpf/test_indexer.py::test_get_related_patterns PASSED [ 52%]
src/codomyrmex/tests/unit/fpf/test_indexer.py::test_search_patterns_empty_query PASSED [ 52%]
src/codomyrmex/tests/unit/fpf/test_integration.py::test_integration_parse_real_spec PASSED [ 52%]
src/codomyrmex/tests/unit/fpf/test_integration.py::test_integration_extract_concepts PASSED [ 52%]
src/codomyrmex/tests/unit/fpf/test_integration.py::test_integration_extract_relationships PASSED [ 52%]
src/codomyrmex/tests/unit/fpf/test_integration.py::test_integration_build_index PASSED [ 52%]
src/codomyrmex/tests/unit/fpf/test_integration.py::test_integration_search_patterns PASSED [ 52%]
src/codomyrmex/tests/unit/fpf/test_integration.py::test_integration_get_pattern PASSED [ 52%]
src/codomyrmex/tests/unit/fpf/test_integration.py::test_integration_export_json PASSED [ 52%]
src/codomyrmex/tests/unit/fpf/test_integration.py::test_integration_full_pipeline PASSED [ 52%]
src/codomyrmex/tests/unit/fpf/test_parser.py::test_parser_initialization PASSED [ 52%]
src/codomyrmex/tests/unit/fpf/test_parser.py::test_extract_table_of_contents PASSED [ 52%]
src/codomyrmex/tests/unit/fpf/test_parser.py::test_extract_patterns PASSED [ 52%]
src/codomyrmex/tests/unit/fpf/test_parser.py::test_extract_sections PASSED [ 52%]
src/codomyrmex/tests/unit/fpf/test_parser.py::test_parse_spec PASSED     [ 52%]
src/codomyrmex/tests/unit/fpf/test_parser.py::test_parse_spec_with_empty_content PASSED [ 52%]
src/codomyrmex/tests/unit/fpf/test_parser.py::test_parse_spec_with_multiple_patterns PASSED [ 52%]
src/codomyrmex/tests/unit/fpf/test_parser.py::test_extract_patterns_with_dependencies PASSED [ 52%]
src/codomyrmex/tests/unit/fpf/test_parser.py::test_extract_patterns_with_keywords PASSED [ 52%]
src/codomyrmex/tests/unit/fpf/test_parser.py::test_extract_sections_empty PASSED [ 52%]
src/codomyrmex/tests/unit/fpf/test_parser.py::test_extract_table_of_contents_empty PASSED [ 52%]
src/codomyrmex/tests/unit/fpf/test_parser.py::test_extract_table_of_contents_multiple_parts PASSED [ 52%]
src/codomyrmex/tests/unit/fpf/test_visualizer.py::test_visualizer_initialization PASSED [ 52%]
src/codomyrmex/tests/unit/fpf/test_visualizer.py::test_visualize_pattern_hierarchy PASSED [ 52%]
src/codomyrmex/tests/unit/fpf/test_visualizer.py::test_visualize_dependencies PASSED [ 52%]
src/codomyrmex/tests/unit/fpf/test_visualizer.py::test_generate_report PASSED [ 52%]
src/codomyrmex/tests/unit/fpf/test_visualizer.py::test_create_pattern_card PASSED [ 52%]
src/codomyrmex/tests/unit/git_operations/api/test_github_issues.py::TestGitHubIssues::test_list_issues SKIPPED [ 52%]
src/codomyrmex/tests/unit/git_operations/api/test_github_issues.py::TestGitHubIssues::test_create_issue_requires_auth SKIPPED [ 52%]
src/codomyrmex/tests/unit/git_operations/core/test_git_advanced.py::test_add_remote PASSED [ 52%]
src/codomyrmex/tests/unit/git_operations/core/test_git_advanced.py::test_list_remotes PASSED [ 52%]
src/codomyrmex/tests/unit/git_operations/core/test_git_advanced.py::test_remove_remote PASSED [ 52%]
src/codomyrmex/tests/unit/git_operations/core/test_git_advanced.py::test_fetch_remote PASSED [ 52%]
src/codomyrmex/tests/unit/git_operations/core/test_git_advanced.py::test_reset_changes PASSED [ 52%]
src/codomyrmex/tests/unit/git_operations/core/test_git_advanced.py::test_revert_commit PASSED [ 52%]
src/codomyrmex/tests/unit/git_operations/core/test_git_advanced.py::test_clean_repository PASSED [ 52%]
src/codomyrmex/tests/unit/git_operations/core/test_git_advanced.py::test_get_diff PASSED [ 52%]
src/codomyrmex/tests/unit/git_operations/core/test_git_advanced.py::test_get_commit_details PASSED [ 52%]
src/codomyrmex/tests/unit/git_operations/core/test_git_advanced.py::test_config_ops PASSED [ 52%]
src/codomyrmex/tests/unit/git_operations/core/test_git_advanced.py::test_cherry_pick PASSED [ 52%]
src/codomyrmex/tests/unit/git_operations/core/test_git_advanced.py::test_submodules PASSED [ 52%]
src/codomyrmex/tests/unit/git_operations/integration/test_git_workflows.py::TestCompleteWorkflow::test_feature_branch_workflow PASSED [ 52%]
src/codomyrmex/tests/unit/git_operations/integration/test_git_workflows.py::TestCompleteWorkflow::test_multiple_commits_workflow PASSED [ 52%]
src/codomyrmex/tests/unit/git_operations/integration/test_git_workflows.py::TestCompleteWorkflow::test_branch_switching_workflow PASSED [ 52%]
src/codomyrmex/tests/unit/git_operations/integration/test_git_workflows.py::TestCompleteWorkflow::test_status_tracking_workflow PASSED [ 52%]
src/codomyrmex/tests/unit/git_operations/integration/test_git_workflows.py::TestCompleteWorkflow::test_repository_initialization_workflow PASSED [ 52%]
src/codomyrmex/tests/unit/git_operations/integration/test_git_workflows.py::TestCompleteWorkflow::test_empty_repository_workflow PASSED [ 52%]
src/codomyrmex/tests/unit/git_operations/test_git_operations.py::TestGitOperationsComprehensive::test_branch_operations_comprehensive PASSED [ 52%]
src/codomyrmex/tests/unit/git_operations/test_git_operations.py::TestGitOperationsComprehensive::test_clone_operations_comprehensive PASSED [ 52%]
src/codomyrmex/tests/unit/git_operations/test_git_operations.py::TestGitOperationsComprehensive::test_commit_history_comprehensive PASSED [ 52%]
src/codomyrmex/tests/unit/git_operations/test_git_operations.py::TestGitOperationsComprehensive::test_error_handling_comprehensive PASSED [ 52%]
src/codomyrmex/tests/unit/git_operations/test_git_operations.py::TestGitOperationsComprehensive::test_file_operations_comprehensive PASSED [ 52%]
src/codomyrmex/tests/unit/git_operations/test_git_operations.py::TestGitOperationsComprehensive::test_full_workflow_integration PASSED [ 52%]
src/codomyrmex/tests/unit/git_operations/test_git_operations.py::TestGitOperationsComprehensive::test_git_availability_comprehensive PASSED [ 52%]
src/codomyrmex/tests/unit/git_operations/test_git_operations.py::TestGitOperationsComprehensive::test_initialize_git_repository_comprehensive PASSED [ 52%]
src/codomyrmex/tests/unit/git_operations/test_git_operations.py::TestGitOperationsComprehensive::test_input_validation_and_security PASSED [ 52%]
src/codomyrmex/tests/unit/git_operations/test_git_operations.py::TestGitOperationsComprehensive::test_is_git_repository_comprehensive PASSED [ 52%]
src/codomyrmex/tests/unit/git_operations/test_git_operations.py::TestGitOperationsComprehensive::test_performance_with_many_files PASSED [ 52%]
src/codomyrmex/tests/unit/git_operations/test_git_operations.py::TestGitOperationsComprehensive::test_remote_operations_comprehensive PASSED [ 52%]
src/codomyrmex/tests/unit/git_operations/test_git_operations.py::TestGitOperationsComprehensive::test_status_operations_comprehensive PASSED [ 52%]
src/codomyrmex/tests/unit/git_operations/test_git_operations_advanced.py::TestAdvancedGitOperations::test_advanced_workflow_integration PASSED [ 52%]
src/codomyrmex/tests/unit/git_operations/test_git_operations_advanced.py::TestAdvancedGitOperations::test_comprehensive_error_handling PASSED [ 52%]
src/codomyrmex/tests/unit/git_operations/test_git_operations_advanced.py::TestAdvancedGitOperations::test_diff_operations_comprehensive PASSED [ 52%]
src/codomyrmex/tests/unit/git_operations/test_git_operations_advanced.py::TestAdvancedGitOperations::test_diff_operations_error_scenarios PASSED [ 52%]
src/codomyrmex/tests/unit/git_operations/test_git_operations_advanced.py::TestAdvancedGitOperations::test_merge_branch_comprehensive PASSED [ 52%]
src/codomyrmex/tests/unit/git_operations/test_git_operations_advanced.py::TestAdvancedGitOperations::test_merge_branch_error_scenarios PASSED [ 52%]
src/codomyrmex/tests/unit/git_operations/test_git_operations_advanced.py::TestAdvancedGitOperations::test_performance_with_multiple_operations PASSED [ 52%]
src/codomyrmex/tests/unit/git_operations/test_git_operations_advanced.py::TestAdvancedGitOperations::test_rebase_branch_comprehensive PASSED [ 52%]
src/codomyrmex/tests/unit/git_operations/test_git_operations_advanced.py::TestAdvancedGitOperations::test_rebase_branch_error_scenarios PASSED [ 52%]
src/codomyrmex/tests/unit/git_operations/test_git_operations_advanced.py::TestAdvancedGitOperations::test_reset_operations_comprehensive PASSED [ 52%]
src/codomyrmex/tests/unit/git_operations/test_git_operations_advanced.py::TestAdvancedGitOperations::test_reset_operations_error_scenarios PASSED [ 52%]
src/codomyrmex/tests/unit/git_operations/test_git_operations_advanced.py::TestAdvancedGitOperations::test_stash_operations_comprehensive PASSED [ 52%]
src/codomyrmex/tests/unit/git_operations/test_git_operations_advanced.py::TestAdvancedGitOperations::test_stash_operations_error_scenarios PASSED [ 52%]
src/codomyrmex/tests/unit/git_operations/test_git_operations_advanced.py::TestAdvancedGitOperations::test_tag_operations_comprehensive PASSED [ 52%]
src/codomyrmex/tests/unit/git_operations/test_git_operations_advanced.py::TestAdvancedGitOperations::test_tag_operations_error_scenarios PASSED [ 52%]
src/codomyrmex/tests/unit/git_operations/test_github_operations.py::TestGitHubOperationsComprehensive::test_complete_pull_request_workflow PASSED [ 52%]
src/codomyrmex/tests/unit/git_operations/test_github_operations.py::TestGitHubOperationsComprehensive::test_create_private_repository PASSED [ 52%]
src/codomyrmex/tests/unit/git_operations/test_github_operations.py::TestGitHubOperationsComprehensive::test_create_public_repository PASSED [ 52%]
src/codomyrmex/tests/unit/git_operations/test_github_operations.py::TestGitHubOperationsComprehensive::test_end_to_end_development_workflow PASSED [ 52%]
src/codomyrmex/tests/unit/git_operations/test_github_operations.py::TestGitHubOperationsComprehensive::test_generate_comprehensive_report PASSED [ 52%]
src/codomyrmex/tests/unit/git_operations/test_github_operations.py::TestGitHubOperationsComprehensive::test_get_repository_info PASSED [ 52%]
src/codomyrmex/tests/unit/git_operations/test_github_operations.py::TestGitHubOperationsComprehensive::test_pr_errors PASSED [ 52%]
src/codomyrmex/tests/unit/git_operations/test_github_operations.py::TestGitHubOperationsComprehensive::test_repository_creation_errors PASSED [ 52%]
src/codomyrmex/tests/unit/git_operations/test_repo_cli.py::TestCmdSync::test_cmd_sync_calls_manager PASSED [ 52%]
src/codomyrmex/tests/unit/git_operations/test_repo_cli.py::TestCmdPrune::test_cmd_prune_calls_manager PASSED [ 52%]
src/codomyrmex/tests/unit/git_operations/test_repo_cli.py::TestCmdClean::test_cmd_clean_real_repo PASSED [ 53%]
src/codomyrmex/tests/unit/git_operations/test_repo_cli.py::TestCmdRemote::test_cmd_remote_list PASSED [ 53%]
src/codomyrmex/tests/unit/git_operations/test_repository_manager.py::TestRepositoryManager::test_bulk_clone PASSED [ 53%]
src/codomyrmex/tests/unit/git_operations/test_repository_manager.py::TestRepositoryManager::test_bulk_update PASSED [ 53%]
src/codomyrmex/tests/unit/git_operations/test_repository_manager.py::TestRepositoryManager::test_clone_nonexistent_repository PASSED [ 53%]
src/codomyrmex/tests/unit/git_operations/test_repository_manager.py::TestRepositoryManager::test_clone_repository_failure PASSED [ 53%]
src/codomyrmex/tests/unit/git_operations/test_repository_manager.py::TestRepositoryManager::test_clone_repository_success PASSED [ 53%]
src/codomyrmex/tests/unit/git_operations/test_repository_manager.py::TestRepositoryManager::test_get_local_path PASSED [ 53%]
src/codomyrmex/tests/unit/git_operations/test_repository_manager.py::TestRepositoryManager::test_get_repository PASSED [ 53%]
src/codomyrmex/tests/unit/git_operations/test_repository_manager.py::TestRepositoryManager::test_get_repository_status PASSED [ 53%]
src/codomyrmex/tests/unit/git_operations/test_repository_manager.py::TestRepositoryManager::test_get_repository_status_not_cloned PASSED [ 53%]
src/codomyrmex/tests/unit/git_operations/test_repository_manager.py::TestRepositoryManager::test_invalid_library_file PASSED [ 53%]
src/codomyrmex/tests/unit/git_operations/test_repository_manager.py::TestRepositoryManager::test_list_repositories PASSED [ 53%]
src/codomyrmex/tests/unit/git_operations/test_repository_manager.py::TestRepositoryManager::test_nonexistent_library_file PASSED [ 53%]
src/codomyrmex/tests/unit/git_operations/test_repository_manager.py::TestRepositoryManager::test_prune_repository PASSED [ 53%]
src/codomyrmex/tests/unit/git_operations/test_repository_manager.py::TestRepositoryManager::test_repository_creation PASSED [ 53%]
src/codomyrmex/tests/unit/git_operations/test_repository_manager.py::TestRepositoryManager::test_repository_manager_initialization PASSED [ 53%]
src/codomyrmex/tests/unit/git_operations/test_repository_manager.py::TestRepositoryManager::test_repository_type_properties PASSED [ 53%]
src/codomyrmex/tests/unit/git_operations/test_repository_manager.py::TestRepositoryManager::test_search_repositories PASSED [ 53%]
src/codomyrmex/tests/unit/git_operations/test_repository_manager.py::TestRepositoryManager::test_sync_repository PASSED [ 53%]
src/codomyrmex/tests/unit/git_operations/test_repository_manager.py::TestRepositoryManager::test_update_repository_not_cloned PASSED [ 53%]
src/codomyrmex/tests/unit/git_operations/test_repository_manager.py::TestRepositoryManager::test_update_repository_success PASSED [ 53%]
src/codomyrmex/tests/unit/git_operations/test_repository_performance.py::TestBulkClone::test_bulk_clone_returns_results PASSED [ 53%]
src/codomyrmex/tests/unit/git_operations/test_repository_performance.py::TestBulkUpdate::test_bulk_update_returns_results PASSED [ 53%]
src/codomyrmex/tests/unit/git_operations/unit/test_git_manager.py::TestCheckGitAvailability::test_git_available PASSED [ 53%]
src/codomyrmex/tests/unit/git_operations/unit/test_git_manager.py::TestCheckGitAvailability::test_git_not_available PASSED [ 53%]
src/codomyrmex/tests/unit/git_operations/unit/test_git_manager.py::TestCheckGitAvailability::test_git_command_fails PASSED [ 53%]
src/codomyrmex/tests/unit/git_operations/unit/test_git_manager.py::TestIsGitRepository::test_is_git_repo_true PASSED [ 53%]
src/codomyrmex/tests/unit/git_operations/unit/test_git_manager.py::TestIsGitRepository::test_is_git_repo_false PASSED [ 53%]
src/codomyrmex/tests/unit/git_operations/unit/test_git_manager.py::TestIsGitRepository::test_is_git_repo_none_path PASSED [ 53%]
src/codomyrmex/tests/unit/git_operations/unit/test_git_manager.py::TestIsGitRepository::test_is_git_repo_invalid_path PASSED [ 53%]
src/codomyrmex/tests/unit/git_operations/unit/test_git_manager.py::TestGetStatus::test_get_status_clean_repo PASSED [ 53%]
src/codomyrmex/tests/unit/git_operations/unit/test_git_manager.py::TestGetStatus::test_get_status_with_changes PASSED [ 53%]
src/codomyrmex/tests/unit/git_operations/unit/test_git_manager.py::TestGetStatus::test_get_status_invalid_repo PASSED [ 53%]
src/codomyrmex/tests/unit/git_operations/unit/test_git_manager.py::TestGetCurrentBranch::test_get_current_branch PASSED [ 53%]
src/codomyrmex/tests/unit/git_operations/unit/test_git_manager.py::TestGetCurrentBranch::test_get_current_branch_invalid_repo PASSED [ 53%]
src/codomyrmex/tests/unit/git_operations/unit/test_git_manager.py::TestCreateBranch::test_create_branch PASSED [ 53%]
src/codomyrmex/tests/unit/git_operations/unit/test_git_manager.py::TestCreateBranch::test_create_branch_already_exists PASSED [ 53%]
src/codomyrmex/tests/unit/git_operations/unit/test_git_manager.py::TestCreateBranch::test_create_branch_invalid_repo PASSED [ 53%]
src/codomyrmex/tests/unit/git_operations/unit/test_git_manager.py::TestAddFiles::test_add_files PASSED [ 53%]
src/codomyrmex/tests/unit/git_operations/unit/test_git_manager.py::TestAddFiles::test_add_files_multiple PASSED [ 53%]
src/codomyrmex/tests/unit/git_operations/unit/test_git_manager.py::TestAddFiles::test_add_files_nonexistent PASSED [ 53%]
src/codomyrmex/tests/unit/git_operations/unit/test_git_manager.py::TestAddFiles::test_add_files_invalid_repo PASSED [ 53%]
src/codomyrmex/tests/unit/git_operations/unit/test_git_manager.py::TestCommitChanges::test_commit_changes PASSED [ 53%]
src/codomyrmex/tests/unit/git_operations/unit/test_git_manager.py::TestCommitChanges::test_commit_changes_no_staged PASSED [ 53%]
src/codomyrmex/tests/unit/git_operations/unit/test_git_manager.py::TestCommitChanges::test_commit_changes_invalid_repo PASSED [ 53%]
src/codomyrmex/tests/unit/governance/test_governance.py::test_module_import PASSED [ 53%]
src/codomyrmex/tests/unit/governance/test_governance.py::test_contract_status_enum_values PASSED [ 53%]
src/codomyrmex/tests/unit/governance/test_governance.py::test_contract_status_enum_count PASSED [ 53%]
src/codomyrmex/tests/unit/governance/test_governance.py::test_contract_status_distinct_values PASSED [ 53%]
src/codomyrmex/tests/unit/governance/test_governance.py::test_contract_term_creation PASSED [ 53%]
src/codomyrmex/tests/unit/governance/test_governance.py::test_contract_term_valid_types PASSED [ 53%]
src/codomyrmex/tests/unit/governance/test_governance.py::test_contract_term_invalid_type_raises PASSED [ 53%]
src/codomyrmex/tests/unit/governance/test_governance.py::test_contract_term_fulfill PASSED [ 53%]
src/codomyrmex/tests/unit/governance/test_governance.py::test_contract_term_is_overdue_no_deadline PASSED [ 53%]
src/codomyrmex/tests/unit/governance/test_governance.py::test_contract_term_is_overdue_past_deadline PASSED [ 53%]
src/codomyrmex/tests/unit/governance/test_governance.py::test_contract_term_is_overdue_future_deadline PASSED [ 53%]
src/codomyrmex/tests/unit/governance/test_governance.py::test_contract_term_is_overdue_fulfilled PASSED [ 53%]
src/codomyrmex/tests/unit/governance/test_governance.py::test_contract_construction PASSED [ 53%]
src/codomyrmex/tests/unit/governance/test_governance.py::test_contract_requires_two_parties PASSED [ 53%]
src/codomyrmex/tests/unit/governance/test_governance.py::test_contract_rejects_duplicate_parties PASSED [ 53%]
src/codomyrmex/tests/unit/governance/test_governance.py::test_contract_created_at_is_datetime PASSED [ 53%]
src/codomyrmex/tests/unit/governance/test_governance.py::test_contract_add_term PASSED [ 53%]
src/codomyrmex/tests/unit/governance/test_governance.py::test_contract_add_term_nonparty_raises PASSED [ 53%]
src/codomyrmex/tests/unit/governance/test_governance.py::test_contract_add_term_non_draft_raises PASSED [ 53%]
src/codomyrmex/tests/unit/governance/test_governance.py::test_contract_sign_valid_party PASSED [ 53%]
src/codomyrmex/tests/unit/governance/test_governance.py::test_contract_auto_activates_on_all_signatures PASSED [ 53%]
src/codomyrmex/tests/unit/governance/test_governance.py::test_contract_sign_rejects_non_party PASSED [ 53%]
src/codomyrmex/tests/unit/governance/test_governance.py::test_contract_sign_rejects_duplicate PASSED [ 53%]
src/codomyrmex/tests/unit/governance/test_governance.py::test_contract_sign_rejects_non_draft PASSED [ 53%]
src/codomyrmex/tests/unit/governance/test_governance.py::test_contract_sign_with_custom_signature PASSED [ 53%]
src/codomyrmex/tests/unit/governance/test_governance.py::test_contract_sign_three_parties PASSED [ 53%]
src/codomyrmex/tests/unit/governance/test_governance.py::test_contract_sign_order_independent PASSED [ 53%]
src/codomyrmex/tests/unit/governance/test_governance.py::test_contract_signature_has_timestamp PASSED [ 53%]
src/codomyrmex/tests/unit/governance/test_governance.py::test_contract_is_active PASSED [ 53%]
src/codomyrmex/tests/unit/governance/test_governance.py::test_contract_get_status PASSED [ 53%]
src/codomyrmex/tests/unit/governance/test_governance.py::test_contract_expire PASSED [ 53%]
src/codomyrmex/tests/unit/governance/test_governance.py::test_contract_expire_non_active_raises PASSED [ 53%]
src/codomyrmex/tests/unit/governance/test_governance.py::test_contract_repr PASSED [ 53%]
src/codomyrmex/tests/unit/governance/test_governance.py::test_contract_repr_after_activation PASSED [ 53%]
src/codomyrmex/tests/unit/governance/test_governance.py::test_contract_check_compliance_no_terms PASSED [ 53%]
src/codomyrmex/tests/unit/governance/test_governance.py::test_contract_check_compliance_all_fulfilled PASSED [ 53%]
src/codomyrmex/tests/unit/governance/test_governance.py::test_contract_check_compliance_overdue PASSED [ 53%]
src/codomyrmex/tests/unit/governance/test_governance.py::test_contract_check_compliance_pending PASSED [ 53%]
src/codomyrmex/tests/unit/governance/test_governance.py::test_contract_check_compliance_mixed PASSED [ 53%]
src/codomyrmex/tests/unit/governance/test_governance.py::test_policy_rule_creation PASSED [ 53%]
src/codomyrmex/tests/unit/governance/test_governance.py::test_policy_rule_default_priority PASSED [ 53%]
src/codomyrmex/tests/unit/governance/test_governance.py::test_policy_rule_evaluate_passes PASSED [ 53%]
src/codomyrmex/tests/unit/governance/test_governance.py::test_policy_rule_evaluate_fails PASSED [ 53%]
src/codomyrmex/tests/unit/governance/test_governance.py::test_policy_rule_evaluate_exception_returns_false PASSED [ 53%]
src/codomyrmex/tests/unit/governance/test_governance.py::test_policy_rule_repr PASSED [ 53%]
src/codomyrmex/tests/unit/governance/test_governance.py::test_policy_engine_create_policy PASSED [ 53%]
src/codomyrmex/tests/unit/governance/test_governance.py::test_policy_engine_duplicate_policy_raises PASSED [ 53%]
src/codomyrmex/tests/unit/governance/test_governance.py::test_policy_engine_add_rule PASSED [ 53%]
src/codomyrmex/tests/unit/governance/test_governance.py::test_policy_engine_add_rule_nonexistent_raises PASSED [ 53%]
src/codomyrmex/tests/unit/governance/test_governance.py::test_policy_engine_evaluate_all_pass PASSED [ 53%]
src/codomyrmex/tests/unit/governance/test_governance.py::test_policy_engine_evaluate_single_violation PASSED [ 53%]
src/codomyrmex/tests/unit/governance/test_governance.py::test_policy_engine_evaluate_multiple_violations PASSED [ 53%]
src/codomyrmex/tests/unit/governance/test_governance.py::test_policy_engine_get_violations PASSED [ 53%]
src/codomyrmex/tests/unit/governance/test_governance.py::test_policy_engine_enforce PASSED [ 54%]
src/codomyrmex/tests/unit/governance/test_governance.py::test_policy_engine_enforce_no_violations PASSED [ 54%]
src/codomyrmex/tests/unit/governance/test_governance.py::test_policy_engine_list_policies PASSED [ 54%]
src/codomyrmex/tests/unit/governance/test_governance.py::test_policy_engine_list_policies_empty PASSED [ 54%]
src/codomyrmex/tests/unit/governance/test_governance.py::test_policy_engine_evaluate_nonexistent_raises PASSED [ 54%]
src/codomyrmex/tests/unit/governance/test_governance.py::test_policy_engine_rules_sorted_by_priority PASSED [ 54%]
src/codomyrmex/tests/unit/graph_rag/test_agent_bridge.py::TestLinkedEntity::test_create PASSED [ 54%]
src/codomyrmex/tests/unit/graph_rag/test_agent_bridge.py::TestGraphRetriever::test_retrieve_basic PASSED [ 54%]
src/codomyrmex/tests/unit/graph_rag/test_agent_bridge.py::TestGraphRetriever::test_retrieve_returns_neighbors PASSED [ 54%]
src/codomyrmex/tests/unit/graph_rag/test_agent_bridge.py::TestGraphRetriever::test_retrieve_without_neighbors PASSED [ 54%]
src/codomyrmex/tests/unit/graph_rag/test_agent_bridge.py::TestGraphRetriever::test_retrieve_no_match PASSED [ 54%]
src/codomyrmex/tests/unit/graph_rag/test_agent_bridge.py::TestGraphRetriever::test_retrieve_with_type_filter PASSED [ 54%]
src/codomyrmex/tests/unit/graph_rag/test_agent_bridge.py::TestGraphRetriever::test_confidence_positive PASSED [ 54%]
src/codomyrmex/tests/unit/graph_rag/test_agent_bridge.py::TestGraphRetriever::test_relationships_populated PASSED [ 54%]
src/codomyrmex/tests/unit/graph_rag/test_agent_bridge.py::TestGraphRetriever::test_limit_respected PASSED [ 54%]
src/codomyrmex/tests/unit/graph_rag/test_agent_bridge.py::TestGraphRetriever::test_extract_terms PASSED [ 54%]
src/codomyrmex/tests/unit/graph_rag/test_graph_rag.py::TestGraphRagImports::test_module_imports PASSED [ 54%]
src/codomyrmex/tests/unit/graph_rag/test_graph_rag.py::TestGraphRagImports::test_public_api_exists PASSED [ 54%]
src/codomyrmex/tests/unit/graph_rag/test_graph_rag.py::TestEntityType::test_entity_type_values PASSED [ 54%]
src/codomyrmex/tests/unit/graph_rag/test_graph_rag.py::TestRelationType::test_relation_type_values PASSED [ 54%]
src/codomyrmex/tests/unit/graph_rag/test_graph_rag.py::TestEntity::test_entity_creation PASSED [ 54%]
src/codomyrmex/tests/unit/graph_rag/test_graph_rag.py::TestEntity::test_entity_key_property PASSED [ 54%]
src/codomyrmex/tests/unit/graph_rag/test_graph_rag.py::TestEntity::test_entity_to_dict PASSED [ 54%]
src/codomyrmex/tests/unit/graph_rag/test_graph_rag.py::TestRelationship::test_relationship_creation PASSED [ 54%]
src/codomyrmex/tests/unit/graph_rag/test_graph_rag.py::TestRelationship::test_relationship_key_property PASSED [ 54%]
src/codomyrmex/tests/unit/graph_rag/test_graph_rag.py::TestGraphContext::test_context_creation PASSED [ 54%]
src/codomyrmex/tests/unit/graph_rag/test_graph_rag.py::TestGraphContext::test_context_entity_names PASSED [ 54%]
src/codomyrmex/tests/unit/graph_rag/test_graph_rag.py::TestGraphContext::test_context_to_text PASSED [ 54%]
src/codomyrmex/tests/unit/graph_rag/test_graph_rag.py::TestKnowledgeGraph::test_graph_add_entity PASSED [ 54%]
src/codomyrmex/tests/unit/graph_rag/test_graph_rag.py::TestKnowledgeGraph::test_graph_add_relationship PASSED [ 54%]
src/codomyrmex/tests/unit/graph_rag/test_graph_rag.py::TestKnowledgeGraph::test_graph_get_neighbors PASSED [ 54%]
src/codomyrmex/tests/unit/graph_rag/test_graph_rag.py::TestKnowledgeGraph::test_graph_find_path PASSED [ 54%]
src/codomyrmex/tests/unit/graph_rag/test_graph_rag.py::TestKnowledgeGraph::test_graph_search_entities PASSED [ 54%]
src/codomyrmex/tests/unit/graph_rag/test_graph_rag.py::TestKnowledgeGraph::test_graph_subgraph_extraction PASSED [ 54%]
src/codomyrmex/tests/unit/graph_rag/test_graph_rag.py::TestGraphRAGPipeline::test_pipeline_creation PASSED [ 54%]
src/codomyrmex/tests/unit/graph_rag/test_graph_rag.py::TestGraphRAGPipeline::test_pipeline_extract_entities PASSED [ 54%]
src/codomyrmex/tests/unit/graph_rag/test_graph_rag.py::TestGraphRAGPipeline::test_pipeline_retrieve PASSED [ 54%]
src/codomyrmex/tests/unit/graph_rag/test_graph_rag.py::TestGraphRAGPipeline::test_pipeline_combine_context PASSED [ 54%]
src/codomyrmex/tests/unit/i18n/test_i18n.py::TestLocale::test_create_locale PASSED [ 54%]
src/codomyrmex/tests/unit/i18n/test_i18n.py::TestLocale::test_locale_with_region PASSED [ 54%]
src/codomyrmex/tests/unit/i18n/test_i18n.py::TestLocale::test_from_string PASSED [ 54%]
src/codomyrmex/tests/unit/i18n/test_i18n.py::TestLocale::test_from_string_language_only PASSED [ 54%]
src/codomyrmex/tests/unit/i18n/test_i18n.py::TestLocale::test_code_language_only PASSED [ 54%]
src/codomyrmex/tests/unit/i18n/test_i18n.py::TestLocale::test_code_with_region PASSED [ 54%]
src/codomyrmex/tests/unit/i18n/test_i18n.py::TestLocale::test_from_string_dash_separator PASSED [ 54%]
src/codomyrmex/tests/unit/i18n/test_i18n.py::TestLocale::test_from_string_underscore_separator PASSED [ 54%]
src/codomyrmex/tests/unit/i18n/test_i18n.py::TestLocale::test_from_string_normalizes_case PASSED [ 54%]
src/codomyrmex/tests/unit/i18n/test_i18n.py::TestLocale::test_str_returns_code PASSED [ 54%]
src/codomyrmex/tests/unit/i18n/test_i18n.py::TestLocale::test_str_language_only PASSED [ 54%]
src/codomyrmex/tests/unit/i18n/test_i18n.py::TestMessageBundle::test_create_bundle PASSED [ 54%]
src/codomyrmex/tests/unit/i18n/test_i18n.py::TestMessageBundle::test_add_and_get PASSED [ 54%]
src/codomyrmex/tests/unit/i18n/test_i18n.py::TestMessageBundle::test_get_missing_returns_none PASSED [ 54%]
src/codomyrmex/tests/unit/i18n/test_i18n.py::TestMessageBundle::test_get_missing_returns_default PASSED [ 54%]
src/codomyrmex/tests/unit/i18n/test_i18n.py::TestMessageBundle::test_has_true PASSED [ 54%]
src/codomyrmex/tests/unit/i18n/test_i18n.py::TestMessageBundle::test_has_false PASSED [ 54%]
src/codomyrmex/tests/unit/i18n/test_i18n.py::TestMessageBundle::test_keys PASSED [ 54%]
src/codomyrmex/tests/unit/i18n/test_i18n.py::TestMessageBundle::test_to_dict PASSED [ 54%]
src/codomyrmex/tests/unit/i18n/test_i18n.py::TestMessageBundle::test_from_dict PASSED [ 54%]
src/codomyrmex/tests/unit/i18n/test_i18n.py::TestTranslator::test_create_translator PASSED [ 54%]
src/codomyrmex/tests/unit/i18n/test_i18n.py::TestTranslator::test_create_with_default_locale PASSED [ 54%]
src/codomyrmex/tests/unit/i18n/test_i18n.py::TestTranslator::test_t_returns_translation PASSED [ 54%]
src/codomyrmex/tests/unit/i18n/test_i18n.py::TestTranslator::test_t_fallback_to_default_locale PASSED [ 54%]
src/codomyrmex/tests/unit/i18n/test_i18n.py::TestTranslator::test_t_returns_key_when_not_found PASSED [ 54%]
src/codomyrmex/tests/unit/i18n/test_i18n.py::TestTranslator::test_t_interpolation PASSED [ 54%]
src/codomyrmex/tests/unit/i18n/test_i18n.py::TestTranslator::test_t_interpolation_multiple_vars PASSED [ 54%]
src/codomyrmex/tests/unit/i18n/test_i18n.py::TestTranslator::test_t_interpolation_missing_var_preserved PASSED [ 54%]
src/codomyrmex/tests/unit/i18n/test_i18n.py::TestTranslator::test_set_locale_changes_language PASSED [ 54%]
src/codomyrmex/tests/unit/i18n/test_i18n.py::TestTranslator::test_get_locale PASSED [ 54%]
src/codomyrmex/tests/unit/i18n/test_i18n.py::TestTranslator::test_t_with_locale_override PASSED [ 54%]
src/codomyrmex/tests/unit/i18n/test_i18n.py::TestTranslator::test_t_language_fallback_from_regional PASSED [ 54%]
src/codomyrmex/tests/unit/i18n/test_i18n.py::TestPluralRules::test_class_exists PASSED [ 54%]
src/codomyrmex/tests/unit/i18n/test_i18n.py::TestPluralRules::test_english_one PASSED [ 54%]
src/codomyrmex/tests/unit/i18n/test_i18n.py::TestPluralRules::test_english_other PASSED [ 54%]
src/codomyrmex/tests/unit/i18n/test_i18n.py::TestPluralRules::test_english_zero_is_other PASSED [ 54%]
src/codomyrmex/tests/unit/i18n/test_i18n.py::TestPluralRules::test_russian_one PASSED [ 54%]
src/codomyrmex/tests/unit/i18n/test_i18n.py::TestPluralRules::test_russian_few PASSED [ 54%]
src/codomyrmex/tests/unit/i18n/test_i18n.py::TestPluralRules::test_russian_other PASSED [ 54%]
src/codomyrmex/tests/unit/i18n/test_i18n.py::TestPluralRules::test_russian_21_is_one PASSED [ 54%]
src/codomyrmex/tests/unit/i18n/test_i18n.py::TestPluralRules::test_russian_22_is_few PASSED [ 54%]
src/codomyrmex/tests/unit/i18n/test_i18n.py::TestPluralRules::test_unknown_locale_uses_english_rule PASSED [ 54%]
src/codomyrmex/tests/unit/i18n/test_i18n.py::TestNumberFormatter::test_class_exists PASSED [ 54%]
src/codomyrmex/tests/unit/i18n/test_i18n.py::TestNumberFormatter::test_english_format PASSED [ 54%]
src/codomyrmex/tests/unit/i18n/test_i18n.py::TestNumberFormatter::test_german_format PASSED [ 54%]
src/codomyrmex/tests/unit/i18n/test_i18n.py::TestNumberFormatter::test_french_format PASSED [ 54%]
src/codomyrmex/tests/unit/i18n/test_i18n.py::TestNumberFormatter::test_zero_decimals PASSED [ 54%]
src/codomyrmex/tests/unit/i18n/test_i18n.py::TestNumberFormatter::test_small_number PASSED [ 54%]
src/codomyrmex/tests/unit/i18n/test_i18n.py::TestNumberFormatter::test_large_number PASSED [ 54%]
src/codomyrmex/tests/unit/i18n/test_i18n.py::TestNumberFormatter::test_unknown_locale_uses_english PASSED [ 54%]
src/codomyrmex/tests/unit/i18n/test_i18n.py::TestDateFormatter::test_format_date_english PASSED [ 54%]
src/codomyrmex/tests/unit/i18n/test_i18n.py::TestDateFormatter::test_format_date_german PASSED [ 54%]
src/codomyrmex/tests/unit/i18n/test_i18n.py::TestDateFormatter::test_format_date_french PASSED [ 54%]
src/codomyrmex/tests/unit/i18n/test_i18n.py::TestDateFormatter::test_format_date_japanese PASSED [ 54%]
src/codomyrmex/tests/unit/i18n/test_i18n.py::TestDateFormatter::test_format_date_spanish PASSED [ 54%]
src/codomyrmex/tests/unit/i18n/test_i18n.py::TestDateFormatter::test_format_date_unknown_locale_uses_english PASSED [ 54%]
src/codomyrmex/tests/unit/i18n/test_i18n.py::TestDateFormatter::test_format_time_english PASSED [ 54%]
src/codomyrmex/tests/unit/i18n/test_i18n.py::TestDateFormatter::test_format_time_german PASSED [ 54%]
src/codomyrmex/tests/unit/i18n/test_i18n.py::TestDateFormatter::test_format_datetime_english PASSED [ 54%]
src/codomyrmex/tests/unit/i18n/test_i18n.py::TestDateFormatter::test_format_datetime_german PASSED [ 54%]
src/codomyrmex/tests/unit/i18n/test_i18n.py::TestDateFormatter::test_relative_time_just_now PASSED [ 54%]
src/codomyrmex/tests/unit/i18n/test_i18n.py::TestDateFormatter::test_relative_time_one_minute PASSED [ 55%]
src/codomyrmex/tests/unit/i18n/test_i18n.py::TestDateFormatter::test_relative_time_multiple_minutes PASSED [ 55%]
src/codomyrmex/tests/unit/i18n/test_i18n.py::TestDateFormatter::test_relative_time_one_hour PASSED [ 55%]
src/codomyrmex/tests/unit/i18n/test_i18n.py::TestDateFormatter::test_relative_time_multiple_hours PASSED [ 55%]
src/codomyrmex/tests/unit/i18n/test_i18n.py::TestDateFormatter::test_relative_time_yesterday PASSED [ 55%]
src/codomyrmex/tests/unit/i18n/test_i18n.py::TestDateFormatter::test_relative_time_days_ago PASSED [ 55%]
src/codomyrmex/tests/unit/i18n/test_i18n.py::TestInit::test_init_returns_translator PASSED [ 55%]
src/codomyrmex/tests/unit/i18n/test_i18n.py::TestInit::test_init_with_locale PASSED [ 55%]
src/codomyrmex/tests/unit/i18n/test_i18n.py::TestInit::test_init_sets_default_locale PASSED [ 55%]
src/codomyrmex/tests/unit/i18n/test_i18n.py::TestTranslateFunction::test_t_returns_string PASSED [ 55%]
src/codomyrmex/tests/unit/i18n/test_i18n.py::TestTranslateFunction::test_global_t_returns_key_when_no_bundle PASSED [ 55%]
src/codomyrmex/tests/unit/i18n/test_i18n.py::TestTranslateFunction::test_global_translator_works_end_to_end PASSED [ 55%]
src/codomyrmex/tests/unit/i18n/test_i18n.py::TestMessageBundleFromJsonFile::test_loads_valid_json_file PASSED [ 55%]
src/codomyrmex/tests/unit/i18n/test_i18n.py::TestMessageBundleFromJsonFile::test_preserves_all_keys PASSED [ 55%]
src/codomyrmex/tests/unit/i18n/test_i18n.py::TestMessageBundleFromJsonFile::test_raises_on_missing_file PASSED [ 55%]
src/codomyrmex/tests/unit/i18n/test_i18n.py::TestMessageBundleFromJsonFile::test_raises_on_invalid_json PASSED [ 55%]
src/codomyrmex/tests/unit/i18n/test_i18n.py::TestTranslatorLoadDirectory::test_loads_all_json_files PASSED [ 55%]
src/codomyrmex/tests/unit/i18n/test_i18n.py::TestTranslatorLoadDirectory::test_returns_count_of_loaded_bundles PASSED [ 55%]
src/codomyrmex/tests/unit/i18n/test_i18n.py::TestTranslatorLoadDirectory::test_ignores_non_json_files PASSED [ 55%]
src/codomyrmex/tests/unit/i18n/test_i18n.py::TestTranslatorLoadDirectory::test_empty_directory_returns_zero PASSED [ 55%]
src/codomyrmex/tests/unit/i18n/test_i18n.py::TestTranslatorLoadDirectory::test_file_stems_become_locale_codes PASSED [ 55%]
src/codomyrmex/tests/unit/ide/test_ide.py::TestIDEBaseClasses::test_ide_client_is_abstract PASSED [ 55%]
src/codomyrmex/tests/unit/ide/test_ide.py::TestIDEBaseClasses::test_ide_error_inherits_from_exception PASSED [ 55%]
src/codomyrmex/tests/unit/ide/test_ide.py::TestIDEBaseClasses::test_connection_error_inherits_from_ide_error PASSED [ 55%]
src/codomyrmex/tests/unit/ide/test_ide.py::TestIDEBaseClasses::test_command_execution_error_inherits_from_ide_error PASSED [ 55%]
src/codomyrmex/tests/unit/ide/test_ide.py::TestIDEBaseClasses::test_session_error_inherits_from_ide_error PASSED [ 55%]
src/codomyrmex/tests/unit/ide/test_ide.py::TestIDEBaseClasses::test_artifact_error_inherits_from_ide_error PASSED [ 55%]
src/codomyrmex/tests/unit/ide/test_ide.py::TestIDEDataClasses::test_ide_status_enum PASSED [ 55%]
src/codomyrmex/tests/unit/ide/test_ide.py::TestIDEDataClasses::test_ide_command_creation PASSED [ 55%]
src/codomyrmex/tests/unit/ide/test_ide.py::TestIDEDataClasses::test_ide_command_with_args PASSED [ 55%]
src/codomyrmex/tests/unit/ide/test_ide.py::TestIDEDataClasses::test_ide_command_to_dict PASSED [ 55%]
src/codomyrmex/tests/unit/ide/test_ide.py::TestIDEDataClasses::test_ide_command_result PASSED [ 55%]
src/codomyrmex/tests/unit/ide/test_ide.py::TestIDEDataClasses::test_ide_command_result_to_dict PASSED [ 55%]
src/codomyrmex/tests/unit/ide/test_ide.py::TestIDEDataClasses::test_file_info_creation PASSED [ 55%]
src/codomyrmex/tests/unit/ide/test_ide.py::TestIDEDataClasses::test_file_info_to_dict PASSED [ 55%]
src/codomyrmex/tests/unit/ide/test_ide.py::TestAntigravityDataClasses::test_artifact_creation PASSED [ 55%]
src/codomyrmex/tests/unit/ide/test_ide.py::TestAntigravityDataClasses::test_artifact_to_dict PASSED [ 55%]
src/codomyrmex/tests/unit/ide/test_ide.py::TestAntigravityDataClasses::test_conversation_context PASSED [ 55%]
src/codomyrmex/tests/unit/ide/test_ide.py::TestAntigravityDataClasses::test_conversation_context_to_dict PASSED [ 55%]
src/codomyrmex/tests/unit/ide/test_ide.py::TestAntigravityClient::test_client_initialization PASSED [ 55%]
src/codomyrmex/tests/unit/ide/test_ide.py::TestAntigravityClient::test_client_initialization_with_custom_path PASSED [ 55%]
src/codomyrmex/tests/unit/ide/test_ide.py::TestAntigravityClient::test_is_connected_initially_false PASSED [ 55%]
src/codomyrmex/tests/unit/ide/test_ide.py::TestAntigravityClient::test_initial_status_disconnected PASSED [ 55%]
src/codomyrmex/tests/unit/ide/test_ide.py::TestAntigravityClient::test_disconnect PASSED [ 55%]
src/codomyrmex/tests/unit/ide/test_ide.py::TestAntigravityClient::test_get_capabilities PASSED [ 55%]
src/codomyrmex/tests/unit/ide/test_ide.py::TestAntigravityClient::test_tools_list PASSED [ 55%]
src/codomyrmex/tests/unit/ide/test_ide.py::TestAntigravityClient::test_command_execution_requires_connection PASSED [ 55%]
src/codomyrmex/tests/unit/ide/test_ide.py::TestAntigravityClient::test_command_execution_unknown_command PASSED [ 55%]
src/codomyrmex/tests/unit/ide/test_ide.py::TestAntigravityClient::test_open_file_checks_existence PASSED [ 55%]
src/codomyrmex/tests/unit/ide/test_ide.py::TestAntigravityClient::test_list_artifacts_when_not_connected PASSED [ 55%]
src/codomyrmex/tests/unit/ide/test_ide.py::TestAntigravityClient::test_create_artifact_requires_connection PASSED [ 55%]
src/codomyrmex/tests/unit/ide/test_ide.py::TestAntigravityClient::test_update_artifact_requires_connection PASSED [ 55%]
src/codomyrmex/tests/unit/ide/test_ide.py::TestAntigravityClient::test_delete_artifact_requires_connection PASSED [ 55%]
src/codomyrmex/tests/unit/ide/test_ide.py::TestAntigravityClient::test_create_artifact_success PASSED [ 55%]
src/codomyrmex/tests/unit/ide/test_ide.py::TestAntigravityClient::test_update_artifact_success PASSED [ 55%]
src/codomyrmex/tests/unit/ide/test_ide.py::TestAntigravityClient::test_delete_artifact_success PASSED [ 55%]
src/codomyrmex/tests/unit/ide/test_ide.py::TestAntigravityClient::test_send_chat_message_cli_or_fallback PASSED [ 55%]
src/codomyrmex/tests/unit/ide/test_ide.py::TestAntigravityClient::test_send_chat_message_no_cli_fallback PASSED [ 55%]
src/codomyrmex/tests/unit/ide/test_ide.py::TestAntigravityClient::test_get_tool_info_known_tool PASSED [ 55%]
src/codomyrmex/tests/unit/ide/test_ide.py::TestAntigravityClient::test_get_tool_info_unknown_tool PASSED [ 55%]
src/codomyrmex/tests/unit/ide/test_ide.py::TestAntigravityClient::test_invoke_tool_unknown_tool PASSED [ 55%]
src/codomyrmex/tests/unit/ide/test_ide.py::TestAntigravityClient::test_get_session_stats_disconnected PASSED [ 55%]
src/codomyrmex/tests/unit/ide/test_ide.py::TestAntigravityClient::test_list_conversations_empty_dir PASSED [ 55%]
src/codomyrmex/tests/unit/ide/test_ide.py::TestAntigravityClient::test_command_history_tracking PASSED [ 55%]
src/codomyrmex/tests/unit/ide/test_ide.py::TestAntigravityClient::test_event_handlers PASSED [ 55%]
src/codomyrmex/tests/unit/ide/test_ide.py::TestCursorClient::test_client_initialization_default_workspace PASSED [ 55%]
src/codomyrmex/tests/unit/ide/test_ide.py::TestCursorClient::test_client_initialization_custom_workspace PASSED [ 55%]
src/codomyrmex/tests/unit/ide/test_ide.py::TestCursorClient::test_is_connected_initially_false PASSED [ 55%]
src/codomyrmex/tests/unit/ide/test_ide.py::TestCursorClient::test_connect_with_existing_workspace PASSED [ 55%]
src/codomyrmex/tests/unit/ide/test_ide.py::TestCursorClient::test_get_capabilities PASSED [ 55%]
src/codomyrmex/tests/unit/ide/test_ide.py::TestCursorClient::test_get_models PASSED [ 55%]
src/codomyrmex/tests/unit/ide/test_ide.py::TestCursorClient::test_set_model_valid PASSED [ 55%]
src/codomyrmex/tests/unit/ide/test_ide.py::TestCursorClient::test_set_model_invalid PASSED [ 55%]
src/codomyrmex/tests/unit/ide/test_ide.py::TestCursorClient::test_get_rules_nonexistent PASSED [ 55%]
src/codomyrmex/tests/unit/ide/test_ide.py::TestVSCodeClient::test_client_initialization_default_workspace PASSED [ 55%]
src/codomyrmex/tests/unit/ide/test_ide.py::TestVSCodeClient::test_client_initialization_custom_workspace PASSED [ 55%]
src/codomyrmex/tests/unit/ide/test_ide.py::TestVSCodeClient::test_connect_with_existing_workspace PASSED [ 55%]
src/codomyrmex/tests/unit/ide/test_ide.py::TestVSCodeClient::test_get_capabilities PASSED [ 55%]
src/codomyrmex/tests/unit/ide/test_ide.py::TestVSCodeClient::test_list_extensions PASSED [ 55%]
src/codomyrmex/tests/unit/ide/test_ide.py::TestVSCodeClient::test_list_commands PASSED [ 55%]
src/codomyrmex/tests/unit/ide/test_ide.py::TestVSCodeClient::test_get_settings_nonexistent PASSED [ 55%]
src/codomyrmex/tests/unit/ide/test_ide.py::TestVSCodeClient::test_update_settings_requires_connection PASSED [ 55%]
src/codomyrmex/tests/unit/ide/test_ide.py::TestVSCodeClient::test_update_settings_creates_file PASSED [ 55%]
src/codomyrmex/tests/unit/ide/test_ide.py::TestVSCodeClient::test_start_stop_debug_requires_connection PASSED [ 55%]
src/codomyrmex/tests/unit/ide/test_ide.py::TestIDEClientHelperMethods::test_get_file_info_existing_file PASSED [ 55%]
src/codomyrmex/tests/unit/ide/test_ide.py::TestIDEClientHelperMethods::test_get_file_info_nonexistent_file PASSED [ 55%]
src/codomyrmex/tests/unit/ide/test_ide.py::TestIDEClientHelperMethods::test_execute_batch_stops_on_error PASSED [ 55%]
src/codomyrmex/tests/unit/ide/test_ide.py::TestIDEClientHelperMethods::test_get_success_rate_empty_history PASSED [ 55%]
src/codomyrmex/tests/unit/ide/test_ide.py::TestIDEClientHelperMethods::test_get_success_rate_with_commands PASSED [ 55%]
src/codomyrmex/tests/unit/ide/test_ide.py::TestIDEClientHelperMethods::test_clear_command_history PASSED [ 55%]
src/codomyrmex/tests/unit/ide/test_ide.py::TestIDEClientHelperMethods::test_get_last_command PASSED [ 55%]
src/codomyrmex/tests/unit/ide/test_ide.py::TestIDEClientHelperMethods::test_get_last_command_empty_history PASSED [ 55%]
src/codomyrmex/tests/unit/identity/test_identity.py::TestVerificationLevel::test_verification_levels_exist PASSED [ 55%]
src/codomyrmex/tests/unit/identity/test_identity.py::TestVerificationLevel::test_all_levels_count PASSED [ 55%]
src/codomyrmex/tests/unit/identity/test_identity.py::TestPersona::test_persona_creation PASSED [ 55%]
src/codomyrmex/tests/unit/identity/test_identity.py::TestPersona::test_persona_defaults PASSED [ 55%]
src/codomyrmex/tests/unit/identity/test_identity.py::TestPersona::test_persona_add_attribute PASSED [ 55%]
src/codomyrmex/tests/unit/identity/test_identity.py::TestPersona::test_persona_add_crumb PASSED [ 55%]
src/codomyrmex/tests/unit/identity/test_identity.py::TestPersona::test_persona_crumbs_accumulate PASSED [ 56%]
src/codomyrmex/tests/unit/identity/test_identity.py::TestIdentityManager::test_init PASSED [ 56%]
src/codomyrmex/tests/unit/identity/test_identity.py::TestIdentityManager::test_create_persona PASSED [ 56%]
src/codomyrmex/tests/unit/identity/test_identity.py::TestIdentityManager::test_create_duplicate_raises PASSED [ 56%]
src/codomyrmex/tests/unit/identity/test_identity.py::TestIdentityManager::test_get_persona PASSED [ 56%]
src/codomyrmex/tests/unit/identity/test_identity.py::TestIdentityManager::test_get_persona_nonexistent PASSED [ 56%]
src/codomyrmex/tests/unit/identity/test_identity.py::TestIdentityManager::test_set_active_persona PASSED [ 56%]
src/codomyrmex/tests/unit/identity/test_identity.py::TestIdentityManager::test_set_active_nonexistent_raises PASSED [ 56%]
src/codomyrmex/tests/unit/identity/test_identity.py::TestIdentityManager::test_active_persona_none_by_default PASSED [ 56%]
src/codomyrmex/tests/unit/identity/test_identity.py::TestIdentityManager::test_list_personas PASSED [ 56%]
src/codomyrmex/tests/unit/identity/test_identity.py::TestIdentityManager::test_revoke_persona PASSED [ 56%]
src/codomyrmex/tests/unit/identity/test_identity.py::TestIdentityManager::test_revoke_active_persona_clears_active PASSED [ 56%]
src/codomyrmex/tests/unit/identity/test_identity.py::TestIdentityManager::test_revoke_nonexistent PASSED [ 56%]
src/codomyrmex/tests/unit/identity/test_identity.py::TestIdentityManager::test_export_persona PASSED [ 56%]
src/codomyrmex/tests/unit/identity/test_identity.py::TestIdentityManager::test_export_nonexistent PASSED [ 56%]
src/codomyrmex/tests/unit/identity/test_identity.py::TestBioCognitiveVerifier::test_verifier_init PASSED [ 56%]
src/codomyrmex/tests/unit/identity/test_identity.py::TestBioCognitiveVerifier::test_record_metric PASSED [ 56%]
src/codomyrmex/tests/unit/identity/test_identity.py::TestBioCognitiveVerifier::test_record_metric_window PASSED [ 56%]
src/codomyrmex/tests/unit/identity/test_identity.py::TestBioCognitiveVerifier::test_verify_no_baseline_returns_false PASSED [ 56%]
src/codomyrmex/tests/unit/identity/test_identity.py::TestBioCognitiveVerifier::test_verify_insufficient_samples_returns_true PASSED [ 56%]
src/codomyrmex/tests/unit/identity/test_identity.py::TestBioCognitiveVerifier::test_verify_valid_sample PASSED [ 56%]
src/codomyrmex/tests/unit/identity/test_identity.py::TestBioCognitiveVerifier::test_verify_outlier_rejected PASSED [ 56%]
src/codomyrmex/tests/unit/identity/test_identity.py::test_biocognitive_verification_standalone PASSED [ 56%]
src/codomyrmex/tests/unit/inference_optimization/test_inference_optimization.py::TestInferenceOptimizationImports::test_module_imports PASSED [ 56%]
src/codomyrmex/tests/unit/inference_optimization/test_inference_optimization.py::TestInferenceOptimizationImports::test_public_api_exists PASSED [ 56%]
src/codomyrmex/tests/unit/inference_optimization/test_inference_optimization.py::TestQuantizationType::test_quantization_type_values PASSED [ 56%]
src/codomyrmex/tests/unit/inference_optimization/test_inference_optimization.py::TestBatchingStrategy::test_batching_strategy_values PASSED [ 56%]
src/codomyrmex/tests/unit/inference_optimization/test_inference_optimization.py::TestOptimizationConfig::test_config_defaults PASSED [ 56%]
src/codomyrmex/tests/unit/inference_optimization/test_inference_optimization.py::TestOptimizationConfig::test_config_custom_values PASSED [ 56%]
src/codomyrmex/tests/unit/inference_optimization/test_inference_optimization.py::TestInferenceStats::test_stats_defaults PASSED [ 56%]
src/codomyrmex/tests/unit/inference_optimization/test_inference_optimization.py::TestInferenceStats::test_stats_cache_hit_rate PASSED [ 56%]
src/codomyrmex/tests/unit/inference_optimization/test_inference_optimization.py::TestInferenceRequest::test_request_creation PASSED [ 56%]
src/codomyrmex/tests/unit/inference_optimization/test_inference_optimization.py::TestInferenceRequest::test_request_age PASSED [ 56%]
src/codomyrmex/tests/unit/inference_optimization/test_inference_optimization.py::TestInferenceResult::test_result_creation PASSED [ 56%]
src/codomyrmex/tests/unit/inference_optimization/test_inference_optimization.py::TestInferenceCache::test_cache_put_and_get PASSED [ 56%]
src/codomyrmex/tests/unit/inference_optimization/test_inference_optimization.py::TestInferenceCache::test_cache_miss PASSED [ 56%]
src/codomyrmex/tests/unit/inference_optimization/test_inference_optimization.py::TestInferenceCache::test_cache_lru_eviction PASSED [ 56%]
src/codomyrmex/tests/unit/inference_optimization/test_inference_optimization.py::TestInferenceCache::test_cache_size_property PASSED [ 56%]
src/codomyrmex/tests/unit/inference_optimization/test_inference_optimization.py::TestInferenceCache::test_cache_clear PASSED [ 56%]
src/codomyrmex/tests/unit/inference_optimization/test_inference_optimization.py::TestInferenceCache::test_cache_contains PASSED [ 56%]
src/codomyrmex/tests/unit/inference_optimization/test_inference_optimization.py::TestRequestBatcher::test_batcher_creation PASSED [ 56%]
src/codomyrmex/tests/unit/inference_optimization/test_inference_optimization.py::TestRequestBatcher::test_batcher_stats PASSED [ 56%]
src/codomyrmex/tests/unit/inference_optimization/test_inference_optimization.py::TestInferenceOptimizer::test_optimizer_creation PASSED [ 56%]
src/codomyrmex/tests/unit/inference_optimization/test_inference_optimization.py::TestInferenceOptimizer::test_optimizer_infer_single PASSED [ 56%]
src/codomyrmex/tests/unit/inference_optimization/test_inference_optimization.py::TestInferenceOptimizer::test_optimizer_caching PASSED [ 56%]
src/codomyrmex/tests/unit/inference_optimization/test_inference_optimization.py::TestInferenceOptimizer::test_optimizer_infer_batch PASSED [ 56%]
src/codomyrmex/tests/unit/inference_optimization/test_inference_optimization.py::TestInferenceOptimizer::test_optimizer_stats PASSED [ 56%]
src/codomyrmex/tests/unit/inference_optimization/test_inference_optimization.py::TestInferenceOptimizer::test_optimizer_clear_cache PASSED [ 56%]
src/codomyrmex/tests/unit/integration/test_integration_planning.py::TestIntegrationBus::test_emit_and_subscribe PASSED [ 56%]
src/codomyrmex/tests/unit/integration/test_integration_planning.py::TestIntegrationBus::test_no_subscriber PASSED [ 56%]
src/codomyrmex/tests/unit/integration/test_integration_planning.py::TestIntegrationBus::test_wildcard_subscriber PASSED [ 56%]
src/codomyrmex/tests/unit/integration/test_integration_planning.py::TestIntegrationBus::test_history PASSED [ 56%]
src/codomyrmex/tests/unit/integration/test_integration_planning.py::TestIntegrationBus::test_handler_error_isolation PASSED [ 56%]
src/codomyrmex/tests/unit/integration/test_integration_planning.py::TestModuleConnector::test_register_and_resolve PASSED [ 56%]
src/codomyrmex/tests/unit/integration/test_integration_planning.py::TestModuleConnector::test_singleton PASSED [ 56%]
src/codomyrmex/tests/unit/integration/test_integration_planning.py::TestModuleConnector::test_non_singleton PASSED [ 56%]
src/codomyrmex/tests/unit/integration/test_integration_planning.py::TestModuleConnector::test_missing_service PASSED [ 56%]
src/codomyrmex/tests/unit/integration/test_integration_planning.py::TestModuleConnector::test_by_tag PASSED [ 56%]
src/codomyrmex/tests/unit/integration/test_integration_planning.py::TestModuleConnector::test_service_count PASSED [ 56%]
src/codomyrmex/tests/unit/integration/test_integration_planning.py::TestPlanEngine::test_decompose_build PASSED [ 56%]
src/codomyrmex/tests/unit/integration/test_integration_planning.py::TestPlanEngine::test_decompose_fix PASSED [ 56%]
src/codomyrmex/tests/unit/integration/test_integration_planning.py::TestPlanEngine::test_decompose_analyze PASSED [ 56%]
src/codomyrmex/tests/unit/integration/test_integration_planning.py::TestPlanEngine::test_max_depth PASSED [ 56%]
src/codomyrmex/tests/unit/integration/test_integration_planning.py::TestPlanEngine::test_task_dependencies PASSED [ 56%]
src/codomyrmex/tests/unit/integration/test_integration_planning.py::TestPlanExecutor::test_execute_all_succeed PASSED [ 56%]
src/codomyrmex/tests/unit/integration/test_integration_planning.py::TestPlanExecutor::test_execute_with_actions PASSED [ 56%]
src/codomyrmex/tests/unit/integration/test_integration_planning.py::TestPlanExecutor::test_execute_with_failure PASSED [ 56%]
src/codomyrmex/tests/unit/integration/test_integration_planning.py::TestPlanExecutor::test_completion_rate PASSED [ 56%]
src/codomyrmex/tests/unit/integration/test_mcp_integration.py::test_simulator_run_is_mcp_tool PASSED [ 56%]
src/codomyrmex/tests/unit/integration/test_mcp_integration.py::test_network_graph_shortest_path_is_mcp_tool PASSED [ 56%]
src/codomyrmex/tests/unit/integration/test_mcp_integration.py::test_call_tool_delegates_to_trust_gateway PASSED [ 56%]
src/codomyrmex/tests/unit/integration/test_mcp_integration.py::test_dynamic_discovery_finds_new_tools PASSED [ 56%]
src/codomyrmex/tests/unit/llm/cost_tracking/test_cost_tracking.py::TestTokenCounter::test_empty_string PASSED [ 56%]
src/codomyrmex/tests/unit/llm/cost_tracking/test_cost_tracking.py::TestTokenCounter::test_short_text PASSED [ 56%]
src/codomyrmex/tests/unit/llm/cost_tracking/test_cost_tracking.py::TestTokenCounter::test_longer_text PASSED [ 56%]
src/codomyrmex/tests/unit/llm/cost_tracking/test_cost_tracking.py::TestTokenCounter::test_different_providers PASSED [ 56%]
src/codomyrmex/tests/unit/llm/cost_tracking/test_cost_tracking.py::TestTokenCounter::test_messages_tokens PASSED [ 56%]
src/codomyrmex/tests/unit/llm/cost_tracking/test_cost_tracking.py::TestModelPricing::test_pricing_exists PASSED [ 56%]
src/codomyrmex/tests/unit/llm/cost_tracking/test_cost_tracking.py::TestModelPricing::test_cost_calculation PASSED [ 56%]
src/codomyrmex/tests/unit/llm/cost_tracking/test_cost_tracking.py::TestModelPricing::test_zero_tokens PASSED [ 56%]
src/codomyrmex/tests/unit/llm/cost_tracking/test_cost_tracking.py::TestCostTracker::test_record_usage PASSED [ 56%]
src/codomyrmex/tests/unit/llm/cost_tracking/test_cost_tracking.py::TestCostTracker::test_estimate_cost PASSED [ 56%]
src/codomyrmex/tests/unit/llm/cost_tracking/test_cost_tracking.py::TestCostTracker::test_summary PASSED [ 56%]
src/codomyrmex/tests/unit/llm/cost_tracking/test_cost_tracking.py::TestCostTracker::test_summary_by_model PASSED [ 56%]
src/codomyrmex/tests/unit/llm/cost_tracking/test_cost_tracking.py::TestCostTracker::test_period_filter PASSED [ 56%]
src/codomyrmex/tests/unit/llm/cost_tracking/test_cost_tracking.py::TestCostTracker::test_get_records PASSED [ 56%]
src/codomyrmex/tests/unit/llm/cost_tracking/test_cost_tracking.py::TestCostTracker::test_export_json PASSED [ 56%]
src/codomyrmex/tests/unit/llm/cost_tracking/test_cost_tracking.py::TestCostTracker::test_clear PASSED [ 56%]
src/codomyrmex/tests/unit/llm/cost_tracking/test_cost_tracking.py::TestBudgetGuard::test_within_budget PASSED [ 56%]
src/codomyrmex/tests/unit/llm/cost_tracking/test_cost_tracking.py::TestBudgetGuard::test_exceed_daily_budget PASSED [ 56%]
src/codomyrmex/tests/unit/llm/cost_tracking/test_cost_tracking.py::TestBudgetGuard::test_exceed_total_budget PASSED [ 56%]
src/codomyrmex/tests/unit/llm/cost_tracking/test_cost_tracking.py::TestBudgetGuard::test_remaining_budget PASSED [ 56%]
src/codomyrmex/tests/unit/llm/cost_tracking/test_cost_tracking.py::TestBudgetGuard::test_no_limits PASSED [ 56%]
src/codomyrmex/tests/unit/llm/cost_tracking/test_cost_tracking.py::TestConvenienceFunctions::test_estimate_cost PASSED [ 56%]
src/codomyrmex/tests/unit/llm/cost_tracking/test_cost_tracking.py::TestConvenienceFunctions::test_estimate_cost_unknown_model PASSED [ 56%]
src/codomyrmex/tests/unit/llm/cost_tracking/test_cost_tracking.py::TestConvenienceFunctions::test_count_tokens PASSED [ 56%]
src/codomyrmex/tests/unit/llm/cost_tracking/test_cost_tracking.py::TestConvenienceFunctions::test_get_model_pricing PASSED [ 56%]
src/codomyrmex/tests/unit/llm/embeddings/test_embeddings.py::TestEmbedding::test_create_embedding PASSED [ 56%]
src/codomyrmex/tests/unit/llm/embeddings/test_embeddings.py::TestEmbedding::test_normalize PASSED [ 56%]
src/codomyrmex/tests/unit/llm/embeddings/test_embeddings.py::TestEmbedding::test_to_dict PASSED [ 57%]
src/codomyrmex/tests/unit/llm/embeddings/test_embeddings.py::TestEmbedding::test_from_dict PASSED [ 57%]
src/codomyrmex/tests/unit/llm/embeddings/test_embeddings.py::TestMockProvider::test_embed_single PASSED [ 57%]
src/codomyrmex/tests/unit/llm/embeddings/test_embeddings.py::TestMockProvider::test_embed_batch PASSED [ 57%]
src/codomyrmex/tests/unit/llm/embeddings/test_embeddings.py::TestMockProvider::test_deterministic PASSED [ 57%]
src/codomyrmex/tests/unit/llm/embeddings/test_embeddings.py::TestSimilarityFunctions::test_cosine_identical PASSED [ 57%]
src/codomyrmex/tests/unit/llm/embeddings/test_embeddings.py::TestSimilarityFunctions::test_cosine_orthogonal PASSED [ 57%]
src/codomyrmex/tests/unit/llm/embeddings/test_embeddings.py::TestSimilarityFunctions::test_euclidean_identical PASSED [ 57%]
src/codomyrmex/tests/unit/llm/embeddings/test_embeddings.py::TestSimilarityFunctions::test_euclidean_distance PASSED [ 57%]
src/codomyrmex/tests/unit/llm/embeddings/test_embeddings.py::TestSimilarityFunctions::test_dot_product PASSED [ 57%]
src/codomyrmex/tests/unit/llm/embeddings/test_embeddings.py::TestEmbeddingCache::test_cache_miss PASSED [ 57%]
src/codomyrmex/tests/unit/llm/embeddings/test_embeddings.py::TestEmbeddingCache::test_cache_hit PASSED [ 57%]
src/codomyrmex/tests/unit/llm/embeddings/test_embeddings.py::TestEmbeddingCache::test_cache_eviction PASSED [ 57%]
src/codomyrmex/tests/unit/llm/embeddings/test_embeddings.py::TestEmbeddingIndex::test_add_and_search PASSED [ 57%]
src/codomyrmex/tests/unit/llm/embeddings/test_embeddings.py::TestEmbeddingIndex::test_search_with_threshold PASSED [ 57%]
src/codomyrmex/tests/unit/llm/embeddings/test_embeddings.py::TestEmbeddingIndex::test_remove PASSED [ 57%]
src/codomyrmex/tests/unit/llm/embeddings/test_embeddings.py::TestEmbeddingService::test_embed_with_cache PASSED [ 57%]
src/codomyrmex/tests/unit/llm/embeddings/test_embeddings.py::TestEmbeddingService::test_embed_texts_batch PASSED [ 57%]
src/codomyrmex/tests/unit/llm/embeddings/test_embeddings.py::TestEmbeddingService::test_cache_hit_rate PASSED [ 57%]
src/codomyrmex/tests/unit/llm/embeddings/test_embeddings.py::TestChunkText::test_short_text PASSED [ 57%]
src/codomyrmex/tests/unit/llm/embeddings/test_embeddings.py::TestChunkText::test_long_text PASSED [ 57%]
src/codomyrmex/tests/unit/llm/guardrails/test_guardrails.py::TestPromptInjectionDetector::test_safe_input PASSED [ 57%]
src/codomyrmex/tests/unit/llm/guardrails/test_guardrails.py::TestPromptInjectionDetector::test_ignore_instructions_attack PASSED [ 57%]
src/codomyrmex/tests/unit/llm/guardrails/test_guardrails.py::TestPromptInjectionDetector::test_role_manipulation PASSED [ 57%]
src/codomyrmex/tests/unit/llm/guardrails/test_guardrails.py::TestPromptInjectionDetector::test_prompt_extraction PASSED [ 57%]
src/codomyrmex/tests/unit/llm/guardrails/test_guardrails.py::TestPromptInjectionDetector::test_jailbreak_attempt PASSED [ 57%]
src/codomyrmex/tests/unit/llm/guardrails/test_guardrails.py::TestPromptInjectionDetector::test_empty_input PASSED [ 57%]
src/codomyrmex/tests/unit/llm/guardrails/test_guardrails.py::TestPIIDetector::test_email_detection PASSED [ 57%]
src/codomyrmex/tests/unit/llm/guardrails/test_guardrails.py::TestPIIDetector::test_phone_detection PASSED [ 57%]
src/codomyrmex/tests/unit/llm/guardrails/test_guardrails.py::TestPIIDetector::test_ssn_detection PASSED [ 57%]
src/codomyrmex/tests/unit/llm/guardrails/test_guardrails.py::TestPIIDetector::test_credit_card_detection PASSED [ 57%]
src/codomyrmex/tests/unit/llm/guardrails/test_guardrails.py::TestPIIDetector::test_sanitize_email PASSED [ 57%]
src/codomyrmex/tests/unit/llm/guardrails/test_guardrails.py::TestPIIDetector::test_sanitize_multiple PASSED [ 57%]
src/codomyrmex/tests/unit/llm/guardrails/test_guardrails.py::TestPIIDetector::test_safe_text PASSED [ 57%]
src/codomyrmex/tests/unit/llm/guardrails/test_guardrails.py::TestContentFilter::test_safe_content PASSED [ 57%]
src/codomyrmex/tests/unit/llm/guardrails/test_guardrails.py::TestContentFilter::test_harmful_content PASSED [ 57%]
src/codomyrmex/tests/unit/llm/guardrails/test_guardrails.py::TestOutputValidator::test_valid_json PASSED [ 57%]
src/codomyrmex/tests/unit/llm/guardrails/test_guardrails.py::TestOutputValidator::test_invalid_json PASSED [ 57%]
src/codomyrmex/tests/unit/llm/guardrails/test_guardrails.py::TestOutputValidator::test_length_limit PASSED [ 57%]
src/codomyrmex/tests/unit/llm/guardrails/test_guardrails.py::TestGuardrail::test_safe_input_output_cycle PASSED [ 57%]
src/codomyrmex/tests/unit/llm/guardrails/test_guardrails.py::TestGuardrail::test_injection_blocked PASSED [ 57%]
src/codomyrmex/tests/unit/llm/guardrails/test_guardrails.py::TestGuardrail::test_output_pii_sanitization PASSED [ 57%]
src/codomyrmex/tests/unit/llm/guardrails/test_guardrails.py::TestGuardrail::test_input_length_limit PASSED [ 57%]
src/codomyrmex/tests/unit/llm/guardrails/test_guardrails.py::TestConvenienceFunctions::test_check_prompt_injection PASSED [ 57%]
src/codomyrmex/tests/unit/llm/guardrails/test_guardrails.py::TestConvenienceFunctions::test_sanitize_pii PASSED [ 57%]
src/codomyrmex/tests/unit/llm/guardrails/test_guardrails.py::TestConvenienceFunctions::test_validate_llm_output PASSED [ 57%]
src/codomyrmex/tests/unit/llm/rag/test_rag.py::TestDocument::test_from_text PASSED [ 57%]
src/codomyrmex/tests/unit/llm/rag/test_rag.py::TestDocument::test_content_hash PASSED [ 57%]
src/codomyrmex/tests/unit/llm/rag/test_rag.py::TestRecursiveTextSplitter::test_split_by_paragraphs PASSED [ 57%]
src/codomyrmex/tests/unit/llm/rag/test_rag.py::TestRecursiveTextSplitter::test_chunk_metadata PASSED [ 57%]
src/codomyrmex/tests/unit/llm/rag/test_rag.py::TestSentenceSplitter::test_split_sentences PASSED [ 57%]
src/codomyrmex/tests/unit/llm/rag/test_rag.py::TestInMemoryVectorStore::test_add_and_search PASSED [ 57%]
src/codomyrmex/tests/unit/llm/rag/test_rag.py::TestInMemoryVectorStore::test_delete PASSED [ 57%]
src/codomyrmex/tests/unit/llm/rag/test_rag.py::TestContextFormatter::test_format PASSED [ 57%]
src/codomyrmex/tests/unit/llm/rag/test_rag.py::TestContextFormatter::test_max_length PASSED [ 57%]
src/codomyrmex/tests/unit/llm/rag/test_rag.py::TestRAGPipeline::test_index_document PASSED [ 57%]
src/codomyrmex/tests/unit/llm/rag/test_rag.py::TestRAGPipeline::test_retrieve PASSED [ 57%]
src/codomyrmex/tests/unit/llm/rag/test_rag.py::TestRAGPipeline::test_build_context PASSED [ 57%]
src/codomyrmex/tests/unit/llm/rag/test_rag.py::TestRAGPipeline::test_delete_document PASSED [ 57%]
src/codomyrmex/tests/unit/llm/rag/test_rag.py::TestRAGPrompt::test_create_rag_prompt PASSED [ 57%]
src/codomyrmex/tests/unit/llm/streaming/test_streaming.py::TestStreamEvent::test_create PASSED [ 57%]
src/codomyrmex/tests/unit/llm/streaming/test_streaming.py::TestStreamEvent::test_is_content PASSED [ 57%]
src/codomyrmex/tests/unit/llm/streaming/test_streaming.py::TestStreamBuffer::test_append PASSED [ 57%]
src/codomyrmex/tests/unit/llm/streaming/test_streaming.py::TestStreamBuffer::test_length PASSED [ 57%]
src/codomyrmex/tests/unit/llm/streaming/test_streaming.py::TestStreamBuffer::test_max_size PASSED [ 57%]
src/codomyrmex/tests/unit/llm/streaming/test_streaming.py::TestStreamBuffer::test_clear PASSED [ 57%]
src/codomyrmex/tests/unit/llm/streaming/test_streaming.py::TestContentFilterProcessor::test_filter_blocked PASSED [ 57%]
src/codomyrmex/tests/unit/llm/streaming/test_streaming.py::TestContentFilterProcessor::test_pass_allowed PASSED [ 57%]
src/codomyrmex/tests/unit/llm/streaming/test_streaming.py::TestJSONStreamParser::test_parse_complete PASSED [ 57%]
src/codomyrmex/tests/unit/llm/streaming/test_streaming.py::TestJSONStreamParser::test_parse_partial PASSED [ 57%]
src/codomyrmex/tests/unit/llm/streaming/test_streaming.py::TestJSONStreamParser::test_parse_multiple PASSED [ 57%]
src/codomyrmex/tests/unit/llm/streaming/test_streaming.py::TestStreamHandler::test_iter_events PASSED [ 57%]
src/codomyrmex/tests/unit/llm/streaming/test_streaming.py::TestStreamHandler::test_buffer_content PASSED [ 57%]
src/codomyrmex/tests/unit/llm/streaming/test_streaming.py::TestStreamHandler::test_stats PASSED [ 57%]
src/codomyrmex/tests/unit/llm/streaming/test_streaming.py::TestStreamHandler::test_process_stream PASSED [ 57%]
src/codomyrmex/tests/unit/llm/streaming/test_streaming.py::TestStreamHandler::test_callbacks PASSED [ 57%]
src/codomyrmex/tests/unit/llm/streaming/test_streaming.py::TestUtilities::test_stream_to_string PASSED [ 57%]
src/codomyrmex/tests/unit/llm/streaming/test_streaming.py::TestUtilities::test_chunk_stream PASSED [ 57%]
src/codomyrmex/tests/unit/llm/test_chain_of_thought.py::TestReasoningStep::test_create_basic PASSED [ 57%]
src/codomyrmex/tests/unit/llm/test_chain_of_thought.py::TestReasoningStep::test_confidence_clamped PASSED [ 57%]
src/codomyrmex/tests/unit/llm/test_chain_of_thought.py::TestReasoningStep::test_serialization_roundtrip PASSED [ 57%]
src/codomyrmex/tests/unit/llm/test_chain_of_thought.py::TestConclusion::test_create_basic PASSED [ 57%]
src/codomyrmex/tests/unit/llm/test_chain_of_thought.py::TestConclusion::test_confidence_clamped PASSED [ 57%]
src/codomyrmex/tests/unit/llm/test_chain_of_thought.py::TestConclusion::test_serialization_roundtrip PASSED [ 57%]
src/codomyrmex/tests/unit/llm/test_chain_of_thought.py::TestReasoningTrace::test_empty_trace PASSED [ 57%]
src/codomyrmex/tests/unit/llm/test_chain_of_thought.py::TestReasoningTrace::test_add_steps PASSED [ 57%]
src/codomyrmex/tests/unit/llm/test_chain_of_thought.py::TestReasoningTrace::test_set_conclusion PASSED [ 57%]
src/codomyrmex/tests/unit/llm/test_chain_of_thought.py::TestReasoningTrace::test_json_roundtrip PASSED [ 57%]
src/codomyrmex/tests/unit/llm/test_chain_of_thought.py::TestReasoningTrace::test_to_dict_contains_expected_keys PASSED [ 57%]
src/codomyrmex/tests/unit/llm/test_chain_of_thought.py::TestThinkingDepth::test_depth_mapping PASSED [ 57%]
src/codomyrmex/tests/unit/llm/test_chain_of_thought.py::TestStructuralStepGenerator::test_shallow_produces_one_step PASSED [ 57%]
src/codomyrmex/tests/unit/llm/test_chain_of_thought.py::TestStructuralStepGenerator::test_normal_produces_three_steps PASSED [ 57%]
src/codomyrmex/tests/unit/llm/test_chain_of_thought.py::TestStructuralStepGenerator::test_deep_produces_five_steps PASSED [ 57%]
src/codomyrmex/tests/unit/llm/test_chain_of_thought.py::TestStructuralStepGenerator::test_context_enrichment PASSED [ 57%]
src/codomyrmex/tests/unit/llm/test_chain_of_thought.py::TestStructuralConclusionSynthesizer::test_empty_steps PASSED [ 57%]
src/codomyrmex/tests/unit/llm/test_chain_of_thought.py::TestStructuralConclusionSynthesizer::test_synthesize_from_steps PASSED [ 57%]
src/codomyrmex/tests/unit/llm/test_chain_of_thought.py::TestChainOfThought::test_basic_think PASSED [ 57%]
src/codomyrmex/tests/unit/llm/test_chain_of_thought.py::TestChainOfThought::test_shallow_think PASSED [ 57%]
src/codomyrmex/tests/unit/llm/test_chain_of_thought.py::TestChainOfThought::test_deep_think PASSED [ 57%]
src/codomyrmex/tests/unit/llm/test_chain_of_thought.py::TestChainOfThought::test_trace_stored PASSED [ 58%]
src/codomyrmex/tests/unit/llm/test_chain_of_thought.py::TestChainOfThought::test_get_last_trace PASSED [ 58%]
src/codomyrmex/tests/unit/llm/test_chain_of_thought.py::TestChainOfThought::test_clear_traces PASSED [ 58%]
src/codomyrmex/tests/unit/llm/test_chain_of_thought.py::TestChainOfThought::test_context_passed_through PASSED [ 58%]
src/codomyrmex/tests/unit/llm/test_chain_of_thought.py::TestChainOfThought::test_depth_property PASSED [ 58%]
src/codomyrmex/tests/unit/llm/test_context_manager.py::TestContextMessage::test_auto_token_count PASSED [ 58%]
src/codomyrmex/tests/unit/llm/test_context_manager.py::TestContextMessage::test_auto_importance_system PASSED [ 58%]
src/codomyrmex/tests/unit/llm/test_context_manager.py::TestContextMessage::test_auto_importance_tool PASSED [ 58%]
src/codomyrmex/tests/unit/llm/test_context_manager.py::TestContextMessage::test_auto_importance_user PASSED [ 58%]
src/codomyrmex/tests/unit/llm/test_context_manager.py::TestContextManager::test_add_message PASSED [ 58%]
src/codomyrmex/tests/unit/llm/test_context_manager.py::TestContextManager::test_get_context PASSED [ 58%]
src/codomyrmex/tests/unit/llm/test_context_manager.py::TestContextManager::test_token_budget_respected PASSED [ 58%]
src/codomyrmex/tests/unit/llm/test_context_manager.py::TestContextManager::test_system_messages_not_evicted PASSED [ 58%]
src/codomyrmex/tests/unit/llm/test_context_manager.py::TestContextManager::test_low_importance_evicted_first PASSED [ 58%]
src/codomyrmex/tests/unit/llm/test_context_manager.py::TestContextManager::test_available_tokens PASSED [ 58%]
src/codomyrmex/tests/unit/llm/test_context_manager.py::TestContextManager::test_clear PASSED [ 58%]
src/codomyrmex/tests/unit/llm/test_context_manager.py::TestContextManager::test_summary PASSED [ 58%]
src/codomyrmex/tests/unit/llm/test_context_manager.py::TestContextManager::test_trim_returns_evicted_count PASSED [ 58%]
src/codomyrmex/tests/unit/llm/test_llm.py::TestLLMConfig::test_llm_config_custom_values PASSED [ 58%]
src/codomyrmex/tests/unit/llm/test_llm.py::TestLLMConfig::test_llm_config_default_initialization PASSED [ 58%]
src/codomyrmex/tests/unit/llm/test_llm.py::TestLLMConfig::test_llm_config_environment_variables PASSED [ 58%]
src/codomyrmex/tests/unit/llm/test_llm.py::TestLLMConfig::test_llm_config_get_client_kwargs PASSED [ 58%]
src/codomyrmex/tests/unit/llm/test_llm.py::TestLLMConfig::test_llm_config_get_generation_options PASSED [ 58%]
src/codomyrmex/tests/unit/llm/test_llm.py::TestLLMConfig::test_llm_config_presets PASSED [ 58%]
src/codomyrmex/tests/unit/llm/test_llm.py::TestLLMConfig::test_llm_config_save_and_load PASSED [ 58%]
src/codomyrmex/tests/unit/llm/test_llm.py::TestLLMConfig::test_llm_config_to_dict PASSED [ 58%]
src/codomyrmex/tests/unit/llm/test_llm.py::TestExecutionOptions::test_execution_options_custom_values PASSED [ 58%]
src/codomyrmex/tests/unit/llm/test_llm.py::TestExecutionOptions::test_execution_options_defaults PASSED [ 58%]
src/codomyrmex/tests/unit/llm/test_llm.py::TestModelRunner::test_benchmark_model_returns_correct_structure PASSED [ 58%]
src/codomyrmex/tests/unit/llm/test_llm.py::TestModelRunner::test_format_conversation_multiple_roles PASSED [ 58%]
src/codomyrmex/tests/unit/llm/test_llm.py::TestModelRunner::test_format_conversation_single_user_message PASSED [ 58%]
src/codomyrmex/tests/unit/llm/test_llm.py::TestModelRunner::test_model_runner_initialization PASSED [ 58%]
src/codomyrmex/tests/unit/llm/test_llm.py::TestModelRunner::test_run_conversation_formats_messages PASSED [ 58%]
src/codomyrmex/tests/unit/llm/test_llm.py::TestModelRunner::test_run_with_options_returns_result PASSED [ 58%]
src/codomyrmex/tests/unit/llm/test_llm.py::TestOllamaManager::test_get_model_stats_structure PASSED [ 58%]
src/codomyrmex/tests/unit/llm/test_llm.py::TestOllamaManager::test_is_model_available_returns_boolean PASSED [ 58%]
src/codomyrmex/tests/unit/llm/test_llm.py::TestOllamaManager::test_list_models_returns_list PASSED [ 58%]
src/codomyrmex/tests/unit/llm/test_llm.py::TestOllamaManager::test_ollama_manager_initialization PASSED [ 58%]
src/codomyrmex/tests/unit/llm/test_llm.py::TestOllamaManager::test_parse_size_converts_correctly PASSED [ 58%]
src/codomyrmex/tests/unit/llm/test_llm.py::TestOllamaManager::test_run_model_returns_failure_for_unavailable_model PASSED [ 58%]
src/codomyrmex/tests/unit/llm/test_llm.py::TestOllamaManager::test_run_model_returns_result_on_success PASSED [ 58%]
src/codomyrmex/tests/unit/llm/test_llm.py::TestOutputManager::test_get_output_stats PASSED [ 58%]
src/codomyrmex/tests/unit/llm/test_llm.py::TestOutputManager::test_output_manager_creates_directories PASSED [ 58%]
src/codomyrmex/tests/unit/llm/test_llm.py::TestOutputManager::test_save_and_load_model_config PASSED [ 58%]
src/codomyrmex/tests/unit/llm/test_llm.py::TestOutputManager::test_save_batch_results PASSED [ 58%]
src/codomyrmex/tests/unit/llm/test_llm.py::TestOutputManager::test_save_execution_result_creates_json PASSED [ 58%]
src/codomyrmex/tests/unit/llm/test_llm.py::TestOutputManager::test_save_model_output_creates_file PASSED [ 58%]
src/codomyrmex/tests/unit/llm/test_llm.py::TestConfigManager::test_config_manager_initialization PASSED [ 58%]
src/codomyrmex/tests/unit/llm/test_llm.py::TestConfigManager::test_config_manager_update_config PASSED [ 58%]
src/codomyrmex/tests/unit/llm/test_llm.py::TestConfigManager::test_get_execution_presets PASSED [ 58%]
src/codomyrmex/tests/unit/llm/test_llm.py::TestConfigManager::test_reset_to_defaults PASSED [ 58%]
src/codomyrmex/tests/unit/llm/test_llm.py::TestConfigManager::test_validate_config PASSED [ 58%]
src/codomyrmex/tests/unit/llm/test_llm.py::TestLLMExceptions::test_llm_connection_error PASSED [ 58%]
src/codomyrmex/tests/unit/llm/test_llm.py::TestLLMExceptions::test_llm_timeout_error PASSED [ 58%]
src/codomyrmex/tests/unit/llm/test_llm.py::TestLLMExceptions::test_model_not_found_error PASSED [ 58%]
src/codomyrmex/tests/unit/llm/test_llm.py::TestLLMExceptions::test_prompt_too_long_error PASSED [ 58%]
src/codomyrmex/tests/unit/llm/test_llm.py::TestLLMExceptions::test_rate_limit_error PASSED [ 58%]
src/codomyrmex/tests/unit/llm/test_llm.py::TestLLMExceptions::test_response_parsing_error PASSED [ 58%]
src/codomyrmex/tests/unit/llm/test_llm.py::TestLLMExceptions::test_streaming_error PASSED [ 58%]
src/codomyrmex/tests/unit/llm/test_llm.py::TestFabricManager::test_fabric_manager_initialization PASSED [ 58%]
src/codomyrmex/tests/unit/llm/test_llm.py::TestFabricManager::test_fabric_not_available_when_missing PASSED [ 58%]
src/codomyrmex/tests/unit/llm/test_llm.py::TestFabricManager::test_list_patterns_returns_list SKIPPED [ 58%]
src/codomyrmex/tests/unit/llm/test_llm.py::TestFabricManager::test_run_pattern_success SKIPPED [ 58%]
src/codomyrmex/tests/unit/llm/test_llm.py::TestFabricManager::test_run_pattern_unavailable_returns_error PASSED [ 58%]
src/codomyrmex/tests/unit/llm/test_llm.py::TestFabricOrchestrator::test_analysis_summary_structure PASSED [ 58%]
src/codomyrmex/tests/unit/llm/test_llm.py::TestFabricOrchestrator::test_analyze_code_returns_results SKIPPED [ 58%]
src/codomyrmex/tests/unit/llm/test_llm.py::TestFabricOrchestrator::test_orchestrator_initialization PASSED [ 58%]
src/codomyrmex/tests/unit/llm/test_llm.py::TestAsyncModelRunner::test_async_chat_method_exists PASSED [ 58%]
src/codomyrmex/tests/unit/llm/test_llm.py::TestAsyncModelRunner::test_async_generate_is_alias PASSED [ 58%]
src/codomyrmex/tests/unit/llm/test_llm.py::TestAsyncModelRunner::test_async_generate_stream_method_exists PASSED [ 58%]
src/codomyrmex/tests/unit/llm/test_llm.py::TestAsyncModelRunner::test_async_run_batch_method_exists PASSED [ 58%]
src/codomyrmex/tests/unit/llm/test_llm.py::TestAsyncModelRunner::test_async_run_model_method_exists PASSED [ 58%]
src/codomyrmex/tests/unit/llm/test_llm.py::TestGlobalConfigFunctions::test_get_config_creates_default PASSED [ 58%]
src/codomyrmex/tests/unit/llm/test_llm.py::TestGlobalConfigFunctions::test_reset_config_clears_global PASSED [ 58%]
src/codomyrmex/tests/unit/llm/test_llm.py::TestGlobalConfigFunctions::test_set_config_updates_global PASSED [ 58%]
src/codomyrmex/tests/unit/llm/test_llm.py::TestTokenCounting::test_execution_result_contains_token_count PASSED [ 58%]
src/codomyrmex/tests/unit/llm/test_llm.py::TestTokenCounting::test_run_model_captures_eval_count PASSED [ 58%]
src/codomyrmex/tests/unit/llm/test_llm.py::TestErrorRecovery::test_cli_fallback_when_http_unavailable PASSED [ 58%]
src/codomyrmex/tests/unit/llm/test_llm.py::TestErrorRecovery::test_run_model_handles_nonexistent_model PASSED [ 58%]
src/codomyrmex/tests/unit/llm/test_ollama_integration.py::TestOllamaIntegration::test_batch_execution PASSED [ 58%]
src/codomyrmex/tests/unit/llm/test_ollama_integration.py::TestOllamaIntegration::test_benchmarking PASSED [ 58%]
src/codomyrmex/tests/unit/llm/test_ollama_integration.py::TestOllamaIntegration::test_config_export_import PASSED [ 58%]
src/codomyrmex/tests/unit/llm/test_ollama_integration.py::TestOllamaIntegration::test_configuration_management PASSED [ 58%]
src/codomyrmex/tests/unit/llm/test_ollama_integration.py::TestOllamaIntegration::test_context_execution PASSED [ 58%]
src/codomyrmex/tests/unit/llm/test_ollama_integration.py::TestOllamaIntegration::test_conversation_execution PASSED [ 58%]
src/codomyrmex/tests/unit/llm/test_ollama_integration.py::TestOllamaIntegration::test_error_handling PASSED [ 58%]
src/codomyrmex/tests/unit/llm/test_ollama_integration.py::TestOllamaIntegration::test_execution_presets PASSED [ 58%]
src/codomyrmex/tests/unit/llm/test_ollama_integration.py::TestOllamaIntegration::test_integration_with_logging PASSED [ 58%]
src/codomyrmex/tests/unit/llm/test_ollama_integration.py::TestOllamaIntegration::test_model_availability_checking PASSED [ 58%]
src/codomyrmex/tests/unit/llm/test_ollama_integration.py::TestOllamaIntegration::test_model_comparison PASSED [ 58%]
src/codomyrmex/tests/unit/llm/test_ollama_integration.py::TestOllamaIntegration::test_model_configuration_save_load PASSED [ 58%]
src/codomyrmex/tests/unit/llm/test_ollama_integration.py::TestOllamaIntegration::test_model_execution_basic PASSED [ 58%]
src/codomyrmex/tests/unit/llm/test_ollama_integration.py::TestOllamaIntegration::test_model_execution_with_options PASSED [ 58%]
src/codomyrmex/tests/unit/llm/test_ollama_integration.py::TestOllamaIntegration::test_model_listing PASSED [ 58%]
src/codomyrmex/tests/unit/llm/test_ollama_integration.py::TestOllamaIntegration::test_model_statistics PASSED [ 58%]
src/codomyrmex/tests/unit/llm/test_ollama_integration.py::TestOllamaIntegration::test_ollama_server_connectivity PASSED [ 58%]
src/codomyrmex/tests/unit/llm/test_ollama_integration.py::TestOllamaIntegration::test_output_saving PASSED [ 58%]
src/codomyrmex/tests/unit/llm/test_ollama_integration.py::TestOllamaIntegration::test_output_statistics PASSED [ 58%]
src/codomyrmex/tests/unit/llm/test_ollama_integration.py::TestOllamaIntegrationRealExecution::test_output_persistence PASSED [ 59%]
src/codomyrmex/tests/unit/llm/test_ollama_integration.py::TestOllamaIntegrationRealExecution::test_real_batch_execution PASSED [ 59%]
src/codomyrmex/tests/unit/llm/test_ollama_integration.py::TestOllamaIntegrationRealExecution::test_real_model_comparison PASSED [ 59%]
src/codomyrmex/tests/unit/llm/test_ollama_integration.py::TestOllamaIntegrationRealExecution::test_real_model_execution PASSED [ 59%]
src/codomyrmex/tests/unit/llm/test_openrouter_provider.py::TestOpenRouterProviderInit::test_provider_initialization_sets_base_url PASSED [ 59%]
src/codomyrmex/tests/unit/llm/test_openrouter_provider.py::TestOpenRouterProviderInit::test_provider_initialization_preserves_custom_base_url PASSED [ 59%]
src/codomyrmex/tests/unit/llm/test_openrouter_provider.py::TestOpenRouterProviderInit::test_provider_sets_required_headers PASSED [ 59%]
src/codomyrmex/tests/unit/llm/test_openrouter_provider.py::TestOpenRouterProviderInit::test_provider_type_is_openrouter PASSED [ 59%]
src/codomyrmex/tests/unit/llm/test_openrouter_provider.py::TestOpenRouterProviderModels::test_list_models_returns_free_models PASSED [ 59%]
src/codomyrmex/tests/unit/llm/test_openrouter_provider.py::TestOpenRouterProviderModels::test_free_models_includes_expected_providers PASSED [ 59%]
src/codomyrmex/tests/unit/llm/test_openrouter_provider.py::TestOpenRouterProviderModels::test_default_model_is_free PASSED [ 59%]
src/codomyrmex/tests/unit/llm/test_openrouter_provider.py::TestOpenRouterProviderFactory::test_get_provider_returns_openrouter PASSED [ 59%]
src/codomyrmex/tests/unit/llm/test_openrouter_provider.py::TestOpenRouterProviderFactory::test_get_provider_with_config PASSED [ 59%]
src/codomyrmex/tests/unit/llm/test_openrouter_provider.py::TestOpenRouterProviderContextManager::test_context_manager_enter_returns_provider PASSED [ 59%]
src/codomyrmex/tests/unit/llm/test_openrouter_provider.py::TestOpenRouterProviderContextManager::test_context_manager_cleanup_on_exit PASSED [ 59%]
src/codomyrmex/tests/unit/llm/test_openrouter_provider.py::TestOpenRouterProviderComplete::test_complete_returns_response SKIPPED [ 59%]
src/codomyrmex/tests/unit/llm/test_openrouter_provider.py::TestOpenRouterProviderComplete::test_complete_raises_when_client_not_initialized PASSED [ 59%]
src/codomyrmex/tests/unit/llm/test_openrouter_provider.py::TestOpenRouterProviderModel::test_get_model_uses_provided_model PASSED [ 59%]
src/codomyrmex/tests/unit/llm/test_openrouter_provider.py::TestOpenRouterProviderModel::test_get_model_uses_default_model PASSED [ 59%]
src/codomyrmex/tests/unit/llm/test_openrouter_provider.py::TestOpenRouterProviderModel::test_get_model_uses_config_default_model PASSED [ 59%]
src/codomyrmex/tests/unit/llm/test_router.py::TestRoutingStrategy::test_priority PASSED [ 59%]
src/codomyrmex/tests/unit/llm/test_router.py::TestRoutingStrategy::test_round_robin PASSED [ 59%]
src/codomyrmex/tests/unit/llm/test_router.py::TestRoutingStrategy::test_random PASSED [ 59%]
src/codomyrmex/tests/unit/llm/test_router.py::TestRoutingStrategy::test_cost_optimized PASSED [ 59%]
src/codomyrmex/tests/unit/llm/test_router.py::TestRoutingStrategy::test_latency_optimized PASSED [ 59%]
src/codomyrmex/tests/unit/llm/test_router.py::TestModelConfig::test_create_config PASSED [ 59%]
src/codomyrmex/tests/unit/llm/test_router.py::TestModelConfig::test_config_defaults PASSED [ 59%]
src/codomyrmex/tests/unit/llm/test_router.py::TestModelConfig::test_config_with_capabilities PASSED [ 59%]
src/codomyrmex/tests/unit/llm/test_router.py::TestModelStats::test_create_stats PASSED [ 59%]
src/codomyrmex/tests/unit/llm/test_router.py::TestModelStats::test_avg_latency PASSED [ 59%]
src/codomyrmex/tests/unit/llm/test_router.py::TestModelStats::test_success_rate PASSED [ 59%]
src/codomyrmex/tests/unit/llm/test_router.py::TestModelRouter::test_create_router PASSED [ 59%]
src/codomyrmex/tests/unit/llm/test_router.py::TestModelRouter::test_create_with_strategy PASSED [ 59%]
src/codomyrmex/tests/unit/llm/test_router.py::TestModelRouter::test_register_model PASSED [ 59%]
src/codomyrmex/tests/unit/llm/test_router.py::TestModelRouter::test_select_model PASSED [ 59%]
src/codomyrmex/tests/unit/llm/test_router.py::TestFallbackChain::test_create_chain PASSED [ 59%]
src/codomyrmex/tests/unit/llm/test_router.py::TestCostTracker::test_create_tracker PASSED [ 59%]
src/codomyrmex/tests/unit/llm/test_router.py::TestCostTracker::test_record_and_total PASSED [ 59%]
src/codomyrmex/tests/unit/llm/test_router.py::TestCostTracker::test_usage_report PASSED [ 59%]
src/codomyrmex/tests/unit/logging/test_correlation.py::TestCorrelationId::test_new_correlation_id_format PASSED [ 59%]
src/codomyrmex/tests/unit/logging/test_correlation.py::TestCorrelationId::test_get_returns_current PASSED [ 59%]
src/codomyrmex/tests/unit/logging/test_correlation.py::TestCorrelationId::test_set_explicit PASSED [ 59%]
src/codomyrmex/tests/unit/logging/test_correlation.py::TestCorrelationId::test_clear PASSED [ 59%]
src/codomyrmex/tests/unit/logging/test_correlation.py::TestCorrelationId::test_unique_ids PASSED [ 59%]
src/codomyrmex/tests/unit/logging/test_correlation.py::TestWithCorrelation::test_auto_generate PASSED [ 59%]
src/codomyrmex/tests/unit/logging/test_correlation.py::TestWithCorrelation::test_explicit_id PASSED [ 59%]
src/codomyrmex/tests/unit/logging/test_correlation.py::TestWithCorrelation::test_nested_contexts PASSED [ 59%]
src/codomyrmex/tests/unit/logging/test_correlation.py::TestCorrelationFilter::test_filter_injects_id PASSED [ 59%]
src/codomyrmex/tests/unit/logging/test_correlation.py::TestCorrelationFilter::test_filter_empty_when_unset PASSED [ 59%]
src/codomyrmex/tests/unit/logging/test_correlation.py::TestCorrelationFilter::test_filter_always_returns_true PASSED [ 59%]
src/codomyrmex/tests/unit/logging/test_correlation.py::TestEventIntegration::test_enrich_adds_id PASSED [ 59%]
src/codomyrmex/tests/unit/logging/test_correlation.py::TestEventIntegration::test_enrich_skips_when_unset PASSED [ 59%]
src/codomyrmex/tests/unit/logging/test_correlation.py::TestMcpIntegration::test_header_with_id PASSED [ 59%]
src/codomyrmex/tests/unit/logging/test_correlation.py::TestMcpIntegration::test_header_empty_when_unset PASSED [ 59%]
src/codomyrmex/tests/unit/logging_monitoring/test_logging_monitoring.py::TestLoggingMonitoring::test_logger_config_import PASSED [ 59%]
src/codomyrmex/tests/unit/logging_monitoring/test_logging_monitoring.py::TestLoggingMonitoring::test_get_logger_real_functionality PASSED [ 59%]
src/codomyrmex/tests/unit/logging_monitoring/test_logging_monitoring.py::TestLoggingMonitoring::test_setup_logging_with_file_output PASSED [ 59%]
src/codomyrmex/tests/unit/logging_monitoring/test_logging_monitoring.py::TestLoggingMonitoring::test_json_logging_format PASSED [ 59%]
src/codomyrmex/tests/unit/logging_monitoring/test_logging_monitoring.py::TestLoggingMonitoring::test_environment_variable_configuration PASSED [ 59%]
src/codomyrmex/tests/unit/logging_monitoring/test_logging_monitoring.py::TestLoggingMonitoring::test_multiple_loggers_isolation PASSED [ 59%]
src/codomyrmex/tests/unit/logging_monitoring/test_logging_monitoring.py::TestLoggingMonitoring::test_log_with_context PASSED [ 59%]
src/codomyrmex/tests/unit/logging_monitoring/test_logging_monitoring.py::TestLoggingMonitoring::test_create_correlation_id PASSED [ 59%]
src/codomyrmex/tests/unit/logging_monitoring/test_logging_monitoring.py::TestLoggingMonitoring::test_log_context_manager PASSED [ 59%]
src/codomyrmex/tests/unit/logging_monitoring/test_logging_monitoring.py::TestLoggingMonitoring::test_performance_logger_basic PASSED [ 59%]
src/codomyrmex/tests/unit/logging_monitoring/test_logging_monitoring.py::TestLoggingMonitoring::test_performance_logger_context_manager PASSED [ 59%]
src/codomyrmex/tests/unit/logging_monitoring/test_logging_monitoring.py::TestLoggingMonitoring::test_performance_logger_metrics PASSED [ 59%]
src/codomyrmex/tests/unit/logging_monitoring/test_logging_monitoring.py::TestLogRotationManager::test_log_rotation_manager_init PASSED [ 59%]
src/codomyrmex/tests/unit/logging_monitoring/test_logging_monitoring.py::TestLogRotationManager::test_attach_rotating_handler PASSED [ 59%]
src/codomyrmex/tests/unit/logging_monitoring/test_logging_monitoring.py::TestLogRotationManager::test_rotation_parameters PASSED [ 59%]
src/codomyrmex/tests/unit/logging_monitoring/test_logging_monitoring.py::TestLogRotationManager::test_rotation_creates_file PASSED [ 59%]
src/codomyrmex/tests/unit/logging_monitoring/test_logging_monitoring.py::TestStandaloneJSONFormatter::test_standalone_json_formatter PASSED [ 59%]
src/codomyrmex/tests/unit/logging_monitoring/test_logging_monitoring.py::TestStandaloneJSONFormatter::test_json_formatter_with_exception PASSED [ 59%]
src/codomyrmex/tests/unit/logging_monitoring/test_logging_monitoring.py::TestAuditLogger::test_audit_logger_init PASSED [ 59%]
src/codomyrmex/tests/unit/logging_monitoring/test_logging_monitoring.py::TestAuditLogger::test_audit_log_event PASSED [ 59%]
src/codomyrmex/tests/unit/logistics/orchestration/test_project_orchestration.py::TestProjectOrchestration::test_project_orchestration_import PASSED [ 59%]
src/codomyrmex/tests/unit/logistics/orchestration/test_project_orchestration.py::TestProjectOrchestration::test_project_orchestration_module_exists PASSED [ 59%]
src/codomyrmex/tests/unit/logistics/orchestration/test_project_orchestration.py::TestProjectOrchestration::test_project_orchestration_init_file PASSED [ 59%]
src/codomyrmex/tests/unit/logistics/orchestration/test_project_orchestration.py::TestProjectOrchestration::test_workflow_manager_module_exists PASSED [ 59%]
src/codomyrmex/tests/unit/logistics/orchestration/test_project_orchestration.py::TestProjectOrchestration::test_task_orchestrator_module_exists PASSED [ 59%]
src/codomyrmex/tests/unit/logistics/orchestration/test_project_orchestration.py::TestProjectOrchestration::test_project_manager_module_exists PASSED [ 59%]
src/codomyrmex/tests/unit/logistics/orchestration/test_project_orchestration.py::TestProjectOrchestration::test_resource_manager_module_exists PASSED [ 59%]
src/codomyrmex/tests/unit/logistics/orchestration/test_project_orchestration.py::TestProjectOrchestration::test_orchestration_engine_module_exists PASSED [ 59%]
src/codomyrmex/tests/unit/logistics/orchestration/test_project_orchestration.py::TestProjectOrchestration::test_workflow_manager_import PASSED [ 59%]
src/codomyrmex/tests/unit/logistics/orchestration/test_project_orchestration.py::TestProjectOrchestration::test_task_orchestrator_import PASSED [ 59%]
src/codomyrmex/tests/unit/logistics/orchestration/test_project_orchestration.py::TestProjectOrchestration::test_project_manager_import PASSED [ 59%]
src/codomyrmex/tests/unit/logistics/orchestration/test_project_orchestration.py::TestProjectOrchestration::test_resource_manager_import PASSED [ 59%]
src/codomyrmex/tests/unit/logistics/orchestration/test_project_orchestration.py::TestProjectOrchestration::test_orchestration_engine_import PASSED [ 59%]
src/codomyrmex/tests/unit/logistics/orchestration/test_project_orchestration.py::TestProjectOrchestration::test_workflow_step_import PASSED [ 59%]
src/codomyrmex/tests/unit/logistics/orchestration/test_project_orchestration.py::TestProjectOrchestration::test_task_import PASSED [ 59%]
src/codomyrmex/tests/unit/logistics/orchestration/test_project_orchestration.py::TestProjectOrchestration::test_project_import PASSED [ 59%]
src/codomyrmex/tests/unit/logistics/orchestration/test_project_orchestration.py::TestProjectOrchestration::test_resource_import PASSED [ 59%]
src/codomyrmex/tests/unit/logistics/orchestration/test_project_orchestration.py::TestProjectOrchestration::test_status_enums_import PASSED [ 59%]
src/codomyrmex/tests/unit/logistics/orchestration/test_project_orchestration.py::TestProjectOrchestration::test_mcp_tools_import PASSED [ 59%]
src/codomyrmex/tests/unit/logistics/orchestration/test_project_orchestration.py::TestProjectOrchestration::test_documentation_generator_import PASSED [ 59%]
src/codomyrmex/tests/unit/logistics/orchestration/test_project_orchestration.py::TestProjectOrchestration::test_project_orchestration_version PASSED [ 59%]
src/codomyrmex/tests/unit/logistics/orchestration/test_project_orchestration.py::TestProjectOrchestration::test_project_orchestration_all_exports PASSED [ 59%]
src/codomyrmex/tests/unit/logistics/orchestration/test_project_orchestration.py::TestProjectOrchestration::test_agents_md_exists PASSED [ 59%]
src/codomyrmex/tests/unit/logistics/orchestration/test_project_orchestration.py::TestProjectOrchestration::test_readme_exists PASSED [ 59%]
src/codomyrmex/tests/unit/logistics/orchestration/test_project_orchestration.py::TestProjectOrchestration::test_templates_directory_exists PASSED [ 59%]
src/codomyrmex/tests/unit/logistics/orchestration/test_project_orchestration.py::TestWorkflowDAG::test_workflow_dag_creation PASSED [ 60%]
src/codomyrmex/tests/unit/logistics/orchestration/test_project_orchestration.py::TestWorkflowDAG::test_dag_validation_valid PASSED [ 60%]
src/codomyrmex/tests/unit/logistics/orchestration/test_project_orchestration.py::TestWorkflowDAG::test_dag_validation_cycle PASSED [ 60%]
src/codomyrmex/tests/unit/logistics/orchestration/test_project_orchestration.py::TestWorkflowDAG::test_dag_execution_order PASSED [ 60%]
src/codomyrmex/tests/unit/logistics/orchestration/test_project_orchestration.py::TestWorkflowDAG::test_dag_dependency_queries PASSED [ 60%]
src/codomyrmex/tests/unit/logistics/orchestration/test_project_orchestration.py::TestWorkflowDAG::test_dag_visualization PASSED [ 60%]
src/codomyrmex/tests/unit/logistics/orchestration/test_project_orchestration.py::TestParallelExecutor::test_parallel_executor_creation PASSED [ 60%]
src/codomyrmex/tests/unit/logistics/orchestration/test_project_orchestration.py::TestParallelExecutor::test_execute_task_group PASSED [ 60%]
src/codomyrmex/tests/unit/logistics/orchestration/test_project_orchestration.py::TestParallelExecutor::test_dependency_management PASSED [ 60%]
src/codomyrmex/tests/unit/logistics/orchestration/test_project_orchestration.py::TestParallelExecutor::test_workflow_validation_functions PASSED [ 60%]
src/codomyrmex/tests/unit/logistics/orchestration/test_project_orchestration.py::TestWorkflowManagerEnhancements::test_create_workflow_dag PASSED [ 60%]
src/codomyrmex/tests/unit/logistics/orchestration/test_project_orchestration.py::TestWorkflowManagerEnhancements::test_validate_workflow_dependencies PASSED [ 60%]
src/codomyrmex/tests/unit/logistics/orchestration/test_project_orchestration.py::TestWorkflowManagerEnhancements::test_get_workflow_execution_order PASSED [ 60%]
src/codomyrmex/tests/unit/logistics/orchestration/test_project_orchestration.py::TestWorkflowManagerEnhancements::test_execute_parallel_workflow PASSED [ 60%]
src/codomyrmex/tests/unit/logistics/orchestration/test_project_orchestration.py::TestWorkflowManagerEnhancements::test_workflow_dag_integration PASSED [ 60%]
src/codomyrmex/tests/unit/logistics/orchestration/test_project_orchestration.py::TestWorkflowManagerLocation::test_default_location PASSED [ 60%]
src/codomyrmex/tests/unit/logistics/orchestration/test_project_orchestration.py::TestWorkflowManagerLocation::test_custom_config_dir PASSED [ 60%]
src/codomyrmex/tests/unit/logistics/orchestration/test_project_orchestration.py::TestWorkflowManagerLocation::test_load_workflows_from_production PASSED [ 60%]
src/codomyrmex/tests/unit/logistics/task/test_queue.py::test_queue_module_import PASSED [ 60%]
src/codomyrmex/tests/unit/logistics/task/test_queue.py::test_queue_module_structure PASSED [ 60%]
src/codomyrmex/tests/unit/maintenance/test_maintenance.py::TestMaintenanceModuleImport::test_maintenance_module_import PASSED [ 60%]
src/codomyrmex/tests/unit/maintenance/test_maintenance.py::TestMaintenanceModuleImport::test_maintenance_module_has_path PASSED [ 60%]
src/codomyrmex/tests/unit/maintenance/test_maintenance.py::TestDependencyAnalyzerInit::test_initialization_with_path PASSED [ 60%]
src/codomyrmex/tests/unit/maintenance/test_maintenance.py::TestDependencyAnalyzerInit::test_initialization_with_string PASSED [ 60%]
src/codomyrmex/tests/unit/maintenance/test_maintenance.py::TestDependencyAnalyzerInit::test_initialization_sets_src_path PASSED [ 60%]
src/codomyrmex/tests/unit/maintenance/test_maintenance.py::TestDependencyAnalyzerInit::test_initialization_empty_containers PASSED [ 60%]
src/codomyrmex/tests/unit/maintenance/test_maintenance.py::TestDependencyAnalyzerInit::test_allowed_dependencies_configured PASSED [ 60%]
src/codomyrmex/tests/unit/maintenance/test_maintenance.py::TestDependencyAnalyzerExtractImports::test_extract_imports_from_file PASSED [ 60%]
src/codomyrmex/tests/unit/maintenance/test_maintenance.py::TestDependencyAnalyzerExtractImports::test_extract_imports_no_codomyrmex PASSED [ 60%]
src/codomyrmex/tests/unit/maintenance/test_maintenance.py::TestDependencyAnalyzerExtractImports::test_extract_imports_syntax_error_handling PASSED [ 60%]
src/codomyrmex/tests/unit/maintenance/test_maintenance.py::TestDependencyAnalyzerExtractImports::test_extract_imports_empty_file PASSED [ 60%]
src/codomyrmex/tests/unit/maintenance/test_maintenance.py::TestDependencyAnalyzerExtractImports::test_extract_imports_import_from_statement PASSED [ 60%]
src/codomyrmex/tests/unit/maintenance/test_maintenance.py::TestDependencyAnalyzerExtractImports::test_extract_imports_direct_import PASSED [ 60%]
src/codomyrmex/tests/unit/maintenance/test_maintenance.py::TestDependencyAnalyzerExtractImports::test_extract_imports_multiple_imports_same_module PASSED [ 60%]
src/codomyrmex/tests/unit/maintenance/test_maintenance.py::TestDependencyAnalyzerExtractImports::test_extract_imports_aliased_import PASSED [ 60%]
src/codomyrmex/tests/unit/maintenance/test_maintenance.py::TestDependencyAnalyzerScanModule::test_scan_module_nonexistent PASSED [ 60%]
src/codomyrmex/tests/unit/maintenance/test_maintenance.py::TestDependencyAnalyzerScanModule::test_scan_module_adds_to_modules PASSED [ 60%]
src/codomyrmex/tests/unit/maintenance/test_maintenance.py::TestDependencyAnalyzerScanModule::test_scan_module_records_imports PASSED [ 60%]
src/codomyrmex/tests/unit/maintenance/test_maintenance.py::TestDependencyAnalyzerScanModule::test_scan_module_idempotent PASSED [ 60%]
src/codomyrmex/tests/unit/maintenance/test_maintenance.py::TestDependencyAnalyzerScanAll::test_scan_all_modules PASSED [ 60%]
src/codomyrmex/tests/unit/maintenance/test_maintenance.py::TestDependencyAnalyzerScanAll::test_scan_all_modules_populates_imports PASSED [ 60%]
src/codomyrmex/tests/unit/maintenance/test_maintenance.py::TestDependencyAnalyzerCircularDeps::test_detect_circular_dependencies_empty PASSED [ 60%]
src/codomyrmex/tests/unit/maintenance/test_maintenance.py::TestDependencyAnalyzerCircularDeps::test_detect_circular_dependencies_returns_list PASSED [ 60%]
src/codomyrmex/tests/unit/maintenance/test_maintenance.py::TestDependencyAnalyzerCircularDeps::test_detect_circular_dependencies_stores_result PASSED [ 60%]
src/codomyrmex/tests/unit/maintenance/test_maintenance.py::TestDependencyAnalyzerValidateHierarchy::test_validate_hierarchy_returns_list PASSED [ 60%]
src/codomyrmex/tests/unit/maintenance/test_maintenance.py::TestDependencyAnalyzerValidateHierarchy::test_validate_hierarchy_violation_format PASSED [ 60%]
src/codomyrmex/tests/unit/maintenance/test_maintenance.py::TestDependencyAnalyzerValidateHierarchy::test_validate_hierarchy_stores_violations PASSED [ 60%]
src/codomyrmex/tests/unit/maintenance/test_maintenance.py::TestDependencyAnalyzerReports::test_generate_report_format PASSED [ 60%]
src/codomyrmex/tests/unit/maintenance/test_maintenance.py::TestDependencyAnalyzerReports::test_generate_mermaid_graph PASSED [ 60%]
src/codomyrmex/tests/unit/maintenance/test_maintenance.py::TestDependencyAnalyzerReports::test_generate_report_with_no_issues PASSED [ 60%]
src/codomyrmex/tests/unit/maintenance/test_maintenance.py::TestDependencyAnalyzerAnalyze::test_analyze_returns_dict PASSED [ 60%]
src/codomyrmex/tests/unit/maintenance/test_maintenance.py::TestDependencyAnalyzerAnalyze::test_analyze_contains_expected_keys PASSED [ 60%]
src/codomyrmex/tests/unit/maintenance/test_maintenance.py::TestDependencyAnalyzerAnalyze::test_analyze_summary_structure PASSED [ 60%]
src/codomyrmex/tests/unit/maintenance/test_maintenance.py::TestDependencyAnalyzerAnalyze::test_analyze_modules_is_list PASSED [ 60%]
src/codomyrmex/tests/unit/maintenance/test_maintenance.py::TestDependencyAnalyzerAnalyze::test_analyze_imports_is_dict PASSED [ 60%]
src/codomyrmex/tests/unit/maintenance/test_maintenance.py::TestDependencyChecker::test_check_python_version_returns_dict PASSED [ 60%]
src/codomyrmex/tests/unit/maintenance/test_maintenance.py::TestDependencyChecker::test_check_python_version_has_version PASSED [ 60%]
src/codomyrmex/tests/unit/maintenance/test_maintenance.py::TestDependencyChecker::test_check_python_version_meets_requirement PASSED [ 60%]
src/codomyrmex/tests/unit/maintenance/test_maintenance.py::TestDependencyChecker::test_check_dependencies_returns_dict PASSED [ 60%]
src/codomyrmex/tests/unit/maintenance/test_maintenance.py::TestDependencyChecker::test_check_dependencies_has_status PASSED [ 60%]
src/codomyrmex/tests/unit/maintenance/test_maintenance.py::TestAnalyzeProjectStructure::test_returns_dict PASSED [ 60%]
src/codomyrmex/tests/unit/maintenance/test_maintenance.py::TestAnalyzeProjectStructure::test_contains_directories PASSED [ 60%]
src/codomyrmex/tests/unit/maintenance/test_maintenance.py::TestAnalyzeProjectStructure::test_contains_file_types PASSED [ 60%]
src/codomyrmex/tests/unit/maintenance/test_maintenance.py::TestAnalyzeProjectStructure::test_contains_total_size PASSED [ 60%]
src/codomyrmex/tests/unit/maintenance/test_maintenance.py::TestAnalyzeProjectStructure::test_file_types_categorized PASSED [ 60%]
src/codomyrmex/tests/unit/maintenance/test_maintenance.py::TestAnalyzeProjectStructure::test_directories_is_dict PASSED [ 60%]
src/codomyrmex/tests/unit/maintenance/test_maintenance.py::TestAnalyzeDependencies::test_returns_dict PASSED [ 60%]
src/codomyrmex/tests/unit/maintenance/test_maintenance.py::TestAnalyzeDependencies::test_contains_python_requires PASSED [ 60%]
src/codomyrmex/tests/unit/maintenance/test_maintenance.py::TestAnalyzeDependencies::test_contains_main_dependencies PASSED [ 60%]
src/codomyrmex/tests/unit/maintenance/test_maintenance.py::TestAnalyzeDependencies::test_contains_dev_dependencies PASSED [ 60%]
src/codomyrmex/tests/unit/maintenance/test_maintenance.py::TestAnalyzeDependencies::test_total_count_computed PASSED [ 60%]
src/codomyrmex/tests/unit/maintenance/test_maintenance.py::TestAnalyzeDependencies::test_main_dependencies_are_strings PASSED [ 60%]
src/codomyrmex/tests/unit/maintenance/test_maintenance.py::TestAnalyzeCodeQuality::test_returns_dict PASSED [ 60%]
src/codomyrmex/tests/unit/maintenance/test_maintenance.py::TestAnalyzeCodeQuality::test_counts_python_files PASSED [ 60%]
src/codomyrmex/tests/unit/maintenance/test_maintenance.py::TestAnalyzeCodeQuality::test_counts_test_files PASSED [ 60%]
src/codomyrmex/tests/unit/maintenance/test_maintenance.py::TestAnalyzeCodeQuality::test_counts_documentation_files PASSED [ 60%]
src/codomyrmex/tests/unit/maintenance/test_maintenance.py::TestAnalyzeCodeQuality::test_checks_for_tests PASSED [ 60%]
src/codomyrmex/tests/unit/maintenance/test_maintenance.py::TestAnalyzeCodeQuality::test_checks_for_ci PASSED [ 60%]
src/codomyrmex/tests/unit/maintenance/test_maintenance.py::TestAnalyzeCodeQuality::test_checks_for_linting PASSED [ 60%]
src/codomyrmex/tests/unit/maintenance/test_maintenance.py::TestAnalyzeCodeQuality::test_positive_file_counts PASSED [ 60%]
src/codomyrmex/tests/unit/maintenance/test_maintenance.py::TestGenerateReport::test_generates_string_report PASSED [ 60%]
src/codomyrmex/tests/unit/maintenance/test_maintenance.py::TestGenerateReport::test_report_contains_sections PASSED [ 60%]
src/codomyrmex/tests/unit/maintenance/test_maintenance.py::TestGenerateReport::test_report_recommendations_when_missing PASSED [ 60%]
src/codomyrmex/tests/unit/maintenance/test_maintenance.py::TestGenerateReport::test_report_no_recommendations_when_complete PASSED [ 60%]
src/codomyrmex/tests/unit/maintenance/test_maintenance.py::TestDependencyConsolidator::test_parse_requirements_file_empty PASSED [ 60%]
src/codomyrmex/tests/unit/maintenance/test_maintenance.py::TestDependencyConsolidator::test_parse_requirements_file_nonexistent PASSED [ 60%]
src/codomyrmex/tests/unit/maintenance/test_maintenance.py::TestDependencyConsolidator::test_parse_requirements_file_with_packages PASSED [ 60%]
src/codomyrmex/tests/unit/maintenance/test_maintenance.py::TestDependencyConsolidator::test_parse_requirements_file_with_comments PASSED [ 60%]
src/codomyrmex/tests/unit/maintenance/test_maintenance.py::TestDependencyConsolidator::test_find_all_requirements_files PASSED [ 60%]
src/codomyrmex/tests/unit/maintenance/test_maintenance.py::TestDependencyConsolidator::test_generate_deprecation_notice PASSED [ 60%]
src/codomyrmex/tests/unit/maintenance/test_maintenance.py::TestDeprecationNotice::test_get_module_name_from_path PASSED [ 60%]
src/codomyrmex/tests/unit/maintenance/test_maintenance.py::TestDeprecationNotice::test_get_module_name_unknown PASSED [ 60%]
src/codomyrmex/tests/unit/maintenance/test_maintenance.py::TestDeprecationNotice::test_get_dependency_location_optional PASSED [ 60%]
src/codomyrmex/tests/unit/maintenance/test_maintenance.py::TestDeprecationNotice::test_get_dependency_location_main PASSED [ 60%]
src/codomyrmex/tests/unit/maintenance/test_maintenance.py::TestMaintenanceIntegration::test_full_project_analysis_workflow PASSED [ 60%]
src/codomyrmex/tests/unit/maintenance/test_maintenance.py::TestMaintenanceIntegration::test_dependency_analyzer_full_workflow PASSED [ 60%]
src/codomyrmex/tests/unit/maintenance/test_maintenance.py::TestMaintenanceIntegration::test_all_analysis_functions_return_consistent_types PASSED [ 60%]
src/codomyrmex/tests/unit/maintenance/test_maintenance.py::TestAllowedDependencies::test_foundation_layer_no_deps PASSED [ 60%]
src/codomyrmex/tests/unit/maintenance/test_maintenance.py::TestAllowedDependencies::test_analysis_layer_deps PASSED [ 60%]
src/codomyrmex/tests/unit/maintenance/test_maintenance.py::TestAllowedDependencies::test_build_layer_deps PASSED [ 61%]
src/codomyrmex/tests/unit/maintenance/test_maintenance.py::TestAllowedDependencies::test_allowed_dependencies_are_sets PASSED [ 61%]
src/codomyrmex/tests/unit/maintenance/test_maintenance.py::TestMaintenanceEdgeCases::test_analyzer_with_empty_project PASSED [ 61%]
src/codomyrmex/tests/unit/maintenance/test_maintenance.py::TestMaintenanceEdgeCases::test_extract_imports_with_try_except PASSED [ 61%]
src/codomyrmex/tests/unit/maintenance/test_maintenance.py::TestMaintenanceEdgeCases::test_extract_imports_conditional PASSED [ 61%]
src/codomyrmex/tests/unit/maintenance/test_maintenance.py::TestMaintenanceEdgeCases::test_generate_report_handles_empty_inputs PASSED [ 61%]
src/codomyrmex/tests/unit/market/test_market.py::TestBid::test_bid_creation PASSED [ 61%]
src/codomyrmex/tests/unit/market/test_market.py::TestBid::test_bid_fields_are_set PASSED [ 61%]
src/codomyrmex/tests/unit/market/test_market.py::TestAuctionRequest::test_auction_request_creation PASSED [ 61%]
src/codomyrmex/tests/unit/market/test_market.py::TestAuctionRequest::test_auction_request_defaults PASSED [ 61%]
src/codomyrmex/tests/unit/market/test_market.py::TestReverseAuction::test_create_request PASSED [ 61%]
src/codomyrmex/tests/unit/market/test_market.py::TestReverseAuction::test_place_bid_success PASSED [ 61%]
src/codomyrmex/tests/unit/market/test_market.py::TestReverseAuction::test_place_bid_nonexistent_auction PASSED [ 61%]
src/codomyrmex/tests/unit/market/test_market.py::TestReverseAuction::test_bid_exceeds_max_price PASSED [ 61%]
src/codomyrmex/tests/unit/market/test_market.py::TestReverseAuction::test_get_best_bid PASSED [ 61%]
src/codomyrmex/tests/unit/market/test_market.py::TestReverseAuction::test_get_best_bid_no_bids PASSED [ 61%]
src/codomyrmex/tests/unit/market/test_market.py::TestReverseAuction::test_get_best_bid_nonexistent PASSED [ 61%]
src/codomyrmex/tests/unit/market/test_market.py::TestReverseAuction::test_close_auction PASSED [ 61%]
src/codomyrmex/tests/unit/market/test_market.py::TestReverseAuction::test_close_auction_wrong_owner PASSED [ 61%]
src/codomyrmex/tests/unit/market/test_market.py::TestReverseAuction::test_cancel_auction PASSED [ 61%]
src/codomyrmex/tests/unit/market/test_market.py::TestReverseAuction::test_cancel_closed_auction_fails PASSED [ 61%]
src/codomyrmex/tests/unit/market/test_market.py::TestReverseAuction::test_bid_on_closed_auction_fails PASSED [ 61%]
src/codomyrmex/tests/unit/market/test_market.py::TestReverseAuction::test_get_history PASSED [ 61%]
src/codomyrmex/tests/unit/market/test_market.py::TestDemandAggregator::test_aggregator_init PASSED [ 61%]
src/codomyrmex/tests/unit/market/test_market.py::TestDemandAggregator::test_register_interest PASSED [ 61%]
src/codomyrmex/tests/unit/market/test_market.py::TestDemandAggregator::test_threshold_not_met PASSED [ 61%]
src/codomyrmex/tests/unit/market/test_market.py::TestDemandAggregator::test_threshold_trigger PASSED [ 61%]
src/codomyrmex/tests/unit/market/test_market.py::TestDemandAggregator::test_bulk_discount_applied PASSED [ 61%]
src/codomyrmex/tests/unit/market/test_market.py::TestDemandAggregator::test_trigger_nonexistent_category PASSED [ 61%]
src/codomyrmex/tests/unit/market/test_market_extended.py::test_reverse_auction_lifecycle PASSED [ 61%]
src/codomyrmex/tests/unit/market/test_market_extended.py::test_demand_aggregation PASSED [ 61%]
src/codomyrmex/tests/unit/mcp/test_api_versioning.py::TestAPIVersion::test_parse PASSED [ 61%]
src/codomyrmex/tests/unit/mcp/test_api_versioning.py::TestAPIVersion::test_ordering PASSED [ 61%]
src/codomyrmex/tests/unit/mcp/test_api_versioning.py::TestAPIVersion::test_compatibility PASSED [ 61%]
src/codomyrmex/tests/unit/mcp/test_api_versioning.py::TestAPIVersion::test_str PASSED [ 61%]
src/codomyrmex/tests/unit/mcp/test_api_versioning.py::TestDecorators::test_versioned PASSED [ 61%]
src/codomyrmex/tests/unit/mcp/test_api_versioning.py::TestDecorators::test_deprecated_warns PASSED [ 61%]
src/codomyrmex/tests/unit/mcp/test_api_versioning.py::TestVersionRegistry::test_register_and_get PASSED [ 61%]
src/codomyrmex/tests/unit/mcp/test_api_versioning.py::TestVersionRegistry::test_deprecate PASSED [ 61%]
src/codomyrmex/tests/unit/mcp/test_api_versioning.py::TestVersionRegistry::test_list_deprecated PASSED [ 61%]
src/codomyrmex/tests/unit/mcp/test_api_versioning.py::TestVersionRegistry::test_migration_guide PASSED [ 61%]
src/codomyrmex/tests/unit/mcp/test_api_versioning.py::TestVersionRegistry::test_markdown_output PASSED [ 61%]
src/codomyrmex/tests/unit/mcp/test_api_versioning.py::TestCompatShimGenerator::test_shim_forwards_call PASSED [ 61%]
src/codomyrmex/tests/unit/mcp/test_api_versioning.py::TestCompatShimGenerator::test_param_rename PASSED [ 61%]
src/codomyrmex/tests/unit/mcp/test_api_versioning.py::TestCompatShimGenerator::test_translate_params PASSED [ 61%]
src/codomyrmex/tests/unit/mcp/test_circuit_breaker.py::test_initial_state_is_closed PASSED [ 61%]
src/codomyrmex/tests/unit/mcp/test_circuit_breaker.py::test_stays_closed_under_threshold PASSED [ 61%]
src/codomyrmex/tests/unit/mcp/test_circuit_breaker.py::test_opens_at_failure_threshold PASSED [ 61%]
src/codomyrmex/tests/unit/mcp/test_circuit_breaker.py::test_success_resets_failure_count PASSED [ 61%]
src/codomyrmex/tests/unit/mcp/test_circuit_breaker.py::test_open_transitions_to_half_open_after_timeout PASSED [ 61%]
src/codomyrmex/tests/unit/mcp/test_circuit_breaker.py::test_half_open_closes_after_success_threshold PASSED [ 61%]
src/codomyrmex/tests/unit/mcp/test_circuit_breaker.py::test_half_open_reopens_on_failure PASSED [ 61%]
src/codomyrmex/tests/unit/mcp/test_circuit_breaker.py::test_manual_reset PASSED [ 61%]
src/codomyrmex/tests/unit/mcp/test_circuit_breaker.py::test_check_state_raises_when_open PASSED [ 61%]
src/codomyrmex/tests/unit/mcp/test_circuit_breaker.py::test_context_manager_records_success PASSED [ 61%]
src/codomyrmex/tests/unit/mcp/test_circuit_breaker.py::test_context_manager_records_failure PASSED [ 61%]
src/codomyrmex/tests/unit/mcp/test_circuit_breaker.py::test_context_manager_rejects_when_open PASSED [ 61%]
src/codomyrmex/tests/unit/mcp/test_circuit_breaker.py::test_execute_awaitable PASSED [ 61%]
src/codomyrmex/tests/unit/mcp/test_circuit_breaker.py::test_metrics_structure PASSED [ 61%]
src/codomyrmex/tests/unit/mcp/test_circuit_breaker.py::test_get_circuit_breaker_returns_same_instance PASSED [ 61%]
src/codomyrmex/tests/unit/mcp/test_circuit_breaker.py::test_get_all_metrics_returns_list PASSED [ 61%]
src/codomyrmex/tests/unit/mcp/test_circuit_breaker.py::test_reset_all_circuits PASSED [ 61%]
src/codomyrmex/tests/unit/mcp/test_event_bridge.py::TestBasicSubscription::test_captures_workflow_event PASSED [ 61%]
src/codomyrmex/tests/unit/mcp/test_event_bridge.py::TestBasicSubscription::test_captures_task_event PASSED [ 61%]
src/codomyrmex/tests/unit/mcp/test_event_bridge.py::TestBasicSubscription::test_captures_multiple_event_types PASSED [ 61%]
src/codomyrmex/tests/unit/mcp/test_event_bridge.py::TestStructuredOutput::test_event_contains_required_fields PASSED [ 61%]
src/codomyrmex/tests/unit/mcp/test_event_bridge.py::TestStructuredOutput::test_event_type_is_string_value PASSED [ 61%]
src/codomyrmex/tests/unit/mcp/test_event_bridge.py::TestCorrelationId::test_correlation_id_extracted_from_data PASSED [ 61%]
src/codomyrmex/tests/unit/mcp/test_event_bridge.py::TestCorrelationId::test_no_correlation_id_when_absent PASSED [ 61%]
src/codomyrmex/tests/unit/mcp/test_event_bridge.py::TestSchedulerEvents::test_captures_job_scheduled PASSED [ 61%]
src/codomyrmex/tests/unit/mcp/test_event_bridge.py::TestSchedulerEvents::test_captures_job_completed_and_failed PASSED [ 61%]
src/codomyrmex/tests/unit/mcp/test_event_bridge.py::TestLifecycle::test_stop_unsubscribes PASSED [ 61%]
src/codomyrmex/tests/unit/mcp/test_event_bridge.py::TestLifecycle::test_is_active_property PASSED [ 61%]
src/codomyrmex/tests/unit/mcp/test_event_bridge.py::TestLifecycle::test_double_start_is_idempotent PASSED [ 61%]
src/codomyrmex/tests/unit/mcp/test_mcp_bridge_errors.py::test_unknown_tool_raises_key_error PASSED [ 61%]
src/codomyrmex/tests/unit/mcp/test_mcp_bridge_errors.py::test_validation_error_on_wrong_type PASSED [ 61%]
src/codomyrmex/tests/unit/mcp/test_mcp_bridge_errors.py::test_execution_error_wrapped_structured PASSED [ 61%]
src/codomyrmex/tests/unit/mcp/test_mcp_bridge_errors.py::test_handler_internal_error_preserved PASSED [ 61%]
src/codomyrmex/tests/unit/mcp/test_mcp_bridge_errors.py::test_list_modules_succeeds PASSED [ 61%]
src/codomyrmex/tests/unit/mcp/test_mcp_bridge_errors.py::test_module_info_succeeds PASSED [ 61%]
src/codomyrmex/tests/unit/mcp/test_mcp_bridge_errors.py::test_structured_error_envelope_has_required_fields PASSED [ 61%]
src/codomyrmex/tests/unit/mcp/test_mcp_bridge_errors.py::test_server_call_tool_validation_error PASSED [ 61%]
src/codomyrmex/tests/unit/mcp/test_mcp_bridge_errors.py::test_server_call_tool_not_found PASSED [ 61%]
src/codomyrmex/tests/unit/mcp/test_mcp_bridge_errors.py::test_server_call_tool_success PASSED [ 61%]
src/codomyrmex/tests/unit/mcp/test_mcp_bridge_errors.py::test_server_coerces_str_to_int PASSED [ 61%]
src/codomyrmex/tests/unit/mcp/test_mcp_client.py::TestMCPClientLifecycle::test_initialize PASSED [ 61%]
src/codomyrmex/tests/unit/mcp/test_mcp_client.py::TestMCPClientLifecycle::test_close PASSED [ 61%]
src/codomyrmex/tests/unit/mcp/test_mcp_client.py::TestMCPClientTools::test_list_tools PASSED [ 61%]
src/codomyrmex/tests/unit/mcp/test_mcp_client.py::TestMCPClientTools::test_call_tool_echo PASSED [ 61%]
src/codomyrmex/tests/unit/mcp/test_mcp_client.py::TestMCPClientTools::test_call_tool_add PASSED [ 61%]
src/codomyrmex/tests/unit/mcp/test_mcp_client.py::TestMCPClientResources::test_list_resources PASSED [ 61%]
src/codomyrmex/tests/unit/mcp/test_mcp_client.py::TestMCPClientResources::test_read_resource PASSED [ 61%]
src/codomyrmex/tests/unit/mcp/test_mcp_client.py::TestMCPClientPrompts::test_list_prompts PASSED [ 61%]
src/codomyrmex/tests/unit/mcp/test_mcp_client.py::TestMCPClientPrompts::test_get_prompt PASSED [ 61%]
src/codomyrmex/tests/unit/mcp/test_mcp_concurrent_tools.py::TestConcurrentCallTool::test_50_concurrent_executions PASSED [ 61%]
src/codomyrmex/tests/unit/mcp/test_mcp_concurrent_tools.py::TestConcurrentCallTool::test_concurrent_executions_return_correct_data PASSED [ 61%]
src/codomyrmex/tests/unit/mcp/test_mcp_concurrent_tools.py::TestConcurrentRegistrations::test_20_concurrent_registrations PASSED [ 61%]
src/codomyrmex/tests/unit/mcp/test_mcp_concurrent_tools.py::TestConcurrentRegistrations::test_concurrent_register_and_unregister PASSED [ 61%]
src/codomyrmex/tests/unit/mcp/test_mcp_concurrent_tools.py::TestMixedReadWrite::test_mixed_register_list_execute PASSED [ 62%]
src/codomyrmex/tests/unit/mcp/test_mcp_concurrent_tools.py::TestAsyncConcurrentServer::test_concurrent_async_call_tool PASSED [ 62%]
src/codomyrmex/tests/unit/mcp/test_mcp_concurrent_tools.py::TestAsyncConcurrentServer::test_concurrent_call_with_missing_tool PASSED [ 62%]
src/codomyrmex/tests/unit/mcp/test_mcp_discovery.py::TestMCPToolDiscovery::test_all_mcp_modules_importable PASSED [ 62%]
src/codomyrmex/tests/unit/mcp/test_mcp_discovery.py::TestMCPToolDiscovery::test_each_module_has_tools PASSED [ 62%]
src/codomyrmex/tests/unit/mcp/test_mcp_discovery.py::TestMCPToolDiscovery::test_tool_count_by_module PASSED [ 62%]
src/codomyrmex/tests/unit/mcp/test_mcp_discovery.py::TestMCPToolDiscovery::test_no_duplicate_tool_names PASSED [ 62%]
src/codomyrmex/tests/unit/mcp/test_mcp_discovery.py::TestMCPToolDiscovery::test_all_tools_have_description PASSED [ 62%]
src/codomyrmex/tests/unit/mcp/test_mcp_discovery.py::TestMCPToolDiscovery::test_all_tools_have_category PASSED [ 62%]
src/codomyrmex/tests/unit/mcp/test_mcp_discovery.py::TestMCPToolDiscovery::test_total_tool_count PASSED [ 62%]
src/codomyrmex/tests/unit/mcp/test_mcp_discovery_cache.py::TestTTLCacheGlobals::test_cache_starts_none PASSED [ 62%]
src/codomyrmex/tests/unit/mcp/test_mcp_discovery_cache.py::TestTTLCacheGlobals::test_cache_lock_is_threading_lock PASSED [ 62%]
src/codomyrmex/tests/unit/mcp/test_mcp_discovery_cache.py::TestTTLCacheGlobals::test_default_ttl_is_positive PASSED [ 62%]
src/codomyrmex/tests/unit/mcp/test_mcp_discovery_cache.py::TestInvalidateToolCache::test_invalidate_clears_cache PASSED [ 62%]
src/codomyrmex/tests/unit/mcp/test_mcp_discovery_cache.py::TestInvalidateToolCache::test_invalidate_is_idempotent PASSED [ 62%]
src/codomyrmex/tests/unit/mcp/test_mcp_discovery_cache.py::TestCacheTTLBehavior::test_expired_cache_is_rebuilt PASSED [ 62%]
src/codomyrmex/tests/unit/mcp/test_mcp_discovery_cache.py::TestCacheTTLBehavior::test_active_cache_is_not_expired PASSED [ 62%]
src/codomyrmex/tests/unit/mcp/test_mcp_discovery_cache.py::TestWarmUpConfig::test_warm_up_default_true PASSED [ 62%]
src/codomyrmex/tests/unit/mcp/test_mcp_discovery_cache.py::TestWarmUpConfig::test_warm_up_can_be_disabled PASSED [ 62%]
src/codomyrmex/tests/unit/mcp/test_mcp_discovery_engine.py::TestMCPDiscoveryEngineInstantiation::test_creates_with_empty_state PASSED [ 62%]
src/codomyrmex/tests/unit/mcp/test_mcp_discovery_engine.py::TestMCPDiscoveryEngineInstantiation::test_get_tool_returns_none_for_unknown PASSED [ 62%]
src/codomyrmex/tests/unit/mcp/test_mcp_discovery_engine.py::TestErrorIsolatedScanning::test_scan_nonexistent_package_returns_failed_module PASSED [ 62%]
src/codomyrmex/tests/unit/mcp/test_mcp_discovery_engine.py::TestErrorIsolatedScanning::test_scan_nonexistent_records_timing PASSED [ 62%]
src/codomyrmex/tests/unit/mcp/test_mcp_discovery_engine.py::TestErrorIsolatedScanning::test_scan_real_package_returns_report PASSED [ 62%]
src/codomyrmex/tests/unit/mcp/test_mcp_discovery_engine.py::TestErrorIsolatedScanning::test_scan_package_populates_engine PASSED [ 62%]
src/codomyrmex/tests/unit/mcp/test_mcp_discovery_engine.py::TestErrorIsolatedScanning::test_broken_submodule_does_not_crash_scan PASSED [ 62%]
src/codomyrmex/tests/unit/mcp/test_mcp_discovery_engine.py::TestIncrementalScanning::test_scan_single_module PASSED [ 62%]
src/codomyrmex/tests/unit/mcp/test_mcp_discovery_engine.py::TestIncrementalScanning::test_scan_nonexistent_module PASSED [ 62%]
src/codomyrmex/tests/unit/mcp/test_mcp_discovery_engine.py::TestIncrementalScanning::test_incremental_scan_merges_tools PASSED [ 62%]
src/codomyrmex/tests/unit/mcp/test_mcp_discovery_engine.py::TestIncrementalScanning::test_scan_module_records_timing PASSED [ 62%]
src/codomyrmex/tests/unit/mcp/test_mcp_discovery_engine.py::TestDiscoveryMetrics::test_initial_metrics_are_zeroed PASSED [ 62%]
src/codomyrmex/tests/unit/mcp/test_mcp_discovery_engine.py::TestDiscoveryMetrics::test_metrics_update_after_scan PASSED [ 62%]
src/codomyrmex/tests/unit/mcp/test_mcp_discovery_engine.py::TestDiscoveryMetrics::test_cache_hit_tracking PASSED [ 62%]
src/codomyrmex/tests/unit/mcp/test_mcp_discovery_engine.py::TestDiscoveryMetrics::test_failed_modules_in_metrics PASSED [ 62%]
src/codomyrmex/tests/unit/mcp/test_mcp_discovery_engine.py::TestDiscoveryReportStructure::test_default_factory PASSED [ 62%]
src/codomyrmex/tests/unit/mcp/test_mcp_discovery_engine.py::TestDiscoveryReportStructure::test_failed_module_fields PASSED [ 62%]
src/codomyrmex/tests/unit/mcp/test_mcp_discovery_metrics.py::TestDiscoveryMetricsDataclass::test_default_values PASSED [ 62%]
src/codomyrmex/tests/unit/mcp/test_mcp_discovery_metrics.py::TestDiscoveryMetricsDataclass::test_custom_values PASSED [ 62%]
src/codomyrmex/tests/unit/mcp/test_mcp_discovery_metrics.py::TestMetricsViaEngine::test_fresh_engine_metrics PASSED [ 62%]
src/codomyrmex/tests/unit/mcp/test_mcp_discovery_metrics.py::TestMetricsViaEngine::test_scan_updates_metrics PASSED [ 62%]
src/codomyrmex/tests/unit/mcp/test_mcp_discovery_metrics.py::TestMetricsViaEngine::test_cache_hit_increments_in_metrics PASSED [ 62%]
src/codomyrmex/tests/unit/mcp/test_mcp_discovery_metrics.py::TestMetricsViaEngine::test_metrics_reflect_tool_count PASSED [ 62%]
src/codomyrmex/tests/unit/mcp/test_mcp_discovery_metrics.py::TestMetricsSerialisation::test_metrics_are_json_serialisable PASSED [ 62%]
src/codomyrmex/tests/unit/mcp/test_mcp_discovery_metrics.py::TestStreamThreeExports::test_import_from_mcp_package PASSED [ 62%]
src/codomyrmex/tests/unit/mcp/test_mcp_error_envelope.py::TestMCPToolError::test_create_with_defaults PASSED [ 62%]
src/codomyrmex/tests/unit/mcp/test_mcp_error_envelope.py::TestMCPToolError::test_correlation_id_unique PASSED [ 62%]
src/codomyrmex/tests/unit/mcp/test_mcp_error_envelope.py::TestMCPToolError::test_all_error_codes PASSED [ 62%]
src/codomyrmex/tests/unit/mcp/test_mcp_error_envelope.py::TestSerialisation::test_to_dict_minimal PASSED [ 62%]
src/codomyrmex/tests/unit/mcp/test_mcp_error_envelope.py::TestSerialisation::test_to_dict_full PASSED [ 62%]
src/codomyrmex/tests/unit/mcp/test_mcp_error_envelope.py::TestSerialisation::test_to_json_roundtrip PASSED [ 62%]
src/codomyrmex/tests/unit/mcp/test_mcp_error_envelope.py::TestSerialisation::test_from_dict PASSED [ 62%]
src/codomyrmex/tests/unit/mcp/test_mcp_error_envelope.py::TestSerialisation::test_field_error_serialises PASSED [ 62%]
src/codomyrmex/tests/unit/mcp/test_mcp_error_envelope.py::TestMCPResponse::test_to_mcp_response_shape PASSED [ 62%]
src/codomyrmex/tests/unit/mcp/test_mcp_error_envelope.py::TestMCPResponse::test_from_mcp_response_structured PASSED [ 62%]
src/codomyrmex/tests/unit/mcp/test_mcp_error_envelope.py::TestMCPResponse::test_from_mcp_response_legacy_unstructured PASSED [ 62%]
src/codomyrmex/tests/unit/mcp/test_mcp_error_envelope.py::TestMCPResponse::test_from_mcp_response_non_error_returns_none PASSED [ 62%]
src/codomyrmex/tests/unit/mcp/test_mcp_error_envelope.py::TestConvenienceConstructors::test_validation_error PASSED [ 62%]
src/codomyrmex/tests/unit/mcp/test_mcp_error_envelope.py::TestConvenienceConstructors::test_not_found_error PASSED [ 62%]
src/codomyrmex/tests/unit/mcp/test_mcp_error_envelope.py::TestConvenienceConstructors::test_timeout_error PASSED [ 62%]
src/codomyrmex/tests/unit/mcp/test_mcp_error_envelope.py::TestConvenienceConstructors::test_execution_error PASSED [ 62%]
src/codomyrmex/tests/unit/mcp/test_mcp_http_and_errors.py::TestMCPHTTPTransport::test_http_initialize PASSED [ 62%]
src/codomyrmex/tests/unit/mcp/test_mcp_http_and_errors.py::TestMCPHTTPTransport::test_http_list_tools PASSED [ 62%]
src/codomyrmex/tests/unit/mcp/test_mcp_http_and_errors.py::TestMCPHTTPTransport::test_http_call_tool PASSED [ 62%]
src/codomyrmex/tests/unit/mcp/test_mcp_http_and_errors.py::TestMCPHTTPTransport::test_http_list_resources PASSED [ 62%]
src/codomyrmex/tests/unit/mcp/test_mcp_http_and_errors.py::TestMCPHTTPTransport::test_http_read_resource PASSED [ 62%]
src/codomyrmex/tests/unit/mcp/test_mcp_http_and_errors.py::TestMCPClientErrorHandling::test_rpc_error_raises_mcp_client_error PASSED [ 62%]
src/codomyrmex/tests/unit/mcp/test_mcp_http_and_errors.py::TestMCPClientErrorHandling::test_rpc_error_contains_method_name PASSED [ 62%]
src/codomyrmex/tests/unit/mcp/test_mcp_http_and_errors.py::TestMCPClientErrorHandling::test_call_tool_error PASSED [ 62%]
src/codomyrmex/tests/unit/mcp/test_mcp_http_and_errors.py::TestMCPClientErrorHandling::test_transport_error_retried_and_wrapped PASSED [ 62%]
src/codomyrmex/tests/unit/mcp/test_mcp_http_and_errors.py::TestMCPClientErrorHandling::test_close_without_transport PASSED [ 62%]
src/codomyrmex/tests/unit/mcp/test_mcp_http_and_errors.py::TestMCPClientErrorHandling::test_close_resets_state PASSED [ 62%]
src/codomyrmex/tests/unit/mcp/test_mcp_http_and_errors.py::TestMCPClientTimeout::test_timeout_on_initialize PASSED [ 62%]
src/codomyrmex/tests/unit/mcp/test_mcp_http_and_errors.py::TestMCPClientTimeout::test_timeout_on_call_tool PASSED [ 62%]
src/codomyrmex/tests/unit/mcp/test_mcp_http_and_errors.py::TestMCPClientTimeout::test_timeout_on_list_tools PASSED [ 62%]
src/codomyrmex/tests/unit/mcp/test_mcp_http_and_errors.py::TestMCPClientTimeout::test_timeout_recorded_by_transport PASSED [ 62%]
src/codomyrmex/tests/unit/mcp/test_mcp_http_and_errors.py::TestMCPClientConcurrency::test_concurrent_call_tool PASSED [ 62%]
src/codomyrmex/tests/unit/mcp/test_mcp_observability.py::TestBasicCounters::test_single_tool_call_increments PASSED [ 62%]
src/codomyrmex/tests/unit/mcp/test_mcp_observability.py::TestBasicCounters::test_multiple_tool_calls PASSED [ 62%]
src/codomyrmex/tests/unit/mcp/test_mcp_observability.py::TestBasicCounters::test_error_counting PASSED [ 62%]
src/codomyrmex/tests/unit/mcp/test_mcp_observability.py::TestDurationTracking::test_total_duration PASSED [ 62%]
src/codomyrmex/tests/unit/mcp/test_mcp_observability.py::TestDurationTracking::test_average_duration PASSED [ 62%]
src/codomyrmex/tests/unit/mcp/test_mcp_observability.py::TestDurationTracking::test_start_returns_timestamp PASSED [ 62%]
src/codomyrmex/tests/unit/mcp/test_mcp_observability.py::TestMetricsResource::test_get_metrics_json PASSED [ 62%]
src/codomyrmex/tests/unit/mcp/test_mcp_observability.py::TestMetricsResource::test_get_tool_metrics PASSED [ 62%]
src/codomyrmex/tests/unit/mcp/test_mcp_observability.py::TestMetricsResource::test_nonexistent_tool_returns_none PASSED [ 62%]
src/codomyrmex/tests/unit/mcp/test_mcp_observability.py::TestReset::test_reset_clears_all_counters PASSED [ 62%]
src/codomyrmex/tests/unit/mcp/test_mcp_observability.py::TestSingleton::test_get_mcp_observability_hooks_returns_same_instance PASSED [ 62%]
src/codomyrmex/tests/unit/mcp/test_mcp_observability.py::TestStructuredJsonToggle::test_enable_structured_json_adds_handler PASSED [ 62%]
src/codomyrmex/tests/unit/mcp/test_mcp_observability.py::TestStructuredJsonToggle::test_enable_structured_json_converts_existing_handler PASSED [ 62%]
src/codomyrmex/tests/unit/mcp/test_mcp_observability.py::TestStructuredJsonToggle::test_configure_all_structured PASSED [ 62%]
src/codomyrmex/tests/unit/mcp/test_mcp_smoke.py::TestMCPToolsImport::test_git_operations_mcp_tools_import PASSED [ 62%]
src/codomyrmex/tests/unit/mcp/test_mcp_smoke.py::TestMCPToolsImport::test_containerization_mcp_tools_import PASSED [ 62%]
src/codomyrmex/tests/unit/mcp/test_mcp_smoke.py::TestMCPToolsImport::test_coding_mcp_tools_import PASSED [ 62%]
src/codomyrmex/tests/unit/mcp/test_mcp_smoke.py::TestMCPToolsImport::test_search_mcp_tools_import PASSED [ 62%]
src/codomyrmex/tests/unit/mcp/test_mcp_smoke.py::TestMCPToolsImport::test_formal_verification_mcp_tools_import PASSED [ 62%]
src/codomyrmex/tests/unit/mcp/test_mcp_smoke.py::TestMCPToolsExecution::test_git_check_availability PASSED [ 62%]
src/codomyrmex/tests/unit/mcp/test_mcp_smoke.py::TestMCPToolsExecution::test_code_list_languages PASSED [ 62%]
src/codomyrmex/tests/unit/mcp/test_mcp_smoke.py::TestMCPToolsExecution::test_container_runtime_status PASSED [ 62%]
src/codomyrmex/tests/unit/mcp/test_mcp_smoke.py::TestMCPToolsExecution::test_git_is_repo PASSED [ 62%]
src/codomyrmex/tests/unit/mcp/test_mcp_smoke.py::TestMCPToolsExecution::test_search_documents PASSED [ 63%]
src/codomyrmex/tests/unit/mcp/test_mcp_smoke.py::TestMCPToolMetadata::test_git_tool_has_metadata PASSED [ 63%]
src/codomyrmex/tests/unit/mcp/test_mcp_smoke.py::TestMCPToolMetadata::test_coding_tool_has_metadata PASSED [ 63%]
src/codomyrmex/tests/unit/mcp/test_mcp_smoke.py::TestMCPToolMetadata::test_search_tool_has_metadata PASSED [ 63%]
src/codomyrmex/tests/unit/mcp/test_mcp_stress.py::TestSequentialThroughput::test_1k_calls_throughput PASSED [ 63%]
src/codomyrmex/tests/unit/mcp/test_mcp_stress.py::TestSequentialThroughput::test_throughput_with_validation PASSED [ 63%]
src/codomyrmex/tests/unit/mcp/test_mcp_stress.py::TestMemoryStability::test_10k_operations_memory_stable PASSED [ 63%]
src/codomyrmex/tests/unit/mcp/test_mcp_stress.py::TestMemoryStability::test_registry_cleanup PASSED [ 63%]
src/codomyrmex/tests/unit/mcp/test_mcp_stress.py::TestMalformedInput::test_missing_tool_name PASSED [ 63%]
src/codomyrmex/tests/unit/mcp/test_mcp_stress.py::TestMalformedInput::test_empty_params PASSED [ 63%]
src/codomyrmex/tests/unit/mcp/test_mcp_stress.py::TestMalformedInput::test_null_arguments PASSED [ 63%]
src/codomyrmex/tests/unit/mcp/test_mcp_stress.py::TestMalformedInput::test_execute_unknown_tool PASSED [ 63%]
src/codomyrmex/tests/unit/mcp/test_mcp_stress.py::TestLargePayloads::test_1mb_argument PASSED [ 63%]
src/codomyrmex/tests/unit/mcp/test_mcp_stress.py::TestLargePayloads::test_deeply_nested_argument PASSED [ 63%]
src/codomyrmex/tests/unit/mcp/test_mcp_stress.py::TestLargePayloads::test_many_arguments PASSED [ 63%]
src/codomyrmex/tests/unit/mcp/test_mcp_taxonomy.py::TestToolCategory::test_category_values PASSED [ 63%]
src/codomyrmex/tests/unit/mcp/test_mcp_taxonomy.py::TestToolCategory::test_analysis_tools[codomyrmex.analyze_file-ToolCategory.ANALYSIS] PASSED [ 63%]
src/codomyrmex/tests/unit/mcp/test_mcp_taxonomy.py::TestToolCategory::test_analysis_tools[codomyrmex.analyze_project-ToolCategory.ANALYSIS] PASSED [ 63%]
src/codomyrmex/tests/unit/mcp/test_mcp_taxonomy.py::TestToolCategory::test_analysis_tools[codomyrmex.code_review_file-ToolCategory.ANALYSIS] PASSED [ 63%]
src/codomyrmex/tests/unit/mcp/test_mcp_taxonomy.py::TestToolCategory::test_analysis_tools[codomyrmex.checksum_file-ToolCategory.ANALYSIS] PASSED [ 63%]
src/codomyrmex/tests/unit/mcp/test_mcp_taxonomy.py::TestToolCategory::test_analysis_tools[codomyrmex.obsidian_vault_stats-ToolCategory.ANALYSIS] PASSED [ 63%]
src/codomyrmex/tests/unit/mcp/test_mcp_taxonomy.py::TestToolCategory::test_generation_tools[codomyrmex.create_bar_chart-ToolCategory.GENERATION] PASSED [ 63%]
src/codomyrmex/tests/unit/mcp/test_mcp_taxonomy.py::TestToolCategory::test_generation_tools[codomyrmex.create_line_plot-ToolCategory.GENERATION] PASSED [ 63%]
src/codomyrmex/tests/unit/mcp/test_mcp_taxonomy.py::TestToolCategory::test_generation_tools[codomyrmex.create_git_branch_diagram-ToolCategory.GENERATION] PASSED [ 63%]
src/codomyrmex/tests/unit/mcp/test_mcp_taxonomy.py::TestToolCategory::test_generation_tools[codomyrmex.generate_documentation-ToolCategory.GENERATION] PASSED [ 63%]
src/codomyrmex/tests/unit/mcp/test_mcp_taxonomy.py::TestToolCategory::test_generation_tools[codomyrmex.create_ascii_art-ToolCategory.GENERATION] PASSED [ 63%]
src/codomyrmex/tests/unit/mcp/test_mcp_taxonomy.py::TestToolCategory::test_execution_tools[codomyrmex.execute_code-ToolCategory.EXECUTION] PASSED [ 63%]
src/codomyrmex/tests/unit/mcp/test_mcp_taxonomy.py::TestToolCategory::test_execution_tools[codomyrmex.code_execute-ToolCategory.EXECUTION] PASSED [ 63%]
src/codomyrmex/tests/unit/mcp/test_mcp_taxonomy.py::TestToolCategory::test_execution_tools[codomyrmex.run_command-ToolCategory.EXECUTION] PASSED [ 63%]
src/codomyrmex/tests/unit/mcp/test_mcp_taxonomy.py::TestToolCategory::test_execution_tools[codomyrmex.run_tests-ToolCategory.EXECUTION] PASSED [ 63%]
src/codomyrmex/tests/unit/mcp/test_mcp_taxonomy.py::TestToolCategory::test_execution_tools[codomyrmex.call_module_function-ToolCategory.EXECUTION] PASSED [ 63%]
src/codomyrmex/tests/unit/mcp/test_mcp_taxonomy.py::TestToolCategory::test_query_tools[codomyrmex.list_modules-ToolCategory.QUERY] PASSED [ 63%]
src/codomyrmex/tests/unit/mcp/test_mcp_taxonomy.py::TestToolCategory::test_query_tools[codomyrmex.get_status-ToolCategory.QUERY] PASSED [ 63%]
src/codomyrmex/tests/unit/mcp/test_mcp_taxonomy.py::TestToolCategory::test_query_tools[codomyrmex.search_codebase-ToolCategory.QUERY] PASSED [ 63%]
src/codomyrmex/tests/unit/mcp/test_mcp_taxonomy.py::TestToolCategory::test_query_tools[codomyrmex.read_file-ToolCategory.QUERY] PASSED [ 63%]
src/codomyrmex/tests/unit/mcp/test_mcp_taxonomy.py::TestToolCategory::test_query_tools[codomyrmex.pai_status-ToolCategory.QUERY] PASSED [ 63%]
src/codomyrmex/tests/unit/mcp/test_mcp_taxonomy.py::TestToolCategory::test_query_tools[codomyrmex.git_diff-ToolCategory.QUERY] PASSED [ 63%]
src/codomyrmex/tests/unit/mcp/test_mcp_taxonomy.py::TestToolCategory::test_query_tools[codomyrmex.obsidian_read_note-ToolCategory.QUERY] PASSED [ 63%]
src/codomyrmex/tests/unit/mcp/test_mcp_taxonomy.py::TestToolCategory::test_mutation_tools[codomyrmex.git_commit-ToolCategory.MUTATION] PASSED [ 63%]
src/codomyrmex/tests/unit/mcp/test_mcp_taxonomy.py::TestToolCategory::test_mutation_tools[codomyrmex.git_push-ToolCategory.MUTATION] PASSED [ 63%]
src/codomyrmex/tests/unit/mcp/test_mcp_taxonomy.py::TestToolCategory::test_mutation_tools[codomyrmex.write_file-ToolCategory.MUTATION] PASSED [ 63%]
src/codomyrmex/tests/unit/mcp/test_mcp_taxonomy.py::TestToolCategory::test_mutation_tools[codomyrmex.obsidian_create_note-ToolCategory.MUTATION] PASSED [ 63%]
src/codomyrmex/tests/unit/mcp/test_mcp_taxonomy.py::TestToolCategory::test_mutation_tools[codomyrmex.obsidian_delete_note-ToolCategory.MUTATION] PASSED [ 63%]
src/codomyrmex/tests/unit/mcp/test_mcp_taxonomy.py::TestToolCategory::test_mutation_tools[codomyrmex.invalidate_cache-ToolCategory.MUTATION] PASSED [ 63%]
src/codomyrmex/tests/unit/mcp/test_mcp_taxonomy.py::TestCategorizeAll::test_categorize_all_returns_dict PASSED [ 63%]
src/codomyrmex/tests/unit/mcp/test_mcp_taxonomy.py::TestCategorizeAll::test_unknown_tool_defaults_to_query PASSED [ 63%]
src/codomyrmex/tests/unit/mcp/test_mcp_taxonomy.py::TestCategorizeAll::test_empty_list PASSED [ 63%]
src/codomyrmex/tests/unit/mcp/test_mcp_taxonomy.py::TestTaxonomyReport::test_report_structure PASSED [ 63%]
src/codomyrmex/tests/unit/mcp/test_mcp_taxonomy.py::TestTaxonomyReport::test_report_summary PASSED [ 63%]
src/codomyrmex/tests/unit/mcp/test_mcp_taxonomy.py::TestTaxonomyReport::test_full_tool_set_coverage PASSED [ 63%]
src/codomyrmex/tests/unit/mcp/test_mcp_tool_isolation.py::TestExceptionIsolation::test_exception_returns_failure_result PASSED [ 63%]
src/codomyrmex/tests/unit/mcp/test_mcp_tool_isolation.py::TestExceptionIsolation::test_exception_does_not_affect_next_call PASSED [ 63%]
src/codomyrmex/tests/unit/mcp/test_mcp_tool_isolation.py::TestExceptionIsolation::test_server_exception_isolation PASSED [ 63%]
src/codomyrmex/tests/unit/mcp/test_mcp_tool_isolation.py::TestExceptionIsolation::test_multiple_exception_types PASSED [ 63%]
src/codomyrmex/tests/unit/mcp/test_mcp_tool_isolation.py::TestGlobalStateIsolation::test_separate_keys_dont_interfere PASSED [ 63%]
src/codomyrmex/tests/unit/mcp/test_mcp_tool_isolation.py::TestGlobalStateIsolation::test_same_key_accumulates PASSED [ 63%]
src/codomyrmex/tests/unit/mcp/test_mcp_tool_isolation.py::TestGlobalStateIsolation::test_echo_has_no_side_effects PASSED [ 63%]
src/codomyrmex/tests/unit/mcp/test_mcp_tool_isolation.py::TestTimeoutIsolation::test_timeout_does_not_block_next_call PASSED [ 63%]
src/codomyrmex/tests/unit/mcp/test_mcp_tool_isolation.py::TestTimeoutIsolation::test_concurrent_fast_and_slow_tools PASSED [ 63%]
src/codomyrmex/tests/unit/mcp/test_mcp_tool_isolation.py::TestTimeoutIsolation::test_per_tool_timeout_isolation PASSED [ 63%]
src/codomyrmex/tests/unit/mcp/test_mcp_transport_stress.py::TestConcurrentHTTPRequests::test_50_concurrent_requests PASSED [ 63%]
src/codomyrmex/tests/unit/mcp/test_mcp_transport_stress.py::TestConcurrentHTTPRequests::test_concurrent_mixed_valid_invalid PASSED [ 63%]
src/codomyrmex/tests/unit/mcp/test_mcp_transport_stress.py::TestRapidMessageProcessing::test_100_rapid_messages PASSED [ 63%]
src/codomyrmex/tests/unit/mcp/test_mcp_transport_stress.py::TestRapidMessageProcessing::test_rapid_register_and_call PASSED [ 63%]
src/codomyrmex/tests/unit/mcp/test_mcp_transport_stress.py::TestMalformedJSONRPC::test_handle_request_with_malformed_json PASSED [ 63%]
src/codomyrmex/tests/unit/mcp/test_mcp_transport_stress.py::TestMalformedJSONRPC::test_handle_unknown_method PASSED [ 63%]
src/codomyrmex/tests/unit/mcp/test_mcp_transport_stress.py::TestServerStability::test_server_survives_handler_exception PASSED [ 63%]
src/codomyrmex/tests/unit/mcp/test_mcp_transport_stress.py::TestServerStability::test_server_survives_many_errors PASSED [ 63%]
src/codomyrmex/tests/unit/mcp/test_mcp_validation.py::test_valid_args_pass PASSED [ 63%]
src/codomyrmex/tests/unit/mcp/test_mcp_validation.py::test_missing_required_field_rejected PASSED [ 63%]
src/codomyrmex/tests/unit/mcp/test_mcp_validation.py::test_invalid_type_rejected PASSED [ 63%]
src/codomyrmex/tests/unit/mcp/test_mcp_validation.py::test_extra_field_ignored PASSED [ 63%]
src/codomyrmex/tests/unit/mcp/test_mcp_validation.py::test_coerce_str_to_int PASSED [ 63%]
src/codomyrmex/tests/unit/mcp/test_mcp_validation.py::test_coerce_str_to_bool_true PASSED [ 63%]
src/codomyrmex/tests/unit/mcp/test_mcp_validation.py::test_coerce_str_to_bool_false PASSED [ 63%]
src/codomyrmex/tests/unit/mcp/test_mcp_validation.py::test_enum_valid PASSED [ 63%]
src/codomyrmex/tests/unit/mcp/test_mcp_validation.py::test_enum_invalid PASSED [ 63%]
src/codomyrmex/tests/unit/mcp/test_mcp_validation.py::test_minimum_violated PASSED [ 63%]
src/codomyrmex/tests/unit/mcp/test_mcp_validation.py::test_maximum_violated PASSED [ 63%]
src/codomyrmex/tests/unit/mcp/test_mcp_validation.py::test_in_range_passes PASSED [ 63%]
src/codomyrmex/tests/unit/mcp/test_mcp_validation.py::test_pattern_match PASSED [ 63%]
src/codomyrmex/tests/unit/mcp/test_mcp_validation.py::test_pattern_mismatch PASSED [ 63%]
src/codomyrmex/tests/unit/mcp/test_mcp_validation.py::test_nested_schema_valid PASSED [ 63%]
src/codomyrmex/tests/unit/mcp/test_mcp_validation.py::test_nested_schema_missing_inner_required PASSED [ 63%]
src/codomyrmex/tests/unit/mcp/test_mcp_validation.py::test_array_schema_valid PASSED [ 63%]
src/codomyrmex/tests/unit/mcp/test_mcp_validation.py::test_no_schema_passes_through PASSED [ 63%]
src/codomyrmex/tests/unit/mcp/test_mcp_validation.py::test_empty_args_with_no_required PASSED [ 63%]
src/codomyrmex/tests/unit/mcp/test_mcp_validation.py::test_bare_json_schema_detected PASSED [ 63%]
src/codomyrmex/tests/unit/mcp/test_mutation_kill.py::TestValidateToolArguments::test_none_args_normalized_to_empty PASSED [ 63%]
src/codomyrmex/tests/unit/mcp/test_mutation_kill.py::TestValidateToolArguments::test_valid_args_returned_true PASSED [ 63%]
src/codomyrmex/tests/unit/mcp/test_mutation_kill.py::TestValidateToolArguments::test_invalid_args_returned_false PASSED [ 63%]
src/codomyrmex/tests/unit/mcp/test_mutation_kill.py::TestValidateToolArguments::test_no_input_schema_passes_through PASSED [ 63%]
src/codomyrmex/tests/unit/mcp/test_mutation_kill.py::TestValidateToolArguments::test_coerce_disabled PASSED [ 63%]
src/codomyrmex/tests/unit/mcp/test_mutation_kill.py::TestExtractInputSchema::test_has_input_schema_key PASSED [ 63%]
src/codomyrmex/tests/unit/mcp/test_mutation_kill.py::TestExtractInputSchema::test_bare_type_schema PASSED [ 63%]
src/codomyrmex/tests/unit/mcp/test_mutation_kill.py::TestExtractInputSchema::test_bare_properties_only PASSED [ 63%]
src/codomyrmex/tests/unit/mcp/test_mutation_kill.py::TestExtractInputSchema::test_unknown_schema_returns_none PASSED [ 63%]
src/codomyrmex/tests/unit/mcp/test_mutation_kill.py::TestExtractInputSchema::test_empty_schema_returns_none PASSED [ 63%]
src/codomyrmex/tests/unit/mcp/test_mutation_kill.py::TestCoerceTypes::test_string_to_int PASSED [ 64%]
src/codomyrmex/tests/unit/mcp/test_mutation_kill.py::TestCoerceTypes::test_string_to_float PASSED [ 64%]
src/codomyrmex/tests/unit/mcp/test_mutation_kill.py::TestCoerceTypes::test_string_to_bool_true PASSED [ 64%]
src/codomyrmex/tests/unit/mcp/test_mutation_kill.py::TestCoerceTypes::test_string_to_bool_false PASSED [ 64%]
src/codomyrmex/tests/unit/mcp/test_mutation_kill.py::TestCoerceTypes::test_unknown_key_not_coerced PASSED [ 64%]
src/codomyrmex/tests/unit/mcp/test_mutation_kill.py::TestCoerceTypes::test_no_type_key_not_coerced PASSED [ 64%]
src/codomyrmex/tests/unit/mcp/test_mutation_kill.py::TestCoerceTypes::test_non_string_not_coerced PASSED [ 64%]
src/codomyrmex/tests/unit/mcp/test_mutation_kill.py::TestCoerceTypes::test_invalid_int_not_coerced PASSED [ 64%]
src/codomyrmex/tests/unit/mcp/test_mutation_kill.py::TestCoerceTypes::test_ambiguous_bool_not_coerced PASSED [ 64%]
src/codomyrmex/tests/unit/mcp/test_mutation_kill.py::TestValidateBuiltin::test_required_missing PASSED [ 64%]
src/codomyrmex/tests/unit/mcp/test_mutation_kill.py::TestValidateBuiltin::test_required_present PASSED [ 64%]
src/codomyrmex/tests/unit/mcp/test_mutation_kill.py::TestValidateBuiltin::test_type_mismatch PASSED [ 64%]
src/codomyrmex/tests/unit/mcp/test_mutation_kill.py::TestValidateBuiltin::test_type_correct PASSED [ 64%]
src/codomyrmex/tests/unit/mcp/test_mutation_kill.py::TestValidateBuiltin::test_enum_valid PASSED [ 64%]
src/codomyrmex/tests/unit/mcp/test_mutation_kill.py::TestValidateBuiltin::test_enum_invalid PASSED [ 64%]
src/codomyrmex/tests/unit/mcp/test_mutation_kill.py::TestValidateBuiltin::test_minimum_boundary PASSED [ 64%]
src/codomyrmex/tests/unit/mcp/test_mutation_kill.py::TestValidateBuiltin::test_maximum_boundary PASSED [ 64%]
src/codomyrmex/tests/unit/mcp/test_mutation_kill.py::TestValidateBuiltin::test_pattern_match PASSED [ 64%]
src/codomyrmex/tests/unit/mcp/test_mutation_kill.py::TestValidateBuiltin::test_unknown_key_ignored PASSED [ 64%]
src/codomyrmex/tests/unit/mcp/test_mutation_kill.py::TestGenerateSchemaFromFunc::test_str_annotation PASSED [ 64%]
src/codomyrmex/tests/unit/mcp/test_mutation_kill.py::TestGenerateSchemaFromFunc::test_int_annotation PASSED [ 64%]
src/codomyrmex/tests/unit/mcp/test_mutation_kill.py::TestGenerateSchemaFromFunc::test_float_annotation PASSED [ 64%]
src/codomyrmex/tests/unit/mcp/test_mutation_kill.py::TestGenerateSchemaFromFunc::test_bool_annotation PASSED [ 64%]
src/codomyrmex/tests/unit/mcp/test_mutation_kill.py::TestGenerateSchemaFromFunc::test_list_annotation PASSED [ 64%]
src/codomyrmex/tests/unit/mcp/test_mutation_kill.py::TestGenerateSchemaFromFunc::test_dict_annotation PASSED [ 64%]
src/codomyrmex/tests/unit/mcp/test_mutation_kill.py::TestGenerateSchemaFromFunc::test_no_annotation_defaults_string PASSED [ 64%]
src/codomyrmex/tests/unit/mcp/test_mutation_kill.py::TestGenerateSchemaFromFunc::test_complex_type_defaults_string PASSED [ 64%]
src/codomyrmex/tests/unit/mcp/test_mutation_kill.py::TestGenerateSchemaFromFunc::test_required_vs_optional PASSED [ 64%]
src/codomyrmex/tests/unit/mcp/test_mutation_kill.py::TestGenerateSchemaFromFunc::test_self_cls_excluded PASSED [ 64%]
src/codomyrmex/tests/unit/mcp/test_mutation_kill.py::TestMCPToolRegistryMutationKill::test_register_and_get PASSED [ 64%]
src/codomyrmex/tests/unit/mcp/test_mutation_kill.py::TestMCPToolRegistryMutationKill::test_get_nonexistent_returns_none PASSED [ 64%]
src/codomyrmex/tests/unit/mcp/test_mutation_kill.py::TestMCPToolRegistryMutationKill::test_list_tools_empty PASSED [ 64%]
src/codomyrmex/tests/unit/mcp/test_mutation_kill.py::TestMCPToolRegistryMutationKill::test_list_tools_multiple PASSED [ 64%]
src/codomyrmex/tests/unit/mcp/test_mutation_kill.py::TestMCPToolRegistryMutationKill::test_has_tool PASSED [ 64%]
src/codomyrmex/tests/unit/mcp/test_mutation_kill.py::TestMCPToolRegistryMutationKill::test_tool_count PASSED [ 64%]
src/codomyrmex/tests/unit/mcp/test_mutation_kill.py::TestMCPToolCallResult::test_tool_call_fields PASSED [ 64%]
src/codomyrmex/tests/unit/mcp/test_mutation_kill.py::TestMCPToolCallResult::test_tool_result_success PASSED [ 64%]
src/codomyrmex/tests/unit/mcp/test_mutation_kill.py::TestMCPToolCallResult::test_tool_result_with_explanation PASSED [ 64%]
src/codomyrmex/tests/unit/mcp/test_rate_limiter.py::test_bucket_starts_full PASSED [ 64%]
src/codomyrmex/tests/unit/mcp/test_rate_limiter.py::test_bucket_consume_reduces_tokens PASSED [ 64%]
src/codomyrmex/tests/unit/mcp/test_rate_limiter.py::test_bucket_rejects_when_empty PASSED [ 64%]
src/codomyrmex/tests/unit/mcp/test_rate_limiter.py::test_bucket_refills_over_time PASSED [ 64%]
src/codomyrmex/tests/unit/mcp/test_rate_limiter.py::test_bucket_caps_at_burst PASSED [ 64%]
src/codomyrmex/tests/unit/mcp/test_rate_limiter.py::test_limiter_allows_under_rate PASSED [ 64%]
src/codomyrmex/tests/unit/mcp/test_rate_limiter.py::test_limiter_rejects_over_burst PASSED [ 64%]
src/codomyrmex/tests/unit/mcp/test_rate_limiter.py::test_per_tool_rate_limit PASSED [ 64%]
src/codomyrmex/tests/unit/mcp/test_rate_limiter.py::test_per_tool_does_not_affect_other_tools PASSED [ 64%]
src/codomyrmex/tests/unit/mcp/test_rate_limiter.py::test_limiter_recovers_over_time PASSED [ 64%]
src/codomyrmex/tests/unit/mcp/test_rate_limiter.py::test_metrics_structure PASSED [ 64%]
src/codomyrmex/tests/unit/mcp/test_rate_limiter.py::test_reset_restores_full_capacity PASSED [ 64%]
src/codomyrmex/tests/unit/mcp/test_transport_robustness.py::TestClientConfig::test_default_retry_fields PASSED [ 64%]
src/codomyrmex/tests/unit/mcp/test_transport_robustness.py::TestClientConfig::test_custom_retry_fields PASSED [ 64%]
src/codomyrmex/tests/unit/mcp/test_transport_robustness.py::test_retry_succeeds_after_transient_failure PASSED [ 64%]
src/codomyrmex/tests/unit/mcp/test_transport_robustness.py::test_retry_exhausted_raises PASSED [ 64%]
src/codomyrmex/tests/unit/mcp/test_transport_robustness.py::test_retry_on_timeout PASSED [ 64%]
src/codomyrmex/tests/unit/mcp/test_transport_robustness.py::test_no_retry_on_rpc_error PASSED [ 64%]
src/codomyrmex/tests/unit/mcp/test_transport_robustness.py::test_health_check_ok PASSED [ 64%]
src/codomyrmex/tests/unit/mcp/test_transport_robustness.py::test_health_check_fail PASSED [ 64%]
src/codomyrmex/tests/unit/mcp/test_transport_robustness.py::test_call_tool_timeout_override PASSED [ 64%]
src/codomyrmex/tests/unit/mcp/test_transport_robustness.py::test_http_transport_pool_size PASSED [ 64%]
src/codomyrmex/tests/unit/mcp/test_transport_robustness.py::test_http_transport_default_pool_size PASSED [ 64%]
src/codomyrmex/tests/unit/mcp/test_transport_robustness.py::TestServerConfig::test_default_timeout_fields PASSED [ 64%]
src/codomyrmex/tests/unit/mcp/test_transport_robustness.py::TestServerConfig::test_custom_timeout PASSED [ 64%]
src/codomyrmex/tests/unit/mcp/test_transport_robustness.py::test_server_rate_limit_rejects PASSED [ 64%]
src/codomyrmex/tests/unit/mcp/test_transport_robustness.py::test_server_has_rate_limiter PASSED [ 64%]
src/codomyrmex/tests/unit/mcp/test_transport_robustness.py::test_per_tool_timeout_config PASSED [ 64%]
src/codomyrmex/tests/unit/mcp/test_transport_robustness.py::test_client_call_tool_parses_error PASSED [ 64%]
src/codomyrmex/tests/unit/mcp/test_transport_robustness.py::test_client_call_tool_success PASSED [ 64%]
src/codomyrmex/tests/unit/mcp/test_ws_handler.py::TestInitialization::test_handler_default_queue_size PASSED [ 64%]
src/codomyrmex/tests/unit/mcp/test_ws_handler.py::TestInitialization::test_handler_custom_queue_size PASSED [ 64%]
src/codomyrmex/tests/unit/mcp/test_ws_handler.py::TestInitialization::test_handler_is_logging_handler PASSED [ 64%]
src/codomyrmex/tests/unit/mcp/test_ws_handler.py::TestRecordFormatting::test_basic_record_format PASSED [ 64%]
src/codomyrmex/tests/unit/mcp/test_ws_handler.py::TestRecordFormatting::test_correlation_id_included PASSED [ 64%]
src/codomyrmex/tests/unit/mcp/test_ws_handler.py::TestRecordFormatting::test_exception_info_included PASSED [ 64%]
src/codomyrmex/tests/unit/mcp/test_ws_handler.py::TestBackpressure::test_drop_oldest_on_overflow PASSED [ 64%]
src/codomyrmex/tests/unit/mcp/test_ws_handler.py::TestBackpressure::test_no_drops_within_limit PASSED [ 64%]
src/codomyrmex/tests/unit/mcp/test_ws_handler.py::TestClientManagement::test_add_and_remove_client PASSED [ 64%]
src/codomyrmex/tests/unit/mcp/test_ws_handler.py::TestClientManagement::test_remove_nonexistent_client PASSED [ 64%]
src/codomyrmex/tests/unit/mcp/test_ws_handler.py::TestClientManagement::test_broadcast_to_all_clients PASSED [ 64%]
src/codomyrmex/tests/unit/mcp/test_ws_handler.py::TestClientManagement::test_client_backpressure PASSED [ 64%]
src/codomyrmex/tests/unit/mcp/test_ws_handler.py::TestAsyncStream::test_stream_yields_entries PASSED [ 64%]
src/codomyrmex/tests/unit/meme/test_structure.py::test_meme_module_importable PASSED [ 64%]
src/codomyrmex/tests/unit/meme/test_structure.py::test_meme_submodules_exist PASSED [ 64%]
src/codomyrmex/tests/unit/meme/test_structure.py::test_meme_creation PASSED [ 64%]
src/codomyrmex/tests/unit/meme/test_structure.py::test_meme_fitness_property PASSED [ 64%]
src/codomyrmex/tests/unit/meme/test_structure.py::test_meme_clamping PASSED [ 64%]
src/codomyrmex/tests/unit/meme/test_structure.py::test_meme_descend PASSED [ 64%]
src/codomyrmex/tests/unit/meme/test_structure.py::test_meme_unique_ids PASSED [ 64%]
src/codomyrmex/tests/unit/meme/test_structure.py::test_memetic_code_append PASSED [ 64%]
src/codomyrmex/tests/unit/meme/test_structure.py::test_memetic_code_splice_in PASSED [ 64%]
src/codomyrmex/tests/unit/meme/test_structure.py::test_memetic_code_excise PASSED [ 64%]
src/codomyrmex/tests/unit/meme/test_structure.py::test_memetic_code_aggregate_fitness PASSED [ 64%]
src/codomyrmex/tests/unit/meme/test_structure.py::test_memeplex_creation PASSED [ 64%]
src/codomyrmex/tests/unit/meme/test_structure.py::test_memeplex_fitness PASSED [ 64%]
src/codomyrmex/tests/unit/meme/test_structure.py::test_memeplex_empty_fitness PASSED [ 64%]
src/codomyrmex/tests/unit/meme/test_structure.py::test_memeplex_robustness PASSED [ 64%]
src/codomyrmex/tests/unit/meme/test_structure.py::test_memeplex_mutate PASSED [ 64%]
src/codomyrmex/tests/unit/meme/test_structure.py::test_memeplex_recombine PASSED [ 64%]
src/codomyrmex/tests/unit/meme/test_structure.py::test_fitness_map_operations PASSED [ 64%]
src/codomyrmex/tests/unit/meme/test_structure.py::test_fitness_map_empty PASSED [ 65%]
src/codomyrmex/tests/unit/meme/test_structure.py::test_memetic_engine_dissect PASSED [ 65%]
src/codomyrmex/tests/unit/meme/test_structure.py::test_memetic_engine_synthesize PASSED [ 65%]
src/codomyrmex/tests/unit/meme/test_structure.py::test_memetic_engine_fitness_landscape PASSED [ 65%]
src/codomyrmex/tests/unit/meme/test_structure.py::test_memetic_engine_select_truncation PASSED [ 65%]
src/codomyrmex/tests/unit/meme/test_structure.py::test_semantic_drift PASSED [ 65%]
src/codomyrmex/tests/unit/meme/test_structure.py::test_recombine_memes PASSED [ 65%]
src/codomyrmex/tests/unit/meme/test_structure.py::test_splice_memes PASSED [ 65%]
src/codomyrmex/tests/unit/meme/test_structure.py::test_virality_score PASSED [ 65%]
src/codomyrmex/tests/unit/meme/test_structure.py::test_robustness_score_func PASSED [ 65%]
src/codomyrmex/tests/unit/meme/test_structure.py::test_decay_rate_func PASSED [ 65%]
src/codomyrmex/tests/unit/meme/test_structure.py::test_population_fitness_stats_func PASSED [ 65%]
src/codomyrmex/tests/unit/meme/test_structure.py::test_population_fitness_stats_empty PASSED [ 65%]
src/codomyrmex/tests/unit/meme/test_structure.py::test_sign_creation PASSED [ 65%]
src/codomyrmex/tests/unit/meme/test_structure.py::test_sign_type_enum PASSED [ 65%]
src/codomyrmex/tests/unit/meme/test_structure.py::test_semiotic_analyzer_decode PASSED [ 65%]
src/codomyrmex/tests/unit/meme/test_structure.py::test_semiotic_analyzer_drift PASSED [ 65%]
src/codomyrmex/tests/unit/meme/test_structure.py::test_drift_report_stability_ratio PASSED [ 65%]
src/codomyrmex/tests/unit/meme/test_structure.py::test_narrative_arc_creation PASSED [ 65%]
src/codomyrmex/tests/unit/meme/test_structure.py::test_heros_journey_arc PASSED [ 65%]
src/codomyrmex/tests/unit/meme/test_structure.py::test_freytag_pyramid_arc PASSED [ 65%]
src/codomyrmex/tests/unit/meme/test_structure.py::test_fichtean_curve_arc PASSED [ 65%]
src/codomyrmex/tests/unit/meme/test_structure.py::test_narrative_creation PASSED [ 65%]
src/codomyrmex/tests/unit/meme/test_structure.py::test_archetype_enum PASSED [ 65%]
src/codomyrmex/tests/unit/meme/test_structure.py::test_narrative_engine_analyze PASSED [ 65%]
src/codomyrmex/tests/unit/meme/test_structure.py::test_narrative_engine_insurgent_counter PASSED [ 65%]
src/codomyrmex/tests/unit/meme/test_structure.py::test_contagion_model_creation PASSED [ 65%]
src/codomyrmex/tests/unit/meme/test_structure.py::test_cascade_type_enum PASSED [ 65%]
src/codomyrmex/tests/unit/meme/test_structure.py::test_cascade_creation PASSED [ 65%]
src/codomyrmex/tests/unit/meme/test_structure.py::test_propagation_trace PASSED [ 65%]
src/codomyrmex/tests/unit/meme/test_structure.py::test_resonance_map PASSED [ 65%]
src/codomyrmex/tests/unit/meme/test_structure.py::test_cultural_dynamics_imports PASSED [ 65%]
src/codomyrmex/tests/unit/metrics/test_metrics.py::TestMetricsModuleImport::test_metrics_module_import PASSED [ 65%]
src/codomyrmex/tests/unit/metrics/test_metrics.py::TestMetricsModuleImport::test_metrics_module_structure PASSED [ 65%]
src/codomyrmex/tests/unit/metrics/test_metrics.py::TestMetricsModuleImport::test_metrics_module_exports PASSED [ 65%]
src/codomyrmex/tests/unit/metrics/test_metrics.py::TestMetricsModuleImport::test_metrics_version PASSED [ 65%]
src/codomyrmex/tests/unit/metrics/test_metrics.py::TestCounter::test_counter_creation PASSED [ 65%]
src/codomyrmex/tests/unit/metrics/test_metrics.py::TestCounter::test_counter_creation_with_labels PASSED [ 65%]
src/codomyrmex/tests/unit/metrics/test_metrics.py::TestCounter::test_counter_increment_default PASSED [ 65%]
src/codomyrmex/tests/unit/metrics/test_metrics.py::TestCounter::test_counter_increment_custom_value PASSED [ 65%]
src/codomyrmex/tests/unit/metrics/test_metrics.py::TestCounter::test_counter_increment_multiple_times PASSED [ 65%]
src/codomyrmex/tests/unit/metrics/test_metrics.py::TestCounter::test_counter_increment_float_values PASSED [ 65%]
src/codomyrmex/tests/unit/metrics/test_metrics.py::TestCounter::test_counter_get_value PASSED [ 65%]
src/codomyrmex/tests/unit/metrics/test_metrics.py::TestCounter::test_counter_never_decreases PASSED [ 65%]
src/codomyrmex/tests/unit/metrics/test_metrics.py::TestGauge::test_gauge_creation PASSED [ 65%]
src/codomyrmex/tests/unit/metrics/test_metrics.py::TestGauge::test_gauge_creation_with_labels PASSED [ 65%]
src/codomyrmex/tests/unit/metrics/test_metrics.py::TestGauge::test_gauge_set_value PASSED [ 65%]
src/codomyrmex/tests/unit/metrics/test_metrics.py::TestGauge::test_gauge_set_overwrites_value PASSED [ 65%]
src/codomyrmex/tests/unit/metrics/test_metrics.py::TestGauge::test_gauge_increment PASSED [ 65%]
src/codomyrmex/tests/unit/metrics/test_metrics.py::TestGauge::test_gauge_increment_default PASSED [ 65%]
src/codomyrmex/tests/unit/metrics/test_metrics.py::TestGauge::test_gauge_decrement PASSED [ 65%]
src/codomyrmex/tests/unit/metrics/test_metrics.py::TestGauge::test_gauge_decrement_default PASSED [ 65%]
src/codomyrmex/tests/unit/metrics/test_metrics.py::TestGauge::test_gauge_negative_values PASSED [ 65%]
src/codomyrmex/tests/unit/metrics/test_metrics.py::TestGauge::test_gauge_get_value PASSED [ 65%]
src/codomyrmex/tests/unit/metrics/test_metrics.py::TestHistogram::test_histogram_creation PASSED [ 65%]
src/codomyrmex/tests/unit/metrics/test_metrics.py::TestHistogram::test_histogram_creation_with_labels PASSED [ 65%]
src/codomyrmex/tests/unit/metrics/test_metrics.py::TestHistogram::test_histogram_observe PASSED [ 65%]
src/codomyrmex/tests/unit/metrics/test_metrics.py::TestHistogram::test_histogram_observe_multiple PASSED [ 65%]
src/codomyrmex/tests/unit/metrics/test_metrics.py::TestHistogram::test_histogram_get_empty PASSED [ 65%]
src/codomyrmex/tests/unit/metrics/test_metrics.py::TestHistogram::test_histogram_get_statistics PASSED [ 65%]
src/codomyrmex/tests/unit/metrics/test_metrics.py::TestHistogram::test_histogram_get_with_negative_values PASSED [ 65%]
src/codomyrmex/tests/unit/metrics/test_metrics.py::TestHistogram::test_histogram_single_value PASSED [ 65%]
src/codomyrmex/tests/unit/metrics/test_metrics.py::TestSummary::test_summary_creation PASSED [ 65%]
src/codomyrmex/tests/unit/metrics/test_metrics.py::TestSummary::test_summary_creation_with_labels PASSED [ 65%]
src/codomyrmex/tests/unit/metrics/test_metrics.py::TestSummary::test_summary_observe PASSED [ 65%]
src/codomyrmex/tests/unit/metrics/test_metrics.py::TestSummary::test_summary_observe_multiple PASSED [ 65%]
src/codomyrmex/tests/unit/metrics/test_metrics.py::TestSummary::test_summary_get_empty PASSED [ 65%]
src/codomyrmex/tests/unit/metrics/test_metrics.py::TestSummary::test_summary_get_statistics PASSED [ 65%]
src/codomyrmex/tests/unit/metrics/test_metrics.py::TestSummary::test_summary_accumulates_correctly PASSED [ 65%]
src/codomyrmex/tests/unit/metrics/test_metrics.py::TestMetrics::test_metrics_creation PASSED [ 65%]
src/codomyrmex/tests/unit/metrics/test_metrics.py::TestMetrics::test_metrics_counter_registration PASSED [ 65%]
src/codomyrmex/tests/unit/metrics/test_metrics.py::TestMetrics::test_metrics_counter_retrieval PASSED [ 65%]
src/codomyrmex/tests/unit/metrics/test_metrics.py::TestMetrics::test_metrics_counter_with_labels PASSED [ 65%]
src/codomyrmex/tests/unit/metrics/test_metrics.py::TestMetrics::test_metrics_gauge_registration PASSED [ 65%]
src/codomyrmex/tests/unit/metrics/test_metrics.py::TestMetrics::test_metrics_histogram_registration PASSED [ 65%]
src/codomyrmex/tests/unit/metrics/test_metrics.py::TestMetrics::test_metrics_summary_registration PASSED [ 65%]
src/codomyrmex/tests/unit/metrics/test_metrics.py::TestMetrics::test_metrics_export_empty PASSED [ 65%]
src/codomyrmex/tests/unit/metrics/test_metrics.py::TestMetrics::test_metrics_export_with_data PASSED [ 65%]
src/codomyrmex/tests/unit/metrics/test_metrics.py::TestMetrics::test_metrics_make_key_without_labels PASSED [ 65%]
src/codomyrmex/tests/unit/metrics/test_metrics.py::TestMetrics::test_metrics_make_key_with_labels PASSED [ 65%]
src/codomyrmex/tests/unit/metrics/test_metrics.py::TestMetrics::test_metrics_prometheus_export_empty PASSED [ 65%]
src/codomyrmex/tests/unit/metrics/test_metrics.py::TestMetrics::test_metrics_prometheus_export_counter PASSED [ 65%]
src/codomyrmex/tests/unit/metrics/test_metrics.py::TestMetrics::test_metrics_prometheus_export_counter_with_labels PASSED [ 65%]
src/codomyrmex/tests/unit/metrics/test_metrics.py::TestMetrics::test_metrics_prometheus_export_gauge PASSED [ 65%]
src/codomyrmex/tests/unit/metrics/test_metrics.py::TestMetrics::test_metrics_prometheus_export_histogram PASSED [ 65%]
src/codomyrmex/tests/unit/metrics/test_metrics.py::TestMetricAggregator::test_aggregator_creation PASSED [ 65%]
src/codomyrmex/tests/unit/metrics/test_metrics.py::TestMetricAggregator::test_aggregator_increment PASSED [ 65%]
src/codomyrmex/tests/unit/metrics/test_metrics.py::TestMetricAggregator::test_aggregator_increment_custom_value PASSED [ 65%]
src/codomyrmex/tests/unit/metrics/test_metrics.py::TestMetricAggregator::test_aggregator_increment_accumulates PASSED [ 65%]
src/codomyrmex/tests/unit/metrics/test_metrics.py::TestMetricAggregator::test_aggregator_set_gauge PASSED [ 65%]
src/codomyrmex/tests/unit/metrics/test_metrics.py::TestMetricAggregator::test_aggregator_set_gauge_overwrites PASSED [ 65%]
src/codomyrmex/tests/unit/metrics/test_metrics.py::TestMetricAggregator::test_aggregator_get_snapshot PASSED [ 65%]
src/codomyrmex/tests/unit/metrics/test_metrics.py::TestMetricAggregator::test_aggregator_reset PASSED [ 65%]
src/codomyrmex/tests/unit/metrics/test_metrics.py::TestMetricAggregator::test_aggregator_snapshot_is_copy PASSED [ 65%]
src/codomyrmex/tests/unit/metrics/test_metrics.py::TestGetMetrics::test_get_metrics_default_backend PASSED [ 65%]
src/codomyrmex/tests/unit/metrics/test_metrics.py::TestGetMetrics::test_get_metrics_custom_backend PASSED [ 65%]
src/codomyrmex/tests/unit/metrics/test_metrics.py::TestGetMetrics::test_get_metrics_returns_new_instance PASSED [ 65%]
src/codomyrmex/tests/unit/metrics/test_metrics.py::TestMetricsError::test_metrics_error_creation PASSED [ 65%]
src/codomyrmex/tests/unit/metrics/test_metrics.py::TestMetricsError::test_metrics_error_is_codomyrmex_error PASSED [ 65%]
src/codomyrmex/tests/unit/metrics/test_metrics.py::TestMetricsError::test_metrics_error_can_be_raised PASSED [ 66%]
src/codomyrmex/tests/unit/metrics/test_metrics.py::TestPrometheusExporter::test_prometheus_exporter_import PASSED [ 66%]
src/codomyrmex/tests/unit/metrics/test_metrics.py::TestPrometheusExporter::test_prometheus_exporter_creation SKIPPED [ 66%]
src/codomyrmex/tests/unit/metrics/test_metrics.py::TestStatsDClient::test_statsd_client_import PASSED [ 66%]
src/codomyrmex/tests/unit/metrics/test_metrics.py::TestStatsDClient::test_statsd_client_creation SKIPPED [ 66%]
src/codomyrmex/tests/unit/metrics/test_metrics.py::TestStatsDClient::test_statsd_client_incr SKIPPED [ 66%]
src/codomyrmex/tests/unit/metrics/test_metrics.py::TestStatsDClient::test_statsd_client_gauge SKIPPED [ 66%]
src/codomyrmex/tests/unit/metrics/test_metrics.py::TestStatsDClient::test_statsd_client_timing SKIPPED [ 66%]
src/codomyrmex/tests/unit/metrics/test_metrics.py::TestMetricsIntegration::test_full_metrics_workflow PASSED [ 66%]
src/codomyrmex/tests/unit/metrics/test_metrics.py::TestMetricsIntegration::test_metrics_with_multiple_label_combinations PASSED [ 66%]
src/codomyrmex/tests/unit/metrics/test_metrics.py::TestMetricsIntegration::test_concurrent_metric_updates PASSED [ 66%]
src/codomyrmex/tests/unit/metrics/test_metrics.py::TestMetricsIntegration::test_metrics_aggregator_with_time_based_data PASSED [ 66%]
src/codomyrmex/tests/unit/metrics/test_metrics_expansion.py::test_prometheus_exporter_initialization SKIPPED [ 66%]
src/codomyrmex/tests/unit/metrics/test_metrics_expansion.py::test_statsd_client_lifecycle SKIPPED [ 66%]
src/codomyrmex/tests/unit/metrics/test_metrics_expansion.py::test_existing_metrics_integration PASSED [ 66%]
src/codomyrmex/tests/unit/migration/test_migration.py::TestMigrationImports::test_module_imports PASSED [ 66%]
src/codomyrmex/tests/unit/migration/test_migration.py::TestMigrationImports::test_public_api_exists PASSED [ 66%]
src/codomyrmex/tests/unit/migration/test_migration.py::TestMigrationStatus::test_migration_status_values PASSED [ 66%]
src/codomyrmex/tests/unit/migration/test_migration.py::TestMigrationDirection::test_migration_direction_values PASSED [ 66%]
src/codomyrmex/tests/unit/migration/test_migration.py::TestMigrationStep::test_step_creation PASSED [ 66%]
src/codomyrmex/tests/unit/migration/test_migration.py::TestMigrationStep::test_step_run_up PASSED [ 66%]
src/codomyrmex/tests/unit/migration/test_migration.py::TestMigrationStep::test_step_run_down PASSED [ 66%]
src/codomyrmex/tests/unit/migration/test_migration.py::TestMigrationStep::test_step_without_functions PASSED [ 66%]
src/codomyrmex/tests/unit/migration/test_migration.py::TestMigrationResult::test_result_creation PASSED [ 66%]
src/codomyrmex/tests/unit/migration/test_migration.py::TestMigrationResult::test_result_progress PASSED [ 66%]
src/codomyrmex/tests/unit/migration/test_migration.py::TestMigrationResult::test_result_to_dict PASSED [ 66%]
src/codomyrmex/tests/unit/migration/test_migration.py::TestMigration::test_migration_creation PASSED [ 66%]
src/codomyrmex/tests/unit/migration/test_migration.py::TestMigration::test_migration_add_step PASSED [ 66%]
src/codomyrmex/tests/unit/migration/test_migration.py::TestMigration::test_migration_add_simple_step PASSED [ 66%]
src/codomyrmex/tests/unit/migration/test_migration.py::TestMigration::test_migration_chaining PASSED [ 66%]
src/codomyrmex/tests/unit/migration/test_migration.py::TestFieldRenameTransformer::test_field_rename PASSED [ 66%]
src/codomyrmex/tests/unit/migration/test_migration.py::TestFieldTypeTransformer::test_field_type_conversion PASSED [ 66%]
src/codomyrmex/tests/unit/migration/test_migration.py::TestFieldTypeTransformer::test_field_type_handles_errors PASSED [ 66%]
src/codomyrmex/tests/unit/migration/test_migration.py::TestCompositeTransformer::test_composite_applies_all PASSED [ 66%]
src/codomyrmex/tests/unit/migration/test_migration.py::TestMigrationRunner::test_runner_run_migration PASSED [ 66%]
src/codomyrmex/tests/unit/migration/test_migration.py::TestMigrationRunner::test_runner_handles_failure PASSED [ 66%]
src/codomyrmex/tests/unit/migration/test_migration.py::TestMigrationRunner::test_runner_rollback PASSED [ 66%]
src/codomyrmex/tests/unit/migration/test_migration.py::TestMigrationRunner::test_runner_is_completed PASSED [ 66%]
src/codomyrmex/tests/unit/migration/test_migration.py::TestDataMigrator::test_migrator_migrate PASSED [ 66%]
src/codomyrmex/tests/unit/migration/test_migration.py::TestDataMigrator::test_migrator_migrate_single PASSED [ 66%]
src/codomyrmex/tests/unit/migration/test_migration.py::TestDataMigrator::test_migrator_chaining PASSED [ 66%]
src/codomyrmex/tests/unit/model_context_protocol/test_mcp_server.py::TestMCPProtocol::test_initialize_handshake PASSED [ 66%]
src/codomyrmex/tests/unit/model_context_protocol/test_mcp_server.py::TestMCPProtocol::test_notification_no_response PASSED [ 66%]
src/codomyrmex/tests/unit/model_context_protocol/test_mcp_server.py::TestMCPProtocol::test_unknown_method_returns_error PASSED [ 66%]
src/codomyrmex/tests/unit/model_context_protocol/test_mcp_server.py::TestMCPProtocol::test_tools_list PASSED [ 66%]
src/codomyrmex/tests/unit/model_context_protocol/test_mcp_server.py::TestMCPProtocol::test_resources_list PASSED [ 66%]
src/codomyrmex/tests/unit/model_context_protocol/test_mcp_server.py::TestMCPProtocol::test_resources_read PASSED [ 66%]
src/codomyrmex/tests/unit/model_context_protocol/test_mcp_server.py::TestMCPProtocol::test_prompts_list PASSED [ 66%]
src/codomyrmex/tests/unit/model_context_protocol/test_mcp_server.py::TestMCPProtocol::test_prompts_get PASSED [ 66%]
src/codomyrmex/tests/unit/model_context_protocol/test_mcp_server.py::TestToolExecution::test_read_file_success PASSED [ 66%]
src/codomyrmex/tests/unit/model_context_protocol/test_mcp_server.py::TestToolExecution::test_read_file_not_found PASSED [ 66%]
src/codomyrmex/tests/unit/model_context_protocol/test_mcp_server.py::TestToolExecution::test_git_status PASSED [ 66%]
src/codomyrmex/tests/unit/model_context_protocol/test_mcp_server.py::TestToolExecution::test_checksum_file PASSED [ 66%]
src/codomyrmex/tests/unit/model_context_protocol/test_mcp_server.py::TestToolExecution::test_json_query PASSED [ 66%]
src/codomyrmex/tests/unit/model_context_protocol/test_mcp_server.py::TestToolExecution::test_analyze_python_file PASSED [ 66%]
src/codomyrmex/tests/unit/model_context_protocol/test_mcp_server.py::TestToolExecution::test_unknown_tool_returns_error PASSED [ 66%]
src/codomyrmex/tests/unit/model_context_protocol/test_mcp_server.py::TestMockClient::test_client_initialize PASSED [ 66%]
src/codomyrmex/tests/unit/model_context_protocol/test_mcp_server.py::TestMockClient::test_client_list_tools PASSED [ 66%]
src/codomyrmex/tests/unit/model_context_protocol/test_mcp_server.py::TestMockClient::test_client_call_tool PASSED [ 66%]
src/codomyrmex/tests/unit/model_context_protocol/test_mcp_server.py::TestMockClient::test_client_list_resources PASSED [ 66%]
src/codomyrmex/tests/unit/model_context_protocol/test_mcp_server.py::TestServerTester::test_smoke_tests_pass PASSED [ 66%]
src/codomyrmex/tests/unit/model_context_protocol/test_mcp_server.py::TestHTTPTransport::test_health_endpoint PASSED [ 66%]
src/codomyrmex/tests/unit/model_context_protocol/test_mcp_server.py::TestHTTPTransport::test_web_ui_serves_html PASSED [ 66%]
src/codomyrmex/tests/unit/model_context_protocol/test_mcp_server.py::TestHTTPTransport::test_list_tools_endpoint PASSED [ 66%]
src/codomyrmex/tests/unit/model_context_protocol/test_mcp_server.py::TestHTTPTransport::test_get_tool_endpoint PASSED [ 66%]
src/codomyrmex/tests/unit/model_context_protocol/test_mcp_server.py::TestHTTPTransport::test_get_tool_not_found PASSED [ 66%]
src/codomyrmex/tests/unit/model_context_protocol/test_mcp_server.py::TestHTTPTransport::test_call_tool_endpoint PASSED [ 66%]
src/codomyrmex/tests/unit/model_context_protocol/test_mcp_server.py::TestHTTPTransport::test_mcp_jsonrpc_endpoint PASSED [ 66%]
src/codomyrmex/tests/unit/model_context_protocol/test_mcp_server.py::TestHTTPTransport::test_mcp_notification_returns_202 PASSED [ 66%]
src/codomyrmex/tests/unit/model_context_protocol/test_mcp_server.py::TestHTTPTransport::test_resources_endpoint PASSED [ 66%]
src/codomyrmex/tests/unit/model_context_protocol/test_mcp_server.py::TestHTTPTransport::test_prompts_endpoint PASSED [ 66%]
src/codomyrmex/tests/unit/model_context_protocol/test_mcp_tools.py::TestMCPReadFile::test_read_existing_file PASSED [ 66%]
src/codomyrmex/tests/unit/model_context_protocol/test_mcp_tools.py::TestMCPReadFile::test_read_nonexistent_file PASSED [ 66%]
src/codomyrmex/tests/unit/model_context_protocol/test_mcp_tools.py::TestMCPReadFile::test_read_file_exceeding_max_size PASSED [ 66%]
src/codomyrmex/tests/unit/model_context_protocol/test_mcp_tools.py::TestMCPReadFile::test_read_multiline_file_counts_lines PASSED [ 66%]
src/codomyrmex/tests/unit/model_context_protocol/test_mcp_tools.py::TestMCPReadFile::test_read_returns_path_and_encoding PASSED [ 66%]
src/codomyrmex/tests/unit/model_context_protocol/test_mcp_tools.py::TestMCPReadFile::test_read_empty_file PASSED [ 66%]
src/codomyrmex/tests/unit/model_context_protocol/test_mcp_tools.py::TestMCPWriteFile::test_write_creates_file PASSED [ 66%]
src/codomyrmex/tests/unit/model_context_protocol/test_mcp_tools.py::TestMCPWriteFile::test_write_overwrites_existing_file PASSED [ 66%]
src/codomyrmex/tests/unit/model_context_protocol/test_mcp_tools.py::TestMCPWriteFile::test_write_returns_bytes_written PASSED [ 66%]
src/codomyrmex/tests/unit/model_context_protocol/test_mcp_tools.py::TestMCPWriteFile::test_write_creates_parent_directories PASSED [ 66%]
src/codomyrmex/tests/unit/model_context_protocol/test_mcp_tools.py::TestMCPListDirectory::test_list_existing_directory PASSED [ 66%]
src/codomyrmex/tests/unit/model_context_protocol/test_mcp_tools.py::TestMCPListDirectory::test_list_nonexistent_directory PASSED [ 66%]
src/codomyrmex/tests/unit/model_context_protocol/test_mcp_tools.py::TestMCPListDirectory::test_list_includes_item_metadata PASSED [ 66%]
src/codomyrmex/tests/unit/model_context_protocol/test_mcp_tools.py::TestMCPListDirectory::test_list_with_pattern_filter PASSED [ 66%]
src/codomyrmex/tests/unit/model_context_protocol/test_mcp_tools.py::TestMCPAnalyzePythonFile::test_analyze_valid_python_file PASSED [ 66%]
src/codomyrmex/tests/unit/model_context_protocol/test_mcp_tools.py::TestMCPAnalyzePythonFile::test_analyze_nonexistent_file PASSED [ 66%]
src/codomyrmex/tests/unit/model_context_protocol/test_mcp_tools.py::TestMCPAnalyzePythonFile::test_analyze_file_with_classes PASSED [ 66%]
src/codomyrmex/tests/unit/model_context_protocol/test_mcp_tools.py::TestMCPToolDecorator::test_decorator_attaches_mcp_metadata PASSED [ 66%]
src/codomyrmex/tests/unit/model_context_protocol/test_mcp_tools.py::TestMCPToolDecorator::test_decorator_preserves_function_behavior PASSED [ 66%]
src/codomyrmex/tests/unit/model_context_protocol/test_mcp_tools.py::TestMCPToolDecorator::test_decorator_auto_generates_schema PASSED [ 66%]
src/codomyrmex/tests/unit/model_context_protocol/test_mcp_tools.py::TestMCPToolDecorator::test_decorator_uses_function_name_as_default PASSED [ 66%]
src/codomyrmex/tests/unit/model_context_protocol/test_mcp_tools.py::TestMCPToolDecorator::test_decorator_uses_docstring_as_default_description PASSED [ 66%]
src/codomyrmex/tests/unit/model_context_protocol/test_mcp_tools.py::TestMCPToolDecorator::test_decorator_includes_module_info PASSED [ 66%]
src/codomyrmex/tests/unit/model_context_protocol/test_model_context_protocol.py::TestModelContextProtocol::test_model_context_protocol_import PASSED [ 66%]
src/codomyrmex/tests/unit/model_context_protocol/test_model_context_protocol.py::TestModelContextProtocol::test_mcp_schemas_module_structure PASSED [ 66%]
src/codomyrmex/tests/unit/model_context_protocol/test_model_context_protocol.py::TestModelContextProtocol::test_mcp_error_detail_model PASSED [ 66%]
src/codomyrmex/tests/unit/model_context_protocol/test_model_context_protocol.py::TestModelContextProtocol::test_mcp_tool_call_model PASSED [ 66%]
src/codomyrmex/tests/unit/model_context_protocol/test_model_context_protocol.py::TestModelContextProtocol::test_mcp_tool_result_model_success PASSED [ 67%]
src/codomyrmex/tests/unit/model_context_protocol/test_model_context_protocol.py::TestModelContextProtocol::test_mcp_tool_result_model_failure PASSED [ 67%]
src/codomyrmex/tests/unit/model_context_protocol/test_model_context_protocol.py::TestModelContextProtocol::test_mcp_tool_result_validation_errors PASSED [ 67%]
src/codomyrmex/tests/unit/model_context_protocol/test_model_context_protocol.py::TestModelContextProtocol::test_model_serialization PASSED [ 67%]
src/codomyrmex/tests/unit/model_context_protocol/test_model_context_protocol.py::TestModelContextProtocol::test_main_execution_example PASSED [ 67%]
src/codomyrmex/tests/unit/model_context_protocol/test_model_context_protocol.py::TestModelContextProtocol::test_validation_error_examples PASSED [ 67%]
src/codomyrmex/tests/unit/model_context_protocol/test_model_context_protocol.py::TestModelContextProtocol::test_pydantic_config_extra_allow PASSED [ 67%]
src/codomyrmex/tests/unit/model_evaluation/test_model_evaluation.py::TestExactMatchScorer::test_exact_match PASSED [ 67%]
src/codomyrmex/tests/unit/model_evaluation/test_model_evaluation.py::TestExactMatchScorer::test_no_match PASSED [ 67%]
src/codomyrmex/tests/unit/model_evaluation/test_model_evaluation.py::TestExactMatchScorer::test_case_insensitive PASSED [ 67%]
src/codomyrmex/tests/unit/model_evaluation/test_model_evaluation.py::TestExactMatchScorer::test_strip_whitespace PASSED [ 67%]
src/codomyrmex/tests/unit/model_evaluation/test_model_evaluation.py::TestExactMatchScorer::test_name_property PASSED [ 67%]
src/codomyrmex/tests/unit/model_evaluation/test_model_evaluation.py::TestExactMatchScorer::test_score_batch PASSED [ 67%]
src/codomyrmex/tests/unit/model_evaluation/test_model_evaluation.py::TestContainsScorer::test_contains_match PASSED [ 67%]
src/codomyrmex/tests/unit/model_evaluation/test_model_evaluation.py::TestContainsScorer::test_contains_no_match PASSED [ 67%]
src/codomyrmex/tests/unit/model_evaluation/test_model_evaluation.py::TestContainsScorer::test_case_insensitive_default PASSED [ 67%]
src/codomyrmex/tests/unit/model_evaluation/test_model_evaluation.py::TestContainsScorer::test_case_sensitive PASSED [ 67%]
src/codomyrmex/tests/unit/model_evaluation/test_model_evaluation.py::TestLengthScorer::test_within_range PASSED [ 67%]
src/codomyrmex/tests/unit/model_evaluation/test_model_evaluation.py::TestLengthScorer::test_below_range PASSED [ 67%]
src/codomyrmex/tests/unit/model_evaluation/test_model_evaluation.py::TestLengthScorer::test_above_range PASSED [ 67%]
src/codomyrmex/tests/unit/model_evaluation/test_model_evaluation.py::TestLengthScorer::test_invalid_min_length PASSED [ 67%]
src/codomyrmex/tests/unit/model_evaluation/test_model_evaluation.py::TestLengthScorer::test_invalid_max_less_than_min PASSED [ 67%]
src/codomyrmex/tests/unit/model_evaluation/test_model_evaluation.py::TestRegexScorer::test_regex_search PASSED [ 67%]
src/codomyrmex/tests/unit/model_evaluation/test_model_evaluation.py::TestRegexScorer::test_regex_no_match PASSED [ 67%]
src/codomyrmex/tests/unit/model_evaluation/test_model_evaluation.py::TestRegexScorer::test_regex_full_match PASSED [ 67%]
src/codomyrmex/tests/unit/model_evaluation/test_model_evaluation.py::TestRegexScorer::test_invalid_regex_returns_zero PASSED [ 67%]
src/codomyrmex/tests/unit/model_evaluation/test_model_evaluation.py::TestCompositeScorer::test_empty_returns_zero PASSED [ 67%]
src/codomyrmex/tests/unit/model_evaluation/test_model_evaluation.py::TestCompositeScorer::test_single_scorer PASSED [ 67%]
src/codomyrmex/tests/unit/model_evaluation/test_model_evaluation.py::TestCompositeScorer::test_weighted_average PASSED [ 67%]
src/codomyrmex/tests/unit/model_evaluation/test_model_evaluation.py::TestCompositeScorer::test_add_scorer_negative_weight PASSED [ 67%]
src/codomyrmex/tests/unit/model_evaluation/test_model_evaluation.py::TestCompositeScorer::test_score_detailed PASSED [ 67%]
src/codomyrmex/tests/unit/model_evaluation/test_model_evaluation.py::TestCompositeScorer::test_scorer_count PASSED [ 67%]
src/codomyrmex/tests/unit/model_evaluation/test_model_evaluation.py::TestCreateDefaultScorer::test_returns_composite PASSED [ 67%]
src/codomyrmex/tests/unit/model_evaluation/test_model_evaluation.py::TestCreateDefaultScorer::test_default_scorer_produces_score PASSED [ 67%]
src/codomyrmex/tests/unit/model_evaluation/test_model_evaluation.py::TestBenchmarkDataclasses::test_case_auto_id PASSED [ 67%]
src/codomyrmex/tests/unit/model_evaluation/test_model_evaluation.py::TestBenchmarkDataclasses::test_case_explicit_id PASSED [ 67%]
src/codomyrmex/tests/unit/model_evaluation/test_model_evaluation.py::TestBenchmarkDataclasses::test_result_passed_property PASSED [ 67%]
src/codomyrmex/tests/unit/model_evaluation/test_model_evaluation.py::TestBenchmarkDataclasses::test_result_to_dict PASSED [ 67%]
src/codomyrmex/tests/unit/model_evaluation/test_model_evaluation.py::TestBenchmarkSuite::test_add_case_and_count PASSED [ 67%]
src/codomyrmex/tests/unit/model_evaluation/test_model_evaluation.py::TestBenchmarkSuite::test_run_with_identity_model PASSED [ 67%]
src/codomyrmex/tests/unit/model_evaluation/test_model_evaluation.py::TestBenchmarkSuite::test_suite_result_stats PASSED [ 67%]
src/codomyrmex/tests/unit/model_evaluation/test_model_evaluation.py::TestBenchmarkSuite::test_suite_remove_case PASSED [ 67%]
src/codomyrmex/tests/unit/model_evaluation/test_model_evaluation.py::TestBenchmarkSuite::test_suite_get_cases_by_tag PASSED [ 67%]
src/codomyrmex/tests/unit/model_evaluation/test_model_evaluation.py::TestBenchmarkSuite::test_suite_model_exception_handled PASSED [ 67%]
src/codomyrmex/tests/unit/model_evaluation/test_model_evaluation.py::TestBenchmarkSuite::test_suite_to_dict PASSED [ 67%]
src/codomyrmex/tests/unit/model_evaluation/test_model_evaluation.py::TestQualityAnalyzer::test_analyze_nonempty_output PASSED [ 67%]
src/codomyrmex/tests/unit/model_evaluation/test_model_evaluation.py::TestQualityAnalyzer::test_analyze_empty_output PASSED [ 67%]
src/codomyrmex/tests/unit/model_evaluation/test_model_evaluation.py::TestQualityAnalyzer::test_analyze_with_context PASSED [ 67%]
src/codomyrmex/tests/unit/model_evaluation/test_model_evaluation.py::TestQualityAnalyzer::test_weakest_and_strongest PASSED [ 67%]
src/codomyrmex/tests/unit/model_evaluation/test_model_evaluation.py::TestQualityAnalyzer::test_quality_report_to_dict PASSED [ 67%]
src/codomyrmex/tests/unit/model_evaluation/test_model_evaluation.py::TestQualityAnalyzer::test_dimension_enum_values PASSED [ 67%]
src/codomyrmex/tests/unit/model_evaluation/test_model_evaluation.py::TestQualityAnalyzer::test_custom_weights PASSED [ 67%]
src/codomyrmex/tests/unit/model_ops/test_model_ops.py::test_dataset_creation_empty PASSED [ 67%]
src/codomyrmex/tests/unit/model_ops/test_model_ops.py::test_dataset_creation_with_data PASSED [ 67%]
src/codomyrmex/tests/unit/model_ops/test_model_ops.py::test_dataset_validation_prompt_completion PASSED [ 67%]
src/codomyrmex/tests/unit/model_ops/test_model_ops.py::test_dataset_validation_messages_format PASSED [ 67%]
src/codomyrmex/tests/unit/model_ops/test_model_ops.py::test_dataset_validation_mixed_formats PASSED [ 67%]
src/codomyrmex/tests/unit/model_ops/test_model_ops.py::test_dataset_validation_invalid PASSED [ 67%]
src/codomyrmex/tests/unit/model_ops/test_model_ops.py::test_dataset_validation_empty_is_valid PASSED [ 67%]
src/codomyrmex/tests/unit/model_ops/test_model_ops.py::test_dataset_to_jsonl PASSED [ 67%]
src/codomyrmex/tests/unit/model_ops/test_model_ops.py::test_dataset_from_file PASSED [ 67%]
src/codomyrmex/tests/unit/model_ops/test_model_ops.py::test_dataset_from_file_skips_blank_lines PASSED [ 67%]
src/codomyrmex/tests/unit/model_ops/test_model_ops.py::test_sanitizer_strip_keys PASSED [ 67%]
src/codomyrmex/tests/unit/model_ops/test_model_ops.py::test_sanitizer_filter_by_length PASSED [ 67%]
src/codomyrmex/tests/unit/model_ops/test_model_ops.py::test_sanitizer_filter_by_length_keeps_all PASSED [ 67%]
src/codomyrmex/tests/unit/model_ops/test_model_ops.py::test_fine_tuning_job_initial_state PASSED [ 67%]
src/codomyrmex/tests/unit/model_ops/test_model_ops.py::test_fine_tuning_job_run PASSED [ 67%]
src/codomyrmex/tests/unit/model_ops/test_model_ops.py::test_fine_tuning_job_refresh_completes PASSED [ 67%]
src/codomyrmex/tests/unit/model_ops/test_model_ops.py::test_fine_tuning_job_refresh_pending_stays_pending PASSED [ 67%]
src/codomyrmex/tests/unit/model_ops/test_model_ops.py::test_evaluator_exact_match PASSED [ 67%]
src/codomyrmex/tests/unit/model_ops/test_model_ops.py::test_evaluator_exact_match_mismatch PASSED [ 67%]
src/codomyrmex/tests/unit/model_ops/test_model_ops.py::test_evaluator_length_ratio PASSED [ 67%]
src/codomyrmex/tests/unit/model_ops/test_model_ops.py::test_evaluator_handles_metric_errors PASSED [ 67%]
src/codomyrmex/tests/unit/model_ops/test_model_ops.py::test_accuracy_metric PASSED [ 67%]
src/codomyrmex/tests/unit/model_ops/test_model_ops.py::test_accuracy_metric_empty PASSED [ 67%]
src/codomyrmex/tests/unit/model_ops/test_model_ops.py::test_precision_metric PASSED [ 67%]
src/codomyrmex/tests/unit/model_ops/test_model_ops.py::test_precision_metric_no_positives PASSED [ 67%]
src/codomyrmex/tests/unit/model_ops/test_model_ops.py::test_recall_metric PASSED [ 67%]
src/codomyrmex/tests/unit/model_ops/test_model_ops.py::test_f1_metric PASSED [ 67%]
src/codomyrmex/tests/unit/model_ops/test_model_ops.py::test_f1_metric_perfect PASSED [ 67%]
src/codomyrmex/tests/unit/model_ops/test_model_ops.py::test_mse_metric PASSED [ 67%]
src/codomyrmex/tests/unit/model_ops/test_model_ops.py::test_mae_metric PASSED [ 67%]
src/codomyrmex/tests/unit/model_ops/test_model_ops.py::test_rmse_metric PASSED [ 67%]
src/codomyrmex/tests/unit/model_ops/test_model_ops.py::test_r2_metric_perfect PASSED [ 67%]
src/codomyrmex/tests/unit/model_ops/test_model_ops.py::test_r2_metric_poor PASSED [ 67%]
src/codomyrmex/tests/unit/model_ops/test_model_ops.py::test_auc_roc_metric PASSED [ 67%]
src/codomyrmex/tests/unit/model_ops/test_model_ops.py::test_auc_roc_metric_mixed PASSED [ 67%]
src/codomyrmex/tests/unit/model_ops/test_model_ops.py::test_confusion_matrix_binary PASSED [ 67%]
src/codomyrmex/tests/unit/model_ops/test_model_ops.py::test_confusion_matrix_to_dict PASSED [ 67%]
src/codomyrmex/tests/unit/model_ops/test_model_ops.py::test_confusion_matrix_str PASSED [ 67%]
src/codomyrmex/tests/unit/model_ops/test_model_ops.py::test_model_evaluator_classification PASSED [ 67%]
src/codomyrmex/tests/unit/model_ops/test_model_ops.py::test_model_evaluator_regression PASSED [ 67%]
src/codomyrmex/tests/unit/model_ops/test_model_ops.py::test_model_evaluator_add_metric PASSED [ 67%]
src/codomyrmex/tests/unit/model_ops/test_model_ops.py::test_evaluation_result_to_dict PASSED [ 67%]
src/codomyrmex/tests/unit/model_ops/test_model_ops.py::test_create_evaluator_binary PASSED [ 67%]
src/codomyrmex/tests/unit/model_ops/test_model_ops.py::test_create_evaluator_regression PASSED [ 67%]
src/codomyrmex/tests/unit/model_ops/test_model_ops.py::test_create_evaluator_unknown_raises PASSED [ 67%]
src/codomyrmex/tests/unit/model_ops/test_model_ops.py::test_exact_match_metric_empty PASSED [ 67%]
src/codomyrmex/tests/unit/model_ops/test_model_ops.py::test_length_ratio_metric_equal PASSED [ 67%]
src/codomyrmex/tests/unit/model_ops/test_model_ops.py::test_length_ratio_metric_empty_reference PASSED [ 68%]
src/codomyrmex/tests/unit/model_registry/test_model_registry.py::TestModelRegistryImports::test_module_imports PASSED [ 68%]
src/codomyrmex/tests/unit/model_registry/test_model_registry.py::TestModelRegistryImports::test_public_api_exists PASSED [ 68%]
src/codomyrmex/tests/unit/model_registry/test_model_registry.py::TestModelStage::test_model_stage_values PASSED [ 68%]
src/codomyrmex/tests/unit/model_registry/test_model_registry.py::TestModelFramework::test_model_framework_values PASSED [ 68%]
src/codomyrmex/tests/unit/model_registry/test_model_registry.py::TestModelMetrics::test_metrics_creation PASSED [ 68%]
src/codomyrmex/tests/unit/model_registry/test_model_registry.py::TestModelMetrics::test_metrics_to_dict PASSED [ 68%]
src/codomyrmex/tests/unit/model_registry/test_model_registry.py::TestModelVersion::test_version_creation PASSED [ 68%]
src/codomyrmex/tests/unit/model_registry/test_model_registry.py::TestModelVersion::test_version_full_name PASSED [ 68%]
src/codomyrmex/tests/unit/model_registry/test_model_registry.py::TestModelVersion::test_version_to_dict PASSED [ 68%]
src/codomyrmex/tests/unit/model_registry/test_model_registry.py::TestRegisteredModel::test_model_creation PASSED [ 68%]
src/codomyrmex/tests/unit/model_registry/test_model_registry.py::TestRegisteredModel::test_model_latest_version PASSED [ 68%]
src/codomyrmex/tests/unit/model_registry/test_model_registry.py::TestRegisteredModel::test_model_production_version PASSED [ 68%]
src/codomyrmex/tests/unit/model_registry/test_model_registry.py::TestRegisteredModel::test_model_get_version PASSED [ 68%]
src/codomyrmex/tests/unit/model_registry/test_model_registry.py::TestInMemoryModelStore::test_store_save_and_load PASSED [ 68%]
src/codomyrmex/tests/unit/model_registry/test_model_registry.py::TestInMemoryModelStore::test_store_delete PASSED [ 68%]
src/codomyrmex/tests/unit/model_registry/test_model_registry.py::TestInMemoryModelStore::test_store_load_missing PASSED [ 68%]
src/codomyrmex/tests/unit/model_registry/test_model_registry.py::TestModelRegistry::test_registry_register_model PASSED [ 68%]
src/codomyrmex/tests/unit/model_registry/test_model_registry.py::TestModelRegistry::test_registry_duplicate_version_error PASSED [ 68%]
src/codomyrmex/tests/unit/model_registry/test_model_registry.py::TestModelRegistry::test_registry_get_model PASSED [ 68%]
src/codomyrmex/tests/unit/model_registry/test_model_registry.py::TestModelRegistry::test_registry_get_version PASSED [ 68%]
src/codomyrmex/tests/unit/model_registry/test_model_registry.py::TestModelRegistry::test_registry_get_latest PASSED [ 68%]
src/codomyrmex/tests/unit/model_registry/test_model_registry.py::TestModelRegistry::test_registry_transition_stage PASSED [ 68%]
src/codomyrmex/tests/unit/model_registry/test_model_registry.py::TestModelRegistry::test_registry_production_transition_demotes_previous PASSED [ 68%]
src/codomyrmex/tests/unit/model_registry/test_model_registry.py::TestModelRegistry::test_registry_list_models PASSED [ 68%]
src/codomyrmex/tests/unit/model_registry/test_model_registry.py::TestModelRegistry::test_registry_list_versions PASSED [ 68%]
src/codomyrmex/tests/unit/model_registry/test_model_registry.py::TestModelRegistry::test_registry_delete_version PASSED [ 68%]
src/codomyrmex/tests/unit/model_registry/test_model_registry.py::TestModelRegistry::test_registry_artifact_storage PASSED [ 68%]
src/codomyrmex/tests/unit/module_template/template/test_template.py::TestTemplate::test_template_directory_exists PASSED [ 68%]
src/codomyrmex/tests/unit/module_template/template/test_template.py::TestTemplate::test_template_directory_contains_template_files PASSED [ 68%]
src/codomyrmex/tests/unit/module_template/template/test_template.py::TestTemplate::test_template_module_discovery PASSED [ 68%]
src/codomyrmex/tests/unit/module_template/template/test_template.py::TestTemplate::test_template_as_placeholder PASSED [ 68%]
src/codomyrmex/tests/unit/module_template/template/test_template.py::TestTemplate::test_template_directory_structure PASSED [ 68%]
src/codomyrmex/tests/unit/module_template/template/test_template.py::TestTemplate::test_template_module_inheritance_pattern PASSED [ 68%]
src/codomyrmex/tests/unit/module_template/template/test_template.py::TestTemplate::test_template_can_be_copied PASSED [ 68%]
src/codomyrmex/tests/unit/module_template/template/test_template.py::TestTemplate::test_template_module_path_resolution PASSED [ 68%]
src/codomyrmex/tests/unit/module_template/template/test_template.py::TestTemplate::test_template_placeholder_behavior PASSED [ 68%]
src/codomyrmex/tests/unit/module_template/template/test_template.py::TestTemplate::test_template_vs_other_modules PASSED [ 68%]
src/codomyrmex/tests/unit/module_template/test_module_template.py::TestModuleTemplate::test_module_template_import PASSED [ 68%]
src/codomyrmex/tests/unit/module_template/test_module_template.py::TestModuleTemplate::test_module_template_module_structure PASSED [ 68%]
src/codomyrmex/tests/unit/module_template/test_module_template.py::TestModuleTemplate::test_module_template_placeholder_behavior PASSED [ 68%]
src/codomyrmex/tests/unit/module_template/test_module_template.py::TestModuleTemplate::test_module_template_import_error_handling PASSED [ 68%]
src/codomyrmex/tests/unit/module_template/test_module_template.py::TestModuleTemplate::test_module_template_module_discovery PASSED [ 68%]
src/codomyrmex/tests/unit/module_template/test_module_template.py::TestModuleTemplate::test_module_template_init_module PASSED [ 68%]
src/codomyrmex/tests/unit/module_template/test_module_template.py::TestModuleTemplate::test_module_template_as_template PASSED [ 68%]
src/codomyrmex/tests/unit/module_template/test_module_template.py::TestModuleTemplate::test_module_template_files_exist PASSED [ 68%]
src/codomyrmex/tests/unit/multimodal/test_multimodal.py::TestMultimodalImports::test_module_imports PASSED [ 68%]
src/codomyrmex/tests/unit/multimodal/test_multimodal.py::TestMultimodalImports::test_public_api_exists PASSED [ 68%]
src/codomyrmex/tests/unit/multimodal/test_multimodal.py::TestMediaType::test_media_type_values PASSED [ 68%]
src/codomyrmex/tests/unit/multimodal/test_multimodal.py::TestImageFormat::test_image_format_values PASSED [ 68%]
src/codomyrmex/tests/unit/multimodal/test_multimodal.py::TestAudioFormat::test_audio_format_values PASSED [ 68%]
src/codomyrmex/tests/unit/multimodal/test_multimodal.py::TestMediaContent::test_content_creation PASSED [ 68%]
src/codomyrmex/tests/unit/multimodal/test_multimodal.py::TestMediaContent::test_content_size_bytes PASSED [ 68%]
src/codomyrmex/tests/unit/multimodal/test_multimodal.py::TestMediaContent::test_content_hash PASSED [ 68%]
src/codomyrmex/tests/unit/multimodal/test_multimodal.py::TestMediaContent::test_content_to_base64 PASSED [ 68%]
src/codomyrmex/tests/unit/multimodal/test_multimodal.py::TestMediaContent::test_content_from_base64 PASSED [ 68%]
src/codomyrmex/tests/unit/multimodal/test_multimodal.py::TestImageContent::test_image_content_creation PASSED [ 68%]
src/codomyrmex/tests/unit/multimodal/test_multimodal.py::TestImageContent::test_image_content_dimensions PASSED [ 68%]
src/codomyrmex/tests/unit/multimodal/test_multimodal.py::TestImageContent::test_image_content_aspect_ratio PASSED [ 68%]
src/codomyrmex/tests/unit/multimodal/test_multimodal.py::TestAudioContent::test_audio_content_creation PASSED [ 68%]
src/codomyrmex/tests/unit/multimodal/test_multimodal.py::TestMultimodalMessage::test_message_creation PASSED [ 68%]
src/codomyrmex/tests/unit/multimodal/test_multimodal.py::TestMultimodalMessage::test_message_add_text PASSED [ 68%]
src/codomyrmex/tests/unit/multimodal/test_multimodal.py::TestMultimodalMessage::test_message_add_image_bytes PASSED [ 68%]
src/codomyrmex/tests/unit/multimodal/test_multimodal.py::TestMultimodalMessage::test_message_has_images PASSED [ 68%]
src/codomyrmex/tests/unit/multimodal/test_multimodal.py::TestMultimodalMessage::test_message_to_dict PASSED [ 68%]
src/codomyrmex/tests/unit/multimodal/test_multimodal.py::TestMultimodalMessage::test_message_chaining PASSED [ 68%]
src/codomyrmex/tests/unit/multimodal/test_multimodal.py::TestImageProcessor::test_processor_creation PASSED [ 68%]
src/codomyrmex/tests/unit/multimodal/test_multimodal.py::TestImageProcessor::test_processor_validate_valid PASSED [ 68%]
src/codomyrmex/tests/unit/multimodal/test_multimodal.py::TestImageProcessor::test_processor_validate_wrong_type PASSED [ 68%]
src/codomyrmex/tests/unit/multimodal/test_multimodal.py::TestImageProcessor::test_processor_validate_too_large PASSED [ 68%]
src/codomyrmex/tests/unit/multimodal/test_multimodal.py::TestImageProcessor::test_processor_process PASSED [ 68%]
src/codomyrmex/tests/unit/multimodal/test_multimodal.py::TestAudioProcessor::test_processor_creation PASSED [ 68%]
src/codomyrmex/tests/unit/multimodal/test_multimodal.py::TestAudioProcessor::test_processor_validate_valid PASSED [ 68%]
src/codomyrmex/tests/unit/multimodal/test_multimodal.py::TestAudioProcessor::test_processor_validate_too_long PASSED [ 68%]
src/codomyrmex/tests/unit/multimodal/test_multimodal.py::TestMultimodalMessageBuilder::test_builder_basic PASSED [ 68%]
src/codomyrmex/tests/unit/multimodal/test_multimodal.py::TestMultimodalMessageBuilder::test_builder_with_image PASSED [ 68%]
src/codomyrmex/tests/unit/multimodal/test_multimodal.py::TestMultimodalMessageBuilder::test_builder_with_audio PASSED [ 68%]
src/codomyrmex/tests/unit/multimodal/test_multimodal.py::TestMultimodalMessageBuilder::test_builder_with_base64_image PASSED [ 68%]
src/codomyrmex/tests/unit/networking/test_networking.py::TestNetworkingModuleImport::test_networking_module_import PASSED [ 68%]
src/codomyrmex/tests/unit/networking/test_networking.py::TestNetworkingModuleImport::test_networking_module_structure PASSED [ 68%]
src/codomyrmex/tests/unit/networking/test_networking.py::TestNetworkingModuleImport::test_networking_module_exports PASSED [ 68%]
src/codomyrmex/tests/unit/networking/test_networking.py::TestNetworkingModuleImport::test_get_http_client_factory PASSED [ 68%]
src/codomyrmex/tests/unit/networking/test_networking.py::TestResponse::test_response_creation PASSED [ 68%]
src/codomyrmex/tests/unit/networking/test_networking.py::TestResponse::test_response_json_parsing PASSED [ 68%]
src/codomyrmex/tests/unit/networking/test_networking.py::TestResponse::test_response_json_caching PASSED [ 68%]
src/codomyrmex/tests/unit/networking/test_networking.py::TestResponse::test_response_with_predefined_json PASSED [ 68%]
src/codomyrmex/tests/unit/networking/test_networking.py::TestHTTPClient::test_client_initialization_defaults PASSED [ 68%]
src/codomyrmex/tests/unit/networking/test_networking.py::TestHTTPClient::test_client_initialization_custom PASSED [ 68%]
src/codomyrmex/tests/unit/networking/test_networking.py::TestHTTPClient::test_get_request PASSED [ 68%]
src/codomyrmex/tests/unit/networking/test_networking.py::TestHTTPClient::test_post_request PASSED [ 68%]
src/codomyrmex/tests/unit/networking/test_networking.py::TestHTTPClient::test_put_request PASSED [ 68%]
src/codomyrmex/tests/unit/networking/test_networking.py::TestHTTPClient::test_delete_request PASSED [ 68%]
src/codomyrmex/tests/unit/networking/test_networking.py::TestHTTPClient::test_request_with_custom_headers PASSED [ 68%]
src/codomyrmex/tests/unit/networking/test_networking.py::TestHTTPClient::test_request_with_custom_timeout PASSED [ 68%]
src/codomyrmex/tests/unit/networking/test_networking.py::TestHTTPClient::test_request_error_handling PASSED [ 68%]
src/codomyrmex/tests/unit/networking/test_networking.py::TestHTTPClient::test_request_connection_error PASSED [ 68%]
src/codomyrmex/tests/unit/networking/test_networking.py::TestHTTPClient::test_response_4xx_error PASSED [ 68%]
src/codomyrmex/tests/unit/networking/test_networking.py::TestHTTPClient::test_response_5xx_error PASSED [ 68%]
src/codomyrmex/tests/unit/networking/test_networking.py::TestWebSocketClient::test_websocket_client_initialization PASSED [ 68%]
src/codomyrmex/tests/unit/networking/test_networking.py::TestWebSocketClient::test_websocket_client_custom_initialization PASSED [ 69%]
src/codomyrmex/tests/unit/networking/test_networking.py::TestWebSocketClient::test_websocket_on_handler_registration PASSED [ 69%]
src/codomyrmex/tests/unit/networking/test_networking.py::TestWebSocketClient::test_websocket_message_handling_json PASSED [ 69%]
src/codomyrmex/tests/unit/networking/test_networking.py::TestWebSocketClient::test_websocket_message_handling_string PASSED [ 69%]
src/codomyrmex/tests/unit/networking/test_networking.py::TestWebSocketClient::test_websocket_message_handling_bytes PASSED [ 69%]
src/codomyrmex/tests/unit/networking/test_networking.py::TestWebSocketClient::test_websocket_sync_handler PASSED [ 69%]
src/codomyrmex/tests/unit/networking/test_networking.py::TestWebSocketClient::test_websocket_handler_exception_isolation PASSED [ 69%]
src/codomyrmex/tests/unit/networking/test_networking.py::TestWebSocketClient::test_websocket_send_not_connected PASSED [ 69%]
src/codomyrmex/tests/unit/networking/test_networking.py::TestWebSocketClient::test_websocket_close_without_connection PASSED [ 69%]
src/codomyrmex/tests/unit/networking/test_networking.py::TestSSHClient::test_ssh_client_initialization PASSED [ 69%]
src/codomyrmex/tests/unit/networking/test_networking.py::TestSSHClient::test_ssh_client_key_based_auth PASSED [ 69%]
src/codomyrmex/tests/unit/networking/test_networking.py::TestSSHClient::test_ssh_client_custom_port PASSED [ 69%]
src/codomyrmex/tests/unit/networking/test_networking.py::TestSSHClient::test_ssh_client_connect_and_execute SKIPPED [ 69%]
src/codomyrmex/tests/unit/networking/test_networking.py::TestTCPClient::test_tcp_client_initialization PASSED [ 69%]
src/codomyrmex/tests/unit/networking/test_networking.py::TestTCPClient::test_tcp_client_connect_send_receive PASSED [ 69%]
src/codomyrmex/tests/unit/networking/test_networking.py::TestTCPServer::test_tcp_server_initialization PASSED [ 69%]
src/codomyrmex/tests/unit/networking/test_networking.py::TestTCPServer::test_tcp_server_start_and_accept PASSED [ 69%]
src/codomyrmex/tests/unit/networking/test_networking.py::TestUDPClient::test_udp_client_initialization PASSED [ 69%]
src/codomyrmex/tests/unit/networking/test_networking.py::TestUDPClient::test_udp_client_send_receive PASSED [ 69%]
src/codomyrmex/tests/unit/networking/test_networking.py::TestPortScanner::test_is_port_open_success PASSED [ 69%]
src/codomyrmex/tests/unit/networking/test_networking.py::TestPortScanner::test_is_port_open_connection_refused PASSED [ 69%]
src/codomyrmex/tests/unit/networking/test_networking.py::TestPortScanner::test_scan_range PASSED [ 69%]
src/codomyrmex/tests/unit/networking/test_networking.py::TestNetworkingIntegration::test_http_client_json_workflow PASSED [ 69%]
src/codomyrmex/tests/unit/networking/test_networking.py::TestNetworkingIntegration::test_http_client_post_json_workflow PASSED [ 69%]
src/codomyrmex/tests/unit/networking/test_networking.py::TestNetworkingIntegration::test_websocket_message_flow PASSED [ 69%]
src/codomyrmex/tests/unit/networking/test_networking.py::TestNetworkingErrorHandling::test_networking_error_creation PASSED [ 69%]
src/codomyrmex/tests/unit/networking/test_networking.py::TestNetworkingErrorHandling::test_networking_error_inheritance PASSED [ 69%]
src/codomyrmex/tests/unit/networking/test_networking.py::TestNetworkingErrorHandling::test_http_client_wraps_request_exceptions PASSED [ 69%]
src/codomyrmex/tests/unit/networking/test_networking_expansion.py::test_ssh_client_logic SKIPPED [ 69%]
src/codomyrmex/tests/unit/networking/test_networking_expansion.py::test_tcp_client_real PASSED [ 69%]
src/codomyrmex/tests/unit/networking/test_networking_expansion.py::test_udp_client_real PASSED [ 69%]
src/codomyrmex/tests/unit/networking/test_networking_expansion.py::test_port_scanner PASSED [ 69%]
src/codomyrmex/tests/unit/networking/test_networking_reliability.py::TestNetworkingReliability::test_http_client_config_fuzzing PASSED [ 69%]
src/codomyrmex/tests/unit/networking/test_networking_reliability.py::TestNetworkingReliability::test_websocket_backoff_algorithm PASSED [ 69%]
src/codomyrmex/tests/unit/networking/test_response_error.py::test_response_json_wrapping PASSED [ 69%]
src/codomyrmex/tests/unit/networking/test_response_error.py::test_response_json_success PASSED [ 69%]
src/codomyrmex/tests/unit/networking/test_websocket_client.py::test_websocket_client_on_handler PASSED [ 69%]
src/codomyrmex/tests/unit/networking/test_websocket_client.py::test_websocket_client_on_async_handler PASSED [ 69%]
src/codomyrmex/tests/unit/networking/test_websocket_client.py::test_websocket_client_initialization PASSED [ 69%]
src/codomyrmex/tests/unit/networking/test_websocket_client.py::test_websocket_client_multiple_handlers PASSED [ 69%]
src/codomyrmex/tests/unit/networking/test_websocket_client.py::test_websocket_client_message_parsing PASSED [ 69%]
src/codomyrmex/tests/unit/networking/test_websocket_client.py::test_websocket_client_handler_exception_handling PASSED [ 69%]
src/codomyrmex/tests/unit/networking/test_websocket_client.py::test_websocket_client_concurrent_messages PASSED [ 69%]
src/codomyrmex/tests/unit/networking/test_websocket_client.py::test_websocket_client_empty_message PASSED [ 69%]
src/codomyrmex/tests/unit/networking/test_websocket_client.py::test_websocket_client_handler_order PASSED [ 69%]
src/codomyrmex/tests/unit/networks/test_network.py::test_graph_add_node PASSED [ 69%]
src/codomyrmex/tests/unit/networks/test_network.py::test_graph_add_edge PASSED [ 69%]
src/codomyrmex/tests/unit/networks/test_network.py::test_shortest_path PASSED [ 69%]
src/codomyrmex/tests/unit/networks/test_network.py::test_shortest_path_no_path PASSED [ 69%]
src/codomyrmex/tests/unit/notification/test_notification.py::TestNotificationImports::test_module_imports PASSED [ 69%]
src/codomyrmex/tests/unit/notification/test_notification.py::TestNotificationImports::test_public_api_exists PASSED [ 69%]
src/codomyrmex/tests/unit/notification/test_notification.py::TestNotificationChannel::test_channel_values PASSED [ 69%]
src/codomyrmex/tests/unit/notification/test_notification.py::TestNotificationPriority::test_priority_values PASSED [ 69%]
src/codomyrmex/tests/unit/notification/test_notification.py::TestNotificationStatus::test_status_values PASSED [ 69%]
src/codomyrmex/tests/unit/notification/test_notification.py::TestNotification::test_notification_creation PASSED [ 69%]
src/codomyrmex/tests/unit/notification/test_notification.py::TestNotification::test_notification_to_dict PASSED [ 69%]
src/codomyrmex/tests/unit/notification/test_notification.py::TestNotificationResult::test_result_creation PASSED [ 69%]
src/codomyrmex/tests/unit/notification/test_notification.py::TestNotificationResult::test_result_is_success PASSED [ 69%]
src/codomyrmex/tests/unit/notification/test_notification.py::TestConsoleProvider::test_provider_channel PASSED [ 69%]
src/codomyrmex/tests/unit/notification/test_notification.py::TestConsoleProvider::test_provider_send PASSED [ 69%]
src/codomyrmex/tests/unit/notification/test_notification.py::TestFileProvider::test_provider_channel PASSED [ 69%]
src/codomyrmex/tests/unit/notification/test_notification.py::TestFileProvider::test_provider_send PASSED [ 69%]
src/codomyrmex/tests/unit/notification/test_notification.py::TestWebhookProvider::test_provider_channel PASSED [ 69%]
src/codomyrmex/tests/unit/notification/test_notification.py::TestWebhookProvider::test_provider_send_mock PASSED [ 69%]
src/codomyrmex/tests/unit/notification/test_notification.py::TestNotificationTemplate::test_template_creation PASSED [ 69%]
src/codomyrmex/tests/unit/notification/test_notification.py::TestNotificationTemplate::test_template_render PASSED [ 69%]
src/codomyrmex/tests/unit/notification/test_notification.py::TestNotificationRouter::test_router_default PASSED [ 69%]
src/codomyrmex/tests/unit/notification/test_notification.py::TestNotificationRouter::test_router_rule_matching PASSED [ 69%]
src/codomyrmex/tests/unit/notification/test_notification.py::TestNotificationService::test_service_creation PASSED [ 69%]
src/codomyrmex/tests/unit/notification/test_notification.py::TestNotificationService::test_service_register_provider PASSED [ 69%]
src/codomyrmex/tests/unit/notification/test_notification.py::TestNotificationService::test_service_send_without_provider PASSED [ 69%]
src/codomyrmex/tests/unit/notification/test_notification.py::TestNotificationService::test_service_register_template PASSED [ 69%]
src/codomyrmex/tests/unit/notification/test_notification.py::TestNotificationService::test_service_send_from_missing_template PASSED [ 69%]
src/codomyrmex/tests/unit/notification/test_notification.py::TestNotificationService::test_service_broadcast PASSED [ 69%]
src/codomyrmex/tests/unit/notification/test_notification.py::TestNotificationService::test_service_history PASSED [ 69%]
src/codomyrmex/tests/unit/notification/test_notification.py::TestNotificationService::test_service_success_count PASSED [ 69%]
src/codomyrmex/tests/unit/notification/test_notification.py::TestBuiltinTemplates::test_alert_template PASSED [ 69%]
src/codomyrmex/tests/unit/notification/test_notification.py::TestBuiltinTemplates::test_info_template PASSED [ 69%]
src/codomyrmex/tests/unit/notification/test_notification.py::TestBuiltinTemplates::test_error_template PASSED [ 69%]
src/codomyrmex/tests/unit/observability/test_observability_codegen.py::TestTracer::test_start_span PASSED [ 69%]
src/codomyrmex/tests/unit/observability/test_observability_codegen.py::TestTracer::test_parent_span PASSED [ 69%]
src/codomyrmex/tests/unit/observability/test_observability_codegen.py::TestTracer::test_finish PASSED [ 69%]
src/codomyrmex/tests/unit/observability/test_observability_codegen.py::TestTracer::test_export PASSED [ 69%]
src/codomyrmex/tests/unit/observability/test_observability_codegen.py::TestMetricCounter::test_increment PASSED [ 69%]
src/codomyrmex/tests/unit/observability/test_observability_codegen.py::TestMetricCounter::test_gauge PASSED [ 69%]
src/codomyrmex/tests/unit/observability/test_observability_codegen.py::TestAlertEngine::test_fire_alert PASSED [ 69%]
src/codomyrmex/tests/unit/observability/test_observability_codegen.py::TestAlertEngine::test_no_fire PASSED [ 69%]
src/codomyrmex/tests/unit/observability/test_observability_codegen.py::TestAlertEngine::test_handler_called PASSED [ 69%]
src/codomyrmex/tests/unit/observability/test_observability_codegen.py::TestAlertEngine::test_rule_conditions PASSED [ 69%]
src/codomyrmex/tests/unit/observability/test_observability_codegen.py::TestAuditTrail::test_record PASSED [ 69%]
src/codomyrmex/tests/unit/observability/test_observability_codegen.py::TestAuditTrail::test_chain_integrity PASSED [ 69%]
src/codomyrmex/tests/unit/observability/test_observability_codegen.py::TestAuditTrail::test_entries_by_actor PASSED [ 69%]
src/codomyrmex/tests/unit/observability/test_observability_codegen.py::TestAuditTrail::test_jsonl PASSED [ 69%]
src/codomyrmex/tests/unit/observability/test_observability_codegen.py::TestDashboardExporter::test_add_panel PASSED [ 69%]
src/codomyrmex/tests/unit/observability/test_observability_codegen.py::TestDashboardExporter::test_export PASSED [ 69%]
src/codomyrmex/tests/unit/observability/test_observability_codegen.py::TestDashboardExporter::test_agent_dashboard PASSED [ 69%]
src/codomyrmex/tests/unit/observability/test_observability_codegen.py::TestCodeGenerator::test_generate_functions PASSED [ 69%]
src/codomyrmex/tests/unit/observability/test_observability_codegen.py::TestCodeGenerator::test_generate_class PASSED [ 69%]
src/codomyrmex/tests/unit/observability/test_observability_codegen.py::TestCodeGenerator::test_empty_spec PASSED [ 70%]
src/codomyrmex/tests/unit/observability/test_observability_codegen.py::TestCodeGenerator::test_bundle_to_dict PASSED [ 70%]
src/codomyrmex/tests/unit/observability/test_observability_codegen.py::TestTestGenerator::test_from_source PASSED [ 70%]
src/codomyrmex/tests/unit/observability/test_observability_codegen.py::TestTestGenerator::test_class_tests PASSED [ 70%]
src/codomyrmex/tests/unit/observability/test_observability_codegen.py::TestTestGenerator::test_render PASSED [ 70%]
src/codomyrmex/tests/unit/observability/test_observability_codegen.py::TestPRBuilder::test_create PASSED [ 70%]
src/codomyrmex/tests/unit/observability/test_observability_codegen.py::TestPRBuilder::test_auto_title PASSED [ 70%]
src/codomyrmex/tests/unit/observability/test_observability_codegen.py::TestReviewLoop::test_converges PASSED [ 70%]
src/codomyrmex/tests/unit/observability/test_observability_codegen.py::TestReviewLoop::test_has_reviews PASSED [ 70%]
src/codomyrmex/tests/unit/observability/test_observability_codegen.py::TestReviewLoop::test_result_to_dict PASSED [ 70%]
src/codomyrmex/tests/unit/observability_dashboard/test_observability_dashboard.py::TestObservabilityDashboardImports::test_module_imports PASSED [ 70%]
src/codomyrmex/tests/unit/observability_dashboard/test_observability_dashboard.py::TestObservabilityDashboardImports::test_public_api_exists PASSED [ 70%]
src/codomyrmex/tests/unit/observability_dashboard/test_observability_dashboard.py::TestMetricType::test_metric_type_values PASSED [ 70%]
src/codomyrmex/tests/unit/observability_dashboard/test_observability_dashboard.py::TestAlertSeverity::test_alert_severity_values PASSED [ 70%]
src/codomyrmex/tests/unit/observability_dashboard/test_observability_dashboard.py::TestPanelType::test_panel_type_values PASSED [ 70%]
src/codomyrmex/tests/unit/observability_dashboard/test_observability_dashboard.py::TestMetricValue::test_metric_value_creation PASSED [ 70%]
src/codomyrmex/tests/unit/observability_dashboard/test_observability_dashboard.py::TestMetricValue::test_metric_value_to_dict PASSED [ 70%]
src/codomyrmex/tests/unit/observability_dashboard/test_observability_dashboard.py::TestAlert::test_alert_creation PASSED [ 70%]
src/codomyrmex/tests/unit/observability_dashboard/test_observability_dashboard.py::TestAlert::test_alert_resolve PASSED [ 70%]
src/codomyrmex/tests/unit/observability_dashboard/test_observability_dashboard.py::TestAlert::test_alert_duration PASSED [ 70%]
src/codomyrmex/tests/unit/observability_dashboard/test_observability_dashboard.py::TestAlert::test_alert_to_dict PASSED [ 70%]
src/codomyrmex/tests/unit/observability_dashboard/test_observability_dashboard.py::TestPanel::test_panel_creation PASSED [ 70%]
src/codomyrmex/tests/unit/observability_dashboard/test_observability_dashboard.py::TestPanel::test_panel_to_dict PASSED [ 70%]
src/codomyrmex/tests/unit/observability_dashboard/test_observability_dashboard.py::TestDashboard::test_dashboard_creation PASSED [ 70%]
src/codomyrmex/tests/unit/observability_dashboard/test_observability_dashboard.py::TestDashboard::test_dashboard_add_panel PASSED [ 70%]
src/codomyrmex/tests/unit/observability_dashboard/test_observability_dashboard.py::TestDashboard::test_dashboard_get_panel PASSED [ 70%]
src/codomyrmex/tests/unit/observability_dashboard/test_observability_dashboard.py::TestDashboard::test_dashboard_chaining PASSED [ 70%]
src/codomyrmex/tests/unit/observability_dashboard/test_observability_dashboard.py::TestDashboard::test_dashboard_to_dict PASSED [ 70%]
src/codomyrmex/tests/unit/observability_dashboard/test_observability_dashboard.py::TestMetricCollector::test_collector_record PASSED [ 70%]
src/codomyrmex/tests/unit/observability_dashboard/test_observability_dashboard.py::TestMetricCollector::test_collector_get_latest PASSED [ 70%]
src/codomyrmex/tests/unit/observability_dashboard/test_observability_dashboard.py::TestMetricCollector::test_collector_get_latest_missing PASSED [ 70%]
src/codomyrmex/tests/unit/observability_dashboard/test_observability_dashboard.py::TestMetricCollector::test_collector_list_metric_names PASSED [ 70%]
src/codomyrmex/tests/unit/observability_dashboard/test_observability_dashboard.py::TestMetricCollector::test_collector_get_metrics_with_time_range PASSED [ 70%]
src/codomyrmex/tests/unit/observability_dashboard/test_observability_dashboard.py::TestMetricCollector::test_collector_cleanup_old PASSED [ 70%]
src/codomyrmex/tests/unit/observability_dashboard/test_observability_dashboard.py::TestAlertManager::test_manager_add_rule PASSED [ 70%]
src/codomyrmex/tests/unit/observability_dashboard/test_observability_dashboard.py::TestAlertManager::test_manager_check_fires_alert PASSED [ 70%]
src/codomyrmex/tests/unit/observability_dashboard/test_observability_dashboard.py::TestAlertManager::test_manager_check_no_alert_below_threshold PASSED [ 70%]
src/codomyrmex/tests/unit/observability_dashboard/test_observability_dashboard.py::TestAlertManager::test_manager_get_active_alerts PASSED [ 70%]
src/codomyrmex/tests/unit/observability_dashboard/test_observability_dashboard.py::TestAlertManager::test_manager_auto_resolve PASSED [ 70%]
src/codomyrmex/tests/unit/observability_dashboard/test_observability_dashboard.py::TestAlertManager::test_manager_acknowledge PASSED [ 70%]
src/codomyrmex/tests/unit/observability_dashboard/test_observability_dashboard.py::TestAlertManager::test_manager_get_alert_history PASSED [ 70%]
src/codomyrmex/tests/unit/observability_dashboard/test_observability_dashboard.py::TestDashboardManager::test_manager_create_dashboard PASSED [ 70%]
src/codomyrmex/tests/unit/observability_dashboard/test_observability_dashboard.py::TestDashboardManager::test_manager_get_dashboard PASSED [ 70%]
src/codomyrmex/tests/unit/observability_dashboard/test_observability_dashboard.py::TestDashboardManager::test_manager_list_dashboards PASSED [ 70%]
src/codomyrmex/tests/unit/observability_dashboard/test_observability_dashboard.py::TestDashboardManager::test_manager_delete_dashboard PASSED [ 70%]
src/codomyrmex/tests/unit/observability_dashboard/test_observability_dashboard.py::TestDashboardManager::test_manager_get_panel_data PASSED [ 70%]
src/codomyrmex/tests/unit/observability_dashboard/test_observability_dashboard.py::TestDashboardManager::test_manager_get_panel_data_missing_dashboard PASSED [ 70%]
src/codomyrmex/tests/unit/observability_dashboard/test_slo.py::TestSLIType::test_availability PASSED [ 70%]
src/codomyrmex/tests/unit/observability_dashboard/test_slo.py::TestSLIType::test_latency PASSED [ 70%]
src/codomyrmex/tests/unit/observability_dashboard/test_slo.py::TestSLIType::test_throughput PASSED [ 70%]
src/codomyrmex/tests/unit/observability_dashboard/test_slo.py::TestSLIType::test_error_rate PASSED [ 70%]
src/codomyrmex/tests/unit/observability_dashboard/test_slo.py::TestSLIType::test_saturation PASSED [ 70%]
src/codomyrmex/tests/unit/observability_dashboard/test_slo.py::TestSLI::test_create_sli PASSED [ 70%]
src/codomyrmex/tests/unit/observability_dashboard/test_slo.py::TestSLI::test_record_good PASSED [ 70%]
src/codomyrmex/tests/unit/observability_dashboard/test_slo.py::TestSLI::test_record_bad PASSED [ 70%]
src/codomyrmex/tests/unit/observability_dashboard/test_slo.py::TestSLI::test_value PASSED [ 70%]
src/codomyrmex/tests/unit/observability_dashboard/test_slo.py::TestSLO::test_create_slo PASSED [ 70%]
src/codomyrmex/tests/unit/observability_dashboard/test_slo.py::TestSLO::test_is_met_initially PASSED [ 70%]
src/codomyrmex/tests/unit/observability_dashboard/test_slo.py::TestSLOViolation::test_create_violation PASSED [ 70%]
src/codomyrmex/tests/unit/observability_dashboard/test_slo.py::TestSLOTracker::test_create_tracker PASSED [ 70%]
src/codomyrmex/tests/unit/observability_dashboard/test_slo.py::TestSLOTracker::test_create_slo PASSED [ 70%]
src/codomyrmex/tests/unit/observability_dashboard/test_slo.py::TestSLOTracker::test_get_slo PASSED [ 70%]
src/codomyrmex/tests/unit/observability_dashboard/test_slo.py::TestSLOTracker::test_record_event PASSED [ 70%]
src/codomyrmex/tests/unit/observability_dashboard/test_slo.py::TestSLOTracker::test_get_all_status PASSED [ 70%]
src/codomyrmex/tests/unit/observability_dashboard/test_slo.py::TestErrorBudgetPolicy::test_create_policy PASSED [ 70%]
src/codomyrmex/tests/unit/observability_dashboard/test_slo.py::TestErrorBudgetPolicy::test_add_policy PASSED [ 70%]
src/codomyrmex/tests/unit/orchestrator/pipelines/test_pipelines.py::TestFunctionStage::test_execute PASSED [ 70%]
src/codomyrmex/tests/unit/orchestrator/pipelines/test_pipelines.py::TestFunctionStage::test_with_context PASSED [ 70%]
src/codomyrmex/tests/unit/orchestrator/pipelines/test_pipelines.py::TestPipeline::test_simple_pipeline PASSED [ 70%]
src/codomyrmex/tests/unit/orchestrator/pipelines/test_pipelines.py::TestPipeline::test_with_dependencies PASSED [ 70%]
src/codomyrmex/tests/unit/orchestrator/pipelines/test_pipelines.py::TestPipeline::test_fail_fast PASSED [ 70%]
src/codomyrmex/tests/unit/orchestrator/pipelines/test_pipelines.py::TestPipeline::test_initial_context PASSED [ 70%]
src/codomyrmex/tests/unit/orchestrator/pipelines/test_pipelines.py::TestPipeline::test_duration PASSED [ 70%]
src/codomyrmex/tests/unit/orchestrator/pipelines/test_pipelines.py::TestConditionalStage::test_condition_true PASSED [ 70%]
src/codomyrmex/tests/unit/orchestrator/pipelines/test_pipelines.py::TestConditionalStage::test_condition_false PASSED [ 70%]
src/codomyrmex/tests/unit/orchestrator/pipelines/test_pipelines.py::TestParallelStage::test_parallel_execution PASSED [ 70%]
src/codomyrmex/tests/unit/orchestrator/pipelines/test_pipelines.py::TestPipelineBuilder::test_builder PASSED [ 70%]
src/codomyrmex/tests/unit/orchestrator/test_async_runner.py::TestBasicExecution::test_run_empty_tasks PASSED [ 70%]
src/codomyrmex/tests/unit/orchestrator/test_async_runner.py::TestBasicExecution::test_run_single_task PASSED [ 70%]
src/codomyrmex/tests/unit/orchestrator/test_async_runner.py::TestBasicExecution::test_run_multiple_tasks PASSED [ 70%]
src/codomyrmex/tests/unit/orchestrator/test_async_runner.py::TestBasicExecution::test_mixed_success_and_failure PASSED [ 70%]
src/codomyrmex/tests/unit/orchestrator/test_async_runner.py::TestSemaphoreBounds::test_max_concurrency_respected PASSED [ 70%]
src/codomyrmex/tests/unit/orchestrator/test_async_runner.py::TestFailFast::test_fail_fast_stops_early PASSED [ 70%]
src/codomyrmex/tests/unit/orchestrator/test_async_runner.py::TestOnTaskComplete::test_callback_receives_all_results PASSED [ 70%]
src/codomyrmex/tests/unit/orchestrator/test_async_runner.py::TestSerialization::test_to_dict PASSED [ 70%]
src/codomyrmex/tests/unit/orchestrator/test_async_runner.py::TestWithRetryDecorator::test_async_retry_succeeds_eventually PASSED [ 70%]
src/codomyrmex/tests/unit/orchestrator/test_async_runner.py::TestWithRetryDecorator::test_async_retry_exhausts_and_raises PASSED [ 70%]
src/codomyrmex/tests/unit/orchestrator/test_async_runner.py::TestWithRetryDecorator::test_sync_retry_succeeds_eventually PASSED [ 70%]
src/codomyrmex/tests/unit/orchestrator/test_async_runner.py::TestWithRetryDecorator::test_sync_retry_exhausts_and_raises PASSED [ 70%]
src/codomyrmex/tests/unit/orchestrator/test_async_runner.py::TestWithRetryDecorator::test_retry_only_on_specified_exceptions PASSED [ 70%]
src/codomyrmex/tests/unit/orchestrator/test_async_runner.py::TestWithRetryDecorator::test_preserves_function_name PASSED [ 70%]
src/codomyrmex/tests/unit/orchestrator/test_async_runner.py::TestExports::test_async_runner_exports PASSED [ 70%]
src/codomyrmex/tests/unit/orchestrator/test_async_runner.py::TestExports::test_with_retry_export PASSED [ 70%]
src/codomyrmex/tests/unit/orchestrator/test_integration.py::TestOrchestratorBridge::test_bridge_initialization PASSED [ 70%]
src/codomyrmex/tests/unit/orchestrator/test_integration.py::TestOrchestratorBridge::test_bridge_with_custom_engine PASSED [ 70%]
src/codomyrmex/tests/unit/orchestrator/test_integration.py::TestOrchestratorBridge::test_run_quick PASSED [ 70%]
src/codomyrmex/tests/unit/orchestrator/test_integration.py::TestOrchestratorBridge::test_create_workflow PASSED [ 70%]
src/codomyrmex/tests/unit/orchestrator/test_integration.py::TestStageConfig::test_stage_config_defaults PASSED [ 70%]
src/codomyrmex/tests/unit/orchestrator/test_integration.py::TestStageConfig::test_stage_config_custom_values PASSED [ 70%]
src/codomyrmex/tests/unit/orchestrator/test_integration.py::TestPipelineConfig::test_pipeline_config_defaults PASSED [ 71%]
src/codomyrmex/tests/unit/orchestrator/test_integration.py::TestPipelineConfig::test_pipeline_config_custom_values PASSED [ 71%]
src/codomyrmex/tests/unit/orchestrator/test_integration.py::TestCICDBridge::test_bridge_initialization PASSED [ 71%]
src/codomyrmex/tests/unit/orchestrator/test_integration.py::TestCICDBridge::test_bridge_with_workspace PASSED [ 71%]
src/codomyrmex/tests/unit/orchestrator/test_integration.py::TestCICDBridge::test_create_workflow_from_pipeline PASSED [ 71%]
src/codomyrmex/tests/unit/orchestrator/test_integration.py::TestCICDBridge::test_create_workflow_from_dict PASSED [ 71%]
src/codomyrmex/tests/unit/orchestrator/test_integration.py::TestCICDBridge::test_run_stage PASSED [ 71%]
src/codomyrmex/tests/unit/orchestrator/test_integration.py::TestCICDBridge::test_run_stage_with_env PASSED [ 71%]
src/codomyrmex/tests/unit/orchestrator/test_integration.py::TestCICDBridge::test_run_stage_allow_failure PASSED [ 71%]
src/codomyrmex/tests/unit/orchestrator/test_integration.py::TestAgentOrchestrator::test_orchestrator_initialization PASSED [ 71%]
src/codomyrmex/tests/unit/orchestrator/test_integration.py::TestAgentOrchestrator::test_register_agent PASSED [ 71%]
src/codomyrmex/tests/unit/orchestrator/test_integration.py::TestAgentOrchestrator::test_get_agent_not_found PASSED [ 71%]
src/codomyrmex/tests/unit/orchestrator/test_integration.py::TestAgentOrchestrator::test_run_agent_task_not_found PASSED [ 71%]
src/codomyrmex/tests/unit/orchestrator/test_integration.py::TestAgentOrchestrator::test_run_agent_task_with_execute PASSED [ 71%]
src/codomyrmex/tests/unit/orchestrator/test_integration.py::TestAgentOrchestrator::test_run_agent_task_with_run PASSED [ 71%]
src/codomyrmex/tests/unit/orchestrator/test_integration.py::TestAgentOrchestrator::test_run_agent_task_callable PASSED [ 71%]
src/codomyrmex/tests/unit/orchestrator/test_integration.py::TestAgentOrchestrator::test_run_agent_task_error PASSED [ 71%]
src/codomyrmex/tests/unit/orchestrator/test_integration.py::TestAgentOrchestrator::test_create_agent_workflow PASSED [ 71%]
src/codomyrmex/tests/unit/orchestrator/test_integration.py::TestConvenienceFunctions::test_create_pipeline_workflow PASSED [ 71%]
src/codomyrmex/tests/unit/orchestrator/test_integration.py::TestConvenienceFunctions::test_run_ci_stage PASSED [ 71%]
src/codomyrmex/tests/unit/orchestrator/test_integration.py::TestConvenienceFunctions::test_run_agent_task_function PASSED [ 71%]
src/codomyrmex/tests/unit/orchestrator/test_integration.py::TestWorkflowExecution::test_pipeline_workflow_execution PASSED [ 71%]
src/codomyrmex/tests/unit/orchestrator/test_integration.py::TestWorkflowExecution::test_pipeline_with_failure PASSED [ 71%]
src/codomyrmex/tests/unit/orchestrator/test_orchestrator.py::TestWorkflowDefinitionAndParsing::test_workflow_creation_with_name PASSED [ 71%]
src/codomyrmex/tests/unit/orchestrator/test_orchestrator.py::TestWorkflowDefinitionAndParsing::test_workflow_creation_with_timeout PASSED [ 71%]
src/codomyrmex/tests/unit/orchestrator/test_orchestrator.py::TestWorkflowDefinitionAndParsing::test_workflow_creation_with_fail_fast PASSED [ 71%]
src/codomyrmex/tests/unit/orchestrator/test_orchestrator.py::TestWorkflowDefinitionAndParsing::test_add_task_basic PASSED [ 71%]
src/codomyrmex/tests/unit/orchestrator/test_orchestrator.py::TestWorkflowDefinitionAndParsing::test_add_task_with_dependencies PASSED [ 71%]
src/codomyrmex/tests/unit/orchestrator/test_orchestrator.py::TestWorkflowDefinitionAndParsing::test_add_duplicate_task_raises_error PASSED [ 71%]
src/codomyrmex/tests/unit/orchestrator/test_orchestrator.py::TestWorkflowDefinitionAndParsing::test_add_task_with_metadata PASSED [ 71%]
src/codomyrmex/tests/unit/orchestrator/test_orchestrator.py::TestWorkflowDefinitionAndParsing::test_add_task_with_tags PASSED [ 71%]
src/codomyrmex/tests/unit/orchestrator/test_orchestrator.py::TestStepExecutionAndSequencing::test_single_task_execution PASSED [ 71%]
src/codomyrmex/tests/unit/orchestrator/test_orchestrator.py::TestStepExecutionAndSequencing::test_sequential_execution_order PASSED [ 71%]
src/codomyrmex/tests/unit/orchestrator/test_orchestrator.py::TestStepExecutionAndSequencing::test_sync_function_execution PASSED [ 71%]
src/codomyrmex/tests/unit/orchestrator/test_orchestrator.py::TestStepExecutionAndSequencing::test_chain_helper_creates_sequential_workflow PASSED [ 71%]
src/codomyrmex/tests/unit/orchestrator/test_orchestrator.py::TestParallelStepExecution::test_parallel_tasks_run_concurrently PASSED [ 71%]
src/codomyrmex/tests/unit/orchestrator/test_orchestrator.py::TestParallelStepExecution::test_parallel_helper_creates_independent_tasks PASSED [ 71%]
src/codomyrmex/tests/unit/orchestrator/test_orchestrator.py::TestParallelStepExecution::test_fan_out_fan_in_pattern PASSED [ 71%]
src/codomyrmex/tests/unit/orchestrator/test_orchestrator.py::TestConditionalBranching::test_task_with_condition_that_passes PASSED [ 71%]
src/codomyrmex/tests/unit/orchestrator/test_orchestrator.py::TestConditionalBranching::test_task_with_condition_that_fails PASSED [ 71%]
src/codomyrmex/tests/unit/orchestrator/test_orchestrator.py::TestConditionalBranching::test_condition_based_on_previous_result PASSED [ 71%]
src/codomyrmex/tests/unit/orchestrator/test_orchestrator.py::TestConditionalBranching::test_condition_helper_function PASSED [ 71%]
src/codomyrmex/tests/unit/orchestrator/test_orchestrator.py::TestErrorHandlingAndRecovery::test_task_failure_is_captured PASSED [ 71%]
src/codomyrmex/tests/unit/orchestrator/test_orchestrator.py::TestErrorHandlingAndRecovery::test_fail_fast_stops_workflow PASSED [ 71%]
src/codomyrmex/tests/unit/orchestrator/test_orchestrator.py::TestErrorHandlingAndRecovery::test_dependent_task_skipped_on_failure PASSED [ 71%]
src/codomyrmex/tests/unit/orchestrator/test_orchestrator.py::TestErrorHandlingAndRecovery::test_workflow_error_on_missing_dependency PASSED [ 71%]
src/codomyrmex/tests/unit/orchestrator/test_orchestrator.py::TestErrorHandlingAndRecovery::test_cycle_error_detection PASSED [ 71%]
src/codomyrmex/tests/unit/orchestrator/test_orchestrator.py::TestWorkflowStateManagement::test_task_status_transitions PASSED [ 71%]
src/codomyrmex/tests/unit/orchestrator/test_orchestrator.py::TestWorkflowStateManagement::test_workflow_summary PASSED [ 71%]
src/codomyrmex/tests/unit/orchestrator/test_orchestrator.py::TestWorkflowStateManagement::test_get_task_result PASSED [ 71%]
src/codomyrmex/tests/unit/orchestrator/test_orchestrator.py::TestWorkflowStateManagement::test_task_result_dataclass PASSED [ 71%]
src/codomyrmex/tests/unit/orchestrator/test_orchestrator.py::TestInputOutputMappingBetweenSteps::test_task_receives_previous_results PASSED [ 71%]
src/codomyrmex/tests/unit/orchestrator/test_orchestrator.py::TestInputOutputMappingBetweenSteps::test_result_transform_function PASSED [ 71%]
src/codomyrmex/tests/unit/orchestrator/test_orchestrator.py::TestInputOutputMappingBetweenSteps::test_task_kwargs_injection PASSED [ 71%]
src/codomyrmex/tests/unit/orchestrator/test_orchestrator.py::TestTimeoutHandling::test_task_timeout_triggers PASSED [ 71%]
src/codomyrmex/tests/unit/orchestrator/test_orchestrator.py::TestTimeoutHandling::test_workflow_timeout_triggers PASSED [ 71%]
src/codomyrmex/tests/unit/orchestrator/test_orchestrator.py::TestTimeoutHandling::test_timeout_decorator PASSED [ 71%]
src/codomyrmex/tests/unit/orchestrator/test_orchestrator.py::TestTimeoutHandling::test_timeout_decorator_passes_when_fast PASSED [ 71%]
src/codomyrmex/tests/unit/orchestrator/test_orchestrator.py::TestRetryLogic::test_retry_policy_defaults PASSED [ 71%]
src/codomyrmex/tests/unit/orchestrator/test_orchestrator.py::TestRetryLogic::test_retry_policy_delay_calculation PASSED [ 71%]
src/codomyrmex/tests/unit/orchestrator/test_orchestrator.py::TestRetryLogic::test_task_with_retry_succeeds_after_failures PASSED [ 71%]
src/codomyrmex/tests/unit/orchestrator/test_orchestrator.py::TestRetryLogic::test_task_retry_exhausted PASSED [ 71%]
src/codomyrmex/tests/unit/orchestrator/test_orchestrator.py::TestRetryLogic::test_retry_wrapper_function PASSED [ 71%]
src/codomyrmex/tests/unit/orchestrator/test_orchestrator.py::TestWorkflowCancellation::test_cancel_stops_workflow PASSED [ 71%]
src/codomyrmex/tests/unit/orchestrator/test_orchestrator.py::TestWorkflowCancellation::test_cancelled_flag_is_set PASSED [ 71%]
src/codomyrmex/tests/unit/orchestrator/test_orchestrator.py::TestWorkflowCancellation::test_progress_callback_on_completion PASSED [ 71%]
src/codomyrmex/tests/unit/orchestrator/test_orchestrator.py::TestIntegrationBridges::test_orchestrator_bridge_creation PASSED [ 71%]
src/codomyrmex/tests/unit/orchestrator/test_orchestrator.py::TestIntegrationBridges::test_orchestrator_bridge_run_quick PASSED [ 71%]
src/codomyrmex/tests/unit/orchestrator/test_orchestrator.py::TestIntegrationBridges::test_orchestrator_bridge_create_workflow PASSED [ 71%]
src/codomyrmex/tests/unit/orchestrator/test_orchestrator.py::TestIntegrationBridges::test_cicd_bridge_creation PASSED [ 71%]
src/codomyrmex/tests/unit/orchestrator/test_orchestrator.py::TestIntegrationBridges::test_stage_config_dataclass PASSED [ 71%]
src/codomyrmex/tests/unit/orchestrator/test_orchestrator.py::TestIntegrationBridges::test_pipeline_config_dataclass PASSED [ 71%]
src/codomyrmex/tests/unit/orchestrator/test_orchestrator.py::TestIntegrationBridges::test_create_pipeline_workflow PASSED [ 71%]
src/codomyrmex/tests/unit/orchestrator/test_orchestrator.py::TestAgentOrchestrator::test_agent_registration PASSED [ 71%]
src/codomyrmex/tests/unit/orchestrator/test_orchestrator.py::TestAgentOrchestrator::test_get_unregistered_agent PASSED [ 71%]
src/codomyrmex/tests/unit/orchestrator/test_orchestrator.py::TestAgentOrchestrator::test_run_agent_task_not_found PASSED [ 71%]
src/codomyrmex/tests/unit/orchestrator/test_orchestrator.py::TestAgentOrchestrator::test_run_agent_task_with_execute PASSED [ 71%]
src/codomyrmex/tests/unit/orchestrator/test_orchestrator.py::TestAgentOrchestrator::test_run_agent_task_with_run PASSED [ 71%]
src/codomyrmex/tests/unit/orchestrator/test_orchestrator.py::TestAgentOrchestrator::test_create_agent_workflow PASSED [ 71%]
src/codomyrmex/tests/unit/orchestrator/test_orchestrator.py::TestStepsBuilder::test_steps_fluent_api PASSED [ 71%]
src/codomyrmex/tests/unit/orchestrator/test_orchestrator.py::TestStepsBuilder::test_steps_auto_dependency PASSED [ 71%]
src/codomyrmex/tests/unit/orchestrator/test_orchestrator.py::TestStepsBuilder::test_steps_explicit_dependency PASSED [ 71%]
src/codomyrmex/tests/unit/orchestrator/test_orchestrator.py::TestStepsBuilder::test_steps_with_timeout PASSED [ 71%]
src/codomyrmex/tests/unit/orchestrator/test_orchestrator.py::TestStepsBuilder::test_steps_with_retry PASSED [ 71%]
src/codomyrmex/tests/unit/orchestrator/test_orchestrator.py::TestStepsBuilder::test_steps_run_async PASSED [ 71%]
src/codomyrmex/tests/unit/orchestrator/test_orchestrator.py::TestShellExecution::test_shell_success PASSED [ 71%]
src/codomyrmex/tests/unit/orchestrator/test_orchestrator.py::TestShellExecution::test_shell_failure PASSED [ 71%]
src/codomyrmex/tests/unit/orchestrator/test_orchestrator.py::TestShellExecution::test_shell_with_env PASSED [ 71%]
src/codomyrmex/tests/unit/orchestrator/test_orchestrator.py::TestShellExecution::test_shell_timeout PASSED [ 71%]
src/codomyrmex/tests/unit/orchestrator/test_orchestrator.py::TestShellExecution::test_shell_captures_stderr PASSED [ 71%]
src/codomyrmex/tests/unit/orchestrator/test_orchestrator.py::TestStepResultDataclass::test_step_result_success PASSED [ 71%]
src/codomyrmex/tests/unit/orchestrator/test_orchestrator.py::TestStepResultDataclass::test_step_result_failure PASSED [ 71%]
src/codomyrmex/tests/unit/orchestrator/test_orchestrator.py::test_run_ci_stage PASSED [ 71%]
src/codomyrmex/tests/unit/orchestrator/test_orchestrator.py::test_run_agent_task_helper PASSED [ 71%]
src/codomyrmex/tests/unit/orchestrator/test_orchestrator_coverage.py::TestScheduler::test_schedule_basic PASSED [ 71%]
src/codomyrmex/tests/unit/orchestrator/test_orchestrator_coverage.py::TestScheduler::test_get_job PASSED [ 71%]
src/codomyrmex/tests/unit/orchestrator/test_orchestrator_coverage.py::TestScheduler::test_cancel_job PASSED [ 71%]
src/codomyrmex/tests/unit/orchestrator/test_orchestrator_coverage.py::TestScheduler::test_cancel_nonexistent PASSED [ 71%]
src/codomyrmex/tests/unit/orchestrator/test_orchestrator_coverage.py::TestScheduler::test_list_jobs PASSED [ 71%]
src/codomyrmex/tests/unit/orchestrator/test_orchestrator_coverage.py::TestScheduler::test_list_jobs_by_status PASSED [ 72%]
src/codomyrmex/tests/unit/orchestrator/test_orchestrator_coverage.py::TestScheduler::test_run_now PASSED [ 72%]
src/codomyrmex/tests/unit/orchestrator/test_orchestrator_coverage.py::TestScheduler::test_run_now_nonexistent_raises PASSED [ 72%]
src/codomyrmex/tests/unit/orchestrator/test_orchestrator_coverage.py::TestConvenienceTriggers::test_every PASSED [ 72%]
src/codomyrmex/tests/unit/orchestrator/test_orchestrator_coverage.py::TestConvenienceTriggers::test_at PASSED [ 72%]
src/codomyrmex/tests/unit/orchestrator/test_orchestrator_coverage.py::TestConvenienceTriggers::test_cron PASSED [ 72%]
src/codomyrmex/tests/unit/orchestrator/test_orchestrator_coverage.py::TestWorkflow::test_add_task PASSED [ 72%]
src/codomyrmex/tests/unit/orchestrator/test_orchestrator_coverage.py::TestWorkflow::test_simple_run PASSED [ 72%]
src/codomyrmex/tests/unit/orchestrator/test_orchestrator_coverage.py::TestWorkflow::test_dependency_chain PASSED [ 72%]
src/codomyrmex/tests/unit/orchestrator/test_orchestrator_coverage.py::TestWorkflow::test_validate_detects_missing_dep PASSED [ 72%]
src/codomyrmex/tests/unit/orchestrator/test_orchestrator_coverage.py::TestWorkflow::test_validate_detects_cycle PASSED [ 72%]
src/codomyrmex/tests/unit/orchestrator/test_orchestrator_coverage.py::TestWorkflow::test_task_failure PASSED [ 72%]
src/codomyrmex/tests/unit/orchestrator/test_orchestrator_coverage.py::TestWorkflow::test_get_summary PASSED [ 72%]
src/codomyrmex/tests/unit/orchestrator/test_orchestrator_coverage.py::TestWorkflow::test_get_task_result PASSED [ 72%]
src/codomyrmex/tests/unit/orchestrator/test_orchestrator_coverage.py::TestRetryPolicy::test_compute_delay_exponential PASSED [ 72%]
src/codomyrmex/tests/unit/orchestrator/test_orchestrator_coverage.py::TestRetryPolicy::test_compute_delay_capped PASSED [ 72%]
src/codomyrmex/tests/unit/orchestrator/test_orchestrator_coverage.py::TestRetryPolicy::test_should_retry_within_attempts PASSED [ 72%]
src/codomyrmex/tests/unit/orchestrator/test_orchestrator_coverage.py::TestRetryPolicy::test_should_retry_exceeded PASSED [ 72%]
src/codomyrmex/tests/unit/orchestrator/test_orchestrator_coverage.py::TestPipelineRetryExecutor::test_execute_success PASSED [ 72%]
src/codomyrmex/tests/unit/orchestrator/test_orchestrator_coverage.py::TestPipelineRetryExecutor::test_execute_failure_retried PASSED [ 72%]
src/codomyrmex/tests/unit/orchestrator/test_orchestrator_coverage.py::TestPipelineRetryExecutor::test_execute_exhausted PASSED [ 72%]
src/codomyrmex/tests/unit/orchestrator/test_orchestrator_coverage.py::TestPipelineRetryExecutor::test_set_custom_policy PASSED [ 72%]
src/codomyrmex/tests/unit/orchestrator/test_orchestrator_coverage.py::TestWithRetryDecorator::test_successful_function PASSED [ 72%]
src/codomyrmex/tests/unit/orchestrator/test_orchestrator_coverage.py::TestWithRetryDecorator::test_retries_on_failure PASSED [ 72%]
src/codomyrmex/tests/unit/orchestrator/test_orchestrator_coverage.py::TestWithRetryDecorator::test_exhausts_retries PASSED [ 72%]
src/codomyrmex/tests/unit/orchestrator/test_orchestrator_coverage.py::TestOrchestratorConfig::test_load_config_empty_dir PASSED [ 72%]
src/codomyrmex/tests/unit/orchestrator/test_orchestrator_coverage.py::TestOrchestratorConfig::test_get_script_config PASSED [ 72%]
src/codomyrmex/tests/unit/orchestrator/test_orchestrator_logging.py::TestOrchestratorLogging::test_run_script_logs_start_and_end_events PASSED [ 72%]
src/codomyrmex/tests/unit/orchestrator/test_orchestrator_logging.py::TestOrchestratorLogging::test_run_script_logs_failure PASSED [ 72%]
src/codomyrmex/tests/unit/orchestrator/test_orchestrator_logging.py::TestOrchestratorLogging::test_generate_report_logs_summary PASSED [ 72%]
src/codomyrmex/tests/unit/orchestrator/test_orchestrator_logging.py::TestOrchestratorLogging::test_log_context_correlation_id PASSED [ 72%]
src/codomyrmex/tests/unit/orchestrator/test_orchestrator_logging.py::TestQuietReconfigMode::test_quiet_reconfig_suppresses_logging_message PASSED [ 72%]
src/codomyrmex/tests/unit/orchestrator/test_process_orchestration.py::TestHeartbeatMonitor::test_healthy_after_beat PASSED [ 72%]
src/codomyrmex/tests/unit/orchestrator/test_process_orchestration.py::TestHeartbeatMonitor::test_unknown_agent PASSED [ 72%]
src/codomyrmex/tests/unit/orchestrator/test_process_orchestration.py::TestHeartbeatMonitor::test_check_all PASSED [ 72%]
src/codomyrmex/tests/unit/orchestrator/test_process_orchestration.py::TestHeartbeatMonitor::test_auto_register_on_beat PASSED [ 72%]
src/codomyrmex/tests/unit/orchestrator/test_process_orchestration.py::TestAgentSupervisor::test_restart_on_crash PASSED [ 72%]
src/codomyrmex/tests/unit/orchestrator/test_process_orchestration.py::TestAgentSupervisor::test_escalate_after_max_restarts PASSED [ 72%]
src/codomyrmex/tests/unit/orchestrator/test_process_orchestration.py::TestAgentSupervisor::test_one_for_one_strategy PASSED [ 72%]
src/codomyrmex/tests/unit/orchestrator/test_process_orchestration.py::TestAgentSupervisor::test_one_for_all_strategy PASSED [ 72%]
src/codomyrmex/tests/unit/orchestrator/test_process_orchestration.py::TestAgentSupervisor::test_rest_for_one_strategy PASSED [ 72%]
src/codomyrmex/tests/unit/orchestrator/test_process_orchestration.py::TestProcessOrchestrator::test_spawn_and_health PASSED [ 72%]
src/codomyrmex/tests/unit/orchestrator/test_process_orchestration.py::TestProcessOrchestrator::test_shutdown PASSED [ 72%]
src/codomyrmex/tests/unit/orchestrator/test_process_orchestration.py::TestProcessOrchestrator::test_crash_and_auto_restart PASSED [ 72%]
src/codomyrmex/tests/unit/orchestrator/test_scheduler_async.py::TestBasicScheduling::test_schedule_and_run_single_job PASSED [ 72%]
src/codomyrmex/tests/unit/orchestrator/test_scheduler_async.py::TestBasicScheduling::test_schedule_multiple_jobs PASSED [ 72%]
src/codomyrmex/tests/unit/orchestrator/test_scheduler_async.py::TestBasicScheduling::test_run_all_no_pending_jobs PASSED [ 72%]
src/codomyrmex/tests/unit/orchestrator/test_scheduler_async.py::TestPriorityOrdering::test_lower_priority_runs_first PASSED [ 72%]
src/codomyrmex/tests/unit/orchestrator/test_scheduler_async.py::TestPriorityOrdering::test_priority_comparison PASSED [ 72%]
src/codomyrmex/tests/unit/orchestrator/test_scheduler_async.py::TestConcurrencyBounds::test_max_concurrency_is_respected PASSED [ 72%]
src/codomyrmex/tests/unit/orchestrator/test_scheduler_async.py::TestErrorHandling::test_failed_job_records_error PASSED [ 72%]
src/codomyrmex/tests/unit/orchestrator/test_scheduler_async.py::TestMetrics::test_metrics_track_completions PASSED [ 72%]
src/codomyrmex/tests/unit/orchestrator/test_scheduler_async.py::TestMetrics::test_metrics_to_dict PASSED [ 72%]
src/codomyrmex/tests/unit/orchestrator/test_scheduler_async.py::TestMetrics::test_metrics_track_failures PASSED [ 72%]
src/codomyrmex/tests/unit/orchestrator/test_scheduler_async.py::TestJobManagement::test_list_jobs PASSED [ 72%]
src/codomyrmex/tests/unit/orchestrator/test_scheduler_async.py::TestJobManagement::test_list_jobs_by_status PASSED [ 72%]
src/codomyrmex/tests/unit/orchestrator/test_scheduler_async.py::TestJobManagement::test_cancel_pending_job PASSED [ 72%]
src/codomyrmex/tests/unit/orchestrator/test_scheduler_async.py::TestJobManagement::test_cancel_nonexistent_job PASSED [ 72%]
src/codomyrmex/tests/unit/orchestrator/test_scheduler_async.py::TestJobManagement::test_cancelled_job_not_executed PASSED [ 72%]
src/codomyrmex/tests/unit/orchestrator/test_scheduler_async.py::TestEventBusIntegration::test_events_emitted_on_schedule_and_run PASSED [ 72%]
src/codomyrmex/tests/unit/orchestrator/test_scheduler_async.py::TestEventBusIntegration::test_job_failed_event PASSED [ 72%]
src/codomyrmex/tests/unit/orchestrator/test_scheduler_async.py::TestExports::test_async_scheduler_exports PASSED [ 72%]
src/codomyrmex/tests/unit/orchestrator/test_self_healing.py::TestClassifyError::test_config_error PASSED [ 72%]
src/codomyrmex/tests/unit/orchestrator/test_self_healing.py::TestClassifyError::test_resource_error PASSED [ 72%]
src/codomyrmex/tests/unit/orchestrator/test_self_healing.py::TestClassifyError::test_dependency_error PASSED [ 72%]
src/codomyrmex/tests/unit/orchestrator/test_self_healing.py::TestClassifyError::test_timeout PASSED [ 72%]
src/codomyrmex/tests/unit/orchestrator/test_self_healing.py::TestClassifyError::test_permission PASSED [ 72%]
src/codomyrmex/tests/unit/orchestrator/test_self_healing.py::TestClassifyError::test_logic_error PASSED [ 72%]
src/codomyrmex/tests/unit/orchestrator/test_self_healing.py::TestClassifyError::test_unknown PASSED [ 72%]
src/codomyrmex/tests/unit/orchestrator/test_self_healing.py::TestClassifyError::test_classified_to_dict PASSED [ 72%]
src/codomyrmex/tests/unit/orchestrator/test_self_healing.py::TestClassifyError::test_strategies_populated PASSED [ 72%]
src/codomyrmex/tests/unit/orchestrator/test_self_healing.py::TestDiagnoser::test_diagnose_config_error PASSED [ 72%]
src/codomyrmex/tests/unit/orchestrator/test_self_healing.py::TestDiagnoser::test_diagnose_timeout PASSED [ 72%]
src/codomyrmex/tests/unit/orchestrator/test_self_healing.py::TestDiagnoser::test_diagnose_with_context PASSED [ 72%]
src/codomyrmex/tests/unit/orchestrator/test_self_healing.py::TestDiagnoser::test_diagnosis_to_dict PASSED [ 72%]
src/codomyrmex/tests/unit/orchestrator/test_self_healing.py::TestRetryEngine::test_immediate_success PASSED [ 72%]
src/codomyrmex/tests/unit/orchestrator/test_self_healing.py::TestRetryEngine::test_retry_then_success PASSED [ 72%]
src/codomyrmex/tests/unit/orchestrator/test_self_healing.py::TestRetryEngine::test_all_retries_fail PASSED [ 72%]
src/codomyrmex/tests/unit/orchestrator/test_self_healing.py::TestRetryEngine::test_result_to_dict PASSED [ 72%]
src/codomyrmex/tests/unit/orchestrator/test_self_healing.py::TestCircuitBreaker::test_allow_when_closed PASSED [ 72%]
src/codomyrmex/tests/unit/orchestrator/test_self_healing.py::TestCircuitBreaker::test_open_after_failures PASSED [ 72%]
src/codomyrmex/tests/unit/orchestrator/test_self_healing.py::TestCircuitBreaker::test_half_open_after_cooldown PASSED [ 72%]
src/codomyrmex/tests/unit/orchestrator/test_self_healing.py::TestCircuitBreaker::test_close_after_success PASSED [ 72%]
src/codomyrmex/tests/unit/orchestrator/test_self_healing.py::TestCircuitBreaker::test_reset PASSED [ 72%]
src/codomyrmex/tests/unit/orchestrator/test_self_healing.py::TestCircuitBreaker::test_health_to_dict PASSED [ 72%]
src/codomyrmex/tests/unit/orchestrator/test_self_healing.py::TestCircuitBreaker::test_unknown_agent PASSED [ 72%]
src/codomyrmex/tests/unit/orchestrator/test_self_healing.py::TestHealingEvent::test_auto_id PASSED [ 72%]
src/codomyrmex/tests/unit/orchestrator/test_self_healing.py::TestHealingEvent::test_to_jsonl PASSED [ 72%]
src/codomyrmex/tests/unit/orchestrator/test_self_healing.py::TestHealingLog::test_record_and_size PASSED [ 72%]
src/codomyrmex/tests/unit/orchestrator/test_self_healing.py::TestHealingLog::test_success_rate PASSED [ 72%]
src/codomyrmex/tests/unit/orchestrator/test_self_healing.py::TestHealingLog::test_events_by_category PASSED [ 72%]
src/codomyrmex/tests/unit/orchestrator/test_self_healing.py::TestHealingLog::test_summary PASSED [ 72%]
src/codomyrmex/tests/unit/orchestrator/test_self_healing.py::TestHealingLog::test_to_jsonl PASSED [ 72%]
src/codomyrmex/tests/unit/orchestrator/test_thin.py::TestRun::test_run_shell_command PASSED [ 72%]
src/codomyrmex/tests/unit/orchestrator/test_thin.py::TestRun::test_run_with_timeout PASSED [ 72%]
src/codomyrmex/tests/unit/orchestrator/test_thin.py::TestRun::test_run_with_env_variables PASSED [ 72%]
src/codomyrmex/tests/unit/orchestrator/test_thin.py::TestRun::test_run_python_script PASSED [ 72%]
src/codomyrmex/tests/unit/orchestrator/test_thin.py::TestRun::test_run_nonexistent_command PASSED [ 72%]
src/codomyrmex/tests/unit/orchestrator/test_thin.py::TestRun::test_run_with_cwd PASSED [ 73%]
src/codomyrmex/tests/unit/orchestrator/test_thin.py::TestRunAsync::test_run_async_basic PASSED [ 73%]
src/codomyrmex/tests/unit/orchestrator/test_thin.py::TestRunAsync::test_run_async_multiple_parallel PASSED [ 73%]
src/codomyrmex/tests/unit/orchestrator/test_thin.py::TestShell::test_shell_basic PASSED [ 73%]
src/codomyrmex/tests/unit/orchestrator/test_thin.py::TestShell::test_shell_with_timeout PASSED [ 73%]
src/codomyrmex/tests/unit/orchestrator/test_thin.py::TestShell::test_shell_timeout_exceeded PASSED [ 73%]
src/codomyrmex/tests/unit/orchestrator/test_thin.py::TestShell::test_shell_with_check PASSED [ 73%]
src/codomyrmex/tests/unit/orchestrator/test_thin.py::TestShell::test_shell_with_check_failure PASSED [ 73%]
src/codomyrmex/tests/unit/orchestrator/test_thin.py::TestShell::test_shell_captures_stderr PASSED [ 73%]
src/codomyrmex/tests/unit/orchestrator/test_thin.py::TestShell::test_shell_execution_time PASSED [ 73%]
src/codomyrmex/tests/unit/orchestrator/test_thin.py::TestPipe::test_pipe_basic PASSED [ 73%]
src/codomyrmex/tests/unit/orchestrator/test_thin.py::TestPipe::test_pipe_multiple_commands PASSED [ 73%]
src/codomyrmex/tests/unit/orchestrator/test_thin.py::TestPipe::test_pipe_stop_on_error PASSED [ 73%]
src/codomyrmex/tests/unit/orchestrator/test_thin.py::TestPipe::test_pipe_continue_on_error PASSED [ 73%]
src/codomyrmex/tests/unit/orchestrator/test_thin.py::TestPipe::test_pipe_timeout_per_command PASSED [ 73%]
src/codomyrmex/tests/unit/orchestrator/test_thin.py::TestBatch::test_batch_scripts PASSED [ 73%]
src/codomyrmex/tests/unit/orchestrator/test_thin.py::TestBatch::test_batch_empty_list PASSED [ 73%]
src/codomyrmex/tests/unit/orchestrator/test_thin.py::TestChainScripts::test_chain_scripts_basic PASSED [ 73%]
src/codomyrmex/tests/unit/orchestrator/test_thin.py::TestChainScripts::test_chain_scripts_stop_on_error PASSED [ 73%]
src/codomyrmex/tests/unit/orchestrator/test_thin.py::TestChainScripts::test_chain_scripts_not_found PASSED [ 73%]
src/codomyrmex/tests/unit/orchestrator/test_thin.py::TestSteps::test_steps_basic PASSED [ 73%]
src/codomyrmex/tests/unit/orchestrator/test_thin.py::TestSteps::test_steps_with_dependencies PASSED [ 73%]
src/codomyrmex/tests/unit/orchestrator/test_thin.py::TestSteps::test_steps_add_parallel PASSED [ 73%]
src/codomyrmex/tests/unit/orchestrator/test_thin.py::TestSteps::test_steps_with_retry PASSED [ 73%]
src/codomyrmex/tests/unit/orchestrator/test_thin.py::TestSteps::test_steps_workflow_property PASSED [ 73%]
src/codomyrmex/tests/unit/orchestrator/test_thin.py::TestWorkflow::test_workflow_creates_steps PASSED [ 73%]
src/codomyrmex/tests/unit/orchestrator/test_thin.py::TestWorkflow::test_workflow_default_name PASSED [ 73%]
src/codomyrmex/tests/unit/orchestrator/test_thin.py::TestStep::test_step_decorator PASSED [ 73%]
src/codomyrmex/tests/unit/orchestrator/test_thin.py::TestStep::test_step_callable PASSED [ 73%]
src/codomyrmex/tests/unit/orchestrator/test_thin.py::TestPythonFunc::test_python_func_import PASSED [ 73%]
src/codomyrmex/tests/unit/orchestrator/test_thin.py::TestPythonFunc::test_python_func_with_builtin PASSED [ 73%]
src/codomyrmex/tests/unit/orchestrator/test_thin.py::TestRetry::test_retry_success_first_attempt PASSED [ 73%]
src/codomyrmex/tests/unit/orchestrator/test_thin.py::TestRetry::test_retry_success_after_failure PASSED [ 73%]
src/codomyrmex/tests/unit/orchestrator/test_thin.py::TestRetry::test_retry_exhausted PASSED [ 73%]
src/codomyrmex/tests/unit/orchestrator/test_thin.py::TestRetry::test_retry_with_async_action PASSED [ 73%]
src/codomyrmex/tests/unit/orchestrator/test_thin.py::TestTimeout::test_timeout_within_limit PASSED [ 73%]
src/codomyrmex/tests/unit/orchestrator/test_thin.py::TestTimeout::test_timeout_exceeded PASSED [ 73%]
src/codomyrmex/tests/unit/orchestrator/test_thin.py::TestTimeout::test_timeout_with_async_func PASSED [ 73%]
src/codomyrmex/tests/unit/orchestrator/test_thin.py::TestCondition::test_condition_basic PASSED [ 73%]
src/codomyrmex/tests/unit/orchestrator/test_thin.py::TestCondition::test_condition_with_complex_logic PASSED [ 73%]
src/codomyrmex/tests/unit/orchestrator/test_thin.py::TestStepResult::test_step_result_defaults PASSED [ 73%]
src/codomyrmex/tests/unit/orchestrator/test_thin.py::TestStepResult::test_step_result_with_values PASSED [ 73%]
src/codomyrmex/tests/unit/orchestrator/test_thin.py::TestStepResult::test_step_result_failure PASSED [ 73%]
src/codomyrmex/tests/unit/orchestrator/test_thin.py::TestIntegration::test_workflow_end_to_end PASSED [ 73%]
src/codomyrmex/tests/unit/orchestrator/test_thin.py::TestIntegration::test_pipe_to_batch_integration PASSED [ 73%]
src/codomyrmex/tests/unit/orchestrator/test_thin.py::TestIntegration::test_shell_env_propagation PASSED [ 73%]
src/codomyrmex/tests/unit/orchestrator/test_triage_engine.py::TestModuleProfile::test_to_dict PASSED [ 73%]
src/codomyrmex/tests/unit/orchestrator/test_triage_engine.py::TestTriageReport::test_summary PASSED [ 73%]
src/codomyrmex/tests/unit/orchestrator/test_triage_engine.py::TestTriageReport::test_filters PASSED [ 73%]
src/codomyrmex/tests/unit/orchestrator/test_triage_engine.py::TestTriageEngine::test_profile_module PASSED [ 73%]
src/codomyrmex/tests/unit/orchestrator/test_triage_engine.py::TestTriageEngine::test_archive_decision PASSED [ 73%]
src/codomyrmex/tests/unit/orchestrator/test_triage_engine.py::TestTriageEngine::test_promote_decision PASSED [ 73%]
src/codomyrmex/tests/unit/orchestrator/test_triage_engine.py::TestTriageEngine::test_merge_decision PASSED [ 73%]
src/codomyrmex/tests/unit/orchestrator/test_triage_engine.py::TestTriageEngine::test_active_by_loc PASSED [ 73%]
src/codomyrmex/tests/unit/orchestrator/test_triage_engine.py::TestTriageEngine::test_active_by_mcp PASSED [ 73%]
src/codomyrmex/tests/unit/orchestrator/test_triage_engine.py::TestTriageEngine::test_stub_default PASSED [ 73%]
src/codomyrmex/tests/unit/orchestrator/test_triage_engine.py::TestTriageEngine::test_small_archive PASSED [ 73%]
src/codomyrmex/tests/unit/orchestrator/test_triage_engine.py::TestTriageEngine::test_triage_all PASSED [ 73%]
src/codomyrmex/tests/unit/orchestrator/test_triage_engine.py::TestTriageEngine::test_missing_dir PASSED [ 73%]
src/codomyrmex/tests/unit/orchestrator/test_triage_engine.py::TestTriageEngine::test_constants PASSED [ 73%]
src/codomyrmex/tests/unit/orchestrator/test_triage_engine.py::TestTriageEngine::test_profile_nonexistent PASSED [ 73%]
src/codomyrmex/tests/unit/orchestrator/test_workflow.py::test_workflow_linear_execution PASSED [ 73%]
src/codomyrmex/tests/unit/orchestrator/test_workflow.py::test_workflow_parallel_execution PASSED [ 73%]
src/codomyrmex/tests/unit/orchestrator/test_workflow.py::test_cycle_detection PASSED [ 73%]
src/codomyrmex/tests/unit/orchestrator/test_workflow.py::test_missing_dependency PASSED [ 73%]
src/codomyrmex/tests/unit/orchestrator/test_workflow.py::test_task_failure_handling PASSED [ 73%]
src/codomyrmex/tests/unit/orchestrator/test_workflow.py::TestRetryPolicy::test_retry_policy_defaults PASSED [ 73%]
src/codomyrmex/tests/unit/orchestrator/test_workflow.py::TestRetryPolicy::test_retry_policy_custom_values PASSED [ 73%]
src/codomyrmex/tests/unit/orchestrator/test_workflow.py::TestRetryPolicy::test_get_delay_exponential PASSED [ 73%]
src/codomyrmex/tests/unit/orchestrator/test_workflow.py::TestRetryPolicy::test_get_delay_max_cap PASSED [ 73%]
src/codomyrmex/tests/unit/orchestrator/test_workflow.py::TestTaskResult::test_task_result_defaults PASSED [ 73%]
src/codomyrmex/tests/unit/orchestrator/test_workflow.py::TestTaskResult::test_task_result_with_values PASSED [ 73%]
src/codomyrmex/tests/unit/orchestrator/test_workflow.py::TestWorkflowHelpers::test_chain_helper PASSED [ 73%]
src/codomyrmex/tests/unit/orchestrator/test_workflow.py::TestWorkflowHelpers::test_parallel_helper PASSED [ 73%]
src/codomyrmex/tests/unit/orchestrator/test_workflow.py::TestWorkflowHelpers::test_fan_out_fan_in_helper PASSED [ 73%]
src/codomyrmex/tests/unit/orchestrator/test_workflow.py::test_workflow_with_timeout PASSED [ 73%]
src/codomyrmex/tests/unit/orchestrator/test_workflow.py::test_workflow_get_summary PASSED [ 73%]
src/codomyrmex/tests/unit/orchestrator/test_workflow.py::test_workflow_progress_callback PASSED [ 73%]
src/codomyrmex/tests/unit/orchestrator/test_workflow_journal.py::TestWorkflowJournal::test_record_start PASSED [ 73%]
src/codomyrmex/tests/unit/orchestrator/test_workflow_journal.py::TestWorkflowJournal::test_record_step PASSED [ 73%]
src/codomyrmex/tests/unit/orchestrator/test_workflow_journal.py::TestWorkflowJournal::test_record_complete PASSED [ 73%]
src/codomyrmex/tests/unit/orchestrator/test_workflow_journal.py::TestWorkflowJournal::test_record_full_workflow PASSED [ 73%]
src/codomyrmex/tests/unit/orchestrator/test_workflow_journal.py::TestWorkflowJournal::test_by_workflow_id PASSED [ 73%]
src/codomyrmex/tests/unit/orchestrator/test_workflow_journal.py::TestWorkflowJournal::test_memory_persistence PASSED [ 73%]
src/codomyrmex/tests/unit/orchestrator/test_workflow_journal.py::TestWorkflowAnalytics::test_failure_hotspots PASSED [ 73%]
src/codomyrmex/tests/unit/orchestrator/test_workflow_journal.py::TestWorkflowAnalytics::test_duration_trend PASSED [ 73%]
src/codomyrmex/tests/unit/orchestrator/test_workflow_journal.py::TestWorkflowAnalytics::test_success_rate PASSED [ 73%]
src/codomyrmex/tests/unit/orchestrator/test_workflow_journal.py::TestWorkflowAnalytics::test_generate_insight PASSED [ 73%]
src/codomyrmex/tests/unit/orchestrator/test_workflow_journal.py::TestWorkflowAnalytics::test_empty_journal PASSED [ 73%]
src/codomyrmex/tests/unit/pattern_matching/test_pattern_matching.py::TestPatternMatching::test_pattern_matching_import PASSED [ 73%]
src/codomyrmex/tests/unit/pattern_matching/test_pattern_matching.py::TestPatternMatching::test_pattern_matching_module_structure PASSED [ 73%]
src/codomyrmex/tests/unit/pattern_matching/test_pattern_matching.py::TestPatternMatching::test_embedding_consistency PASSED [ 73%]
src/codomyrmex/tests/unit/pattern_matching/test_pattern_matching.py::TestPatternMatching::test_print_once_functionality PASSED [ 73%]
src/codomyrmex/tests/unit/pattern_matching/test_pattern_matching.py::TestPatternMatching::test_perform_repository_index PASSED [ 73%]
src/codomyrmex/tests/unit/pattern_matching/test_pattern_matching.py::TestPatternMatching::test_perform_text_search PASSED [ 73%]
src/codomyrmex/tests/unit/pattern_matching/test_pattern_matching.py::TestPatternMatching::test_perform_dependency_analysis PASSED [ 73%]
src/codomyrmex/tests/unit/pattern_matching/test_pattern_matching.py::TestPatternMatching::test_perform_symbol_extraction PASSED [ 73%]
src/codomyrmex/tests/unit/pattern_matching/test_pattern_matching.py::TestPatternMatching::test_perform_symbol_usage_analysis PASSED [ 73%]
src/codomyrmex/tests/unit/pattern_matching/test_pattern_matching.py::TestPatternMatching::test_perform_chunking_examples PASSED [ 73%]
src/codomyrmex/tests/unit/pattern_matching/test_pattern_matching.py::TestPatternMatching::test_text_search_context_extraction PASSED [ 74%]
src/codomyrmex/tests/unit/pattern_matching/test_pattern_matching.py::TestPatternMatching::test_run_full_analysis PASSED [ 74%]
src/codomyrmex/tests/unit/pattern_matching/test_pattern_matching.py::TestPatternMatching::test_analyze_repository_path PASSED [ 74%]
src/codomyrmex/tests/unit/pattern_matching/test_pattern_matching.py::TestPatternMatching::test_pattern_analyzer_basic PASSED [ 74%]
src/codomyrmex/tests/unit/pattern_matching/test_pattern_matching.py::TestPatternMatching::test_pattern_analyzer_directory PASSED [ 74%]
src/codomyrmex/tests/unit/pattern_matching/test_pattern_matching.py::TestPatternMatching::test_run_codomyrmex_analysis_function PASSED [ 74%]
src/codomyrmex/tests/unit/pattern_matching/test_pattern_matching.py::TestPatternMatching::test_pattern_match_fields PASSED [ 74%]
src/codomyrmex/tests/unit/pattern_matching/test_pattern_matching.py::TestPatternMatching::test_pattern_match_custom_confidence PASSED [ 74%]
src/codomyrmex/tests/unit/pattern_matching/test_pattern_matching.py::TestPatternMatching::test_analysis_result_defaults PASSED [ 74%]
src/codomyrmex/tests/unit/pattern_matching/test_pattern_matching.py::TestPatternMatching::test_pattern_analyzer_empty_patterns PASSED [ 74%]
src/codomyrmex/tests/unit/pattern_matching/test_pattern_matching.py::TestPatternMatching::test_pattern_analyzer_no_match_in_file PASSED [ 74%]
src/codomyrmex/tests/unit/pattern_matching/test_pattern_matching.py::TestPatternMatching::test_pattern_analyzer_multiple_patterns_same_line PASSED [ 74%]
src/codomyrmex/tests/unit/pattern_matching/test_pattern_matching.py::TestPatternMatching::test_pattern_analyzer_multiple_matches_different_lines PASSED [ 74%]
src/codomyrmex/tests/unit/pattern_matching/test_pattern_matching.py::TestPatternMatching::test_pattern_analyzer_nonexistent_file PASSED [ 74%]
src/codomyrmex/tests/unit/pattern_matching/test_pattern_matching.py::TestPatternMatching::test_pattern_analyzer_empty_file PASSED [ 74%]
src/codomyrmex/tests/unit/pattern_matching/test_pattern_matching.py::TestPatternMatching::test_pattern_analyzer_matched_text_truncation PASSED [ 74%]
src/codomyrmex/tests/unit/pattern_matching/test_pattern_matching.py::TestPatternMatching::test_pattern_analyzer_directory_default_extensions PASSED [ 74%]
src/codomyrmex/tests/unit/pattern_matching/test_pattern_matching.py::TestPatternMatching::test_pattern_analyzer_directory_empty PASSED [ 74%]
src/codomyrmex/tests/unit/pattern_matching/test_pattern_matching.py::TestPatternMatching::test_pattern_analyzer_directory_nested PASSED [ 74%]
src/codomyrmex/tests/unit/pattern_matching/test_pattern_matching.py::TestPatternMatching::test_code_summarization_returns_string PASSED [ 74%]
src/codomyrmex/tests/unit/pattern_matching/test_pattern_matching.py::TestPatternMatching::test_perform_docstring_indexing PASSED [ 74%]
src/codomyrmex/tests/unit/pattern_matching/test_pattern_matching.py::TestPatternMatching::test_embedding_function_returns_consistent_length PASSED [ 74%]
src/codomyrmex/tests/unit/pattern_matching/test_pattern_matching.py::TestPatternMatching::test_run_codomyrmex_analysis_no_patterns PASSED [ 74%]
src/codomyrmex/tests/unit/pattern_matching/test_pattern_matching.py::TestPatternMatching::test_analyze_repository_path_returns_path PASSED [ 74%]
src/codomyrmex/tests/unit/pattern_matching/test_pattern_matching.py::TestPatternMatching::test_run_full_analysis_returns_path PASSED [ 74%]
src/codomyrmex/tests/unit/performance/test_performance.py::TestLazyLoader::test_lazy_loader_initialization PASSED [ 74%]
src/codomyrmex/tests/unit/performance/test_performance.py::TestLazyLoader::test_lazy_loader_with_package PASSED [ 74%]
src/codomyrmex/tests/unit/performance/test_performance.py::TestLazyLoader::test_lazy_loader_repr PASSED [ 74%]
src/codomyrmex/tests/unit/performance/test_performance.py::TestLazyLoader::test_lazy_loader_getattr_loading PASSED [ 74%]
src/codomyrmex/tests/unit/performance/test_performance.py::TestLazyLoader::test_lazy_loader_getattr_invalid_module PASSED [ 74%]
src/codomyrmex/tests/unit/performance/test_performance.py::TestLazyLoader::test_lazy_import_function PASSED [ 74%]
src/codomyrmex/tests/unit/performance/test_performance.py::TestLazyLoader::test_get_lazy_loader_registry PASSED [ 74%]
src/codomyrmex/tests/unit/performance/test_performance.py::TestLazyLoader::test_lazy_function PASSED [ 74%]
src/codomyrmex/tests/unit/performance/test_performance.py::TestLazyLoader::test_pre_configured_lazy_loaders PASSED [ 74%]
src/codomyrmex/tests/unit/performance/test_performance.py::TestCacheManager::test_cache_manager_initialization PASSED [ 74%]
src/codomyrmex/tests/unit/performance/test_performance.py::TestCacheManager::test_cache_key_generation PASSED [ 74%]
src/codomyrmex/tests/unit/performance/test_performance.py::TestCacheManager::test_cache_set_and_get PASSED [ 74%]
src/codomyrmex/tests/unit/performance/test_performance.py::TestCacheManager::test_cache_expiration PASSED [ 74%]
src/codomyrmex/tests/unit/performance/test_performance.py::TestCacheManager::test_cache_memory_limit PASSED [ 74%]
src/codomyrmex/tests/unit/performance/test_performance.py::TestCacheManager::test_cache_persistence PASSED [ 74%]
src/codomyrmex/tests/unit/performance/test_performance.py::TestCacheManager::test_cache_clear PASSED [ 74%]
src/codomyrmex/tests/unit/performance/test_performance.py::TestCacheManager::test_cache_stats PASSED [ 74%]
src/codomyrmex/tests/unit/performance/test_performance.py::TestCacheManager::test_cached_function_decorator PASSED [ 74%]
src/codomyrmex/tests/unit/performance/test_performance.py::TestCacheManager::test_global_cache_functions PASSED [ 74%]
src/codomyrmex/tests/unit/performance/test_performance.py::TestPerformanceMonitor::test_performance_monitor_initialization PASSED [ 74%]
src/codomyrmex/tests/unit/performance/test_performance.py::TestPerformanceMonitor::test_record_metrics PASSED [ 74%]
src/codomyrmex/tests/unit/performance/test_performance.py::TestPerformanceMonitor::test_get_stats_all_functions PASSED [ 74%]
src/codomyrmex/tests/unit/performance/test_performance.py::TestPerformanceMonitor::test_get_stats_specific_function PASSED [ 74%]
src/codomyrmex/tests/unit/performance/test_performance.py::TestPerformanceMonitor::test_clear_metrics PASSED [ 74%]
src/codomyrmex/tests/unit/performance/test_performance.py::TestPerformanceMonitor::test_export_metrics PASSED [ 74%]
src/codomyrmex/tests/unit/performance/test_performance.py::TestPerformanceMonitor::test_monitor_performance_decorator PASSED [ 74%]
src/codomyrmex/tests/unit/performance/test_performance.py::TestPerformanceMonitor::test_performance_context_manager PASSED [ 74%]
src/codomyrmex/tests/unit/performance/test_performance.py::TestPerformanceMonitor::test_global_performance_functions PASSED [ 74%]
src/codomyrmex/tests/unit/performance/test_performance.py::TestIntegration::test_lazy_loading_with_caching PASSED [ 74%]
src/codomyrmex/tests/unit/performance/test_performance.py::TestIntegration::test_performance_monitoring_with_caching PASSED [ 74%]
src/codomyrmex/tests/unit/performance/test_performance_cert.py::TestBenchmarkRunner::test_basic_benchmark PASSED [ 74%]
src/codomyrmex/tests/unit/performance/test_performance_cert.py::TestBenchmarkRunner::test_threshold_pass PASSED [ 74%]
src/codomyrmex/tests/unit/performance/test_performance_cert.py::TestBenchmarkRunner::test_ops_per_sec PASSED [ 74%]
src/codomyrmex/tests/unit/performance/test_performance_cert.py::TestBenchmarkRunner::test_markdown_output PASSED [ 74%]
src/codomyrmex/tests/unit/performance/test_performance_cert.py::TestBenchmarkRunner::test_multiple_benchmarks PASSED [ 74%]
src/codomyrmex/tests/unit/performance/test_performance_cert.py::TestLoadTester::test_successful_load PASSED [ 74%]
src/codomyrmex/tests/unit/performance/test_performance_cert.py::TestLoadTester::test_error_rate PASSED [ 74%]
src/codomyrmex/tests/unit/performance/test_performance_cert.py::TestLoadTester::test_throughput PASSED [ 74%]
src/codomyrmex/tests/unit/performance/test_performance_cert.py::TestMemoryProfiler::test_snapshot PASSED [ 74%]
src/codomyrmex/tests/unit/performance/test_performance_cert.py::TestMemoryProfiler::test_diff_no_leak PASSED [ 74%]
src/codomyrmex/tests/unit/performance/test_performance_cert.py::TestMemoryProfiler::test_diff_leak_detected PASSED [ 74%]
src/codomyrmex/tests/unit/performance/test_performance_cert.py::TestMemoryProfiler::test_gc_snapshot PASSED [ 74%]
src/codomyrmex/tests/unit/physical_management/test_physical_management.py::TestPhysicalManagement::test_physical_management_import PASSED [ 74%]
src/codomyrmex/tests/unit/physical_management/test_physical_management.py::TestPhysicalManagement::test_physical_management_module_exists PASSED [ 74%]
src/codomyrmex/tests/unit/physical_management/test_physical_management.py::TestPhysicalManagement::test_physical_management_init_file PASSED [ 74%]
src/codomyrmex/tests/unit/physical_management/test_physical_management.py::TestPhysicalManagement::test_object_manager_module_exists PASSED [ 74%]
src/codomyrmex/tests/unit/physical_management/test_physical_management.py::TestPhysicalManagement::test_simulation_engine_module_exists PASSED [ 74%]
src/codomyrmex/tests/unit/physical_management/test_physical_management.py::TestPhysicalManagement::test_sensor_integration_module_exists PASSED [ 74%]
src/codomyrmex/tests/unit/physical_management/test_physical_management.py::TestPhysicalManagement::test_analytics_module_exists PASSED [ 74%]
src/codomyrmex/tests/unit/physical_management/test_physical_management.py::TestPhysicalManagement::test_physical_object_manager_import PASSED [ 74%]
src/codomyrmex/tests/unit/physical_management/test_physical_management.py::TestPhysicalManagement::test_physical_object_import PASSED [ 74%]
src/codomyrmex/tests/unit/physical_management/test_physical_management.py::TestPhysicalManagement::test_physics_simulator_import PASSED [ 74%]
src/codomyrmex/tests/unit/physical_management/test_physical_management.py::TestPhysicalManagement::test_sensor_manager_import PASSED [ 74%]
src/codomyrmex/tests/unit/physical_management/test_physical_management.py::TestPhysicalManagement::test_streaming_analytics_import PASSED [ 74%]
src/codomyrmex/tests/unit/physical_management/test_physical_management.py::TestPhysicalManagement::test_type_enums_import PASSED [ 74%]
src/codomyrmex/tests/unit/physical_management/test_physical_management.py::TestPhysicalManagement::test_vector3d_import PASSED [ 74%]
src/codomyrmex/tests/unit/physical_management/test_physical_management.py::TestPhysicalManagement::test_physical_management_version PASSED [ 74%]
src/codomyrmex/tests/unit/physical_management/test_physical_management.py::TestPhysicalManagement::test_physical_management_all_exports PASSED [ 74%]
src/codomyrmex/tests/unit/physical_management/test_physical_management.py::TestPhysicalManagement::test_agents_md_exists PASSED [ 74%]
src/codomyrmex/tests/unit/physical_management/test_physical_management.py::TestPhysicalManagement::test_readme_exists PASSED [ 74%]
src/codomyrmex/tests/unit/physical_management/test_physical_management.py::TestPhysicalManagement::test_docs_directory_exists SKIPPED [ 74%]
src/codomyrmex/tests/unit/physical_management/test_physical_management.py::TestPhysicalManagement::test_examples_directory_exists PASSED [ 74%]
src/codomyrmex/tests/unit/physical_management/test_physical_management.py::TestPhysicalManagement::test_tests_directory_exists SKIPPED [ 74%]
src/codomyrmex/tests/unit/plugin_system/test_plugin_system.py::TestPluginRegistry::test_plugin_registry_creation PASSED [ 74%]
src/codomyrmex/tests/unit/plugin_system/test_plugin_system.py::TestPluginRegistry::test_plugin_info_creation PASSED [ 74%]
src/codomyrmex/tests/unit/plugin_system/test_plugin_system.py::TestPluginRegistry::test_plugin_info_to_dict PASSED [ 74%]
src/codomyrmex/tests/unit/plugin_system/test_plugin_system.py::TestPluginRegistry::test_plugin_registration PASSED [ 74%]
src/codomyrmex/tests/unit/plugin_system/test_plugin_system.py::TestPluginRegistry::test_duplicate_registration_rejected PASSED [ 74%]
src/codomyrmex/tests/unit/plugin_system/test_plugin_system.py::TestPluginRegistry::test_plugin_unregistration PASSED [ 74%]
src/codomyrmex/tests/unit/plugin_system/test_plugin_system.py::TestPluginRegistry::test_unregister_nonexistent_plugin PASSED [ 74%]
src/codomyrmex/tests/unit/plugin_system/test_plugin_system.py::TestPluginRegistry::test_plugin_listing PASSED [ 74%]
src/codomyrmex/tests/unit/plugin_system/test_plugin_system.py::TestPluginRegistry::test_get_plugin_by_name PASSED [ 74%]
src/codomyrmex/tests/unit/plugin_system/test_plugin_system.py::TestPluginRegistry::test_dependency_checking PASSED [ 74%]
src/codomyrmex/tests/unit/plugin_system/test_plugin_system.py::TestPluginRegistry::test_multiple_dependencies PASSED [ 75%]
src/codomyrmex/tests/unit/plugin_system/test_plugin_system.py::TestPluginRegistry::test_hook_system PASSED [ 75%]
src/codomyrmex/tests/unit/plugin_system/test_plugin_system.py::TestPluginRegistry::test_multiple_hook_handlers PASSED [ 75%]
src/codomyrmex/tests/unit/plugin_system/test_plugin_system.py::TestPluginRegistry::test_hook_error_handling PASSED [ 75%]
src/codomyrmex/tests/unit/plugin_system/test_plugin_system.py::TestPluginRegistry::test_emit_nonexistent_hook PASSED [ 75%]
src/codomyrmex/tests/unit/plugin_system/test_plugin_system.py::TestPluginRegistry::test_initialize_all_plugins PASSED [ 75%]
src/codomyrmex/tests/unit/plugin_system/test_plugin_system.py::TestPluginRegistry::test_shutdown_all_plugins PASSED [ 75%]
src/codomyrmex/tests/unit/plugin_system/test_plugin_system.py::TestPluginRegistry::test_global_registry_singleton PASSED [ 75%]
src/codomyrmex/tests/unit/plugin_system/test_plugin_system.py::TestPluginValidator::test_plugin_validator_creation PASSED [ 75%]
src/codomyrmex/tests/unit/plugin_system/test_plugin_system.py::TestPluginValidator::test_validate_plugin_metadata PASSED [ 75%]
src/codomyrmex/tests/unit/plugin_system/test_plugin_system.py::TestPluginValidator::test_validate_metadata_missing_name PASSED [ 75%]
src/codomyrmex/tests/unit/plugin_system/test_plugin_system.py::TestPluginValidator::test_security_scanning PASSED [ 75%]
src/codomyrmex/tests/unit/plugin_system/test_plugin_system.py::TestPluginValidator::test_security_scanning_safe_plugin PASSED [ 75%]
src/codomyrmex/tests/unit/plugin_system/test_plugin_system.py::TestPluginValidator::test_detect_eval_exec PASSED [ 75%]
src/codomyrmex/tests/unit/plugin_system/test_plugin_system.py::TestPluginValidator::test_dependency_validation PASSED [ 75%]
src/codomyrmex/tests/unit/plugin_system/test_plugin_system.py::TestPluginValidator::test_dependency_validation_with_available_list PASSED [ 75%]
src/codomyrmex/tests/unit/plugin_system/test_plugin_system.py::TestPluginValidator::test_dockerfile_validation PASSED [ 75%]
src/codomyrmex/tests/unit/plugin_system/test_plugin_system.py::TestPluginValidator::test_dockerfile_missing_from PASSED [ 75%]
src/codomyrmex/tests/unit/plugin_system/test_plugin_system.py::TestPluginValidator::test_validate_plugin_instance PASSED [ 75%]
src/codomyrmex/tests/unit/plugin_system/test_plugin_system.py::TestPluginValidator::test_validate_plugin_missing_methods PASSED [ 75%]
src/codomyrmex/tests/unit/plugin_system/test_plugin_system.py::TestPluginLoader::test_plugin_loader_creation PASSED [ 75%]
src/codomyrmex/tests/unit/plugin_system/test_plugin_system.py::TestPluginLoader::test_plugin_loader_custom_directories PASSED [ 75%]
src/codomyrmex/tests/unit/plugin_system/test_plugin_system.py::TestPluginLoader::test_plugin_discovery PASSED [ 75%]
src/codomyrmex/tests/unit/plugin_system/test_plugin_system.py::TestPluginLoader::test_discover_multiple_plugins PASSED [ 75%]
src/codomyrmex/tests/unit/plugin_system/test_plugin_system.py::TestPluginLoader::test_plugin_loading PASSED [ 75%]
src/codomyrmex/tests/unit/plugin_system/test_plugin_system.py::TestPluginLoader::test_load_already_loaded_plugin PASSED [ 75%]
src/codomyrmex/tests/unit/plugin_system/test_plugin_system.py::TestPluginLoader::test_unload_plugin PASSED [ 75%]
src/codomyrmex/tests/unit/plugin_system/test_plugin_system.py::TestPluginLoader::test_unload_nonexistent_plugin PASSED [ 75%]
src/codomyrmex/tests/unit/plugin_system/test_plugin_system.py::TestPluginLoader::test_get_loaded_plugins PASSED [ 75%]
src/codomyrmex/tests/unit/plugin_system/test_plugin_system.py::TestPluginLoader::test_validate_plugin_dependencies PASSED [ 75%]
src/codomyrmex/tests/unit/plugin_system/test_plugin_system.py::TestPluginLoader::test_load_result_dataclass PASSED [ 75%]
src/codomyrmex/tests/unit/plugin_system/test_plugin_system.py::TestPluginManager::test_plugin_manager_creation PASSED [ 75%]
src/codomyrmex/tests/unit/plugin_system/test_plugin_system.py::TestPluginManager::test_plugin_manager_default_settings PASSED [ 75%]
src/codomyrmex/tests/unit/plugin_system/test_plugin_system.py::TestPluginManager::test_plugin_discovery_through_manager PASSED [ 75%]
src/codomyrmex/tests/unit/plugin_system/test_plugin_system.py::TestPluginManager::test_plugin_listing PASSED [ 75%]
src/codomyrmex/tests/unit/plugin_system/test_plugin_system.py::TestPluginManager::test_list_plugins_by_type PASSED [ 75%]
src/codomyrmex/tests/unit/plugin_system/test_plugin_system.py::TestPluginManager::test_hook_registration PASSED [ 75%]
src/codomyrmex/tests/unit/plugin_system/test_plugin_system.py::TestPluginManager::test_plugin_status PASSED [ 75%]
src/codomyrmex/tests/unit/plugin_system/test_plugin_system.py::TestPluginManager::test_plugin_status_nonexistent PASSED [ 75%]
src/codomyrmex/tests/unit/plugin_system/test_plugin_system.py::TestPluginManager::test_system_status PASSED [ 75%]
src/codomyrmex/tests/unit/plugin_system/test_plugin_system.py::TestPluginManager::test_enable_disable_plugin PASSED [ 75%]
src/codomyrmex/tests/unit/plugin_system/test_plugin_system.py::TestPluginManager::test_enable_nonexistent_plugin PASSED [ 75%]
src/codomyrmex/tests/unit/plugin_system/test_plugin_system.py::TestPluginManager::test_load_plugin_with_validation PASSED [ 75%]
src/codomyrmex/tests/unit/plugin_system/test_plugin_system.py::TestPluginManager::test_load_plugin_not_found PASSED [ 75%]
src/codomyrmex/tests/unit/plugin_system/test_plugin_system.py::TestPluginManager::test_cleanup PASSED [ 75%]
src/codomyrmex/tests/unit/plugin_system/test_plugin_system.py::TestPluginBaseClass::test_plugin_base_creation PASSED [ 75%]
src/codomyrmex/tests/unit/plugin_system/test_plugin_system.py::TestPluginBaseClass::test_plugin_creation_without_info PASSED [ 75%]
src/codomyrmex/tests/unit/plugin_system/test_plugin_system.py::TestPluginBaseClass::test_plugin_hook_registration PASSED [ 75%]
src/codomyrmex/tests/unit/plugin_system/test_plugin_system.py::TestPluginBaseClass::test_emit_nonexistent_hook PASSED [ 75%]
src/codomyrmex/tests/unit/plugin_system/test_plugin_system.py::TestPluginBaseClass::test_plugin_lifecycle PASSED [ 75%]
src/codomyrmex/tests/unit/plugin_system/test_plugin_system.py::TestPluginBaseClass::test_plugin_initialize_with_config PASSED [ 75%]
src/codomyrmex/tests/unit/plugin_system/test_plugin_system.py::TestPluginBaseClass::test_plugin_shutdown PASSED [ 75%]
src/codomyrmex/tests/unit/plugin_system/test_plugin_system.py::TestInterfaceEnforcer::test_enforcer_valid_interface PASSED [ 75%]
src/codomyrmex/tests/unit/plugin_system/test_plugin_system.py::TestInterfaceEnforcer::test_enforcer_invalid_interface PASSED [ 75%]
src/codomyrmex/tests/unit/plugin_system/test_plugin_system.py::TestInterfaceEnforcer::test_enforcer_partial_implementation PASSED [ 75%]
src/codomyrmex/tests/unit/plugin_system/test_plugin_system.py::TestConvenienceFunctions::test_get_plugin_manager PASSED [ 75%]
src/codomyrmex/tests/unit/plugin_system/test_plugin_system.py::TestConvenienceFunctions::test_convenience_functions PASSED [ 75%]
src/codomyrmex/tests/unit/plugin_system/test_plugin_system.py::TestConvenienceFunctions::test_create_plugin_info_helper PASSED [ 75%]
src/codomyrmex/tests/unit/plugin_system/test_plugin_system.py::TestPluginIsolation::test_plugins_have_separate_state PASSED [ 75%]
src/codomyrmex/tests/unit/plugin_system/test_plugin_system.py::TestPluginIsolation::test_plugins_have_separate_hooks PASSED [ 75%]
src/codomyrmex/tests/unit/plugin_system/test_plugin_system.py::TestPluginIsolation::test_registry_isolation PASSED [ 75%]
src/codomyrmex/tests/unit/plugin_system/test_plugin_system.py::TestErrorHandling::test_load_invalid_plugin_path PASSED [ 75%]
src/codomyrmex/tests/unit/plugin_system/test_plugin_system.py::TestErrorHandling::test_validate_corrupted_file PASSED [ 75%]
src/codomyrmex/tests/unit/plugin_system/test_plugin_system.py::TestErrorHandling::test_registry_handles_shutdown_errors PASSED [ 75%]
src/codomyrmex/tests/unit/plugin_system/test_plugin_system.py::TestErrorHandling::test_hook_continues_after_handler_error PASSED [ 75%]
src/codomyrmex/tests/unit/plugin_system/test_plugin_system.py::TestPluginTypes::test_all_plugin_types_exist PASSED [ 75%]
src/codomyrmex/tests/unit/plugin_system/test_plugin_system.py::TestPluginTypes::test_plugin_type_values PASSED [ 75%]
src/codomyrmex/tests/unit/plugin_system/test_plugin_system.py::TestPluginStates::test_all_plugin_states_exist PASSED [ 75%]
src/codomyrmex/tests/unit/plugin_system/test_plugin_system.py::TestPluginStates::test_plugin_state_transitions PASSED [ 75%]
src/codomyrmex/tests/unit/plugin_system/test_plugin_system.py::TestYAMLMetadata::test_discover_yaml_plugin PASSED [ 75%]
src/codomyrmex/tests/unit/plugin_system/test_plugin_system.py::TestHookClass::test_hook_creation PASSED [ 75%]
src/codomyrmex/tests/unit/plugin_system/test_plugin_system.py::TestHookClass::test_hook_register_handler PASSED [ 75%]
src/codomyrmex/tests/unit/plugin_system/test_plugin_system.py::TestHookClass::test_hook_emit_with_args PASSED [ 75%]
src/codomyrmex/tests/unit/privacy/test_privacy.py::TestCrumbCleaner::test_init_has_default_blacklist PASSED [ 75%]
src/codomyrmex/tests/unit/privacy/test_privacy.py::TestCrumbCleaner::test_scrub_dict_removes_blacklisted PASSED [ 75%]
src/codomyrmex/tests/unit/privacy/test_privacy.py::TestCrumbCleaner::test_scrub_preserves_non_blacklisted PASSED [ 75%]
src/codomyrmex/tests/unit/privacy/test_privacy.py::TestCrumbCleaner::test_scrub_nested_dict PASSED [ 75%]
src/codomyrmex/tests/unit/privacy/test_privacy.py::TestCrumbCleaner::test_scrub_list PASSED [ 75%]
src/codomyrmex/tests/unit/privacy/test_privacy.py::TestCrumbCleaner::test_scrub_non_dict_passthrough PASSED [ 75%]
src/codomyrmex/tests/unit/privacy/test_privacy.py::TestCrumbCleaner::test_scrub_case_insensitive PASSED [ 75%]
src/codomyrmex/tests/unit/privacy/test_privacy.py::TestCrumbCleaner::test_generate_noise PASSED [ 75%]
src/codomyrmex/tests/unit/privacy/test_privacy.py::TestCrumbCleaner::test_generate_noise_custom_size PASSED [ 75%]
src/codomyrmex/tests/unit/privacy/test_privacy.py::TestCrumbCleaner::test_configure_blacklist_add PASSED [ 75%]
src/codomyrmex/tests/unit/privacy/test_privacy.py::TestCrumbCleaner::test_configure_blacklist_remove PASSED [ 75%]
src/codomyrmex/tests/unit/privacy/test_privacy.py::TestPacket::test_packet_creation PASSED [ 75%]
src/codomyrmex/tests/unit/privacy/test_privacy.py::TestMixNode::test_mix_node_creation PASSED [ 75%]
src/codomyrmex/tests/unit/privacy/test_privacy.py::TestMixNode::test_mix_node_relay_decrements_hops PASSED [ 75%]
src/codomyrmex/tests/unit/privacy/test_privacy.py::TestMixNode::test_mix_node_relay_zero_hops PASSED [ 75%]
src/codomyrmex/tests/unit/privacy/test_privacy.py::TestMixnetProxy::test_mixnet_init PASSED [ 75%]
src/codomyrmex/tests/unit/privacy/test_privacy.py::TestMixnetProxy::test_route_payload PASSED [ 75%]
src/codomyrmex/tests/unit/privacy/test_privacy.py::TestMixnetProxy::test_route_payload_single_hop PASSED [ 75%]
src/codomyrmex/tests/unit/privacy/test_privacy.py::test_crumb_cleaning_nested PASSED [ 75%]
src/codomyrmex/tests/unit/privacy/test_privacy.py::test_mixnet_proxy_multiple_hops PASSED [ 75%]
src/codomyrmex/tests/unit/prompt_engineering/test_prompt_engineering.py::TestPromptTemplate::test_create_template PASSED [ 75%]
src/codomyrmex/tests/unit/prompt_engineering/test_prompt_engineering.py::TestPromptTemplate::test_auto_detect_variables PASSED [ 75%]
src/codomyrmex/tests/unit/prompt_engineering/test_prompt_engineering.py::TestPromptTemplate::test_render PASSED [ 75%]
src/codomyrmex/tests/unit/prompt_engineering/test_prompt_engineering.py::TestPromptTemplate::test_render_missing_variable_raises PASSED [ 75%]
src/codomyrmex/tests/unit/prompt_engineering/test_prompt_engineering.py::TestPromptTemplate::test_validate_returns_missing PASSED [ 75%]
src/codomyrmex/tests/unit/prompt_engineering/test_prompt_engineering.py::TestPromptTemplate::test_validate_all_present PASSED [ 75%]
src/codomyrmex/tests/unit/prompt_engineering/test_prompt_engineering.py::TestPromptTemplate::test_to_dict_and_from_dict PASSED [ 76%]
src/codomyrmex/tests/unit/prompt_engineering/test_prompt_engineering.py::TestPromptTemplate::test_explicit_variables PASSED [ 76%]
src/codomyrmex/tests/unit/prompt_engineering/test_prompt_engineering.py::TestTemplateRegistry::test_add_and_get PASSED [ 76%]
src/codomyrmex/tests/unit/prompt_engineering/test_prompt_engineering.py::TestTemplateRegistry::test_add_duplicate_raises PASSED [ 76%]
src/codomyrmex/tests/unit/prompt_engineering/test_prompt_engineering.py::TestTemplateRegistry::test_update_replaces PASSED [ 76%]
src/codomyrmex/tests/unit/prompt_engineering/test_prompt_engineering.py::TestTemplateRegistry::test_remove PASSED [ 76%]
src/codomyrmex/tests/unit/prompt_engineering/test_prompt_engineering.py::TestTemplateRegistry::test_remove_nonexistent_raises PASSED [ 76%]
src/codomyrmex/tests/unit/prompt_engineering/test_prompt_engineering.py::TestTemplateRegistry::test_list_and_size PASSED [ 76%]
src/codomyrmex/tests/unit/prompt_engineering/test_prompt_engineering.py::TestTemplateRegistry::test_render_via_registry PASSED [ 76%]
src/codomyrmex/tests/unit/prompt_engineering/test_prompt_engineering.py::TestTemplateRegistry::test_search_by_name PASSED [ 76%]
src/codomyrmex/tests/unit/prompt_engineering/test_prompt_engineering.py::TestTemplateRegistry::test_export_import PASSED [ 76%]
src/codomyrmex/tests/unit/prompt_engineering/test_prompt_engineering.py::TestVersionManager::test_create_first_version PASSED [ 76%]
src/codomyrmex/tests/unit/prompt_engineering/test_prompt_engineering.py::TestVersionManager::test_auto_increment_patch PASSED [ 76%]
src/codomyrmex/tests/unit/prompt_engineering/test_prompt_engineering.py::TestVersionManager::test_bump_minor PASSED [ 76%]
src/codomyrmex/tests/unit/prompt_engineering/test_prompt_engineering.py::TestVersionManager::test_get_version_latest PASSED [ 76%]
src/codomyrmex/tests/unit/prompt_engineering/test_prompt_engineering.py::TestVersionManager::test_get_specific_version PASSED [ 76%]
src/codomyrmex/tests/unit/prompt_engineering/test_prompt_engineering.py::TestVersionManager::test_get_version_not_found PASSED [ 76%]
src/codomyrmex/tests/unit/prompt_engineering/test_prompt_engineering.py::TestVersionManager::test_list_versions PASSED [ 76%]
src/codomyrmex/tests/unit/prompt_engineering/test_prompt_engineering.py::TestVersionManager::test_diff PASSED [ 76%]
src/codomyrmex/tests/unit/prompt_engineering/test_prompt_engineering.py::TestVersionManager::test_rollback PASSED [ 76%]
src/codomyrmex/tests/unit/prompt_engineering/test_prompt_engineering.py::TestVersionManager::test_version_count PASSED [ 76%]
src/codomyrmex/tests/unit/prompt_engineering/test_prompt_engineering.py::TestVersionManager::test_export_history PASSED [ 76%]
src/codomyrmex/tests/unit/prompt_engineering/test_prompt_engineering.py::TestPromptOptimizer::test_concise_optimization PASSED [ 76%]
src/codomyrmex/tests/unit/prompt_engineering/test_prompt_engineering.py::TestPromptOptimizer::test_detailed_optimization PASSED [ 76%]
src/codomyrmex/tests/unit/prompt_engineering/test_prompt_engineering.py::TestPromptOptimizer::test_chain_of_thought_optimization PASSED [ 76%]
src/codomyrmex/tests/unit/prompt_engineering/test_prompt_engineering.py::TestPromptOptimizer::test_few_shot_optimization PASSED [ 76%]
src/codomyrmex/tests/unit/prompt_engineering/test_prompt_engineering.py::TestPromptOptimizer::test_token_reduction_estimate PASSED [ 76%]
src/codomyrmex/tests/unit/prompt_engineering/test_prompt_engineering.py::TestPromptOptimizer::test_bulk_optimize PASSED [ 76%]
src/codomyrmex/tests/unit/prompt_engineering/test_prompt_engineering.py::TestPromptOptimizer::test_available_strategies PASSED [ 76%]
src/codomyrmex/tests/unit/prompt_engineering/test_prompt_engineering.py::TestScorerFunctions::test_score_response_length_short PASSED [ 76%]
src/codomyrmex/tests/unit/prompt_engineering/test_prompt_engineering.py::TestScorerFunctions::test_score_response_length_ideal PASSED [ 76%]
src/codomyrmex/tests/unit/prompt_engineering/test_prompt_engineering.py::TestScorerFunctions::test_score_relevance_with_overlap PASSED [ 76%]
src/codomyrmex/tests/unit/prompt_engineering/test_prompt_engineering.py::TestScorerFunctions::test_score_relevance_no_overlap PASSED [ 76%]
src/codomyrmex/tests/unit/prompt_engineering/test_prompt_engineering.py::TestScorerFunctions::test_score_structure_with_formatting PASSED [ 76%]
src/codomyrmex/tests/unit/prompt_engineering/test_prompt_engineering.py::TestScorerFunctions::test_score_completeness_with_question PASSED [ 76%]
src/codomyrmex/tests/unit/prompt_engineering/test_prompt_engineering.py::TestPromptEvaluator::test_evaluate_returns_result PASSED [ 76%]
src/codomyrmex/tests/unit/prompt_engineering/test_prompt_engineering.py::TestPromptEvaluator::test_evaluate_with_default_criteria PASSED [ 76%]
src/codomyrmex/tests/unit/prompt_engineering/test_prompt_engineering.py::TestPromptEvaluator::test_evaluate_batch PASSED [ 76%]
src/codomyrmex/tests/unit/prompt_engineering/test_prompt_engineering.py::TestPromptEvaluator::test_compare_responses PASSED [ 76%]
src/codomyrmex/tests/unit/prompt_engineering/test_prompt_engineering.py::TestPromptEvaluator::test_add_and_remove_criteria PASSED [ 76%]
src/codomyrmex/tests/unit/prompt_engineering/test_prompt_engineering.py::TestPromptEvaluator::test_evaluation_result_to_dict PASSED [ 76%]
src/codomyrmex/tests/unit/prompt_testing/test_prompt_testing.py::TestPromptTestingImports::test_module_imports PASSED [ 76%]
src/codomyrmex/tests/unit/prompt_testing/test_prompt_testing.py::TestPromptTestingImports::test_public_api_exists PASSED [ 76%]
src/codomyrmex/tests/unit/prompt_testing/test_prompt_testing.py::TestEvaluationType::test_evaluation_type_values PASSED [ 76%]
src/codomyrmex/tests/unit/prompt_testing/test_prompt_testing.py::TestTestStatus::test_status_values PASSED [ 76%]
src/codomyrmex/tests/unit/prompt_testing/test_prompt_testing.py::TestPromptTestCase::test_test_case_creation PASSED [ 76%]
src/codomyrmex/tests/unit/prompt_testing/test_prompt_testing.py::TestPromptTestCase::test_test_case_to_dict PASSED [ 76%]
src/codomyrmex/tests/unit/prompt_testing/test_prompt_testing.py::TestTestResult::test_result_creation PASSED [ 76%]
src/codomyrmex/tests/unit/prompt_testing/test_prompt_testing.py::TestTestResult::test_result_passed_property PASSED [ 76%]
src/codomyrmex/tests/unit/prompt_testing/test_prompt_testing.py::TestTestResult::test_result_to_dict PASSED [ 76%]
src/codomyrmex/tests/unit/prompt_testing/test_prompt_testing.py::TestTestSuiteResult::test_suite_result_creation PASSED [ 76%]
src/codomyrmex/tests/unit/prompt_testing/test_prompt_testing.py::TestTestSuiteResult::test_suite_result_metrics PASSED [ 76%]
src/codomyrmex/tests/unit/prompt_testing/test_prompt_testing.py::TestTestSuiteResult::test_suite_result_to_dict PASSED [ 76%]
src/codomyrmex/tests/unit/prompt_testing/test_prompt_testing.py::TestExactMatchEvaluator::test_exact_match_pass PASSED [ 76%]
src/codomyrmex/tests/unit/prompt_testing/test_prompt_testing.py::TestExactMatchEvaluator::test_exact_match_fail PASSED [ 76%]
src/codomyrmex/tests/unit/prompt_testing/test_prompt_testing.py::TestExactMatchEvaluator::test_exact_match_case_insensitive PASSED [ 76%]
src/codomyrmex/tests/unit/prompt_testing/test_prompt_testing.py::TestContainsEvaluator::test_contains_all_present PASSED [ 76%]
src/codomyrmex/tests/unit/prompt_testing/test_prompt_testing.py::TestContainsEvaluator::test_contains_partial_match PASSED [ 76%]
src/codomyrmex/tests/unit/prompt_testing/test_prompt_testing.py::TestContainsEvaluator::test_not_contains PASSED [ 76%]
src/codomyrmex/tests/unit/prompt_testing/test_prompt_testing.py::TestContainsEvaluator::test_mixed_contains_and_not_contains PASSED [ 76%]
src/codomyrmex/tests/unit/prompt_testing/test_prompt_testing.py::TestCustomEvaluator::test_custom_function PASSED [ 76%]
src/codomyrmex/tests/unit/prompt_testing/test_prompt_testing.py::TestPromptTestSuite::test_suite_creation PASSED [ 76%]
src/codomyrmex/tests/unit/prompt_testing/test_prompt_testing.py::TestPromptTestSuite::test_suite_add_test PASSED [ 76%]
src/codomyrmex/tests/unit/prompt_testing/test_prompt_testing.py::TestPromptTestSuite::test_suite_add_tests_batch PASSED [ 76%]
src/codomyrmex/tests/unit/prompt_testing/test_prompt_testing.py::TestPromptTestSuite::test_suite_get_test PASSED [ 76%]
src/codomyrmex/tests/unit/prompt_testing/test_prompt_testing.py::TestPromptTestSuite::test_suite_chaining PASSED [ 76%]
src/codomyrmex/tests/unit/prompt_testing/test_prompt_testing.py::TestPromptTester::test_tester_creation PASSED [ 76%]
src/codomyrmex/tests/unit/prompt_testing/test_prompt_testing.py::TestPromptTester::test_tester_run_suite PASSED [ 76%]
src/codomyrmex/tests/unit/prompt_testing/test_prompt_testing.py::TestPromptTester::test_tester_handles_executor_error PASSED [ 76%]
src/codomyrmex/tests/unit/prompt_testing/test_prompt_testing.py::TestPromptTester::test_tester_register_evaluator PASSED [ 76%]
src/codomyrmex/tests/unit/prompt_testing/test_prompt_testing.py::TestABTest::test_ab_test_creation PASSED [ 76%]
src/codomyrmex/tests/unit/prompt_testing/test_prompt_testing.py::TestABTest::test_ab_test_add_variant PASSED [ 76%]
src/codomyrmex/tests/unit/prompt_testing/test_prompt_testing.py::TestABTest::test_ab_test_chaining PASSED [ 76%]
src/codomyrmex/tests/unit/prompt_testing/test_prompt_testing.py::TestABTest::test_ab_test_run PASSED [ 76%]
src/codomyrmex/tests/unit/prompt_testing/test_prompt_testing.py::TestABTest::test_ab_test_get_winner PASSED [ 76%]
src/codomyrmex/tests/unit/prompt_testing/test_prompt_testing.py::TestABTest::test_ab_test_compare PASSED [ 76%]
src/codomyrmex/tests/unit/quantum/test_quantum.py::TestGateType::test_hadamard PASSED [ 76%]
src/codomyrmex/tests/unit/quantum/test_quantum.py::TestGateType::test_pauli_x PASSED [ 76%]
src/codomyrmex/tests/unit/quantum/test_quantum.py::TestGateType::test_cnot PASSED [ 76%]
src/codomyrmex/tests/unit/quantum/test_quantum.py::TestGateType::test_swap PASSED [ 76%]
src/codomyrmex/tests/unit/quantum/test_quantum.py::TestGateType::test_rotation_gates PASSED [ 76%]
src/codomyrmex/tests/unit/quantum/test_quantum.py::TestGate::test_create_gate PASSED [ 76%]
src/codomyrmex/tests/unit/quantum/test_quantum.py::TestGate::test_cnot_gate PASSED [ 76%]
src/codomyrmex/tests/unit/quantum/test_quantum.py::TestGate::test_parametric_gate PASSED [ 76%]
src/codomyrmex/tests/unit/quantum/test_quantum.py::TestQubit::test_create_qubit PASSED [ 76%]
src/codomyrmex/tests/unit/quantum/test_quantum.py::TestQubit::test_zero_state PASSED [ 76%]
src/codomyrmex/tests/unit/quantum/test_quantum.py::TestQubit::test_one_state PASSED [ 76%]
src/codomyrmex/tests/unit/quantum/test_quantum.py::TestQubit::test_plus_state PASSED [ 76%]
src/codomyrmex/tests/unit/quantum/test_quantum.py::TestQubit::test_minus_state PASSED [ 76%]
src/codomyrmex/tests/unit/quantum/test_quantum.py::TestQuantumCircuit::test_create_circuit PASSED [ 76%]
src/codomyrmex/tests/unit/quantum/test_quantum.py::TestQuantumCircuit::test_circuit_with_classical_bits PASSED [ 76%]
src/codomyrmex/tests/unit/quantum/test_quantum.py::TestQuantumSimulator::test_create_simulator PASSED [ 76%]
src/codomyrmex/tests/unit/quantum/test_quantum.py::TestBellState::test_creates_circuit PASSED [ 76%]
src/codomyrmex/tests/unit/quantum/test_quantum.py::TestGHZState::test_creates_circuit PASSED [ 76%]
src/codomyrmex/tests/unit/quantum/test_quantum.py::TestQFT::test_creates_circuit PASSED [ 76%]
src/codomyrmex/tests/unit/quantum/test_quantum.py::TestQubitAmplitudes::test_zero_state_amplitudes PASSED [ 76%]
src/codomyrmex/tests/unit/quantum/test_quantum.py::TestQubitAmplitudes::test_zero_state_probabilities PASSED [ 76%]
src/codomyrmex/tests/unit/quantum/test_quantum.py::TestQubitAmplitudes::test_one_state_amplitudes PASSED [ 76%]
src/codomyrmex/tests/unit/quantum/test_quantum.py::TestQubitAmplitudes::test_one_state_probabilities PASSED [ 76%]
src/codomyrmex/tests/unit/quantum/test_quantum.py::TestQubitAmplitudes::test_plus_state_equal_superposition PASSED [ 77%]
src/codomyrmex/tests/unit/quantum/test_quantum.py::TestQubitAmplitudes::test_plus_state_amplitudes_positive PASSED [ 77%]
src/codomyrmex/tests/unit/quantum/test_quantum.py::TestQubitAmplitudes::test_minus_state_equal_superposition PASSED [ 77%]
src/codomyrmex/tests/unit/quantum/test_quantum.py::TestQubitAmplitudes::test_minus_state_amplitudes_differ_in_sign PASSED [ 77%]
src/codomyrmex/tests/unit/quantum/test_quantum.py::TestQubitAmplitudes::test_probabilities_sum_to_one_zero PASSED [ 77%]
src/codomyrmex/tests/unit/quantum/test_quantum.py::TestQubitAmplitudes::test_probabilities_sum_to_one_plus PASSED [ 77%]
src/codomyrmex/tests/unit/quantum/test_quantum.py::TestQubitMeasurement::test_measure_zero_always_collapses_to_zero PASSED [ 77%]
src/codomyrmex/tests/unit/quantum/test_quantum.py::TestQubitMeasurement::test_measure_one_always_collapses_to_one PASSED [ 77%]
src/codomyrmex/tests/unit/quantum/test_quantum.py::TestQubitMeasurement::test_measure_plus_collapses_state PASSED [ 77%]
src/codomyrmex/tests/unit/quantum/test_quantum.py::TestQubitMeasurement::test_measure_plus_is_idempotent_after_collapse PASSED [ 77%]
src/codomyrmex/tests/unit/quantum/test_quantum.py::TestQubitMeasurement::test_measure_plus_produces_both_outcomes PASSED [ 77%]
src/codomyrmex/tests/unit/quantum/test_quantum.py::TestCircuitGateOperations::test_h_adds_hadamard_gate PASSED [ 77%]
src/codomyrmex/tests/unit/quantum/test_quantum.py::TestCircuitGateOperations::test_x_adds_pauli_x_gate PASSED [ 77%]
src/codomyrmex/tests/unit/quantum/test_quantum.py::TestCircuitGateOperations::test_y_adds_pauli_y_gate PASSED [ 77%]
src/codomyrmex/tests/unit/quantum/test_quantum.py::TestCircuitGateOperations::test_z_adds_pauli_z_gate PASSED [ 77%]
src/codomyrmex/tests/unit/quantum/test_quantum.py::TestCircuitGateOperations::test_cnot_adds_cnot_gate_with_control PASSED [ 77%]
src/codomyrmex/tests/unit/quantum/test_quantum.py::TestCircuitGateOperations::test_cz_adds_cz_gate_with_control PASSED [ 77%]
src/codomyrmex/tests/unit/quantum/test_quantum.py::TestCircuitGateOperations::test_rx_adds_rotation_with_parameter PASSED [ 77%]
src/codomyrmex/tests/unit/quantum/test_quantum.py::TestCircuitGateOperations::test_ry_adds_rotation_with_parameter PASSED [ 77%]
src/codomyrmex/tests/unit/quantum/test_quantum.py::TestCircuitGateOperations::test_rz_adds_rotation_with_parameter PASSED [ 77%]
src/codomyrmex/tests/unit/quantum/test_quantum.py::TestCircuitGateOperations::test_measure_all_sets_measurements PASSED [ 77%]
src/codomyrmex/tests/unit/quantum/test_quantum.py::TestCircuitGateOperations::test_measure_single_qubit PASSED [ 77%]
src/codomyrmex/tests/unit/quantum/test_quantum.py::TestCircuitGateOperations::test_multiple_gates_accumulate PASSED [ 77%]
src/codomyrmex/tests/unit/quantum/test_quantum.py::TestCircuitFluentAPI::test_h_returns_self PASSED [ 77%]
src/codomyrmex/tests/unit/quantum/test_quantum.py::TestCircuitFluentAPI::test_x_returns_self PASSED [ 77%]
src/codomyrmex/tests/unit/quantum/test_quantum.py::TestCircuitFluentAPI::test_y_returns_self PASSED [ 77%]
src/codomyrmex/tests/unit/quantum/test_quantum.py::TestCircuitFluentAPI::test_z_returns_self PASSED [ 77%]
src/codomyrmex/tests/unit/quantum/test_quantum.py::TestCircuitFluentAPI::test_cnot_returns_self PASSED [ 77%]
src/codomyrmex/tests/unit/quantum/test_quantum.py::TestCircuitFluentAPI::test_cz_returns_self PASSED [ 77%]
src/codomyrmex/tests/unit/quantum/test_quantum.py::TestCircuitFluentAPI::test_rx_returns_self PASSED [ 77%]
src/codomyrmex/tests/unit/quantum/test_quantum.py::TestCircuitFluentAPI::test_ry_returns_self PASSED [ 77%]
src/codomyrmex/tests/unit/quantum/test_quantum.py::TestCircuitFluentAPI::test_rz_returns_self PASSED [ 77%]
src/codomyrmex/tests/unit/quantum/test_quantum.py::TestCircuitFluentAPI::test_measure_returns_self PASSED [ 77%]
src/codomyrmex/tests/unit/quantum/test_quantum.py::TestCircuitFluentAPI::test_measure_all_returns_self PASSED [ 77%]
src/codomyrmex/tests/unit/quantum/test_quantum.py::TestCircuitFluentAPI::test_full_chain PASSED [ 77%]
src/codomyrmex/tests/unit/quantum/test_quantum.py::TestSimulatorBellState::test_bell_state_only_00_and_11 PASSED [ 77%]
src/codomyrmex/tests/unit/quantum/test_quantum.py::TestSimulatorBellState::test_bell_state_both_outcomes_present PASSED [ 77%]
src/codomyrmex/tests/unit/quantum/test_quantum.py::TestSimulatorBellState::test_bell_state_no_anticorrelated_outcomes PASSED [ 77%]
src/codomyrmex/tests/unit/quantum/test_quantum.py::TestSimulatorBellState::test_bell_state_total_shots PASSED [ 77%]
src/codomyrmex/tests/unit/quantum/test_quantum.py::TestSimulatorXGate::test_x_gate_all_ones PASSED [ 77%]
src/codomyrmex/tests/unit/quantum/test_quantum.py::TestSimulatorXGate::test_x_gate_no_zeros PASSED [ 77%]
src/codomyrmex/tests/unit/quantum/test_quantum.py::TestSimulatorXGate::test_double_x_gate_returns_to_zero PASSED [ 77%]
src/codomyrmex/tests/unit/quantum/test_quantum.py::TestSimulatorGHZState::test_ghz_3_only_000_and_111 PASSED [ 77%]
src/codomyrmex/tests/unit/quantum/test_quantum.py::TestSimulatorGHZState::test_ghz_3_both_outcomes_present PASSED [ 77%]
src/codomyrmex/tests/unit/quantum/test_quantum.py::TestSimulatorGHZState::test_ghz_4_only_extreme_outcomes PASSED [ 77%]
src/codomyrmex/tests/unit/quantum/test_quantum.py::TestSimulatorHadamard::test_hadamard_produces_both_outcomes PASSED [ 77%]
src/codomyrmex/tests/unit/quantum/test_quantum.py::TestSimulatorHadamard::test_hadamard_roughly_balanced PASSED [ 77%]
src/codomyrmex/tests/unit/quantum/test_quantum.py::TestQFTGateCounts::test_qft_2_gate_count PASSED [ 77%]
src/codomyrmex/tests/unit/quantum/test_quantum.py::TestQFTGateCounts::test_qft_3_gate_count PASSED [ 77%]
src/codomyrmex/tests/unit/quantum/test_quantum.py::TestQFTGateCounts::test_qft_contains_hadamard_gates PASSED [ 77%]
src/codomyrmex/tests/unit/quantum/test_quantum.py::TestQFTGateCounts::test_qft_contains_rz_gates PASSED [ 77%]
src/codomyrmex/tests/unit/quantum/test_quantum.py::TestQFTGateCounts::test_qft_n_total_gate_formula PASSED [ 77%]
src/codomyrmex/tests/unit/quantum/test_quantum.py::TestCircuitToAscii::test_single_h_gate PASSED [ 77%]
src/codomyrmex/tests/unit/quantum/test_quantum.py::TestCircuitToAscii::test_bell_state_ascii PASSED [ 77%]
src/codomyrmex/tests/unit/quantum/test_quantum.py::TestCircuitToAscii::test_x_gate_renders PASSED [ 77%]
src/codomyrmex/tests/unit/quantum/test_quantum.py::TestCircuitToAscii::test_multi_qubit_lines PASSED [ 77%]
src/codomyrmex/tests/unit/quantum/test_quantum.py::TestCircuitToAscii::test_empty_circuit_no_crash PASSED [ 77%]
src/codomyrmex/tests/unit/quantum/test_quantum.py::TestCircuitToAscii::test_measurement_symbols PASSED [ 77%]
src/codomyrmex/tests/unit/quantum/test_quantum.py::TestCircuitToAscii::test_rotation_gate_symbol PASSED [ 77%]
src/codomyrmex/tests/unit/quantum/test_quantum.py::TestCircuitStats::test_bell_state_stats PASSED [ 77%]
src/codomyrmex/tests/unit/quantum/test_quantum.py::TestCircuitStats::test_bell_state_gate_counts PASSED [ 77%]
src/codomyrmex/tests/unit/quantum/test_quantum.py::TestCircuitStats::test_empty_circuit_stats PASSED [ 77%]
src/codomyrmex/tests/unit/quantum/test_quantum.py::TestCircuitStats::test_depth_single_qubit PASSED [ 77%]
src/codomyrmex/tests/unit/quantum/test_quantum.py::TestCircuitStats::test_depth_parallel_gates PASSED [ 77%]
src/codomyrmex/tests/unit/quantum/test_quantum.py::TestCircuitStats::test_ghz_3_stats PASSED [ 77%]
src/codomyrmex/tests/unit/quantum/test_quantum.py::TestCircuitStats::test_qft_3_stats PASSED [ 77%]
src/codomyrmex/tests/unit/quantum/test_quantum.py::TestCircuitStats::test_cnot_depth_counts_both_qubits PASSED [ 77%]
src/codomyrmex/tests/unit/quantum/test_quantum.py::TestCircuitStats::test_stats_returns_all_keys PASSED [ 77%]
src/codomyrmex/tests/unit/quantum/test_quantum.py::TestSwapGate::test_swap_adds_gate PASSED [ 77%]
src/codomyrmex/tests/unit/quantum/test_quantum.py::TestSwapGate::test_swap_returns_self PASSED [ 77%]
src/codomyrmex/tests/unit/quantum/test_quantum.py::TestSwapGate::test_swap_chaining PASSED [ 77%]
src/codomyrmex/tests/unit/quantum/test_quantum.py::TestSwapGate::test_swap_simulation PASSED [ 77%]
src/codomyrmex/tests/unit/quantum/test_quantum.py::TestSwapGate::test_swap_ascii PASSED [ 77%]
src/codomyrmex/tests/unit/rate_limiting/test_rate_limiting.py::TestRateLimitResult::test_create_result PASSED [ 77%]
src/codomyrmex/tests/unit/rate_limiting/test_rate_limiting.py::TestRateLimitResult::test_denied_result PASSED [ 77%]
src/codomyrmex/tests/unit/rate_limiting/test_rate_limiting.py::TestRateLimitResult::test_headers PASSED [ 77%]
src/codomyrmex/tests/unit/rate_limiting/test_rate_limiting.py::TestFixedWindowLimiter::test_create_limiter PASSED [ 77%]
src/codomyrmex/tests/unit/rate_limiting/test_rate_limiting.py::TestFixedWindowLimiter::test_allows_within_limit PASSED [ 77%]
src/codomyrmex/tests/unit/rate_limiting/test_rate_limiting.py::TestFixedWindowLimiter::test_denies_over_limit PASSED [ 77%]
src/codomyrmex/tests/unit/rate_limiting/test_rate_limiting.py::TestFixedWindowLimiter::test_separate_keys PASSED [ 77%]
src/codomyrmex/tests/unit/rate_limiting/test_rate_limiting.py::TestFixedWindowLimiter::test_remaining_count PASSED [ 77%]
src/codomyrmex/tests/unit/rate_limiting/test_rate_limiting.py::TestSlidingWindowLimiter::test_create_limiter PASSED [ 77%]
src/codomyrmex/tests/unit/rate_limiting/test_rate_limiting.py::TestSlidingWindowLimiter::test_allows_within_limit PASSED [ 77%]
src/codomyrmex/tests/unit/rate_limiting/test_rate_limiting.py::TestSlidingWindowLimiter::test_denies_over_limit PASSED [ 77%]
src/codomyrmex/tests/unit/rate_limiting/test_rate_limiting.py::TestTokenBucketLimiter::test_create_limiter PASSED [ 77%]
src/codomyrmex/tests/unit/rate_limiting/test_rate_limiting.py::TestTokenBucketLimiter::test_allows_within_capacity PASSED [ 77%]
src/codomyrmex/tests/unit/rate_limiting/test_rate_limiting.py::TestTokenBucketLimiter::test_denies_when_empty PASSED [ 77%]
src/codomyrmex/tests/unit/rate_limiting/test_rate_limiting.py::TestRateLimitExceeded::test_exception_is_raised PASSED [ 77%]
src/codomyrmex/tests/unit/rate_limiting/test_rate_limiting.py::TestRateLimitExceeded::test_exception_message PASSED [ 77%]
src/codomyrmex/tests/unit/rate_limiting/test_rate_limiting.py::TestQuotaManager::test_create_manager PASSED [ 77%]
src/codomyrmex/tests/unit/rate_limiting/test_rate_limiting.py::TestCreateLimiter::test_factory_creates_limiter PASSED [ 77%]
src/codomyrmex/tests/unit/rate_limiting/test_rate_limiting.py::TestCreateLimiter::test_factory_returns_correct_type PASSED [ 77%]
src/codomyrmex/tests/unit/rate_limiting/test_rate_limiting_distributed.py::TestRedisRateLimiterLocalFallback::test_create_without_redis PASSED [ 77%]
src/codomyrmex/tests/unit/rate_limiting/test_rate_limiting_distributed.py::TestRedisRateLimiterLocalFallback::test_check_within_limit PASSED [ 77%]
src/codomyrmex/tests/unit/rate_limiting/test_rate_limiting_distributed.py::TestRedisRateLimiterLocalFallback::test_acquire_within_limit PASSED [ 77%]
src/codomyrmex/tests/unit/rate_limiting/test_rate_limiting_distributed.py::TestRedisRateLimiterLocalFallback::test_acquire_multiple PASSED [ 77%]
src/codomyrmex/tests/unit/rate_limiting/test_rate_limiting_distributed.py::TestRedisRateLimiterLocalFallback::test_acquire_exceeds_limit PASSED [ 77%]
src/codomyrmex/tests/unit/rate_limiting/test_rate_limiting_distributed.py::TestRedisRateLimiterLocalFallback::test_reset_clears_count PASSED [ 77%]
src/codomyrmex/tests/unit/rate_limiting/test_rate_limiting_distributed.py::TestRedisRateLimiterLocalFallback::test_different_keys_independent PASSED [ 78%]
src/codomyrmex/tests/unit/rate_limiting/test_rate_limiting_distributed.py::TestRedisRateLimiterLocalFallback::test_custom_key_prefix PASSED [ 78%]
src/codomyrmex/tests/unit/rate_limiting/test_rate_limiting_distributed.py::TestRedisRateLimiterLocalFallback::test_acquire_with_cost PASSED [ 78%]
src/codomyrmex/tests/unit/rate_limiting/test_rate_limiting_distributed.py::TestRedisRateLimiterLocalFallback::test_check_with_cost PASSED [ 78%]
src/codomyrmex/tests/unit/rate_limiting/test_rate_limiting_distributed.py::TestLeakyBucketLimiter::test_create PASSED [ 78%]
src/codomyrmex/tests/unit/rate_limiting/test_rate_limiting_distributed.py::TestLeakyBucketLimiter::test_check_empty_bucket PASSED [ 78%]
src/codomyrmex/tests/unit/rate_limiting/test_rate_limiting_distributed.py::TestLeakyBucketLimiter::test_acquire_fills_bucket PASSED [ 78%]
src/codomyrmex/tests/unit/rate_limiting/test_rate_limiting_distributed.py::TestLeakyBucketLimiter::test_acquire_until_full PASSED [ 78%]
src/codomyrmex/tests/unit/rate_limiting/test_rate_limiting_distributed.py::TestLeakyBucketLimiter::test_bucket_leaks_over_time PASSED [ 78%]
src/codomyrmex/tests/unit/rate_limiting/test_rate_limiting_distributed.py::TestLeakyBucketLimiter::test_reset_empties_bucket PASSED [ 78%]
src/codomyrmex/tests/unit/rate_limiting/test_rate_limiting_distributed.py::TestLeakyBucketLimiter::test_rate_limit_exceeded_has_retry_after PASSED [ 78%]
src/codomyrmex/tests/unit/rate_limiting/test_rate_limiting_distributed.py::TestLeakyBucketLimiter::test_acquire_with_cost PASSED [ 78%]
src/codomyrmex/tests/unit/rate_limiting/test_rate_limiting_distributed.py::TestLeakyBucketLimiter::test_different_keys_independent PASSED [ 78%]
src/codomyrmex/tests/unit/rate_limiting/test_rate_limiting_distributed.py::TestAdaptiveRateLimiter::test_create PASSED [ 78%]
src/codomyrmex/tests/unit/rate_limiting/test_rate_limiting_distributed.py::TestAdaptiveRateLimiter::test_normal_load_uses_base_limit PASSED [ 78%]
src/codomyrmex/tests/unit/rate_limiting/test_rate_limiting_distributed.py::TestAdaptiveRateLimiter::test_high_load_reduces_limit PASSED [ 78%]
src/codomyrmex/tests/unit/rate_limiting/test_rate_limiting_distributed.py::TestAdaptiveRateLimiter::test_max_load_uses_min_ratio PASSED [ 78%]
src/codomyrmex/tests/unit/rate_limiting/test_rate_limiting_distributed.py::TestAdaptiveRateLimiter::test_set_load_clamps_to_range PASSED [ 78%]
src/codomyrmex/tests/unit/rate_limiting/test_rate_limiting_distributed.py::TestAdaptiveRateLimiter::test_acquire_within_limit PASSED [ 78%]
src/codomyrmex/tests/unit/rate_limiting/test_rate_limiting_distributed.py::TestAdaptiveRateLimiter::test_acquire_exceeds_limit PASSED [ 78%]
src/codomyrmex/tests/unit/rate_limiting/test_rate_limiting_distributed.py::TestAdaptiveRateLimiter::test_reset_clears_requests PASSED [ 78%]
src/codomyrmex/tests/unit/rate_limiting/test_rate_limiting_distributed.py::TestAdaptiveRateLimiter::test_acquire_with_cost PASSED [ 78%]
src/codomyrmex/tests/unit/rate_limiting/test_rate_limiting_distributed.py::TestAdaptiveRateLimiter::test_check_reflects_current_count PASSED [ 78%]
src/codomyrmex/tests/unit/rate_limiting/test_rate_limiting_distributed.py::TestAdaptiveRateLimiter::test_load_below_threshold_full_limit PASSED [ 78%]
src/codomyrmex/tests/unit/rate_limiting/test_rate_limiting_distributed.py::TestAdaptiveRateLimiter::test_different_keys_independent PASSED [ 78%]
src/codomyrmex/tests/unit/relations/test_relations.py::test_module_import PASSED [ 78%]
src/codomyrmex/tests/unit/relations/test_relations.py::test_interaction_creation_defaults PASSED [ 78%]
src/codomyrmex/tests/unit/relations/test_relations.py::test_interaction_custom_fields PASSED [ 78%]
src/codomyrmex/tests/unit/relations/test_relations.py::test_interaction_ids_are_unique PASSED [ 78%]
src/codomyrmex/tests/unit/relations/test_relations.py::test_interaction_timestamp_is_string PASSED [ 78%]
src/codomyrmex/tests/unit/relations/test_relations.py::test_contact_creation_defaults PASSED [ 78%]
src/codomyrmex/tests/unit/relations/test_relations.py::test_contact_with_fields PASSED [ 78%]
src/codomyrmex/tests/unit/relations/test_relations.py::test_contact_ids_are_unique PASSED [ 78%]
src/codomyrmex/tests/unit/relations/test_relations.py::test_contact_to_dict PASSED [ 78%]
src/codomyrmex/tests/unit/relations/test_relations.py::test_contact_to_dict_with_interactions PASSED [ 78%]
src/codomyrmex/tests/unit/relations/test_relations.py::test_contact_manager_add_contact PASSED [ 78%]
src/codomyrmex/tests/unit/relations/test_relations.py::test_contact_manager_add_contact_with_tags PASSED [ 78%]
src/codomyrmex/tests/unit/relations/test_relations.py::test_contact_manager_add_contact_with_metadata PASSED [ 78%]
src/codomyrmex/tests/unit/relations/test_relations.py::test_contact_manager_get_contact_found PASSED [ 78%]
src/codomyrmex/tests/unit/relations/test_relations.py::test_contact_manager_get_contact_not_found PASSED [ 78%]
src/codomyrmex/tests/unit/relations/test_relations.py::test_contact_manager_all_contacts PASSED [ 78%]
src/codomyrmex/tests/unit/relations/test_relations.py::test_contact_manager_len PASSED [ 78%]
src/codomyrmex/tests/unit/relations/test_relations.py::test_contact_manager_remove_contact PASSED [ 78%]
src/codomyrmex/tests/unit/relations/test_relations.py::test_contact_manager_remove_nonexistent PASSED [ 78%]
src/codomyrmex/tests/unit/relations/test_relations.py::test_contact_manager_search_by_name PASSED [ 78%]
src/codomyrmex/tests/unit/relations/test_relations.py::test_contact_manager_search_by_email PASSED [ 78%]
src/codomyrmex/tests/unit/relations/test_relations.py::test_contact_manager_search_by_tag PASSED [ 78%]
src/codomyrmex/tests/unit/relations/test_relations.py::test_contact_manager_search_case_insensitive PASSED [ 78%]
src/codomyrmex/tests/unit/relations/test_relations.py::test_contact_manager_search_partial_match PASSED [ 78%]
src/codomyrmex/tests/unit/relations/test_relations.py::test_contact_manager_search_no_results PASSED [ 78%]
src/codomyrmex/tests/unit/relations/test_relations.py::test_contact_manager_search_multiple_results PASSED [ 78%]
src/codomyrmex/tests/unit/relations/test_relations.py::test_contact_manager_tag_contact PASSED [ 78%]
src/codomyrmex/tests/unit/relations/test_relations.py::test_contact_manager_tag_contact_no_duplicates PASSED [ 78%]
src/codomyrmex/tests/unit/relations/test_relations.py::test_contact_manager_tag_nonexistent PASSED [ 78%]
src/codomyrmex/tests/unit/relations/test_relations.py::test_contact_manager_get_contacts_by_tag PASSED [ 78%]
src/codomyrmex/tests/unit/relations/test_relations.py::test_contact_manager_get_contacts_by_tag_empty PASSED [ 78%]
src/codomyrmex/tests/unit/relations/test_relations.py::test_contact_manager_add_interaction PASSED [ 78%]
src/codomyrmex/tests/unit/relations/test_relations.py::test_contact_manager_add_interaction_nonexistent PASSED [ 78%]
src/codomyrmex/tests/unit/relations/test_relations.py::test_contact_manager_get_interaction_history PASSED [ 78%]
src/codomyrmex/tests/unit/relations/test_relations.py::test_contact_manager_get_interaction_history_nonexistent PASSED [ 78%]
src/codomyrmex/tests/unit/relations/test_relations.py::test_contact_manager_interaction_history_order PASSED [ 78%]
src/codomyrmex/tests/unit/relations/test_uor.py::test_uor_module_import PASSED [ 78%]
src/codomyrmex/tests/unit/relations/test_uor.py::test_uor_parent_reexports PASSED [ 78%]
src/codomyrmex/tests/unit/relations/test_uor.py::test_engine_construction_default PASSED [ 78%]
src/codomyrmex/tests/unit/relations/test_uor.py::test_engine_construction_q1 PASSED [ 78%]
src/codomyrmex/tests/unit/relations/test_uor.py::test_engine_negative_quantum_raises PASSED [ 78%]
src/codomyrmex/tests/unit/relations/test_uor.py::test_engine_repr PASSED [ 78%]
src/codomyrmex/tests/unit/relations/test_uor.py::test_engine_triad_zero PASSED [ 78%]
src/codomyrmex/tests/unit/relations/test_uor.py::test_engine_triad_42 PASSED [ 78%]
src/codomyrmex/tests/unit/relations/test_uor.py::test_engine_triad_255 PASSED [ 78%]
src/codomyrmex/tests/unit/relations/test_uor.py::test_triadic_coordinate_width PASSED [ 78%]
src/codomyrmex/tests/unit/relations/test_uor.py::test_triadic_coordinate_frozen PASSED [ 78%]
src/codomyrmex/tests/unit/relations/test_uor.py::test_engine_neg_involution PASSED [ 78%]
src/codomyrmex/tests/unit/relations/test_uor.py::test_engine_bnot_involution PASSED [ 78%]
src/codomyrmex/tests/unit/relations/test_uor.py::test_engine_xor_self_annihilation PASSED [ 78%]
src/codomyrmex/tests/unit/relations/test_uor.py::test_engine_xor_complement PASSED [ 78%]
src/codomyrmex/tests/unit/relations/test_uor.py::test_engine_band PASSED [ 78%]
src/codomyrmex/tests/unit/relations/test_uor.py::test_engine_bor PASSED  [ 78%]
src/codomyrmex/tests/unit/relations/test_uor.py::test_engine_critical_identity PASSED [ 78%]
src/codomyrmex/tests/unit/relations/test_uor.py::test_engine_succ PASSED [ 78%]
src/codomyrmex/tests/unit/relations/test_uor.py::test_engine_pred PASSED [ 78%]
src/codomyrmex/tests/unit/relations/test_uor.py::test_engine_succ_overflow PASSED [ 78%]
src/codomyrmex/tests/unit/relations/test_uor.py::test_engine_pred_underflow PASSED [ 78%]
src/codomyrmex/tests/unit/relations/test_uor.py::test_engine_succ_pred_roundtrip PASSED [ 78%]
src/codomyrmex/tests/unit/relations/test_uor.py::test_engine_correlate_identical PASSED [ 78%]
src/codomyrmex/tests/unit/relations/test_uor.py::test_engine_correlate_opposite PASSED [ 78%]
src/codomyrmex/tests/unit/relations/test_uor.py::test_engine_correlate_42_43 PASSED [ 78%]
src/codomyrmex/tests/unit/relations/test_uor.py::test_engine_fidelity_shorthand PASSED [ 78%]
src/codomyrmex/tests/unit/relations/test_uor.py::test_engine_verify_q0 PASSED [ 78%]
src/codomyrmex/tests/unit/relations/test_uor.py::test_engine_verify_q1 PASSED [ 78%]
src/codomyrmex/tests/unit/relations/test_uor.py::test_engine_tuple_input PASSED [ 78%]
src/codomyrmex/tests/unit/relations/test_uor.py::test_engine_invalid_tuple_length PASSED [ 78%]
src/codomyrmex/tests/unit/relations/test_uor.py::test_entity_creation_defaults PASSED [ 78%]
src/codomyrmex/tests/unit/relations/test_uor.py::test_entity_unique_ids PASSED [ 78%]
src/codomyrmex/tests/unit/relations/test_uor.py::test_entity_content_hash_deterministic PASSED [ 78%]
src/codomyrmex/tests/unit/relations/test_uor.py::test_entity_content_hash_varies PASSED [ 78%]
src/codomyrmex/tests/unit/relations/test_uor.py::test_entity_to_dict PASSED [ 78%]
src/codomyrmex/tests/unit/relations/test_uor.py::test_entity_to_dict_with_coordinates PASSED [ 78%]
src/codomyrmex/tests/unit/relations/test_uor.py::test_entity_recompute_hash PASSED [ 78%]
src/codomyrmex/tests/unit/relations/test_uor.py::test_relationship_creation PASSED [ 79%]
src/codomyrmex/tests/unit/relations/test_uor.py::test_relationship_hash_deterministic PASSED [ 79%]
src/codomyrmex/tests/unit/relations/test_uor.py::test_relationship_to_dict PASSED [ 79%]
src/codomyrmex/tests/unit/relations/test_uor.py::test_manager_add_entity PASSED [ 79%]
src/codomyrmex/tests/unit/relations/test_uor.py::test_manager_add_entity_with_attributes PASSED [ 79%]
src/codomyrmex/tests/unit/relations/test_uor.py::test_manager_add_entity_with_coordinates PASSED [ 79%]
src/codomyrmex/tests/unit/relations/test_uor.py::test_manager_add_entity_no_coordinates PASSED [ 79%]
src/codomyrmex/tests/unit/relations/test_uor.py::test_manager_get_entity PASSED [ 79%]
src/codomyrmex/tests/unit/relations/test_uor.py::test_manager_get_entity_not_found PASSED [ 79%]
src/codomyrmex/tests/unit/relations/test_uor.py::test_manager_remove_entity PASSED [ 79%]
src/codomyrmex/tests/unit/relations/test_uor.py::test_manager_remove_nonexistent PASSED [ 79%]
src/codomyrmex/tests/unit/relations/test_uor.py::test_manager_all_entities PASSED [ 79%]
src/codomyrmex/tests/unit/relations/test_uor.py::test_manager_search_by_name PASSED [ 79%]
src/codomyrmex/tests/unit/relations/test_uor.py::test_manager_search_by_type PASSED [ 79%]
src/codomyrmex/tests/unit/relations/test_uor.py::test_manager_search_by_attribute_value PASSED [ 79%]
src/codomyrmex/tests/unit/relations/test_uor.py::test_manager_search_with_type_filter PASSED [ 79%]
src/codomyrmex/tests/unit/relations/test_uor.py::test_manager_search_no_results PASSED [ 79%]
src/codomyrmex/tests/unit/relations/test_uor.py::test_manager_find_similar PASSED [ 79%]
src/codomyrmex/tests/unit/relations/test_uor.py::test_manager_find_similar_not_found PASSED [ 79%]
src/codomyrmex/tests/unit/relations/test_uor.py::test_manager_find_similar_sorted PASSED [ 79%]
src/codomyrmex/tests/unit/relations/test_uor.py::test_manager_find_duplicates PASSED [ 79%]
src/codomyrmex/tests/unit/relations/test_uor.py::test_manager_find_duplicates_none PASSED [ 79%]
src/codomyrmex/tests/unit/relations/test_uor.py::test_graph_add_entity PASSED [ 79%]
src/codomyrmex/tests/unit/relations/test_uor.py::test_graph_get_entity PASSED [ 79%]
src/codomyrmex/tests/unit/relations/test_uor.py::test_graph_repr PASSED  [ 79%]
src/codomyrmex/tests/unit/relations/test_uor.py::test_graph_add_relationship PASSED [ 79%]
src/codomyrmex/tests/unit/relations/test_uor.py::test_graph_add_relationship_missing_entity PASSED [ 79%]
src/codomyrmex/tests/unit/relations/test_uor.py::test_graph_get_relationships PASSED [ 79%]
src/codomyrmex/tests/unit/relations/test_uor.py::test_graph_get_relationships_by_type PASSED [ 79%]
src/codomyrmex/tests/unit/relations/test_uor.py::test_graph_remove_relationship PASSED [ 79%]
src/codomyrmex/tests/unit/relations/test_uor.py::test_graph_remove_entity_cascades PASSED [ 79%]
src/codomyrmex/tests/unit/relations/test_uor.py::test_graph_get_neighbors PASSED [ 79%]
src/codomyrmex/tests/unit/relations/test_uor.py::test_graph_find_path_direct PASSED [ 79%]
src/codomyrmex/tests/unit/relations/test_uor.py::test_graph_find_path_transitive PASSED [ 79%]
src/codomyrmex/tests/unit/relations/test_uor.py::test_graph_find_path_no_connection PASSED [ 79%]
src/codomyrmex/tests/unit/relations/test_uor.py::test_graph_find_path_same_entity PASSED [ 79%]
src/codomyrmex/tests/unit/relations/test_uor.py::test_graph_find_path_missing_entity PASSED [ 79%]
src/codomyrmex/tests/unit/relations/test_uor.py::test_derivation_record_id PASSED [ 79%]
src/codomyrmex/tests/unit/relations/test_uor.py::test_derivation_record_deterministic PASSED [ 79%]
src/codomyrmex/tests/unit/relations/test_uor.py::test_derivation_tracker_record PASSED [ 79%]
src/codomyrmex/tests/unit/relations/test_uor.py::test_derivation_tracker_get_history PASSED [ 79%]
src/codomyrmex/tests/unit/relations/test_uor.py::test_derivation_tracker_verify_chain PASSED [ 79%]
src/codomyrmex/tests/unit/relations/test_uor.py::test_derivation_tracker_verify_empty PASSED [ 79%]
src/codomyrmex/tests/unit/relations/test_uor.py::test_derivation_tracker_all_records PASSED [ 79%]
src/codomyrmex/tests/unit/relations/test_uor.py::test_engine_equality PASSED [ 79%]
src/codomyrmex/tests/unit/relations/test_uor.py::test_engine_hash PASSED [ 79%]
src/codomyrmex/tests/unit/relations/test_uor.py::test_engine_equality_non_engine PASSED [ 79%]
src/codomyrmex/tests/unit/relations/test_uor.py::test_engine_neg_validates_tuple PASSED [ 79%]
src/codomyrmex/tests/unit/relations/test_uor.py::test_engine_neg_validates_byte_range PASSED [ 79%]
src/codomyrmex/tests/unit/relations/test_uor.py::test_engine_q1_multi_byte PASSED [ 79%]
src/codomyrmex/tests/unit/relations/test_uor.py::test_engine_correlate_return_keys PASSED [ 79%]
src/codomyrmex/tests/unit/relations/test_uor.py::test_engine_correlate_symmetry PASSED [ 79%]
src/codomyrmex/tests/unit/relations/test_uor.py::test_engine_verify_sets_coherent PASSED [ 79%]
src/codomyrmex/tests/unit/relations/test_uor.py::test_entity_to_dict_without_coordinates PASSED [ 79%]
src/codomyrmex/tests/unit/relations/test_uor.py::test_manager_repr PASSED [ 79%]
src/codomyrmex/tests/unit/relations/test_uor.py::test_manager_engine_property PASSED [ 79%]
src/codomyrmex/tests/unit/relations/test_uor.py::test_manager_find_similar_no_coords PASSED [ 79%]
src/codomyrmex/tests/unit/relations/test_uor.py::test_manager_find_similar_skips_no_coords PASSED [ 79%]
src/codomyrmex/tests/unit/relations/test_uor.py::test_graph_len PASSED   [ 79%]
src/codomyrmex/tests/unit/relations/test_uor.py::test_graph_to_dict PASSED [ 79%]
src/codomyrmex/tests/unit/relations/test_uor.py::test_graph_get_relationship_by_id PASSED [ 79%]
src/codomyrmex/tests/unit/relations/test_uor.py::test_graph_get_relationship_not_found PASSED [ 79%]
src/codomyrmex/tests/unit/relations/test_uor.py::test_graph_remove_nonexistent_relationship PASSED [ 79%]
src/codomyrmex/tests/unit/relations/test_uor.py::test_graph_remove_nonexistent_entity PASSED [ 79%]
src/codomyrmex/tests/unit/relations/test_uor.py::test_graph_all_relationships PASSED [ 79%]
src/codomyrmex/tests/unit/relations/test_uor.py::test_graph_bidirectional_neighbors PASSED [ 79%]
src/codomyrmex/tests/unit/relations/test_uor.py::test_derivation_record_frozen PASSED [ 79%]
src/codomyrmex/tests/unit/relations/test_uor.py::test_derivation_compute_id_static PASSED [ 79%]
src/codomyrmex/tests/unit/relations/test_uor.py::test_manager_search_matches_name_and_type_once PASSED [ 79%]
src/codomyrmex/tests/unit/relations/test_uor.py::test_engine_q1_critical_identity PASSED [ 79%]
src/codomyrmex/tests/unit/release/test_release_cert.py::TestReleaseValidator::test_full_certification_pass PASSED [ 79%]
src/codomyrmex/tests/unit/release/test_release_cert.py::TestReleaseValidator::test_certification_fail_on_tests PASSED [ 79%]
src/codomyrmex/tests/unit/release/test_release_cert.py::TestReleaseValidator::test_certification_fail_on_coverage PASSED [ 79%]
src/codomyrmex/tests/unit/release/test_release_cert.py::TestReleaseValidator::test_markdown_output PASSED [ 79%]
src/codomyrmex/tests/unit/release/test_release_cert.py::TestPackageBuilder::test_valid_build PASSED [ 79%]
src/codomyrmex/tests/unit/release/test_release_cert.py::TestPackageBuilder::test_checksums PASSED [ 79%]
src/codomyrmex/tests/unit/release/test_release_cert.py::TestPackageBuilder::test_invalid_metadata PASSED [ 79%]
src/codomyrmex/tests/unit/release/test_release_cert.py::TestPackageBuilder::test_artifact_filenames PASSED [ 79%]
src/codomyrmex/tests/unit/release/test_release_cert.py::TestDistributionManager::test_preflight_pass PASSED [ 79%]
src/codomyrmex/tests/unit/release/test_release_cert.py::TestDistributionManager::test_preflight_fail_no_build PASSED [ 79%]
src/codomyrmex/tests/unit/release/test_release_cert.py::TestDistributionManager::test_publish_pypi PASSED [ 79%]
src/codomyrmex/tests/unit/release/test_release_cert.py::TestDistributionManager::test_publish_github PASSED [ 79%]
src/codomyrmex/tests/unit/scheduler/test_scheduler.py::TestJobStatus::test_pending_status PASSED [ 79%]
src/codomyrmex/tests/unit/scheduler/test_scheduler.py::TestJobStatus::test_running_status PASSED [ 79%]
src/codomyrmex/tests/unit/scheduler/test_scheduler.py::TestJobStatus::test_completed_status PASSED [ 79%]
src/codomyrmex/tests/unit/scheduler/test_scheduler.py::TestTriggerType::test_once_type PASSED [ 79%]
src/codomyrmex/tests/unit/scheduler/test_scheduler.py::TestTriggerType::test_interval_type PASSED [ 79%]
src/codomyrmex/tests/unit/scheduler/test_scheduler.py::TestTriggerType::test_cron_type PASSED [ 79%]
src/codomyrmex/tests/unit/scheduler/test_scheduler.py::TestOnceTrigger::test_create_trigger PASSED [ 79%]
src/codomyrmex/tests/unit/scheduler/test_scheduler.py::TestOnceTrigger::test_get_next_run PASSED [ 79%]
src/codomyrmex/tests/unit/scheduler/test_scheduler.py::TestOnceTrigger::test_get_type PASSED [ 79%]
src/codomyrmex/tests/unit/scheduler/test_scheduler.py::TestIntervalTrigger::test_create_trigger PASSED [ 79%]
src/codomyrmex/tests/unit/scheduler/test_scheduler.py::TestIntervalTrigger::test_get_next_run PASSED [ 79%]
src/codomyrmex/tests/unit/scheduler/test_scheduler.py::TestIntervalTrigger::test_interval_seconds PASSED [ 79%]
src/codomyrmex/tests/unit/scheduler/test_scheduler.py::TestCronTrigger::test_create_trigger PASSED [ 79%]
src/codomyrmex/tests/unit/scheduler/test_scheduler.py::TestCronTrigger::test_from_expression PASSED [ 79%]
src/codomyrmex/tests/unit/scheduler/test_scheduler.py::TestJob::test_create_job PASSED [ 79%]
src/codomyrmex/tests/unit/scheduler/test_scheduler.py::TestJob::test_job_status_default PASSED [ 79%]
src/codomyrmex/tests/unit/scheduler/test_scheduler.py::TestScheduler::test_create_scheduler PASSED [ 79%]
src/codomyrmex/tests/unit/scheduler/test_scheduler.py::TestScheduler::test_schedule_job PASSED [ 80%]
src/codomyrmex/tests/unit/scheduler/test_scheduler.py::TestScheduler::test_get_job PASSED [ 80%]
src/codomyrmex/tests/unit/scheduler/test_scheduler.py::TestScheduler::test_cancel_job PASSED [ 80%]
src/codomyrmex/tests/unit/scheduler/test_scheduler.py::TestConvenienceFunctions::test_every_creates_trigger PASSED [ 80%]
src/codomyrmex/tests/unit/scheduler/test_scheduler.py::TestConvenienceFunctions::test_cron_creates_trigger PASSED [ 80%]
src/codomyrmex/tests/unit/scheduler/test_scheduler_advanced.py::TestDependencyScheduler::test_create PASSED [ 80%]
src/codomyrmex/tests/unit/scheduler/test_scheduler_advanced.py::TestDependencyScheduler::test_add_dependency PASSED [ 80%]
src/codomyrmex/tests/unit/scheduler/test_scheduler_advanced.py::TestDependencyScheduler::test_check_dependencies_no_deps PASSED [ 80%]
src/codomyrmex/tests/unit/scheduler/test_scheduler_advanced.py::TestDependencyScheduler::test_check_dependencies_waiting PASSED [ 80%]
src/codomyrmex/tests/unit/scheduler/test_scheduler_advanced.py::TestDependencyScheduler::test_check_dependencies_satisfied PASSED [ 80%]
src/codomyrmex/tests/unit/scheduler/test_scheduler_advanced.py::TestDependencyScheduler::test_check_dependencies_blocked PASSED [ 80%]
src/codomyrmex/tests/unit/scheduler/test_scheduler_advanced.py::TestDependencyScheduler::test_on_job_complete_success PASSED [ 80%]
src/codomyrmex/tests/unit/scheduler/test_scheduler_advanced.py::TestDependencyScheduler::test_on_job_complete_failure PASSED [ 80%]
src/codomyrmex/tests/unit/scheduler/test_scheduler_advanced.py::TestDependencyScheduler::test_schedule_with_deps PASSED [ 80%]
src/codomyrmex/tests/unit/scheduler/test_scheduler_advanced.py::TestDependencyScheduler::test_schedule_with_deps_no_deps PASSED [ 80%]
src/codomyrmex/tests/unit/scheduler/test_scheduler_advanced.py::TestDependencyScheduler::test_inherits_scheduler PASSED [ 80%]
src/codomyrmex/tests/unit/scheduler/test_scheduler_advanced.py::TestPersistentScheduler::test_create_without_path PASSED [ 80%]
src/codomyrmex/tests/unit/scheduler/test_scheduler_advanced.py::TestPersistentScheduler::test_create_with_path PASSED [ 80%]
src/codomyrmex/tests/unit/scheduler/test_scheduler_advanced.py::TestPersistentScheduler::test_register_function PASSED [ 80%]
src/codomyrmex/tests/unit/scheduler/test_scheduler_advanced.py::TestPersistentScheduler::test_schedule_with_function_name PASSED [ 80%]
src/codomyrmex/tests/unit/scheduler/test_scheduler_advanced.py::TestPersistentScheduler::test_schedule_without_function_name PASSED [ 80%]
src/codomyrmex/tests/unit/scheduler/test_scheduler_advanced.py::TestPersistentScheduler::test_save_state PASSED [ 80%]
src/codomyrmex/tests/unit/scheduler/test_scheduler_advanced.py::TestPersistentScheduler::test_stop_saves_state PASSED [ 80%]
src/codomyrmex/tests/unit/scheduler/test_scheduler_advanced.py::TestPersistentScheduler::test_load_state_missing_file PASSED [ 80%]
src/codomyrmex/tests/unit/scheduler/test_scheduler_advanced.py::TestPersistentScheduler::test_inherits_scheduler PASSED [ 80%]
src/codomyrmex/tests/unit/scheduler/test_scheduler_advanced.py::TestJobPipeline::test_create PASSED [ 80%]
src/codomyrmex/tests/unit/scheduler/test_scheduler_advanced.py::TestJobPipeline::test_add_stage PASSED [ 80%]
src/codomyrmex/tests/unit/scheduler/test_scheduler_advanced.py::TestJobPipeline::test_add_multiple_stages PASSED [ 80%]
src/codomyrmex/tests/unit/scheduler/test_scheduler_advanced.py::TestScheduledRecurrence::test_create_defaults PASSED [ 80%]
src/codomyrmex/tests/unit/scheduler/test_scheduler_advanced.py::TestScheduledRecurrence::test_create_custom PASSED [ 80%]
src/codomyrmex/tests/unit/scheduler/test_scheduler_advanced.py::TestCronHelpers::test_parse_cron_valid PASSED [ 80%]
src/codomyrmex/tests/unit/scheduler/test_scheduler_advanced.py::TestCronHelpers::test_parse_cron_all_fields PASSED [ 80%]
src/codomyrmex/tests/unit/scheduler/test_scheduler_advanced.py::TestCronHelpers::test_parse_cron_invalid PASSED [ 80%]
src/codomyrmex/tests/unit/scheduler/test_scheduler_advanced.py::TestCronHelpers::test_describe_every_minute PASSED [ 80%]
src/codomyrmex/tests/unit/scheduler/test_scheduler_advanced.py::TestCronHelpers::test_describe_every_hour PASSED [ 80%]
src/codomyrmex/tests/unit/scheduler/test_scheduler_advanced.py::TestCronHelpers::test_describe_daily_midnight PASSED [ 80%]
src/codomyrmex/tests/unit/scheduler/test_scheduler_advanced.py::TestCronHelpers::test_describe_weekly_sunday PASSED [ 80%]
src/codomyrmex/tests/unit/scheduler/test_scheduler_advanced.py::TestCronHelpers::test_describe_monthly PASSED [ 80%]
src/codomyrmex/tests/unit/scheduler/test_scheduler_advanced.py::TestCronHelpers::test_describe_custom PASSED [ 80%]
src/codomyrmex/tests/unit/schemas/test_schemas.py::TestSchemasModuleImport::test_schemas_module_import PASSED [ 80%]
src/codomyrmex/tests/unit/schemas/test_schemas.py::TestSchemasModuleImport::test_schemas_version PASSED [ 80%]
src/codomyrmex/tests/unit/schemas/test_schemas.py::TestSchemasModuleImport::test_all_27_exports_importable PASSED [ 80%]
src/codomyrmex/tests/unit/schemas/test_schemas.py::TestSchemasModuleImport::test_all_list_length PASSED [ 80%]
src/codomyrmex/tests/unit/schemas/test_schemas.py::TestResultStatusEnum::test_values PASSED [ 80%]
src/codomyrmex/tests/unit/schemas/test_schemas.py::TestResultStatusEnum::test_member_count PASSED [ 80%]
src/codomyrmex/tests/unit/schemas/test_schemas.py::TestTaskStatusEnum::test_values PASSED [ 80%]
src/codomyrmex/tests/unit/schemas/test_schemas.py::TestTaskStatusEnum::test_member_count PASSED [ 80%]
src/codomyrmex/tests/unit/schemas/test_schemas.py::TestResult::test_construction_with_defaults PASSED [ 80%]
src/codomyrmex/tests/unit/schemas/test_schemas.py::TestResult::test_construction_with_all_fields PASSED [ 80%]
src/codomyrmex/tests/unit/schemas/test_schemas.py::TestResult::test_ok_property_true_for_success PASSED [ 80%]
src/codomyrmex/tests/unit/schemas/test_schemas.py::TestResult::test_ok_property_false_for_failure PASSED [ 80%]
src/codomyrmex/tests/unit/schemas/test_schemas.py::TestResult::test_ok_property_false_for_partial PASSED [ 80%]
src/codomyrmex/tests/unit/schemas/test_schemas.py::TestResult::test_ok_property_false_for_timeout PASSED [ 80%]
src/codomyrmex/tests/unit/schemas/test_schemas.py::TestResult::test_to_dict PASSED [ 80%]
src/codomyrmex/tests/unit/schemas/test_schemas.py::TestResult::test_to_dict_returns_plain_dict PASSED [ 80%]
src/codomyrmex/tests/unit/schemas/test_schemas.py::TestTask::test_construction_with_defaults PASSED [ 80%]
src/codomyrmex/tests/unit/schemas/test_schemas.py::TestTask::test_construction_with_all_fields PASSED [ 80%]
src/codomyrmex/tests/unit/schemas/test_schemas.py::TestTask::test_to_dict PASSED [ 80%]
src/codomyrmex/tests/unit/schemas/test_schemas.py::TestConfig::test_construction_with_defaults PASSED [ 80%]
src/codomyrmex/tests/unit/schemas/test_schemas.py::TestConfig::test_get_returns_value PASSED [ 80%]
src/codomyrmex/tests/unit/schemas/test_schemas.py::TestConfig::test_get_returns_default_for_missing_key PASSED [ 80%]
src/codomyrmex/tests/unit/schemas/test_schemas.py::TestConfig::test_get_returns_none_for_missing_key_no_default PASSED [ 80%]
src/codomyrmex/tests/unit/schemas/test_schemas.py::TestConfig::test_set_adds_new_key PASSED [ 80%]
src/codomyrmex/tests/unit/schemas/test_schemas.py::TestConfig::test_set_overwrites_existing_key PASSED [ 80%]
src/codomyrmex/tests/unit/schemas/test_schemas.py::TestModuleInfo::test_construction_with_defaults PASSED [ 80%]
src/codomyrmex/tests/unit/schemas/test_schemas.py::TestModuleInfo::test_construction_with_all_fields PASSED [ 80%]
src/codomyrmex/tests/unit/schemas/test_schemas.py::TestToolDefinition::test_construction_with_defaults PASSED [ 80%]
src/codomyrmex/tests/unit/schemas/test_schemas.py::TestNotification::test_construction_with_defaults PASSED [ 80%]
src/codomyrmex/tests/unit/schemas/test_schemas.py::TestCodeEntityTypeEnum::test_values PASSED [ 80%]
src/codomyrmex/tests/unit/schemas/test_schemas.py::TestCodeEntityTypeEnum::test_member_count PASSED [ 80%]
src/codomyrmex/tests/unit/schemas/test_schemas.py::TestAnalysisSeverityEnum::test_values PASSED [ 80%]
src/codomyrmex/tests/unit/schemas/test_schemas.py::TestAnalysisSeverityEnum::test_member_count PASSED [ 80%]
src/codomyrmex/tests/unit/schemas/test_schemas.py::TestSecuritySeverityEnum::test_values PASSED [ 80%]
src/codomyrmex/tests/unit/schemas/test_schemas.py::TestSecuritySeverityEnum::test_member_count PASSED [ 80%]
src/codomyrmex/tests/unit/schemas/test_schemas.py::TestSchemaTestStatusEnum::test_values PASSED [ 80%]
src/codomyrmex/tests/unit/schemas/test_schemas.py::TestSchemaTestStatusEnum::test_member_count PASSED [ 80%]
src/codomyrmex/tests/unit/schemas/test_schemas.py::TestCodeEntity::test_construction_with_defaults PASSED [ 80%]
src/codomyrmex/tests/unit/schemas/test_schemas.py::TestCodeEntity::test_to_dict PASSED [ 80%]
src/codomyrmex/tests/unit/schemas/test_schemas.py::TestAnalysisResult::test_construction_with_defaults PASSED [ 80%]
src/codomyrmex/tests/unit/schemas/test_schemas.py::TestAnalysisResult::test_to_dict PASSED [ 80%]
src/codomyrmex/tests/unit/schemas/test_schemas.py::TestSecurityFinding::test_construction_with_defaults PASSED [ 80%]
src/codomyrmex/tests/unit/schemas/test_schemas.py::TestSecurityFinding::test_to_dict PASSED [ 80%]
src/codomyrmex/tests/unit/schemas/test_schemas.py::TestSchemaTestResult::test_construction_with_defaults PASSED [ 80%]
src/codomyrmex/tests/unit/schemas/test_schemas.py::TestSchemaTestResult::test_to_dict PASSED [ 80%]
src/codomyrmex/tests/unit/schemas/test_schemas.py::TestDeploymentStatusEnum::test_values PASSED [ 80%]
src/codomyrmex/tests/unit/schemas/test_schemas.py::TestDeploymentStatusEnum::test_member_count PASSED [ 80%]
src/codomyrmex/tests/unit/schemas/test_schemas.py::TestPipelineStatusEnum::test_values PASSED [ 80%]
src/codomyrmex/tests/unit/schemas/test_schemas.py::TestPipelineStatusEnum::test_member_count PASSED [ 80%]
src/codomyrmex/tests/unit/schemas/test_schemas.py::TestMetricTypeEnum::test_values PASSED [ 80%]
src/codomyrmex/tests/unit/schemas/test_schemas.py::TestMetricTypeEnum::test_member_count PASSED [ 80%]
src/codomyrmex/tests/unit/schemas/test_schemas.py::TestDeployment::test_construction_with_defaults PASSED [ 80%]
src/codomyrmex/tests/unit/schemas/test_schemas.py::TestDeployment::test_to_dict PASSED [ 80%]
src/codomyrmex/tests/unit/schemas/test_schemas.py::TestPipeline::test_construction_with_defaults PASSED [ 80%]
src/codomyrmex/tests/unit/schemas/test_schemas.py::TestPipeline::test_to_dict PASSED [ 80%]
src/codomyrmex/tests/unit/schemas/test_schemas.py::TestResource::test_construction_with_defaults PASSED [ 80%]
src/codomyrmex/tests/unit/schemas/test_schemas.py::TestResource::test_to_dict PASSED [ 80%]
src/codomyrmex/tests/unit/schemas/test_schemas.py::TestBuildArtifact::test_construction_with_defaults PASSED [ 80%]
src/codomyrmex/tests/unit/schemas/test_schemas.py::TestBuildArtifact::test_to_dict PASSED [ 80%]
src/codomyrmex/tests/unit/schemas/test_schemas.py::TestMetric::test_construction_with_defaults PASSED [ 81%]
src/codomyrmex/tests/unit/schemas/test_schemas.py::TestMetric::test_to_dict PASSED [ 81%]
src/codomyrmex/tests/unit/schemas/test_schemas.py::TestCredential::test_construction_with_defaults PASSED [ 81%]
src/codomyrmex/tests/unit/schemas/test_schemas.py::TestCredential::test_construction_with_all_fields PASSED [ 81%]
src/codomyrmex/tests/unit/schemas/test_schemas.py::TestPermission::test_construction_with_defaults PASSED [ 81%]
src/codomyrmex/tests/unit/schemas/test_schemas.py::TestPermission::test_construction_with_deny PASSED [ 81%]
src/codomyrmex/tests/unit/schemas/test_schemas.py::TestWorkflowStep::test_construction_with_defaults PASSED [ 81%]
src/codomyrmex/tests/unit/schemas/test_schemas.py::TestWorkflowStep::test_to_dict PASSED [ 81%]
src/codomyrmex/tests/unit/scrape/integration/test_scrape_integration.py::TestScrapeIntegration::test_basic_scrape SKIPPED [ 81%]
src/codomyrmex/tests/unit/scrape/integration/test_scrape_integration.py::TestScrapeIntegration::test_scrape_with_formats SKIPPED [ 81%]
src/codomyrmex/tests/unit/scrape/integration/test_scrape_integration.py::TestScrapeIntegration::test_map_website SKIPPED [ 81%]
src/codomyrmex/tests/unit/scrape/integration/test_scrape_integration.py::TestScrapeIntegration::test_search_web SKIPPED [ 81%]
src/codomyrmex/tests/unit/scrape/integration/test_scrape_integration.py::TestScrapeIntegration::test_extract_data SKIPPED [ 81%]
src/codomyrmex/tests/unit/scrape/integration/test_scrape_integration.py::TestScrapeErrorHandling::test_invalid_api_key_handling SKIPPED [ 81%]
src/codomyrmex/tests/unit/scrape/integration/test_scrape_integration.py::TestScrapeErrorHandling::test_invalid_url_handling SKIPPED [ 81%]
src/codomyrmex/tests/unit/scrape/test_scrape.py::test_scrape_module_import PASSED [ 81%]
src/codomyrmex/tests/unit/scrape/test_scrape.py::test_scrape_module_structure PASSED [ 81%]
src/codomyrmex/tests/unit/scrape/test_scrape.py::test_scrape_format_enum_values PASSED [ 81%]
src/codomyrmex/tests/unit/scrape/test_scrape.py::test_scrape_result_construction PASSED [ 81%]
src/codomyrmex/tests/unit/scrape/test_scrape.py::test_scrape_result_get_format PASSED [ 81%]
src/codomyrmex/tests/unit/scrape/test_scrape.py::test_scrape_result_has_format PASSED [ 81%]
src/codomyrmex/tests/unit/scrape/test_scrape.py::test_scrape_options_defaults PASSED [ 81%]
src/codomyrmex/tests/unit/scrape/test_scrape.py::test_scrape_options_to_dict PASSED [ 81%]
src/codomyrmex/tests/unit/scrape/test_scrape.py::test_scrape_config_defaults PASSED [ 81%]
src/codomyrmex/tests/unit/scrape/test_scrape.py::test_scrape_config_validate_missing_api_key PASSED [ 81%]
src/codomyrmex/tests/unit/scrape/test_scrape.py::test_scrape_config_validate_negative_timeout PASSED [ 81%]
src/codomyrmex/tests/unit/scrape/test_scrape.py::test_scrape_config_to_dict_masks_api_key PASSED [ 81%]
src/codomyrmex/tests/unit/scrape/test_scrape.py::test_crawl_result_construction PASSED [ 81%]
src/codomyrmex/tests/unit/scrape/test_scrape.py::test_map_result_auto_total PASSED [ 81%]
src/codomyrmex/tests/unit/scrape/test_scrape.py::test_search_result_construction PASSED [ 81%]
src/codomyrmex/tests/unit/scrape/test_scrape.py::test_extract_result_defaults PASSED [ 81%]
src/codomyrmex/tests/unit/scrape/test_scrape.py::test_exception_hierarchy PASSED [ 81%]
src/codomyrmex/tests/unit/scrape/test_scrape.py::test_scrape_connection_error_context PASSED [ 81%]
src/codomyrmex/tests/unit/scrape/unit/test_config.py::TestScrapeConfig::test_default_config PASSED [ 81%]
src/codomyrmex/tests/unit/scrape/unit/test_config.py::TestScrapeConfig::test_custom_config PASSED [ 81%]
src/codomyrmex/tests/unit/scrape/unit/test_config.py::TestScrapeConfig::test_from_env PASSED [ 81%]
src/codomyrmex/tests/unit/scrape/unit/test_config.py::TestScrapeConfig::test_from_env_fc_api_key PASSED [ 81%]
src/codomyrmex/tests/unit/scrape/unit/test_config.py::TestScrapeConfig::test_from_env_respect_robots_txt PASSED [ 81%]
src/codomyrmex/tests/unit/scrape/unit/test_config.py::TestScrapeConfig::test_validate_without_api_key PASSED [ 81%]
src/codomyrmex/tests/unit/scrape/unit/test_config.py::TestScrapeConfig::test_validate_with_api_key PASSED [ 81%]
src/codomyrmex/tests/unit/scrape/unit/test_config.py::TestScrapeConfig::test_validate_invalid_timeout PASSED [ 81%]
src/codomyrmex/tests/unit/scrape/unit/test_config.py::TestScrapeConfig::test_validate_invalid_retries PASSED [ 81%]
src/codomyrmex/tests/unit/scrape/unit/test_config.py::TestScrapeConfig::test_to_dict PASSED [ 81%]
src/codomyrmex/tests/unit/scrape/unit/test_config.py::TestConfigFunctions::test_get_config_default PASSED [ 81%]
src/codomyrmex/tests/unit/scrape/unit/test_config.py::TestConfigFunctions::test_set_config PASSED [ 81%]
src/codomyrmex/tests/unit/scrape/unit/test_config.py::TestConfigFunctions::test_reset_config PASSED [ 81%]
src/codomyrmex/tests/unit/scrape/unit/test_core.py::TestScrapeFormat::test_format_values PASSED [ 81%]
src/codomyrmex/tests/unit/scrape/unit/test_core.py::TestScrapeResult::test_basic_creation PASSED [ 81%]
src/codomyrmex/tests/unit/scrape/unit/test_core.py::TestScrapeResult::test_with_content PASSED [ 81%]
src/codomyrmex/tests/unit/scrape/unit/test_core.py::TestScrapeResult::test_get_format PASSED [ 81%]
src/codomyrmex/tests/unit/scrape/unit/test_core.py::TestScrapeResult::test_has_format PASSED [ 81%]
src/codomyrmex/tests/unit/scrape/unit/test_core.py::TestScrapeOptions::test_default_options PASSED [ 81%]
src/codomyrmex/tests/unit/scrape/unit/test_core.py::TestScrapeOptions::test_custom_options PASSED [ 81%]
src/codomyrmex/tests/unit/scrape/unit/test_core.py::TestScrapeOptions::test_to_dict PASSED [ 81%]
src/codomyrmex/tests/unit/scrape/unit/test_core.py::TestCrawlResult::test_basic_creation PASSED [ 81%]
src/codomyrmex/tests/unit/scrape/unit/test_core.py::TestMapResult::test_basic_creation PASSED [ 81%]
src/codomyrmex/tests/unit/scrape/unit/test_core.py::TestMapResult::test_with_links PASSED [ 81%]
src/codomyrmex/tests/unit/scrape/unit/test_core.py::TestSearchResult::test_basic_creation PASSED [ 81%]
src/codomyrmex/tests/unit/scrape/unit/test_core.py::TestExtractResult::test_basic_creation PASSED [ 81%]
src/codomyrmex/tests/unit/scrape/unit/test_core.py::TestBaseScraper::test_is_abstract PASSED [ 81%]
src/codomyrmex/tests/unit/scrape/unit/test_firecrawl.py::TestFirecrawlClient::test_init_without_firecrawl_package PASSED [ 81%]
src/codomyrmex/tests/unit/scrape/unit/test_firecrawl.py::TestFirecrawlClient::test_init_without_api_key PASSED [ 81%]
src/codomyrmex/tests/unit/scrape/unit/test_firecrawl.py::TestFirecrawlClient::test_init_success SKIPPED [ 81%]
src/codomyrmex/tests/unit/scrape/unit/test_firecrawl.py::TestFirecrawlAdapter::test_init_without_firecrawl_package PASSED [ 81%]
src/codomyrmex/tests/unit/scrape/unit/test_firecrawl.py::TestFirecrawlAdapter::test_adapter_implements_base_scraper PASSED [ 81%]
src/codomyrmex/tests/unit/scrape/unit/test_firecrawl.py::TestFirecrawlAdapter::test_adapter_initialization SKIPPED [ 81%]
src/codomyrmex/tests/unit/scrape/unit/test_firecrawl.py::TestFirecrawlConversion::test_convert_scrape_result_from_dict PASSED [ 81%]
src/codomyrmex/tests/unit/scrape/unit/test_firecrawl.py::TestFirecrawlConversion::test_convert_scrape_result_from_document_object PASSED [ 81%]
src/codomyrmex/tests/unit/scrape/unit/test_firecrawl.py::TestFirecrawlConversion::test_convert_crawl_result PASSED [ 81%]
src/codomyrmex/tests/unit/scrape/unit/test_firecrawl.py::TestFirecrawlConversion::test_convert_map_result PASSED [ 81%]
src/codomyrmex/tests/unit/scrape/unit/test_firecrawl.py::TestFirecrawlConversion::test_convert_search_result PASSED [ 81%]
src/codomyrmex/tests/unit/scrape/unit/test_firecrawl.py::TestFirecrawlConversion::test_convert_extract_result PASSED [ 81%]
src/codomyrmex/tests/unit/scrape/unit/test_firecrawl.py::TestFirecrawlConversion::test_convert_with_empty_data PASSED [ 81%]
src/codomyrmex/tests/unit/scrape/unit/test_firecrawl.py::TestFirecrawlConversion::test_convert_crawl_result_with_empty_data PASSED [ 81%]
src/codomyrmex/tests/unit/scrape/unit/test_firecrawl.py::TestFirecrawlConversion::test_convert_with_missing_fields PASSED [ 81%]
src/codomyrmex/tests/unit/scrape/unit/test_scraper.py::TestScraper::test_init_with_adapter PASSED [ 81%]
src/codomyrmex/tests/unit/scrape/unit/test_scraper.py::TestScraper::test_init_with_config_only SKIPPED [ 81%]
src/codomyrmex/tests/unit/scrape/unit/test_scraper.py::TestScraper::test_init_without_adapter_or_firecrawl PASSED [ 81%]
src/codomyrmex/tests/unit/scrape/unit/test_scraper.py::TestScraper::test_scrape_success PASSED [ 81%]
src/codomyrmex/tests/unit/scrape/unit/test_scraper.py::TestScraper::test_scrape_with_options PASSED [ 81%]
src/codomyrmex/tests/unit/scrape/unit/test_scraper.py::TestScraper::test_scrape_invalid_url PASSED [ 81%]
src/codomyrmex/tests/unit/scrape/unit/test_scraper.py::TestScraper::test_scrape_non_string_url PASSED [ 81%]
src/codomyrmex/tests/unit/scrape/unit/test_scraper.py::TestScraper::test_crawl_success PASSED [ 81%]
src/codomyrmex/tests/unit/scrape/unit/test_scraper.py::TestScraper::test_crawl_with_options PASSED [ 81%]
src/codomyrmex/tests/unit/scrape/unit/test_scraper.py::TestScraper::test_crawl_invalid_url PASSED [ 81%]
src/codomyrmex/tests/unit/scrape/unit/test_scraper.py::TestScraper::test_map_success PASSED [ 81%]
src/codomyrmex/tests/unit/scrape/unit/test_scraper.py::TestScraper::test_map_with_search PASSED [ 81%]
src/codomyrmex/tests/unit/scrape/unit/test_scraper.py::TestScraper::test_map_without_search PASSED [ 81%]
src/codomyrmex/tests/unit/scrape/unit/test_scraper.py::TestScraper::test_map_invalid_url PASSED [ 81%]
src/codomyrmex/tests/unit/scrape/unit/test_scraper.py::TestScraper::test_search_success PASSED [ 81%]
src/codomyrmex/tests/unit/scrape/unit/test_scraper.py::TestScraper::test_search_with_options PASSED [ 81%]
src/codomyrmex/tests/unit/scrape/unit/test_scraper.py::TestScraper::test_search_invalid_query PASSED [ 81%]
src/codomyrmex/tests/unit/scrape/unit/test_scraper.py::TestScraper::test_extract_success PASSED [ 81%]
src/codomyrmex/tests/unit/scrape/unit/test_scraper.py::TestScraper::test_extract_with_schema PASSED [ 81%]
src/codomyrmex/tests/unit/scrape/unit/test_scraper.py::TestScraper::test_extract_with_prompt PASSED [ 81%]
src/codomyrmex/tests/unit/scrape/unit/test_scraper.py::TestScraper::test_extract_with_multiple_urls PASSED [ 81%]
src/codomyrmex/tests/unit/scrape/unit/test_scraper.py::TestScraper::test_extract_invalid_urls PASSED [ 81%]
src/codomyrmex/tests/unit/scrape/unit/test_scraper.py::TestScraper::test_extract_invalid_url_in_list PASSED [ 81%]
src/codomyrmex/tests/unit/scrape/unit/test_scraper.py::TestScraper::test_extract_non_string_url PASSED [ 81%]
src/codomyrmex/tests/unit/scrape/unit/test_scraper.py::TestScraper::test_error_handling PASSED [ 82%]
src/codomyrmex/tests/unit/scrape/unit/test_scraper.py::TestScraper::test_scrape_error_propagation PASSED [ 82%]
src/codomyrmex/tests/unit/search/test_search.py::TestDocument::test_create_document PASSED [ 82%]
src/codomyrmex/tests/unit/search/test_search.py::TestDocument::test_document_defaults PASSED [ 82%]
src/codomyrmex/tests/unit/search/test_search.py::TestDocument::test_document_with_metadata PASSED [ 82%]
src/codomyrmex/tests/unit/search/test_search.py::TestSearchResult::test_create_result PASSED [ 82%]
src/codomyrmex/tests/unit/search/test_search.py::TestSimpleTokenizer::test_create_tokenizer PASSED [ 82%]
src/codomyrmex/tests/unit/search/test_search.py::TestSimpleTokenizer::test_tokenizer_lowercase PASSED [ 82%]
src/codomyrmex/tests/unit/search/test_search.py::TestSimpleTokenizer::test_tokenizer_min_length PASSED [ 82%]
src/codomyrmex/tests/unit/search/test_search.py::TestInMemoryIndex::test_create_index PASSED [ 82%]
src/codomyrmex/tests/unit/search/test_search.py::TestInMemoryIndex::test_create_with_tokenizer PASSED [ 82%]
src/codomyrmex/tests/unit/search/test_search.py::TestFuzzyMatcher::test_class_exists PASSED [ 82%]
src/codomyrmex/tests/unit/search/test_search.py::TestQueryParser::test_create_parser PASSED [ 82%]
src/codomyrmex/tests/unit/search/test_search.py::TestCreateIndex::test_default_creates_memory_index PASSED [ 82%]
src/codomyrmex/tests/unit/search/test_search.py::TestCreateIndex::test_memory_backend PASSED [ 82%]
src/codomyrmex/tests/unit/search/test_search.py::TestQuickSearch::test_returns_results PASSED [ 82%]
src/codomyrmex/tests/unit/search/test_search.py::TestQuickSearch::test_top_k PASSED [ 82%]
src/codomyrmex/tests/unit/search/test_search_semantic.py::TestSemanticSearchResult::test_create PASSED [ 82%]
src/codomyrmex/tests/unit/search/test_search_semantic.py::TestSemanticSearchResult::test_create_with_highlights PASSED [ 82%]
src/codomyrmex/tests/unit/search/test_search_semantic.py::TestHybridSearchIndex::test_create_default PASSED [ 82%]
src/codomyrmex/tests/unit/search/test_search_semantic.py::TestHybridSearchIndex::test_create_with_semantic_weight PASSED [ 82%]
src/codomyrmex/tests/unit/search/test_search_semantic.py::TestHybridSearchIndex::test_index_document PASSED [ 82%]
src/codomyrmex/tests/unit/search/test_search_semantic.py::TestHybridSearchIndex::test_index_multiple_documents PASSED [ 82%]
src/codomyrmex/tests/unit/search/test_search_semantic.py::TestHybridSearchIndex::test_search_keyword_only PASSED [ 82%]
src/codomyrmex/tests/unit/search/test_search_semantic.py::TestHybridSearchIndex::test_search_returns_combined_scores PASSED [ 82%]
src/codomyrmex/tests/unit/search/test_search_semantic.py::TestHybridSearchIndex::test_search_respects_k PASSED [ 82%]
src/codomyrmex/tests/unit/search/test_search_semantic.py::TestHybridSearchIndex::test_search_no_results PASSED [ 82%]
src/codomyrmex/tests/unit/search/test_search_semantic.py::TestHybridSearchIndex::test_delete_document PASSED [ 82%]
src/codomyrmex/tests/unit/search/test_search_semantic.py::TestHybridSearchIndex::test_delete_nonexistent PASSED [ 82%]
src/codomyrmex/tests/unit/search/test_search_semantic.py::TestHybridSearchIndex::test_search_with_custom_semantic_weight PASSED [ 82%]
src/codomyrmex/tests/unit/search/test_search_semantic.py::TestBM25Index::test_create_defaults PASSED [ 82%]
src/codomyrmex/tests/unit/search/test_search_semantic.py::TestBM25Index::test_create_custom PASSED [ 82%]
src/codomyrmex/tests/unit/search/test_search_semantic.py::TestBM25Index::test_index_document PASSED [ 82%]
src/codomyrmex/tests/unit/search/test_search_semantic.py::TestBM25Index::test_tokenize PASSED [ 82%]
src/codomyrmex/tests/unit/search/test_search_semantic.py::TestBM25Index::test_search_single_doc PASSED [ 82%]
src/codomyrmex/tests/unit/search/test_search_semantic.py::TestBM25Index::test_search_multiple_docs_ranking PASSED [ 82%]
src/codomyrmex/tests/unit/search/test_search_semantic.py::TestBM25Index::test_search_no_match PASSED [ 82%]
src/codomyrmex/tests/unit/search/test_search_semantic.py::TestBM25Index::test_search_respects_k PASSED [ 82%]
src/codomyrmex/tests/unit/search/test_search_semantic.py::TestBM25Index::test_search_returns_search_result PASSED [ 82%]
src/codomyrmex/tests/unit/search/test_search_semantic.py::TestBM25Index::test_avg_doc_length_updated PASSED [ 82%]
src/codomyrmex/tests/unit/search/test_search_semantic.py::TestAutoCompleteIndex::test_create_default PASSED [ 82%]
src/codomyrmex/tests/unit/search/test_search_semantic.py::TestAutoCompleteIndex::test_create_custom PASSED [ 82%]
src/codomyrmex/tests/unit/search/test_search_semantic.py::TestAutoCompleteIndex::test_add_term PASSED [ 82%]
src/codomyrmex/tests/unit/search/test_search_semantic.py::TestAutoCompleteIndex::test_add_with_weight PASSED [ 82%]
src/codomyrmex/tests/unit/search/test_search_semantic.py::TestAutoCompleteIndex::test_add_bulk PASSED [ 82%]
src/codomyrmex/tests/unit/search/test_search_semantic.py::TestAutoCompleteIndex::test_suggest_empty_prefix PASSED [ 82%]
src/codomyrmex/tests/unit/search/test_search_semantic.py::TestAutoCompleteIndex::test_suggest_no_match PASSED [ 82%]
src/codomyrmex/tests/unit/search/test_search_semantic.py::TestAutoCompleteIndex::test_suggest_respects_limit PASSED [ 82%]
src/codomyrmex/tests/unit/search/test_search_semantic.py::TestAutoCompleteIndex::test_suggest_custom_limit PASSED [ 82%]
src/codomyrmex/tests/unit/search/test_search_semantic.py::TestAutoCompleteIndex::test_case_insensitive PASSED [ 82%]
src/codomyrmex/tests/unit/search/test_search_semantic.py::TestAutoCompleteIndex::test_exact_match PASSED [ 82%]
src/codomyrmex/tests/unit/search/test_search_semantic.py::TestAutoCompleteIndex::test_suggest_preserves_original_case PASSED [ 82%]
src/codomyrmex/tests/unit/security/audit/test_audit.py::TestAuditEvent::test_create PASSED [ 82%]
src/codomyrmex/tests/unit/security/audit/test_audit.py::TestAuditEvent::test_signature PASSED [ 82%]
src/codomyrmex/tests/unit/security/audit/test_audit.py::TestAuditEvent::test_to_json PASSED [ 82%]
src/codomyrmex/tests/unit/security/audit/test_audit.py::TestInMemoryAuditStore::test_store PASSED [ 82%]
src/codomyrmex/tests/unit/security/audit/test_audit.py::TestInMemoryAuditStore::test_max_events PASSED [ 82%]
src/codomyrmex/tests/unit/security/audit/test_audit.py::TestInMemoryAuditStore::test_query_by_type PASSED [ 82%]
src/codomyrmex/tests/unit/security/audit/test_audit.py::TestInMemoryAuditStore::test_query_by_actor PASSED [ 82%]
src/codomyrmex/tests/unit/security/audit/test_audit.py::TestFileAuditStore::test_store_and_query PASSED [ 82%]
src/codomyrmex/tests/unit/security/audit/test_audit.py::TestAuditLogger::test_log PASSED [ 82%]
src/codomyrmex/tests/unit/security/audit/test_audit.py::TestAuditLogger::test_log_login PASSED [ 82%]
src/codomyrmex/tests/unit/security/audit/test_audit.py::TestAuditLogger::test_log_failed_login PASSED [ 82%]
src/codomyrmex/tests/unit/security/audit/test_audit.py::TestAuditLogger::test_log_data_access PASSED [ 82%]
src/codomyrmex/tests/unit/security/audit/test_audit.py::TestAuditLogger::test_log_admin_action PASSED [ 82%]
src/codomyrmex/tests/unit/security/audit/test_audit.py::TestAuditLogger::test_query PASSED [ 82%]
src/codomyrmex/tests/unit/security/compliance/test_compliance.py::TestControl::test_create PASSED [ 82%]
src/codomyrmex/tests/unit/security/compliance/test_compliance.py::TestControlResult::test_passed PASSED [ 82%]
src/codomyrmex/tests/unit/security/compliance/test_compliance.py::TestComplianceReport::test_scores PASSED [ 82%]
src/codomyrmex/tests/unit/security/compliance/test_compliance.py::TestPolicyChecker::test_check_pass PASSED [ 82%]
src/codomyrmex/tests/unit/security/compliance/test_compliance.py::TestPolicyChecker::test_check_fail PASSED [ 82%]
src/codomyrmex/tests/unit/security/compliance/test_compliance.py::TestPolicyChecker::test_check_exception PASSED [ 82%]
src/codomyrmex/tests/unit/security/compliance/test_compliance.py::TestComplianceChecker::test_add_control PASSED [ 82%]
src/codomyrmex/tests/unit/security/compliance/test_compliance.py::TestComplianceChecker::test_assess PASSED [ 82%]
src/codomyrmex/tests/unit/security/compliance/test_compliance.py::TestComplianceChecker::test_check_single PASSED [ 82%]
src/codomyrmex/tests/unit/security/compliance/test_compliance.py::TestSOC2Controls::test_soc2_controls_exist PASSED [ 82%]
src/codomyrmex/tests/unit/security/scanning/test_scanning.py::TestSecurityFinding::test_create PASSED [ 82%]
src/codomyrmex/tests/unit/security/scanning/test_scanning.py::TestScanResult::test_counts PASSED [ 82%]
src/codomyrmex/tests/unit/security/scanning/test_scanning.py::TestPatternRule::test_match PASSED [ 82%]
src/codomyrmex/tests/unit/security/scanning/test_scanning.py::TestSQLInjectionRule::test_detect_format PASSED [ 82%]
src/codomyrmex/tests/unit/security/scanning/test_scanning.py::TestHardcodedSecretRule::test_detect_password PASSED [ 82%]
src/codomyrmex/tests/unit/security/scanning/test_scanning.py::TestCommandInjectionRule::test_detect_os_system PASSED [ 82%]
src/codomyrmex/tests/unit/security/scanning/test_scanning.py::TestSecurityScanner::test_scan_content PASSED [ 82%]
src/codomyrmex/tests/unit/security/scanning/test_scanning.py::TestSecurityScanner::test_scan_file PASSED [ 82%]
src/codomyrmex/tests/unit/security/scanning/test_scanning.py::TestSecurityScanner::test_scan_missing_file PASSED [ 82%]
src/codomyrmex/tests/unit/security/scanning/test_scanning.py::TestSecurityScanner::test_scan_directory PASSED [ 82%]
src/codomyrmex/tests/unit/security/secrets/test_secrets.py::TestSecretType::test_values PASSED [ 82%]
src/codomyrmex/tests/unit/security/secrets/test_secrets.py::TestDetectedSecret::test_create PASSED [ 82%]
src/codomyrmex/tests/unit/security/secrets/test_secrets.py::TestDetectedSecret::test_is_high_severity_critical PASSED [ 82%]
src/codomyrmex/tests/unit/security/secrets/test_secrets.py::TestDetectedSecret::test_is_high_severity_high PASSED [ 82%]
src/codomyrmex/tests/unit/security/secrets/test_secrets.py::TestDetectedSecret::test_is_high_severity_low PASSED [ 82%]
src/codomyrmex/tests/unit/security/secrets/test_secrets.py::TestScanResult::test_has_secrets_empty PASSED [ 82%]
src/codomyrmex/tests/unit/security/secrets/test_secrets.py::TestScanResult::test_has_secrets_with_findings PASSED [ 82%]
src/codomyrmex/tests/unit/security/secrets/test_secrets.py::TestScanResult::test_high_severity_count PASSED [ 82%]
src/codomyrmex/tests/unit/security/secrets/test_secrets.py::TestSecretPatterns::test_default_patterns PASSED [ 82%]
src/codomyrmex/tests/unit/security/secrets/test_secrets.py::TestSecretPatterns::test_custom_patterns PASSED [ 82%]
src/codomyrmex/tests/unit/security/secrets/test_secrets.py::TestSecretScanner::test_scan_text_aws_key PASSED [ 82%]
src/codomyrmex/tests/unit/security/secrets/test_secrets.py::TestSecretScanner::test_scan_text_github_token PASSED [ 82%]
src/codomyrmex/tests/unit/security/secrets/test_secrets.py::TestSecretScanner::test_scan_text_private_key PASSED [ 82%]
src/codomyrmex/tests/unit/security/secrets/test_secrets.py::TestSecretScanner::test_scan_text_password PASSED [ 83%]
src/codomyrmex/tests/unit/security/secrets/test_secrets.py::TestSecretScanner::test_scan_text_clean PASSED [ 83%]
src/codomyrmex/tests/unit/security/secrets/test_secrets.py::TestSecretScanner::test_scan_file PASSED [ 83%]
src/codomyrmex/tests/unit/security/secrets/test_secrets.py::TestSecretScanner::test_scan_file_missing PASSED [ 83%]
src/codomyrmex/tests/unit/security/secrets/test_secrets.py::TestSecretScanner::test_scan_directory PASSED [ 83%]
src/codomyrmex/tests/unit/security/secrets/test_secrets.py::TestSecretScanner::test_min_confidence_filter PASSED [ 83%]
src/codomyrmex/tests/unit/security/secrets/test_secrets.py::TestSecretScanner::test_should_ignore PASSED [ 83%]
src/codomyrmex/tests/unit/security/secrets/test_secrets.py::TestSecretVault::test_set_and_get PASSED [ 83%]
src/codomyrmex/tests/unit/security/secrets/test_secrets.py::TestSecretVault::test_get_default PASSED [ 83%]
src/codomyrmex/tests/unit/security/secrets/test_secrets.py::TestSecretVault::test_get_missing_no_default PASSED [ 83%]
src/codomyrmex/tests/unit/security/secrets/test_secrets.py::TestSecretVault::test_delete PASSED [ 83%]
src/codomyrmex/tests/unit/security/secrets/test_secrets.py::TestSecretVault::test_delete_missing PASSED [ 83%]
src/codomyrmex/tests/unit/security/secrets/test_secrets.py::TestSecretVault::test_list_names PASSED [ 83%]
src/codomyrmex/tests/unit/security/secrets/test_secrets.py::TestSecretVault::test_save_and_load PASSED [ 83%]
src/codomyrmex/tests/unit/security/secrets/test_secrets.py::TestSecretVault::test_vault_without_password PASSED [ 83%]
src/codomyrmex/tests/unit/security/secrets/test_secrets.py::TestHelperFunctions::test_get_secret_from_env PASSED [ 83%]
src/codomyrmex/tests/unit/security/secrets/test_secrets.py::TestHelperFunctions::test_get_secret_from_env_default PASSED [ 83%]
src/codomyrmex/tests/unit/security/secrets/test_secrets.py::TestHelperFunctions::test_mask_secret PASSED [ 83%]
src/codomyrmex/tests/unit/security/secrets/test_secrets.py::TestHelperFunctions::test_mask_secret_short PASSED [ 83%]
src/codomyrmex/tests/unit/security/secrets/test_secrets.py::TestHelperFunctions::test_generate_secret XFAIL [ 83%]
src/codomyrmex/tests/unit/security/secrets/test_secrets.py::TestHelperFunctions::test_generate_secret_no_special XFAIL [ 83%]
src/codomyrmex/tests/unit/security/secrets/test_secrets.py::TestHelperFunctions::test_generate_secret_with_special XFAIL [ 83%]
src/codomyrmex/tests/unit/security/secrets/test_secrets.py::TestHelperFunctions::test_generate_secret_uniqueness XFAIL [ 83%]
src/codomyrmex/tests/unit/security/test_sbom.py::TestSBOMFormat::test_spdx PASSED [ 83%]
src/codomyrmex/tests/unit/security/test_sbom.py::TestSBOMFormat::test_cyclonedx PASSED [ 83%]
src/codomyrmex/tests/unit/security/test_sbom.py::TestSBOMFormat::test_swid PASSED [ 83%]
src/codomyrmex/tests/unit/security/test_sbom.py::TestLicenseType::test_mit PASSED [ 83%]
src/codomyrmex/tests/unit/security/test_sbom.py::TestLicenseType::test_apache PASSED [ 83%]
src/codomyrmex/tests/unit/security/test_sbom.py::TestLicenseType::test_gpl PASSED [ 83%]
src/codomyrmex/tests/unit/security/test_sbom.py::TestLicenseType::test_unknown PASSED [ 83%]
src/codomyrmex/tests/unit/security/test_sbom.py::TestComponent::test_create_component PASSED [ 83%]
src/codomyrmex/tests/unit/security/test_sbom.py::TestComponent::test_component_defaults PASSED [ 83%]
src/codomyrmex/tests/unit/security/test_sbom.py::TestComponent::test_to_dict PASSED [ 83%]
src/codomyrmex/tests/unit/security/test_sbom.py::TestSBOM::test_create_sbom PASSED [ 83%]
src/codomyrmex/tests/unit/security/test_sbom.py::TestSBOM::test_sbom_with_components PASSED [ 83%]
src/codomyrmex/tests/unit/security/test_sbom.py::TestSBOM::test_to_dict PASSED [ 83%]
src/codomyrmex/tests/unit/security/test_sbom.py::TestSBOM::test_to_json PASSED [ 83%]
src/codomyrmex/tests/unit/security/test_sbom.py::TestSBOMGenerator::test_create_generator PASSED [ 83%]
src/codomyrmex/tests/unit/security/test_sbom.py::TestVulnerabilityScanner::test_create_scanner PASSED [ 83%]
src/codomyrmex/tests/unit/security/test_sbom.py::TestVulnerabilityScanner::test_scan_empty_sbom PASSED [ 83%]
src/codomyrmex/tests/unit/security/test_sbom.py::TestSupplyChainVerifier::test_create_verifier PASSED [ 83%]
src/codomyrmex/tests/unit/security/test_security_audit.py::TestPermissionModel::test_role_hierarchy PASSED [ 83%]
src/codomyrmex/tests/unit/security/test_security_audit.py::TestPermissionModel::test_admin_has_all PASSED [ 83%]
src/codomyrmex/tests/unit/security/test_security_audit.py::TestPermissionModel::test_viewer_read_only PASSED [ 83%]
src/codomyrmex/tests/unit/security/test_security_audit.py::TestPermissionModel::test_revoke PASSED [ 83%]
src/codomyrmex/tests/unit/security/test_security_audit.py::TestPermissionModel::test_permission_matrix PASSED [ 83%]
src/codomyrmex/tests/unit/security/test_security_audit.py::TestComplianceGenerator::test_owasp_checks PASSED [ 83%]
src/codomyrmex/tests/unit/security/test_security_audit.py::TestComplianceGenerator::test_failed_checks PASSED [ 83%]
src/codomyrmex/tests/unit/security/test_security_audit.py::TestComplianceGenerator::test_markdown_output PASSED [ 83%]
src/codomyrmex/tests/unit/security/test_security_audit.py::TestSecretScanner::test_detects_api_key PASSED [ 83%]
src/codomyrmex/tests/unit/security/test_security_audit.py::TestSecretScanner::test_detects_private_key PASSED [ 83%]
src/codomyrmex/tests/unit/security/test_security_audit.py::TestSecretScanner::test_clean_code_no_findings PASSED [ 83%]
src/codomyrmex/tests/unit/security/test_security_audit.py::TestSecurityDashboard::test_posture_clean PASSED [ 83%]
src/codomyrmex/tests/unit/security/test_security_audit.py::TestSecurityDashboard::test_posture_with_secrets PASSED [ 83%]
src/codomyrmex/tests/unit/security/test_security_cognitive.py::TestSocialEngineeringDetection::test_social_engineering_detector_initialization PASSED [ 83%]
src/codomyrmex/tests/unit/security/test_security_cognitive.py::TestSocialEngineeringDetection::test_detect_social_engineering PASSED [ 83%]
src/codomyrmex/tests/unit/security/test_security_cognitive.py::TestSocialEngineeringDetection::test_analyze_communication PASSED [ 83%]
src/codomyrmex/tests/unit/security/test_security_cognitive.py::TestPhishingAnalysis::test_phishing_analyzer_initialization PASSED [ 83%]
src/codomyrmex/tests/unit/security/test_security_cognitive.py::TestPhishingAnalysis::test_analyze_email PASSED [ 83%]
src/codomyrmex/tests/unit/security/test_security_cognitive.py::TestPhishingAnalysis::test_detect_phishing_attempt PASSED [ 83%]
src/codomyrmex/tests/unit/security/test_security_cognitive.py::TestAwarenessTraining::test_awareness_trainer_initialization PASSED [ 83%]
src/codomyrmex/tests/unit/security/test_security_cognitive.py::TestAwarenessTraining::test_create_training_module PASSED [ 83%]
src/codomyrmex/tests/unit/security/test_security_cognitive.py::TestAwarenessTraining::test_assess_training_effectiveness PASSED [ 83%]
src/codomyrmex/tests/unit/security/test_security_cognitive.py::TestCognitiveThreatAssessment::test_cognitive_threat_assessor_initialization PASSED [ 83%]
src/codomyrmex/tests/unit/security/test_security_cognitive.py::TestCognitiveThreatAssessment::test_assess_cognitive_threats PASSED [ 83%]
src/codomyrmex/tests/unit/security/test_security_cognitive.py::TestCognitiveThreatAssessment::test_evaluate_human_factors PASSED [ 83%]
src/codomyrmex/tests/unit/security/test_security_cognitive.py::TestBehaviorAnalysis::test_behavior_analyzer_initialization PASSED [ 83%]
src/codomyrmex/tests/unit/security/test_security_cognitive.py::TestBehaviorAnalysis::test_analyze_user_behavior PASSED [ 83%]
src/codomyrmex/tests/unit/security/test_security_cognitive.py::TestBehaviorAnalysis::test_detect_anomalous_behavior PASSED [ 83%]
src/codomyrmex/tests/unit/security/test_security_digital.py::TestVulnerabilityScanner::test_vulnerability_scanner_initialization PASSED [ 83%]
src/codomyrmex/tests/unit/security/test_security_digital.py::TestVulnerabilityScanner::test_scan_vulnerabilities_basic PASSED [ 83%]
src/codomyrmex/tests/unit/security/test_security_digital.py::TestVulnerabilityScanner::test_audit_code_security PASSED [ 83%]
src/codomyrmex/tests/unit/security/test_security_digital.py::TestSecurityMonitor::test_security_monitor_initialization PASSED [ 83%]
src/codomyrmex/tests/unit/security/test_security_digital.py::TestSecurityMonitor::test_monitor_security_events PASSED [ 83%]
src/codomyrmex/tests/unit/security/test_security_digital.py::TestEncryptionManager::test_encryption_manager_initialization SKIPPED [ 83%]
src/codomyrmex/tests/unit/security/test_security_digital.py::TestEncryptionManager::test_encrypt_decrypt_data SKIPPED [ 83%]
src/codomyrmex/tests/unit/security/test_security_digital.py::TestCertificateValidator::test_certificate_validator_initialization SKIPPED [ 83%]
src/codomyrmex/tests/unit/security/test_security_digital.py::TestCertificateValidator::test_validate_ssl_certificate SKIPPED [ 83%]
src/codomyrmex/tests/unit/security/test_security_hardening.py::TestEncryptedEntry::test_round_trip_dict PASSED [ 83%]
src/codomyrmex/tests/unit/security/test_security_hardening.py::TestEncryptedStore::test_put_and_get PASSED [ 83%]
src/codomyrmex/tests/unit/security/test_security_hardening.py::TestEncryptedStore::test_get_missing PASSED [ 83%]
src/codomyrmex/tests/unit/security/test_security_hardening.py::TestEncryptedStore::test_has PASSED [ 83%]
src/codomyrmex/tests/unit/security/test_security_hardening.py::TestEncryptedStore::test_delete PASSED [ 83%]
src/codomyrmex/tests/unit/security/test_security_hardening.py::TestEncryptedStore::test_list_keys PASSED [ 83%]
src/codomyrmex/tests/unit/security/test_security_hardening.py::TestEncryptedStore::test_size PASSED [ 83%]
src/codomyrmex/tests/unit/security/test_security_hardening.py::TestEncryptedStore::test_rotate_master_key PASSED [ 83%]
src/codomyrmex/tests/unit/security/test_security_hardening.py::TestEncryptedStore::test_different_keys_different_ciphertext PASSED [ 83%]
src/codomyrmex/tests/unit/security/test_security_hardening.py::TestEncryptedStore::test_large_value PASSED [ 83%]
src/codomyrmex/tests/unit/security/test_security_hardening.py::TestVulnerability::test_to_dict PASSED [ 83%]
src/codomyrmex/tests/unit/security/test_security_hardening.py::TestDependencyScanner::test_scan_direct PASSED [ 83%]
src/codomyrmex/tests/unit/security/test_security_hardening.py::TestDependencyScanner::test_scan_clean_package PASSED [ 83%]
src/codomyrmex/tests/unit/security/test_security_hardening.py::TestDependencyScanner::test_scan_pyproject_file PASSED [ 83%]
src/codomyrmex/tests/unit/security/test_security_hardening.py::TestDependencyScanner::test_scan_missing_file PASSED [ 83%]
src/codomyrmex/tests/unit/security/test_security_hardening.py::TestDependencyScanner::test_report_has_critical PASSED [ 83%]
src/codomyrmex/tests/unit/security/test_security_hardening.py::TestDependencyScanner::test_report_count_by_severity PASSED [ 83%]
src/codomyrmex/tests/unit/security/test_security_hardening.py::TestSBOMComponent::test_auto_purl PASSED [ 83%]
src/codomyrmex/tests/unit/security/test_security_hardening.py::TestSBOMComponent::test_purl_no_version PASSED [ 83%]
src/codomyrmex/tests/unit/security/test_security_hardening.py::TestSBOMComponent::test_to_dict PASSED [ 83%]
src/codomyrmex/tests/unit/security/test_security_hardening.py::TestSBOMDocument::test_cyclonedx_format PASSED [ 84%]
src/codomyrmex/tests/unit/security/test_security_hardening.py::TestSBOMDocument::test_to_json PASSED [ 84%]
src/codomyrmex/tests/unit/security/test_security_hardening.py::TestSBOMDocument::test_component_count PASSED [ 84%]
src/codomyrmex/tests/unit/security/test_security_hardening.py::TestSBOMGenerator::test_from_dependencies PASSED [ 84%]
src/codomyrmex/tests/unit/security/test_security_hardening.py::TestSBOMGenerator::test_from_pyproject PASSED [ 84%]
src/codomyrmex/tests/unit/security/test_security_hardening.py::TestSBOMGenerator::test_missing_file PASSED [ 84%]
src/codomyrmex/tests/unit/security/test_security_physical.py::TestAccessControl::test_access_control_system_initialization PASSED [ 84%]
src/codomyrmex/tests/unit/security/test_security_physical.py::TestAccessControl::test_grant_access PASSED [ 84%]
src/codomyrmex/tests/unit/security/test_security_physical.py::TestAccessControl::test_grant_access_with_expiration PASSED [ 84%]
src/codomyrmex/tests/unit/security/test_security_physical.py::TestAccessControl::test_check_access_permission PASSED [ 84%]
src/codomyrmex/tests/unit/security/test_security_physical.py::TestAccessControl::test_revoke_access PASSED [ 84%]
src/codomyrmex/tests/unit/security/test_security_physical.py::TestAccessControl::test_access_expiration PASSED [ 84%]
src/codomyrmex/tests/unit/security/test_security_physical.py::TestAssetInventory::test_asset_inventory_initialization PASSED [ 84%]
src/codomyrmex/tests/unit/security/test_security_physical.py::TestAssetInventory::test_register_asset PASSED [ 84%]
src/codomyrmex/tests/unit/security/test_security_physical.py::TestAssetInventory::test_track_asset PASSED [ 84%]
src/codomyrmex/tests/unit/security/test_security_physical.py::TestAssetInventory::test_get_asset_status PASSED [ 84%]
src/codomyrmex/tests/unit/security/test_security_physical.py::TestSurveillance::test_surveillance_monitor_initialization PASSED [ 84%]
src/codomyrmex/tests/unit/security/test_security_physical.py::TestSurveillance::test_monitor_physical_access PASSED [ 84%]
src/codomyrmex/tests/unit/security/test_security_physical.py::TestSurveillance::test_log_physical_event PASSED [ 84%]
src/codomyrmex/tests/unit/security/test_security_physical.py::TestPhysicalVulnerability::test_physical_vulnerability_scanner_initialization PASSED [ 84%]
src/codomyrmex/tests/unit/security/test_security_physical.py::TestPhysicalVulnerability::test_scan_physical_vulnerabilities PASSED [ 84%]
src/codomyrmex/tests/unit/security/test_security_physical.py::TestPhysicalVulnerability::test_assess_physical_security PASSED [ 84%]
src/codomyrmex/tests/unit/security/test_security_physical.py::TestPerimeterManagement::test_perimeter_manager_initialization PASSED [ 84%]
src/codomyrmex/tests/unit/security/test_security_physical.py::TestPerimeterManagement::test_check_perimeter_security PASSED [ 84%]
src/codomyrmex/tests/unit/security/test_security_physical.py::TestPerimeterManagement::test_manage_access_points PASSED [ 84%]
src/codomyrmex/tests/unit/security/test_security_theory.py::TestSecurityPrinciples::test_get_security_principles PASSED [ 84%]
src/codomyrmex/tests/unit/security/test_security_theory.py::TestSecurityPrinciples::test_apply_principle PASSED [ 84%]
src/codomyrmex/tests/unit/security/test_security_theory.py::TestSecurityPrinciples::test_apply_unknown_principle PASSED [ 84%]
src/codomyrmex/tests/unit/security/test_security_theory.py::TestSecurityFrameworks::test_get_framework PASSED [ 84%]
src/codomyrmex/tests/unit/security/test_security_theory.py::TestSecurityFrameworks::test_get_unknown_framework PASSED [ 84%]
src/codomyrmex/tests/unit/security/test_security_theory.py::TestSecurityFrameworks::test_apply_framework PASSED [ 84%]
src/codomyrmex/tests/unit/security/test_security_theory.py::TestSecurityFrameworks::test_nist_csf_framework PASSED [ 84%]
src/codomyrmex/tests/unit/security/test_security_theory.py::TestSecurityFrameworks::test_iso_27001_framework PASSED [ 84%]
src/codomyrmex/tests/unit/security/test_security_theory.py::TestThreatModeling::test_create_threat_model PASSED [ 84%]
src/codomyrmex/tests/unit/security/test_security_theory.py::TestThreatModeling::test_analyze_threats PASSED [ 84%]
src/codomyrmex/tests/unit/security/test_security_theory.py::TestRiskAssessment::test_calculate_risk_score PASSED [ 84%]
src/codomyrmex/tests/unit/security/test_security_theory.py::TestRiskAssessment::test_assess_risk PASSED [ 84%]
src/codomyrmex/tests/unit/security/test_security_theory.py::TestArchitecturePatterns::test_get_security_patterns PASSED [ 84%]
src/codomyrmex/tests/unit/security/test_security_theory.py::TestArchitecturePatterns::test_apply_pattern PASSED [ 84%]
src/codomyrmex/tests/unit/security/test_security_theory.py::TestArchitecturePatterns::test_zero_trust_pattern PASSED [ 84%]
src/codomyrmex/tests/unit/security/test_security_theory.py::TestBestPractices::test_get_best_practices PASSED [ 84%]
src/codomyrmex/tests/unit/security/test_security_theory.py::TestBestPractices::test_get_best_practices_by_category PASSED [ 84%]
src/codomyrmex/tests/unit/security/test_security_theory.py::TestBestPractices::test_check_compliance_with_practices PASSED [ 84%]
src/codomyrmex/tests/unit/serialization/test_serialization.py::TestSerializationModuleImport::test_serialization_module_import PASSED [ 84%]
src/codomyrmex/tests/unit/serialization/test_serialization.py::TestSerializationModuleImport::test_serialization_module_structure PASSED [ 84%]
src/codomyrmex/tests/unit/serialization/test_serialization.py::TestSerializationModuleImport::test_serialization_core_imports PASSED [ 84%]
src/codomyrmex/tests/unit/serialization/test_serialization.py::TestSerializationModuleImport::test_serialization_module_exports PASSED [ 84%]
src/codomyrmex/tests/unit/serialization/test_serialization.py::TestSerializationModuleImport::test_serialization_format_enum PASSED [ 84%]
src/codomyrmex/tests/unit/serialization/test_serialization.py::TestJSONSerialization::test_json_serialize_dict PASSED [ 84%]
src/codomyrmex/tests/unit/serialization/test_serialization.py::TestJSONSerialization::test_json_deserialize_dict PASSED [ 84%]
src/codomyrmex/tests/unit/serialization/test_serialization.py::TestJSONSerialization::test_json_roundtrip_simple PASSED [ 84%]
src/codomyrmex/tests/unit/serialization/test_serialization.py::TestJSONSerialization::test_json_serialize_list PASSED [ 84%]
src/codomyrmex/tests/unit/serialization/test_serialization.py::TestJSONSerialization::test_json_serialize_nested_structure PASSED [ 84%]
src/codomyrmex/tests/unit/serialization/test_serialization.py::TestJSONSerialization::test_json_serialize_datetime PASSED [ 84%]
src/codomyrmex/tests/unit/serialization/test_serialization.py::TestJSONSerialization::test_json_serialize_enum PASSED [ 84%]
src/codomyrmex/tests/unit/serialization/test_serialization.py::TestJSONSerialization::test_json_serialize_dataclass PASSED [ 84%]
src/codomyrmex/tests/unit/serialization/test_serialization.py::TestJSONSerialization::test_json_deserialize_to_dataclass PASSED [ 84%]
src/codomyrmex/tests/unit/serialization/test_serialization.py::TestJSONSerialization::test_json_serialize_path PASSED [ 84%]
src/codomyrmex/tests/unit/serialization/test_serialization.py::TestJSONSerialization::test_json_serialize_null_values PASSED [ 84%]
src/codomyrmex/tests/unit/serialization/test_serialization.py::TestJSONSerialization::test_json_deserialize_malformed_raises_error PASSED [ 84%]
src/codomyrmex/tests/unit/serialization/test_serialization.py::TestJSONSerialization::test_json_deserialize_invalid_unicode PASSED [ 84%]
src/codomyrmex/tests/unit/serialization/test_serialization.py::TestYAMLSerialization::test_yaml_serialize_dict PASSED [ 84%]
src/codomyrmex/tests/unit/serialization/test_serialization.py::TestYAMLSerialization::test_yaml_deserialize_dict PASSED [ 84%]
src/codomyrmex/tests/unit/serialization/test_serialization.py::TestYAMLSerialization::test_yaml_roundtrip PASSED [ 84%]
src/codomyrmex/tests/unit/serialization/test_serialization.py::TestYAMLSerialization::test_yaml_serialize_nested_structure PASSED [ 84%]
src/codomyrmex/tests/unit/serialization/test_serialization.py::TestYAMLSerialization::test_yaml_serialize_list PASSED [ 84%]
src/codomyrmex/tests/unit/serialization/test_serialization.py::TestYAMLSerialization::test_yaml_multiline_string PASSED [ 84%]
src/codomyrmex/tests/unit/serialization/test_serialization.py::TestYAMLSerialization::test_yaml_deserialize_to_dataclass PASSED [ 84%]
src/codomyrmex/tests/unit/serialization/test_serialization.py::TestYAMLSerialization::test_yaml_deserialize_malformed_raises_error PASSED [ 84%]
src/codomyrmex/tests/unit/serialization/test_serialization.py::TestPickleSerialization::test_pickle_serialize_dict PASSED [ 84%]
src/codomyrmex/tests/unit/serialization/test_serialization.py::TestPickleSerialization::test_pickle_roundtrip PASSED [ 84%]
src/codomyrmex/tests/unit/serialization/test_serialization.py::TestPickleSerialization::test_pickle_serialize_dataclass PASSED [ 84%]
src/codomyrmex/tests/unit/serialization/test_serialization.py::TestPickleSerialization::test_pickle_serialize_complex_object PASSED [ 84%]
src/codomyrmex/tests/unit/serialization/test_serialization.py::TestPickleSerialization::test_pickle_deserialize_corrupted_raises_error PASSED [ 84%]
src/codomyrmex/tests/unit/serialization/test_serialization.py::TestMsgpackSerialization::test_msgpack_serialize_dict PASSED [ 84%]
src/codomyrmex/tests/unit/serialization/test_serialization.py::TestMsgpackSerialization::test_msgpack_roundtrip PASSED [ 84%]
src/codomyrmex/tests/unit/serialization/test_serialization.py::TestMsgpackSerialization::test_msgpack_serialize_nested PASSED [ 84%]
src/codomyrmex/tests/unit/serialization/test_serialization.py::TestMsgpackSerialization::test_msgpack_binary_data PASSED [ 84%]
src/codomyrmex/tests/unit/serialization/test_serialization.py::TestMsgpackSerialization::test_msgpack_large_data PASSED [ 84%]
src/codomyrmex/tests/unit/serialization/test_serialization.py::TestMsgpackSerialization::test_msgpack_empty_structures PASSED [ 84%]
src/codomyrmex/tests/unit/serialization/test_serialization.py::TestAvroSerialization::test_avro_serialize_basic PASSED [ 84%]
src/codomyrmex/tests/unit/serialization/test_serialization.py::TestAvroSerialization::test_avro_roundtrip PASSED [ 84%]
src/codomyrmex/tests/unit/serialization/test_serialization.py::TestAvroSerialization::test_avro_multiple_records PASSED [ 84%]
src/codomyrmex/tests/unit/serialization/test_serialization.py::TestAvroSerialization::test_avro_nullable_field PASSED [ 84%]
src/codomyrmex/tests/unit/serialization/test_serialization.py::TestParquetSerialization::test_parquet_serialize_basic PASSED [ 84%]
src/codomyrmex/tests/unit/serialization/test_serialization.py::TestParquetSerialization::test_parquet_roundtrip PASSED [ 84%]
src/codomyrmex/tests/unit/serialization/test_serialization.py::TestParquetSerialization::test_parquet_large_dataset PASSED [ 84%]
src/codomyrmex/tests/unit/serialization/test_serialization.py::TestParquetSerialization::test_parquet_mixed_types PASSED [ 84%]
src/codomyrmex/tests/unit/serialization/test_serialization.py::TestFileSerialization::test_to_file_json PASSED [ 84%]
src/codomyrmex/tests/unit/serialization/test_serialization.py::TestFileSerialization::test_from_file_json PASSED [ 84%]
src/codomyrmex/tests/unit/serialization/test_serialization.py::TestFileSerialization::test_file_roundtrip_yaml PASSED [ 84%]
src/codomyrmex/tests/unit/serialization/test_serialization.py::TestFileSerialization::test_file_roundtrip_pickle PASSED [ 84%]
src/codomyrmex/tests/unit/serialization/test_serialization.py::TestFileSerialization::test_from_file_nonexistent_raises_error PASSED [ 84%]
src/codomyrmex/tests/unit/serialization/test_serialization.py::TestFileSerialization::test_to_file_with_dataclass PASSED [ 84%]
src/codomyrmex/tests/unit/serialization/test_serialization.py::TestSerializationManager::test_get_serializer_json XPASS [ 84%]
src/codomyrmex/tests/unit/serialization/test_serialization.py::TestSerializationManager::test_get_serializer_caches_instance XPASS [ 84%]
src/codomyrmex/tests/unit/serialization/test_serialization.py::TestSerializationManager::test_serialize_via_manager XPASS [ 84%]
src/codomyrmex/tests/unit/serialization/test_serialization.py::TestConvenienceFunctions::test_serialize_json PASSED [ 84%]
src/codomyrmex/tests/unit/serialization/test_serialization.py::TestConvenienceFunctions::test_deserialize_json PASSED [ 84%]
src/codomyrmex/tests/unit/serialization/test_serialization.py::TestConvenienceFunctions::test_serialize_deserialize_roundtrip PASSED [ 85%]
src/codomyrmex/tests/unit/serialization/test_serialization.py::TestConvenienceFunctions::test_serialize_with_format_string PASSED [ 85%]
src/codomyrmex/tests/unit/serialization/test_serialization.py::TestConvenienceFunctions::test_serialize_with_format_enum PASSED [ 85%]
src/codomyrmex/tests/unit/serialization/test_serialization.py::TestErrorHandling::test_serialization_error_message PASSED [ 85%]
src/codomyrmex/tests/unit/serialization/test_serialization.py::TestErrorHandling::test_deserialize_empty_json PASSED [ 85%]
src/codomyrmex/tests/unit/serialization/test_serialization.py::TestErrorHandling::test_deserialize_empty_list PASSED [ 85%]
src/codomyrmex/tests/unit/serialization/test_serialization.py::TestErrorHandling::test_unsupported_format_raises_error PASSED [ 85%]
src/codomyrmex/tests/unit/serialization/test_serialization.py::TestEdgeCases::test_unicode_strings PASSED [ 85%]
src/codomyrmex/tests/unit/serialization/test_serialization.py::TestEdgeCases::test_very_long_string PASSED [ 85%]
src/codomyrmex/tests/unit/serialization/test_serialization.py::TestEdgeCases::test_deeply_nested_structure PASSED [ 85%]
src/codomyrmex/tests/unit/serialization/test_serialization.py::TestEdgeCases::test_numeric_precision PASSED [ 85%]
src/codomyrmex/tests/unit/serialization/test_serialization.py::TestEdgeCases::test_boolean_values PASSED [ 85%]
src/codomyrmex/tests/unit/serialization/test_serialization.py::TestEdgeCases::test_special_float_values PASSED [ 85%]
src/codomyrmex/tests/unit/serialization/test_serialization.py::TestEdgeCases::test_mixed_list_types PASSED [ 85%]
src/codomyrmex/tests/unit/serialization/test_serialization_expansion.py::test_msgpack_serialization PASSED [ 85%]
src/codomyrmex/tests/unit/serialization/test_serialization_expansion.py::test_avro_serialization PASSED [ 85%]
src/codomyrmex/tests/unit/serialization/test_serialization_expansion.py::test_parquet_serialization PASSED [ 85%]
src/codomyrmex/tests/unit/service_mesh/test_service_mesh.py::TestCircuitState::test_closed PASSED [ 85%]
src/codomyrmex/tests/unit/service_mesh/test_service_mesh.py::TestCircuitState::test_open PASSED [ 85%]
src/codomyrmex/tests/unit/service_mesh/test_service_mesh.py::TestCircuitState::test_half_open PASSED [ 85%]
src/codomyrmex/tests/unit/service_mesh/test_service_mesh.py::TestLoadBalancerStrategy::test_round_robin PASSED [ 85%]
src/codomyrmex/tests/unit/service_mesh/test_service_mesh.py::TestLoadBalancerStrategy::test_random PASSED [ 85%]
src/codomyrmex/tests/unit/service_mesh/test_service_mesh.py::TestLoadBalancerStrategy::test_weighted PASSED [ 85%]
src/codomyrmex/tests/unit/service_mesh/test_service_mesh.py::TestLoadBalancerStrategy::test_least_connections PASSED [ 85%]
src/codomyrmex/tests/unit/service_mesh/test_service_mesh.py::TestCircuitBreakerConfig::test_create_config PASSED [ 85%]
src/codomyrmex/tests/unit/service_mesh/test_service_mesh.py::TestCircuitBreakerConfig::test_custom_config PASSED [ 85%]
src/codomyrmex/tests/unit/service_mesh/test_service_mesh.py::TestServiceInstance::test_create_instance PASSED [ 85%]
src/codomyrmex/tests/unit/service_mesh/test_service_mesh.py::TestCircuitBreaker::test_create_breaker PASSED [ 85%]
src/codomyrmex/tests/unit/service_mesh/test_service_mesh.py::TestCircuitBreaker::test_create_with_config PASSED [ 85%]
src/codomyrmex/tests/unit/service_mesh/test_service_mesh.py::TestCircuitOpenError::test_is_exception PASSED [ 85%]
src/codomyrmex/tests/unit/service_mesh/test_service_mesh.py::TestNoHealthyInstanceError::test_is_exception PASSED [ 85%]
src/codomyrmex/tests/unit/service_mesh/test_service_mesh.py::TestLoadBalancer::test_create_balancer PASSED [ 85%]
src/codomyrmex/tests/unit/service_mesh/test_service_mesh.py::TestLoadBalancer::test_create_with_strategy PASSED [ 85%]
src/codomyrmex/tests/unit/service_mesh/test_service_mesh.py::TestRetryPolicy::test_create_policy PASSED [ 85%]
src/codomyrmex/tests/unit/service_mesh/test_service_mesh.py::TestRetryPolicy::test_custom_policy PASSED [ 85%]
src/codomyrmex/tests/unit/service_mesh/test_service_mesh.py::TestServiceProxy::test_create_proxy PASSED [ 85%]
src/codomyrmex/tests/unit/service_mesh/test_service_mesh.py::TestServiceProxy::test_proxy_with_components PASSED [ 85%]
src/codomyrmex/tests/unit/service_mesh/test_service_mesh.py::TestDecorators::test_with_circuit_breaker_callable PASSED [ 85%]
src/codomyrmex/tests/unit/service_mesh/test_service_mesh.py::TestDecorators::test_with_retry_callable PASSED [ 85%]
src/codomyrmex/tests/unit/simulation/test_simulator.py::test_agent_initialization PASSED [ 85%]
src/codomyrmex/tests/unit/simulation/test_simulator.py::test_simulator_initialization PASSED [ 85%]
src/codomyrmex/tests/unit/simulation/test_simulator.py::test_simulator_add_remove_agent PASSED [ 85%]
src/codomyrmex/tests/unit/simulation/test_simulator.py::test_simulator_run PASSED [ 85%]
src/codomyrmex/tests/unit/skills/test_arscontexta.py::TestEnums::test_vault_space_values PASSED [ 85%]
src/codomyrmex/tests/unit/skills/test_arscontexta.py::TestEnums::test_kernel_layer_values PASSED [ 85%]
src/codomyrmex/tests/unit/skills/test_arscontexta.py::TestEnums::test_pipeline_stage_values PASSED [ 85%]
src/codomyrmex/tests/unit/skills/test_arscontexta.py::TestEnums::test_config_dimension_values PASSED [ 85%]
src/codomyrmex/tests/unit/skills/test_arscontexta.py::TestEnums::test_health_and_skill_type_values PASSED [ 85%]
src/codomyrmex/tests/unit/skills/test_arscontexta.py::TestDataclasses::test_kernel_primitive_to_dict PASSED [ 85%]
src/codomyrmex/tests/unit/skills/test_arscontexta.py::TestDataclasses::test_research_claim_to_dict PASSED [ 85%]
src/codomyrmex/tests/unit/skills/test_arscontexta.py::TestDataclasses::test_dimension_signal_to_dict PASSED [ 85%]
src/codomyrmex/tests/unit/skills/test_arscontexta.py::TestDataclasses::test_stage_result_to_dict PASSED [ 85%]
src/codomyrmex/tests/unit/skills/test_arscontexta.py::TestDataclasses::test_vault_health_report_to_dict PASSED [ 85%]
src/codomyrmex/tests/unit/skills/test_arscontexta.py::TestKernelPrimitiveRegistry::test_default_primitives_loaded PASSED [ 85%]
src/codomyrmex/tests/unit/skills/test_arscontexta.py::TestKernelPrimitiveRegistry::test_get_by_name PASSED [ 85%]
src/codomyrmex/tests/unit/skills/test_arscontexta.py::TestKernelPrimitiveRegistry::test_list_by_layer PASSED [ 85%]
src/codomyrmex/tests/unit/skills/test_arscontexta.py::TestKernelPrimitiveRegistry::test_to_kernel_config PASSED [ 85%]
src/codomyrmex/tests/unit/skills/test_arscontexta.py::TestKernelPrimitiveRegistry::test_validate_dependencies PASSED [ 85%]
src/codomyrmex/tests/unit/skills/test_arscontexta.py::TestProcessingPipeline::test_passthrough_no_handlers PASSED [ 85%]
src/codomyrmex/tests/unit/skills/test_arscontexta.py::TestProcessingPipeline::test_handler_registration_and_execution PASSED [ 85%]
src/codomyrmex/tests/unit/skills/test_arscontexta.py::TestProcessingPipeline::test_error_handling PASSED [ 85%]
src/codomyrmex/tests/unit/skills/test_arscontexta.py::TestProcessingPipeline::test_single_stage_processing PASSED [ 85%]
src/codomyrmex/tests/unit/skills/test_arscontexta.py::TestDerivationEngine::test_signal_ingestion PASSED [ 85%]
src/codomyrmex/tests/unit/skills/test_arscontexta.py::TestDerivationEngine::test_text_keyword_extraction PASSED [ 85%]
src/codomyrmex/tests/unit/skills/test_arscontexta.py::TestDerivationEngine::test_dimension_summary PASSED [ 85%]
src/codomyrmex/tests/unit/skills/test_arscontexta.py::TestDerivationEngine::test_overall_confidence_and_reset PASSED [ 85%]
src/codomyrmex/tests/unit/skills/test_arscontexta.py::TestMethodologyGraph::test_add_and_retrieve_claims PASSED [ 85%]
src/codomyrmex/tests/unit/skills/test_arscontexta.py::TestMethodologyGraph::test_edges_and_related PASSED [ 85%]
src/codomyrmex/tests/unit/skills/test_arscontexta.py::TestMethodologyGraph::test_get_by_primitive_and_statistics PASSED [ 85%]
src/codomyrmex/tests/unit/skills/test_arscontexta.py::TestVaultHealthChecker::test_missing_vault_returns_error PASSED [ 85%]
src/codomyrmex/tests/unit/skills/test_arscontexta.py::TestVaultHealthChecker::test_empty_vault_returns_warning PASSED [ 85%]
src/codomyrmex/tests/unit/skills/test_arscontexta.py::TestArsContextaManager::test_setup_creates_config PASSED [ 85%]
src/codomyrmex/tests/unit/skills/test_arscontexta.py::TestArsContextaManager::test_health_on_temp_vault PASSED [ 85%]
src/codomyrmex/tests/unit/skills/test_arscontexta.py::TestArsContextaManager::test_derive_config PASSED [ 85%]
src/codomyrmex/tests/unit/skills/test_arscontexta.py::test_exception_hierarchy PASSED [ 85%]
src/codomyrmex/tests/unit/skills/test_discovery.py::test_skill_category_enum PASSED [ 85%]
src/codomyrmex/tests/unit/skills/test_discovery.py::test_parameter_schema_to_dict PASSED [ 85%]
src/codomyrmex/tests/unit/skills/test_discovery.py::test_skill_metadata_to_dict PASSED [ 85%]
src/codomyrmex/tests/unit/skills/test_discovery.py::test_skill_metadata_to_json_schema PASSED [ 85%]
src/codomyrmex/tests/unit/skills/test_discovery.py::test_function_skill_creation PASSED [ 85%]
src/codomyrmex/tests/unit/skills/test_discovery.py::test_function_skill_metadata_inference PASSED [ 85%]
src/codomyrmex/tests/unit/skills/test_discovery.py::test_function_skill_execute PASSED [ 85%]
src/codomyrmex/tests/unit/skills/test_discovery.py::test_skill_validate_params PASSED [ 85%]
src/codomyrmex/tests/unit/skills/test_discovery.py::test_registry_register_unregister PASSED [ 85%]
src/codomyrmex/tests/unit/skills/test_discovery.py::test_registry_search_by_query PASSED [ 85%]
src/codomyrmex/tests/unit/skills/test_discovery.py::test_registry_search_by_category PASSED [ 85%]
src/codomyrmex/tests/unit/skills/test_discovery.py::test_registry_search_by_tags PASSED [ 85%]
src/codomyrmex/tests/unit/skills/test_discovery.py::test_registry_execute PASSED [ 85%]
src/codomyrmex/tests/unit/skills/test_discovery.py::test_skill_decorator PASSED [ 85%]
src/codomyrmex/tests/unit/skills/test_discovery.py::test_discoverer_from_module PASSED [ 85%]
src/codomyrmex/tests/unit/skills/test_discovery.py::test_default_registry PASSED [ 85%]
src/codomyrmex/tests/unit/skills/test_skill_loader.py::test_load_skill_file PASSED [ 85%]
src/codomyrmex/tests/unit/skills/test_skill_loader.py::test_get_merged_skill_upstream_only PASSED [ 85%]
src/codomyrmex/tests/unit/skills/test_skill_loader.py::test_get_merged_skill_custom_override PASSED [ 85%]
src/codomyrmex/tests/unit/skills/test_skill_loader.py::test_get_merged_skill_not_found PASSED [ 85%]
src/codomyrmex/tests/unit/skills/test_skill_loader.py::test_load_all_skills PASSED [ 85%]
src/codomyrmex/tests/unit/skills/test_skill_loader.py::test_clear_cache PASSED [ 85%]
src/codomyrmex/tests/unit/skills/test_skill_registry.py::test_build_index PASSED [ 85%]
src/codomyrmex/tests/unit/skills/test_skill_registry.py::test_get_categories PASSED [ 85%]
src/codomyrmex/tests/unit/skills/test_skill_registry.py::test_get_skill_metadata PASSED [ 86%]
src/codomyrmex/tests/unit/skills/test_skill_registry.py::test_search_by_pattern PASSED [ 86%]
src/codomyrmex/tests/unit/skills/test_skill_registry.py::test_search_by_pattern_regex PASSED [ 86%]
src/codomyrmex/tests/unit/skills/test_skill_registry.py::test_search_skills PASSED [ 86%]
src/codomyrmex/tests/unit/skills/test_skill_registry.py::test_get_index PASSED [ 86%]
src/codomyrmex/tests/unit/skills/test_skill_registry.py::test_refresh_index PASSED [ 86%]
src/codomyrmex/tests/unit/skills/test_skill_sync.py::test_check_upstream_status_not_exists PASSED [ 86%]
src/codomyrmex/tests/unit/skills/test_skill_sync.py::test_clone_upstream PASSED [ 86%]
src/codomyrmex/tests/unit/skills/test_skill_sync.py::test_clone_upstream_force PASSED [ 86%]
src/codomyrmex/tests/unit/skills/test_skill_sync.py::test_pull_upstream PASSED [ 86%]
src/codomyrmex/tests/unit/skills/test_skill_sync.py::test_pull_upstream_not_git PASSED [ 86%]
src/codomyrmex/tests/unit/skills/test_skill_sync.py::test_get_upstream_version PASSED [ 86%]
src/codomyrmex/tests/unit/skills/test_skill_validator.py::test_validate_valid_skill PASSED [ 86%]
src/codomyrmex/tests/unit/skills/test_skill_validator.py::test_validate_empty_skill PASSED [ 86%]
src/codomyrmex/tests/unit/skills/test_skill_validator.py::test_validate_non_dict PASSED [ 86%]
src/codomyrmex/tests/unit/skills/test_skill_validator.py::test_validate_invalid_patterns PASSED [ 86%]
src/codomyrmex/tests/unit/skills/test_skill_validator.py::test_validate_invalid_pattern_item PASSED [ 86%]
src/codomyrmex/tests/unit/skills/test_skill_validator.py::test_validate_invalid_anti_patterns PASSED [ 86%]
src/codomyrmex/tests/unit/skills/test_skill_validator.py::test_validate_file_exists PASSED [ 86%]
src/codomyrmex/tests/unit/skills/test_skill_validator.py::test_validate_file_not_exists PASSED [ 86%]
src/codomyrmex/tests/unit/skills/test_skill_validator.py::test_validate_directory PASSED [ 86%]
src/codomyrmex/tests/unit/skills/test_skills_manager.py::test_initialize_clone PASSED [ 86%]
src/codomyrmex/tests/unit/skills/test_skills_manager.py::test_initialize_auto_sync PASSED [ 86%]
src/codomyrmex/tests/unit/skills/test_skills_manager.py::test_sync_upstream PASSED [ 86%]
src/codomyrmex/tests/unit/skills/test_skills_manager.py::test_get_skill PASSED [ 86%]
src/codomyrmex/tests/unit/skills/test_skills_manager.py::test_list_skills PASSED [ 86%]
src/codomyrmex/tests/unit/skills/test_skills_manager.py::test_search_skills PASSED [ 86%]
src/codomyrmex/tests/unit/skills/test_skills_manager.py::test_add_custom_skill PASSED [ 86%]
src/codomyrmex/tests/unit/skills/test_skills_manager.py::test_get_categories PASSED [ 86%]
src/codomyrmex/tests/unit/smart_contracts/test_smart_contracts.py::TestNetwork::test_ethereum PASSED [ 86%]
src/codomyrmex/tests/unit/smart_contracts/test_smart_contracts.py::TestNetwork::test_polygon PASSED [ 86%]
src/codomyrmex/tests/unit/smart_contracts/test_smart_contracts.py::TestNetwork::test_arbitrum PASSED [ 86%]
src/codomyrmex/tests/unit/smart_contracts/test_smart_contracts.py::TestNetwork::test_base PASSED [ 86%]
src/codomyrmex/tests/unit/smart_contracts/test_smart_contracts.py::TestTransactionStatus::test_pending PASSED [ 86%]
src/codomyrmex/tests/unit/smart_contracts/test_smart_contracts.py::TestTransactionStatus::test_confirmed PASSED [ 86%]
src/codomyrmex/tests/unit/smart_contracts/test_smart_contracts.py::TestTransactionStatus::test_failed PASSED [ 86%]
src/codomyrmex/tests/unit/smart_contracts/test_smart_contracts.py::TestAddress::test_create_address PASSED [ 86%]
src/codomyrmex/tests/unit/smart_contracts/test_smart_contracts.py::TestAddress::test_address_with_network PASSED [ 86%]
src/codomyrmex/tests/unit/smart_contracts/test_smart_contracts.py::TestTransaction::test_create_transaction PASSED [ 86%]
src/codomyrmex/tests/unit/smart_contracts/test_smart_contracts.py::TestTransaction::test_transaction_defaults PASSED [ 86%]
src/codomyrmex/tests/unit/smart_contracts/test_smart_contracts.py::TestContractFunction::test_create_function PASSED [ 86%]
src/codomyrmex/tests/unit/smart_contracts/test_smart_contracts.py::TestContract::test_create_contract PASSED [ 86%]
src/codomyrmex/tests/unit/smart_contracts/test_smart_contracts.py::TestContractCall::test_create_call PASSED [ 86%]
src/codomyrmex/tests/unit/smart_contracts/test_smart_contracts.py::TestTransactionBuilder::test_create_builder PASSED [ 86%]
src/codomyrmex/tests/unit/smart_contracts/test_smart_contracts.py::TestContractRegistry::test_create_registry PASSED [ 86%]
src/codomyrmex/tests/unit/smart_contracts/test_smart_contracts.py::TestConversionFunctions::test_wei_to_ether PASSED [ 86%]
src/codomyrmex/tests/unit/smart_contracts/test_smart_contracts.py::TestConversionFunctions::test_ether_to_wei PASSED [ 86%]
src/codomyrmex/tests/unit/smart_contracts/test_smart_contracts.py::TestConversionFunctions::test_gwei_to_wei PASSED [ 86%]
src/codomyrmex/tests/unit/smart_contracts/test_smart_contracts.py::TestConversionFunctions::test_roundtrip PASSED [ 86%]
src/codomyrmex/tests/unit/smart_contracts/test_smart_contracts.py::TestAddressValidation::test_valid_ethereum_address_42_chars PASSED [ 86%]
src/codomyrmex/tests/unit/smart_contracts/test_smart_contracts.py::TestAddressValidation::test_short_ethereum_address_returns_false PASSED [ 86%]
src/codomyrmex/tests/unit/smart_contracts/test_smart_contracts.py::TestAddressValidation::test_no_0x_prefix_returns_false PASSED [ 86%]
src/codomyrmex/tests/unit/smart_contracts/test_smart_contracts.py::TestAddressValidation::test_valid_polygon_address PASSED [ 86%]
src/codomyrmex/tests/unit/smart_contracts/test_smart_contracts.py::TestAddressValidation::test_short_polygon_address_returns_false PASSED [ 86%]
src/codomyrmex/tests/unit/smart_contracts/test_smart_contracts.py::TestAddressValidation::test_valid_arbitrum_address PASSED [ 86%]
src/codomyrmex/tests/unit/smart_contracts/test_smart_contracts.py::TestAddressValidation::test_valid_optimism_address PASSED [ 86%]
src/codomyrmex/tests/unit/smart_contracts/test_smart_contracts.py::TestAddressValidation::test_valid_base_address PASSED [ 86%]
src/codomyrmex/tests/unit/smart_contracts/test_smart_contracts.py::TestAddressValidation::test_solana_address_valid_if_non_empty PASSED [ 86%]
src/codomyrmex/tests/unit/smart_contracts/test_smart_contracts.py::TestAddressValidation::test_solana_empty_address_invalid PASSED [ 86%]
src/codomyrmex/tests/unit/smart_contracts/test_smart_contracts.py::TestAddressStr::test_str_returns_value PASSED [ 86%]
src/codomyrmex/tests/unit/smart_contracts/test_smart_contracts.py::TestAddressStr::test_str_returns_solana_value PASSED [ 86%]
src/codomyrmex/tests/unit/smart_contracts/test_smart_contracts.py::TestContractFunctionEncode::test_encode_call_returns_hex_string PASSED [ 86%]
src/codomyrmex/tests/unit/smart_contracts/test_smart_contracts.py::TestContractFunctionEncode::test_encode_call_hex_chars_only PASSED [ 86%]
src/codomyrmex/tests/unit/smart_contracts/test_smart_contracts.py::TestContractFunctionEncode::test_encode_call_no_inputs PASSED [ 86%]
src/codomyrmex/tests/unit/smart_contracts/test_smart_contracts.py::TestContractFunctionEncode::test_different_functions_produce_different_selectors PASSED [ 86%]
src/codomyrmex/tests/unit/smart_contracts/test_smart_contracts.py::TestContractWithABI::test_parses_functions_from_abi PASSED [ 86%]
src/codomyrmex/tests/unit/smart_contracts/test_smart_contracts.py::TestContractWithABI::test_ignores_non_function_abi_entries PASSED [ 86%]
src/codomyrmex/tests/unit/smart_contracts/test_smart_contracts.py::TestContractWithABI::test_get_function_returns_correct_function PASSED [ 86%]
src/codomyrmex/tests/unit/smart_contracts/test_smart_contracts.py::TestContractWithABI::test_get_function_returns_none_for_missing PASSED [ 86%]
src/codomyrmex/tests/unit/smart_contracts/test_smart_contracts.py::TestContractWithABI::test_list_functions_returns_names PASSED [ 86%]
src/codomyrmex/tests/unit/smart_contracts/test_smart_contracts.py::TestContractWithABI::test_view_function_detected PASSED [ 86%]
src/codomyrmex/tests/unit/smart_contracts/test_smart_contracts.py::TestContractWithABI::test_non_view_function_detected PASSED [ 86%]
src/codomyrmex/tests/unit/smart_contracts/test_smart_contracts.py::TestContractWithABI::test_empty_abi_produces_no_functions PASSED [ 86%]
src/codomyrmex/tests/unit/smart_contracts/test_smart_contracts.py::TestContractCallFluent::test_with_args_returns_self PASSED [ 86%]
src/codomyrmex/tests/unit/smart_contracts/test_smart_contracts.py::TestContractCallFluent::test_with_value_returns_self PASSED [ 86%]
src/codomyrmex/tests/unit/smart_contracts/test_smart_contracts.py::TestContractCallFluent::test_with_gas_limit_returns_self PASSED [ 86%]
src/codomyrmex/tests/unit/smart_contracts/test_smart_contracts.py::TestContractCallFluent::test_fluent_chaining PASSED [ 86%]
src/codomyrmex/tests/unit/smart_contracts/test_smart_contracts.py::TestContractCallFluent::test_encode_calls_function PASSED [ 86%]
src/codomyrmex/tests/unit/smart_contracts/test_smart_contracts.py::TestContractCallFluent::test_encode_with_missing_function_raises_value_error PASSED [ 86%]
src/codomyrmex/tests/unit/smart_contracts/test_smart_contracts.py::TestContractCallFluent::test_to_transaction_creates_proper_transaction PASSED [ 86%]
src/codomyrmex/tests/unit/smart_contracts/test_smart_contracts.py::TestTransactionBuilderDeep::test_fluent_chain_all_methods PASSED [ 86%]
src/codomyrmex/tests/unit/smart_contracts/test_smart_contracts.py::TestTransactionBuilderDeep::test_build_creates_transaction_with_hash PASSED [ 86%]
src/codomyrmex/tests/unit/smart_contracts/test_smart_contracts.py::TestTransactionBuilderDeep::test_build_without_to_raises_value_error PASSED [ 86%]
src/codomyrmex/tests/unit/smart_contracts/test_smart_contracts.py::TestTransactionBuilderDeep::test_build_preserves_all_fields PASSED [ 86%]
src/codomyrmex/tests/unit/smart_contracts/test_smart_contracts.py::TestTransactionBuilderDeep::test_different_nonces_produce_different_hashes PASSED [ 86%]
src/codomyrmex/tests/unit/smart_contracts/test_smart_contracts.py::TestContractRegistryDeep::test_register_and_get PASSED [ 86%]
src/codomyrmex/tests/unit/smart_contracts/test_smart_contracts.py::TestContractRegistryDeep::test_get_missing_returns_none PASSED [ 86%]
src/codomyrmex/tests/unit/smart_contracts/test_smart_contracts.py::TestContractRegistryDeep::test_list_returns_registered_names PASSED [ 86%]
src/codomyrmex/tests/unit/smart_contracts/test_smart_contracts.py::TestContractRegistryDeep::test_list_empty_registry PASSED [ 86%]
src/codomyrmex/tests/unit/smart_contracts/test_smart_contracts.py::TestContractRegistryDeep::test_register_overwrites_existing PASSED [ 86%]
src/codomyrmex/tests/unit/smart_contracts/test_smart_contracts.py::TestConversionFunctionsDeep::test_wei_to_ether_zero PASSED [ 86%]
src/codomyrmex/tests/unit/smart_contracts/test_smart_contracts.py::TestConversionFunctionsDeep::test_ether_to_wei_zero PASSED [ 86%]
src/codomyrmex/tests/unit/smart_contracts/test_smart_contracts.py::TestConversionFunctionsDeep::test_gwei_to_wei_zero PASSED [ 86%]
src/codomyrmex/tests/unit/smart_contracts/test_smart_contracts.py::TestConversionFunctionsDeep::test_large_wei_value PASSED [ 86%]
src/codomyrmex/tests/unit/smart_contracts/test_smart_contracts.py::TestConversionFunctionsDeep::test_gwei_to_wei_large PASSED [ 86%]
src/codomyrmex/tests/unit/smart_contracts/test_smart_contracts.py::TestConversionFunctionsDeep::test_fractional_ether PASSED [ 86%]
src/codomyrmex/tests/unit/smart_contracts/test_smart_contracts.py::TestContractEvent::test_create_event_minimal PASSED [ 86%]
src/codomyrmex/tests/unit/smart_contracts/test_smart_contracts.py::TestContractEvent::test_create_event_with_all_fields PASSED [ 86%]
src/codomyrmex/tests/unit/smart_contracts/test_smart_contracts.py::TestContractEvent::test_event_timestamp_is_set PASSED [ 87%]
src/codomyrmex/tests/unit/smart_contracts/test_smart_contracts.py::TestEventFilter::test_empty_filter_matches_everything PASSED [ 87%]
src/codomyrmex/tests/unit/smart_contracts/test_smart_contracts.py::TestEventFilter::test_filter_by_event_name_match PASSED [ 87%]
src/codomyrmex/tests/unit/smart_contracts/test_smart_contracts.py::TestEventFilter::test_filter_by_event_name_no_match PASSED [ 87%]
src/codomyrmex/tests/unit/smart_contracts/test_smart_contracts.py::TestEventFilter::test_filter_from_block PASSED [ 87%]
src/codomyrmex/tests/unit/smart_contracts/test_smart_contracts.py::TestEventFilter::test_filter_to_block PASSED [ 87%]
src/codomyrmex/tests/unit/smart_contracts/test_smart_contracts.py::TestEventFilter::test_filter_block_range PASSED [ 87%]
src/codomyrmex/tests/unit/smart_contracts/test_smart_contracts.py::TestEventFilter::test_filter_by_address PASSED [ 87%]
src/codomyrmex/tests/unit/smart_contracts/test_smart_contracts.py::TestEventFilter::test_filter_combined_criteria PASSED [ 87%]
src/codomyrmex/tests/unit/smart_contracts/test_smart_contracts.py::TestEventFilter::test_filter_fluent_returns_self PASSED [ 87%]
src/codomyrmex/tests/unit/smart_contracts/test_smart_contracts.py::TestEventLog::test_add_and_query_all PASSED [ 87%]
src/codomyrmex/tests/unit/smart_contracts/test_smart_contracts.py::TestEventLog::test_query_returns_copy PASSED [ 87%]
src/codomyrmex/tests/unit/smart_contracts/test_smart_contracts.py::TestEventLog::test_query_with_filter PASSED [ 87%]
src/codomyrmex/tests/unit/smart_contracts/test_smart_contracts.py::TestEventLog::test_count_all PASSED [ 87%]
src/codomyrmex/tests/unit/smart_contracts/test_smart_contracts.py::TestEventLog::test_count_by_name PASSED [ 87%]
src/codomyrmex/tests/unit/smart_contracts/test_smart_contracts.py::TestEventLog::test_count_empty PASSED [ 87%]
src/codomyrmex/tests/unit/smart_contracts/test_smart_contracts.py::TestEventLog::test_latest_single PASSED [ 87%]
src/codomyrmex/tests/unit/smart_contracts/test_smart_contracts.py::TestEventLog::test_latest_multiple PASSED [ 87%]
src/codomyrmex/tests/unit/smart_contracts/test_smart_contracts.py::TestEventLog::test_latest_more_than_available PASSED [ 87%]
src/codomyrmex/tests/unit/smart_contracts/test_smart_contracts.py::TestEventLog::test_latest_empty_log PASSED [ 87%]
src/codomyrmex/tests/unit/smart_contracts/test_smart_contracts.py::TestContractRegistryRemove::test_remove_existing_returns_true PASSED [ 87%]
src/codomyrmex/tests/unit/smart_contracts/test_smart_contracts.py::TestContractRegistryRemove::test_remove_missing_returns_false PASSED [ 87%]
src/codomyrmex/tests/unit/smart_contracts/test_smart_contracts.py::TestContractRegistryRemove::test_remove_then_register_again PASSED [ 87%]
src/codomyrmex/tests/unit/spatial/three_d/test_three_d.py::TestThreeD::test_three_d_import PASSED [ 87%]
src/codomyrmex/tests/unit/spatial/three_d/test_three_d.py::TestThreeD::test_three_d_module_exists PASSED [ 87%]
src/codomyrmex/tests/unit/spatial/three_d/test_three_d.py::TestThreeD::test_three_d_init_file PASSED [ 87%]
src/codomyrmex/tests/unit/spatial/three_d/test_three_d.py::TestThreeD::test_engine_3d_module_exists PASSED [ 87%]
src/codomyrmex/tests/unit/spatial/three_d/test_three_d.py::TestThreeD::test_rendering_pipeline_module_exists PASSED [ 87%]
src/codomyrmex/tests/unit/spatial/three_d/test_three_d.py::TestThreeD::test_ar_vr_support_module_exists PASSED [ 87%]
src/codomyrmex/tests/unit/spatial/three_d/test_three_d.py::TestThreeD::test_scene3d_import PASSED [ 87%]
src/codomyrmex/tests/unit/spatial/three_d/test_three_d.py::TestThreeD::test_object3d_import PASSED [ 87%]
src/codomyrmex/tests/unit/spatial/three_d/test_three_d.py::TestThreeD::test_camera3d_import PASSED [ 87%]
src/codomyrmex/tests/unit/spatial/three_d/test_three_d.py::TestThreeD::test_light3d_import PASSED [ 87%]
src/codomyrmex/tests/unit/spatial/three_d/test_three_d.py::TestThreeD::test_material3d_import SKIPPED [ 87%]
src/codomyrmex/tests/unit/spatial/three_d/test_three_d.py::TestThreeD::test_ar_session_import PASSED [ 87%]
src/codomyrmex/tests/unit/spatial/three_d/test_three_d.py::TestThreeD::test_vr_renderer_import PASSED [ 87%]
src/codomyrmex/tests/unit/spatial/three_d/test_three_d.py::TestThreeD::test_xr_interface_import PASSED [ 87%]
src/codomyrmex/tests/unit/spatial/three_d/test_three_d.py::TestThreeD::test_render_pipeline_import PASSED [ 87%]
src/codomyrmex/tests/unit/spatial/three_d/test_three_d.py::TestThreeD::test_shader_manager_import PASSED [ 87%]
src/codomyrmex/tests/unit/spatial/three_d/test_three_d.py::TestThreeD::test_mesh_loader_import SKIPPED [ 87%]
src/codomyrmex/tests/unit/spatial/three_d/test_three_d.py::TestThreeD::test_three_d_version PASSED [ 87%]
src/codomyrmex/tests/unit/spatial/three_d/test_three_d.py::TestThreeD::test_three_d_all_exports PASSED [ 87%]
src/codomyrmex/tests/unit/spatial/three_d/test_three_d.py::TestThreeD::test_agents_md_exists PASSED [ 87%]
src/codomyrmex/tests/unit/spatial/three_d/test_three_d.py::TestThreeD::test_readme_exists PASSED [ 87%]
src/codomyrmex/tests/unit/spatial/three_d/test_three_d.py::TestThreeD::test_docs_directory_exists SKIPPED [ 87%]
src/codomyrmex/tests/unit/spatial/three_d/test_three_d.py::TestThreeD::test_examples_directory_exists PASSED [ 87%]
src/codomyrmex/tests/unit/spatial/three_d/test_three_d.py::TestThreeD::test_tests_directory_exists SKIPPED [ 87%]
src/codomyrmex/tests/unit/static_analysis/complexity/test_complexity.py::TestComplexityMetric::test_from_value PASSED [ 87%]
src/codomyrmex/tests/unit/static_analysis/complexity/test_complexity.py::TestFunctionMetrics::test_overall_complexity PASSED [ 87%]
src/codomyrmex/tests/unit/static_analysis/complexity/test_complexity.py::TestCalculateCyclomaticComplexity::test_simple_function PASSED [ 87%]
src/codomyrmex/tests/unit/static_analysis/complexity/test_complexity.py::TestCalculateCyclomaticComplexity::test_if_statement PASSED [ 87%]
src/codomyrmex/tests/unit/static_analysis/complexity/test_complexity.py::TestCalculateCyclomaticComplexity::test_loops PASSED [ 87%]
src/codomyrmex/tests/unit/static_analysis/complexity/test_complexity.py::TestCountLines::test_count PASSED [ 87%]
src/codomyrmex/tests/unit/static_analysis/complexity/test_complexity.py::TestComplexityAnalyzer::test_analyze_function PASSED [ 87%]
src/codomyrmex/tests/unit/static_analysis/complexity/test_complexity.py::TestComplexityAnalyzer::test_analyze_file PASSED [ 87%]
src/codomyrmex/tests/unit/static_analysis/complexity/test_complexity.py::TestComplexityAnalyzer::test_high_complexity_functions PASSED [ 87%]
src/codomyrmex/tests/unit/static_analysis/linting/test_linting.py::TestLintResult::test_add_issue PASSED [ 87%]
src/codomyrmex/tests/unit/static_analysis/linting/test_linting.py::TestLineLengthRule::test_detect_long PASSED [ 87%]
src/codomyrmex/tests/unit/static_analysis/linting/test_linting.py::TestLineLengthRule::test_pass_short PASSED [ 87%]
src/codomyrmex/tests/unit/static_analysis/linting/test_linting.py::TestTrailingWhitespaceRule::test_detect_trailing PASSED [ 87%]
src/codomyrmex/tests/unit/static_analysis/linting/test_linting.py::TestUnusedImportRule::test_detect_unused PASSED [ 87%]
src/codomyrmex/tests/unit/static_analysis/linting/test_linting.py::TestTodoCommentRule::test_detect_todo PASSED [ 87%]
src/codomyrmex/tests/unit/static_analysis/linting/test_linting.py::TestLinter::test_lint PASSED [ 87%]
src/codomyrmex/tests/unit/static_analysis/linting/test_linting.py::TestLinter::test_lint_file PASSED [ 87%]
src/codomyrmex/tests/unit/static_analysis/linting/test_linting.py::TestLinter::test_add_rule PASSED [ 87%]
src/codomyrmex/tests/unit/static_analysis/test_static_analysis.py::TestStaticAnalysisComprehensive::test_static_analysis_import PASSED [ 87%]
src/codomyrmex/tests/unit/static_analysis/test_static_analyzer_core.py::TestAnalysisTypeEnum::test_quality_value PASSED [ 87%]
src/codomyrmex/tests/unit/static_analysis/test_static_analyzer_core.py::TestAnalysisTypeEnum::test_security_value PASSED [ 87%]
src/codomyrmex/tests/unit/static_analysis/test_static_analyzer_core.py::TestAnalysisTypeEnum::test_performance_value PASSED [ 87%]
src/codomyrmex/tests/unit/static_analysis/test_static_analyzer_core.py::TestAnalysisTypeEnum::test_maintainability_value PASSED [ 87%]
src/codomyrmex/tests/unit/static_analysis/test_static_analyzer_core.py::TestAnalysisTypeEnum::test_complexity_value PASSED [ 87%]
src/codomyrmex/tests/unit/static_analysis/test_static_analyzer_core.py::TestAnalysisTypeEnum::test_style_value PASSED [ 87%]
src/codomyrmex/tests/unit/static_analysis/test_static_analyzer_core.py::TestAnalysisTypeEnum::test_documentation_value PASSED [ 87%]
src/codomyrmex/tests/unit/static_analysis/test_static_analyzer_core.py::TestAnalysisTypeEnum::test_testing_value PASSED [ 87%]
src/codomyrmex/tests/unit/static_analysis/test_static_analyzer_core.py::TestAnalysisTypeEnum::test_member_count PASSED [ 87%]
src/codomyrmex/tests/unit/static_analysis/test_static_analyzer_core.py::TestSeverityLevelEnum::test_info_value PASSED [ 87%]
src/codomyrmex/tests/unit/static_analysis/test_static_analyzer_core.py::TestSeverityLevelEnum::test_warning_value PASSED [ 87%]
src/codomyrmex/tests/unit/static_analysis/test_static_analyzer_core.py::TestSeverityLevelEnum::test_error_value PASSED [ 87%]
src/codomyrmex/tests/unit/static_analysis/test_static_analyzer_core.py::TestSeverityLevelEnum::test_critical_value PASSED [ 87%]
src/codomyrmex/tests/unit/static_analysis/test_static_analyzer_core.py::TestSeverityLevelEnum::test_member_count PASSED [ 87%]
src/codomyrmex/tests/unit/static_analysis/test_static_analyzer_core.py::TestAnalysisResult::test_creation_with_required_fields PASSED [ 87%]
src/codomyrmex/tests/unit/static_analysis/test_static_analyzer_core.py::TestAnalysisResult::test_optional_fields_have_defaults PASSED [ 87%]
src/codomyrmex/tests/unit/static_analysis/test_static_analyzer_core.py::TestAnalysisResult::test_creation_with_all_fields PASSED [ 87%]
src/codomyrmex/tests/unit/static_analysis/test_static_analyzer_core.py::TestAnalysisSummary::test_creation_with_total_issues PASSED [ 87%]
src/codomyrmex/tests/unit/static_analysis/test_static_analyzer_core.py::TestAnalysisSummary::test_default_files_analyzed_is_zero PASSED [ 87%]
src/codomyrmex/tests/unit/static_analysis/test_static_analyzer_core.py::TestAnalysisSummary::test_default_by_severity_is_empty PASSED [ 87%]
src/codomyrmex/tests/unit/static_analysis/test_static_analyzer_core.py::TestCodeMetrics::test_creation_with_required_fields PASSED [ 87%]
src/codomyrmex/tests/unit/static_analysis/test_static_analyzer_core.py::TestCodeMetrics::test_optional_test_coverage_defaults_none PASSED [ 87%]
src/codomyrmex/tests/unit/static_analysis/test_static_analyzer_core.py::TestStaticAnalyzerInit::test_init_default_project_root PASSED [ 87%]
src/codomyrmex/tests/unit/static_analysis/test_static_analyzer_core.py::TestStaticAnalyzerInit::test_init_custom_project_root PASSED [ 87%]
src/codomyrmex/tests/unit/static_analysis/test_static_analyzer_core.py::TestStaticAnalyzerInit::test_tools_available_is_dict PASSED [ 87%]
src/codomyrmex/tests/unit/static_analysis/test_static_analyzer_core.py::TestStaticAnalyzerInit::test_results_starts_empty PASSED [ 87%]
src/codomyrmex/tests/unit/static_analysis/test_static_analyzer_core.py::TestStaticAnalyzerInit::test_analyze_file_on_real_python_file PASSED [ 87%]
src/codomyrmex/tests/unit/static_analysis/test_static_analyzer_core.py::TestStaticAnalyzerInit::test_analyze_file_nonexistent_returns_empty_or_error PASSED [ 87%]
src/codomyrmex/tests/unit/streaming/test_streaming.py::TestEventType::test_message PASSED [ 87%]
src/codomyrmex/tests/unit/streaming/test_streaming.py::TestEventType::test_error PASSED [ 87%]
src/codomyrmex/tests/unit/streaming/test_streaming.py::TestEventType::test_connect PASSED [ 87%]
src/codomyrmex/tests/unit/streaming/test_streaming.py::TestEventType::test_disconnect PASSED [ 87%]
src/codomyrmex/tests/unit/streaming/test_streaming.py::TestEventType::test_heartbeat PASSED [ 87%]
src/codomyrmex/tests/unit/streaming/test_streaming.py::TestEvent::test_create_event PASSED [ 88%]
src/codomyrmex/tests/unit/streaming/test_streaming.py::TestEvent::test_event_with_data PASSED [ 88%]
src/codomyrmex/tests/unit/streaming/test_streaming.py::TestSubscription::test_create_subscription PASSED [ 88%]
src/codomyrmex/tests/unit/streaming/test_streaming.py::TestSubscription::test_subscription_with_handler PASSED [ 88%]
src/codomyrmex/tests/unit/streaming/test_streaming.py::TestInMemoryStream::test_create_stream PASSED [ 88%]
src/codomyrmex/tests/unit/streaming/test_streaming.py::TestSSEStream::test_create_stream PASSED [ 88%]
src/codomyrmex/tests/unit/streaming/test_streaming.py::TestSSEStream::test_create_with_buffer_size PASSED [ 88%]
src/codomyrmex/tests/unit/streaming/test_streaming.py::TestTopicStream::test_create_stream PASSED [ 88%]
src/codomyrmex/tests/unit/streaming/test_streaming.py::TestStreamProcessor::test_create_processor PASSED [ 88%]
src/codomyrmex/tests/unit/streaming/test_streaming.py::TestCreateEvent::test_creates_event PASSED [ 88%]
src/codomyrmex/tests/unit/streaming/test_streaming.py::TestCreateEvent::test_with_type PASSED [ 88%]
src/codomyrmex/tests/unit/streaming/test_streaming.py::TestCreateEvent::test_with_metadata PASSED [ 88%]
src/codomyrmex/tests/unit/streaming/test_streaming.py::TestBroadcast::test_broadcast_is_callable PASSED [ 88%]
src/codomyrmex/tests/unit/streaming/test_streaming_async.py::TestAsyncStream::test_create PASSED [ 88%]
src/codomyrmex/tests/unit/streaming/test_streaming_async.py::TestAsyncStream::test_create_with_backpressure PASSED [ 88%]
src/codomyrmex/tests/unit/streaming/test_streaming_async.py::TestAsyncStream::test_create_without_backpressure PASSED [ 88%]
src/codomyrmex/tests/unit/streaming/test_streaming_async.py::TestAsyncStream::test_start_stop PASSED [ 88%]
src/codomyrmex/tests/unit/streaming/test_streaming_async.py::TestAsyncStream::test_subscribe PASSED [ 88%]
src/codomyrmex/tests/unit/streaming/test_streaming_async.py::TestAsyncStream::test_unsubscribe PASSED [ 88%]
src/codomyrmex/tests/unit/streaming/test_streaming_async.py::TestAsyncStream::test_unsubscribe_nonexistent PASSED [ 88%]
src/codomyrmex/tests/unit/streaming/test_streaming_async.py::TestAsyncStream::test_publish PASSED [ 88%]
src/codomyrmex/tests/unit/streaming/test_streaming_async.py::TestAsyncStream::test_subscribe_custom_buffer PASSED [ 88%]
src/codomyrmex/tests/unit/streaming/test_streaming_async.py::TestAsyncStream::test_multiple_subscribers PASSED [ 88%]
src/codomyrmex/tests/unit/streaming/test_streaming_async.py::TestAsyncStream::test_broadcast_to_subscribers PASSED [ 88%]
src/codomyrmex/tests/unit/streaming/test_streaming_async.py::TestWebSocketStream::test_create PASSED [ 88%]
src/codomyrmex/tests/unit/streaming/test_streaming_async.py::TestWebSocketStream::test_connect PASSED [ 88%]
src/codomyrmex/tests/unit/streaming/test_streaming_async.py::TestWebSocketStream::test_disconnect PASSED [ 88%]
src/codomyrmex/tests/unit/streaming/test_streaming_async.py::TestWebSocketStream::test_disconnect_nonexistent PASSED [ 88%]
src/codomyrmex/tests/unit/streaming/test_streaming_async.py::TestWebSocketStream::test_send_to_nonexistent PASSED [ 88%]
src/codomyrmex/tests/unit/streaming/test_streaming_async.py::TestWebSocketStream::test_send_to_connected PASSED [ 88%]
src/codomyrmex/tests/unit/streaming/test_streaming_async.py::TestWebSocketStream::test_send_to_failing_ws PASSED [ 88%]
src/codomyrmex/tests/unit/streaming/test_streaming_async.py::TestBatchingStream::test_create PASSED [ 88%]
src/codomyrmex/tests/unit/streaming/test_streaming_async.py::TestBatchingStream::test_add_event PASSED [ 88%]
src/codomyrmex/tests/unit/streaming/test_streaming_async.py::TestBatchingStream::test_on_batch_handler PASSED [ 88%]
src/codomyrmex/tests/unit/streaming/test_streaming_async.py::TestBatchingStream::test_flush_empties_batch PASSED [ 88%]
src/codomyrmex/tests/unit/streaming/test_streaming_async.py::TestBatchingStream::test_flush_empty_batch_noop PASSED [ 88%]
src/codomyrmex/tests/unit/streaming/test_streaming_async.py::TestBatchingStream::test_start_stop PASSED [ 88%]
src/codomyrmex/tests/unit/streaming/test_streaming_async.py::TestBatchingStream::test_stop_flushes_remaining PASSED [ 88%]
src/codomyrmex/tests/unit/streaming/test_streaming_async.py::TestBatchingStream::test_multiple_handlers PASSED [ 88%]
src/codomyrmex/tests/unit/system_discovery/test_system_discovery.py::TestHealthCheckResult::test_creation_defaults PASSED [ 88%]
src/codomyrmex/tests/unit/system_discovery/test_system_discovery.py::TestHealthCheckResult::test_to_dict PASSED [ 88%]
src/codomyrmex/tests/unit/system_discovery/test_system_discovery.py::TestHealthCheckResult::test_add_issue PASSED [ 88%]
src/codomyrmex/tests/unit/system_discovery/test_system_discovery.py::TestHealthCheckResult::test_add_issue_without_recommendation PASSED [ 88%]
src/codomyrmex/tests/unit/system_discovery/test_system_discovery.py::TestHealthCheckResult::test_add_metric PASSED [ 88%]
src/codomyrmex/tests/unit/system_discovery/test_system_discovery.py::TestHealthCheckResult::test_multiple_metrics PASSED [ 88%]
src/codomyrmex/tests/unit/system_discovery/test_system_discovery.py::TestHealthStatus::test_values PASSED [ 88%]
src/codomyrmex/tests/unit/system_discovery/test_system_discovery.py::TestHealthChecker::test_init PASSED [ 88%]
src/codomyrmex/tests/unit/system_discovery/test_system_discovery.py::TestHealthChecker::test_check_known_module PASSED [ 88%]
src/codomyrmex/tests/unit/system_discovery/test_system_discovery.py::TestHealthChecker::test_check_unknown_module PASSED [ 88%]
src/codomyrmex/tests/unit/system_discovery/test_system_discovery.py::TestHealthChecker::test_check_multiple_modules PASSED [ 88%]
src/codomyrmex/tests/unit/system_discovery/test_system_discovery.py::TestHealthChecker::test_result_has_checks_performed PASSED [ 88%]
src/codomyrmex/tests/unit/system_discovery/test_system_discovery.py::TestDiscoveryEngine::test_import PASSED [ 88%]
src/codomyrmex/tests/unit/system_discovery/test_system_discovery.py::TestDiscoveryEngine::test_init PASSED [ 88%]
src/codomyrmex/tests/unit/system_discovery/test_system_discovery.py::TestCapabilityScanner::test_import PASSED [ 88%]
src/codomyrmex/tests/unit/system_discovery/test_system_discovery.py::TestCapabilityScanner::test_init PASSED [ 88%]
src/codomyrmex/tests/unit/system_discovery/test_system_discovery.py::TestDiscoveryContext::test_import PASSED [ 88%]
src/codomyrmex/tests/unit/system_discovery/test_system_discovery.py::TestDiscoveryContext::test_call PASSED [ 88%]
src/codomyrmex/tests/unit/telemetry/metrics/test_metrics.py::TestCounter::test_inc PASSED [ 88%]
src/codomyrmex/tests/unit/telemetry/metrics/test_metrics.py::TestCounter::test_labels PASSED [ 88%]
src/codomyrmex/tests/unit/telemetry/metrics/test_metrics.py::TestGauge::test_set PASSED [ 88%]
src/codomyrmex/tests/unit/telemetry/metrics/test_metrics.py::TestGauge::test_inc_dec PASSED [ 88%]
src/codomyrmex/tests/unit/telemetry/metrics/test_metrics.py::TestHistogram::test_observe PASSED [ 88%]
src/codomyrmex/tests/unit/telemetry/metrics/test_metrics.py::TestHistogram::test_buckets PASSED [ 88%]
src/codomyrmex/tests/unit/telemetry/metrics/test_metrics.py::TestSummary::test_quantiles PASSED [ 88%]
src/codomyrmex/tests/unit/telemetry/metrics/test_metrics.py::TestTimer::test_context PASSED [ 88%]
src/codomyrmex/tests/unit/telemetry/metrics/test_metrics.py::TestMetricsRegistry::test_counter PASSED [ 88%]
src/codomyrmex/tests/unit/telemetry/metrics/test_metrics.py::TestMetricsRegistry::test_gauge PASSED [ 88%]
src/codomyrmex/tests/unit/telemetry/metrics/test_metrics.py::TestMetricsRegistry::test_histogram PASSED [ 88%]
src/codomyrmex/tests/unit/telemetry/metrics/test_metrics.py::TestMetricsRegistry::test_collect PASSED [ 88%]
src/codomyrmex/tests/unit/telemetry/test_concurrency.py::test_slo_tracker_recoding_concurrency PASSED [ 88%]
src/codomyrmex/tests/unit/telemetry/test_concurrency.py::test_slo_creation_concurrency PASSED [ 88%]
src/codomyrmex/tests/unit/telemetry/test_observability_pipeline.py::TestObservabilityPipeline::test_correlation PASSED [ 88%]
src/codomyrmex/tests/unit/telemetry/test_observability_pipeline.py::TestObservabilityPipeline::test_audit_event PASSED [ 88%]
src/codomyrmex/tests/unit/telemetry/test_observability_pipeline.py::TestObservabilityPipeline::test_get_by_kind PASSED [ 88%]
src/codomyrmex/tests/unit/telemetry/test_observability_pipeline.py::TestMetricAggregator::test_counter PASSED [ 88%]
src/codomyrmex/tests/unit/telemetry/test_observability_pipeline.py::TestMetricAggregator::test_gauge PASSED [ 88%]
src/codomyrmex/tests/unit/telemetry/test_observability_pipeline.py::TestMetricAggregator::test_histogram PASSED [ 88%]
src/codomyrmex/tests/unit/telemetry/test_observability_pipeline.py::TestMetricAggregator::test_snapshot PASSED [ 88%]
src/codomyrmex/tests/unit/telemetry/test_observability_pipeline.py::TestAlertEvaluator::test_fires_on_threshold PASSED [ 88%]
src/codomyrmex/tests/unit/telemetry/test_observability_pipeline.py::TestAlertEvaluator::test_no_alert_below_threshold PASSED [ 88%]
src/codomyrmex/tests/unit/telemetry/test_observability_pipeline.py::TestAlertEvaluator::test_resolves_alert PASSED [ 88%]
src/codomyrmex/tests/unit/telemetry/test_observability_pipeline.py::TestAlertEvaluator::test_alert_history PASSED [ 88%]
src/codomyrmex/tests/unit/telemetry/test_observability_pipeline.py::TestDashboardBuilder::test_build_basic PASSED [ 88%]
src/codomyrmex/tests/unit/telemetry/test_observability_pipeline.py::TestDashboardBuilder::test_valid_json PASSED [ 88%]
src/codomyrmex/tests/unit/telemetry/test_observability_pipeline.py::TestDashboardBuilder::test_thresholds PASSED [ 88%]
src/codomyrmex/tests/unit/telemetry/test_trace_context.py::test_telemetry_initialization PASSED [ 88%]
src/codomyrmex/tests/unit/telemetry/test_trace_context.py::test_span_lifecycle PASSED [ 88%]
src/codomyrmex/tests/unit/telemetry/test_trace_context.py::test_span_attributes PASSED [ 88%]
src/codomyrmex/tests/unit/telemetry/test_trace_context.py::test_error_recording PASSED [ 88%]
src/codomyrmex/tests/unit/telemetry/test_trace_context.py::test_traced_decorator PASSED [ 88%]
src/codomyrmex/tests/unit/telemetry/tracing/test_tracing.py::TestSpanContext::test_to_dict PASSED [ 88%]
src/codomyrmex/tests/unit/telemetry/tracing/test_tracing.py::TestSpanContext::test_from_dict PASSED [ 88%]
src/codomyrmex/tests/unit/telemetry/tracing/test_tracing.py::TestSpanContext::test_to_headers PASSED [ 88%]
src/codomyrmex/tests/unit/telemetry/tracing/test_tracing.py::TestSpanContext::test_from_headers PASSED [ 88%]
src/codomyrmex/tests/unit/telemetry/tracing/test_tracing.py::TestSpanContext::test_from_headers_missing PASSED [ 88%]
src/codomyrmex/tests/unit/telemetry/tracing/test_tracing.py::TestSpan::test_create_span PASSED [ 88%]
src/codomyrmex/tests/unit/telemetry/tracing/test_tracing.py::TestSpan::test_set_attribute PASSED [ 88%]
src/codomyrmex/tests/unit/telemetry/tracing/test_tracing.py::TestSpan::test_add_event PASSED [ 88%]
src/codomyrmex/tests/unit/telemetry/tracing/test_tracing.py::TestSpan::test_set_status PASSED [ 89%]
src/codomyrmex/tests/unit/telemetry/tracing/test_tracing.py::TestSpan::test_record_exception PASSED [ 89%]
src/codomyrmex/tests/unit/telemetry/tracing/test_tracing.py::TestSpan::test_finish PASSED [ 89%]
src/codomyrmex/tests/unit/telemetry/tracing/test_tracing.py::TestSpan::test_duration PASSED [ 89%]
src/codomyrmex/tests/unit/telemetry/tracing/test_tracing.py::TestTracer::test_create_tracer PASSED [ 89%]
src/codomyrmex/tests/unit/telemetry/tracing/test_tracing.py::TestTracer::test_start_span PASSED [ 89%]
src/codomyrmex/tests/unit/telemetry/tracing/test_tracing.py::TestTracer::test_span_context_manager PASSED [ 89%]
src/codomyrmex/tests/unit/telemetry/tracing/test_tracing.py::TestTracer::test_nested_spans PASSED [ 89%]
src/codomyrmex/tests/unit/telemetry/tracing/test_tracing.py::TestTracer::test_exception_handling PASSED [ 89%]
src/codomyrmex/tests/unit/telemetry/tracing/test_tracing.py::TestInMemoryExporter::test_export PASSED [ 89%]
src/codomyrmex/tests/unit/telemetry/tracing/test_tracing.py::TestInMemoryExporter::test_max_spans PASSED [ 89%]
src/codomyrmex/tests/unit/telemetry/tracing/test_tracing.py::TestInMemoryExporter::test_get_spans_filtered PASSED [ 89%]
src/codomyrmex/tests/unit/telemetry/tracing/test_tracing.py::TestTraceDecorator::test_decorator PASSED [ 89%]
src/codomyrmex/tests/unit/telemetry/tracing/test_tracing.py::TestTraceDecorator::test_decorator_uses_function_name PASSED [ 89%]
src/codomyrmex/tests/unit/terminal_interface/test_terminal_utils.py::TestTerminalFormatterInit::test_init_with_colors_enabled PASSED [ 89%]
src/codomyrmex/tests/unit/terminal_interface/test_terminal_utils.py::TestTerminalFormatterInit::test_init_with_colors_disabled PASSED [ 89%]
src/codomyrmex/tests/unit/terminal_interface/test_terminal_utils.py::TestTerminalFormatterInit::test_default_init PASSED [ 89%]
src/codomyrmex/tests/unit/terminal_interface/test_terminal_utils.py::TestTerminalFormatterColorConstants::test_colors_dict_contains_standard_colors PASSED [ 89%]
src/codomyrmex/tests/unit/terminal_interface/test_terminal_utils.py::TestTerminalFormatterColorConstants::test_styles_dict_contains_bold_and_reset PASSED [ 89%]
src/codomyrmex/tests/unit/terminal_interface/test_terminal_utils.py::TestTerminalFormatterColorConstants::test_color_values_are_ansi_escape_sequences PASSED [ 89%]
src/codomyrmex/tests/unit/terminal_interface/test_terminal_utils.py::TestTerminalFormatterColorMethod::test_color_with_colors_enabled_includes_ansi PASSED [ 89%]
src/codomyrmex/tests/unit/terminal_interface/test_terminal_utils.py::TestTerminalFormatterColorMethod::test_color_without_colors_returns_plain_text PASSED [ 89%]
src/codomyrmex/tests/unit/terminal_interface/test_terminal_utils.py::TestTerminalFormatterColorMethod::test_color_preserves_message_content PASSED [ 89%]
src/codomyrmex/tests/unit/terminal_interface/test_terminal_utils.py::TestTerminalFormatterColorMethod::test_color_with_style_includes_bold PASSED [ 89%]
src/codomyrmex/tests/unit/terminal_interface/test_terminal_utils.py::TestTerminalFormatterColorMethod::test_color_with_unknown_color_still_includes_text PASSED [ 89%]
src/codomyrmex/tests/unit/terminal_interface/test_terminal_utils.py::TestTerminalFormatterColorMethod::test_color_ends_with_reset PASSED [ 89%]
src/codomyrmex/tests/unit/terminal_interface/test_terminal_utils.py::TestTerminalFormatterConvenienceMethods::test_success_returns_string_with_content PASSED [ 89%]
src/codomyrmex/tests/unit/terminal_interface/test_terminal_utils.py::TestTerminalFormatterConvenienceMethods::test_error_returns_string_with_content PASSED [ 89%]
src/codomyrmex/tests/unit/terminal_interface/test_terminal_utils.py::TestTerminalFormatterConvenienceMethods::test_warning_returns_string_with_content PASSED [ 89%]
src/codomyrmex/tests/unit/terminal_interface/test_terminal_utils.py::TestTerminalFormatterConvenienceMethods::test_info_returns_string_with_content PASSED [ 89%]
src/codomyrmex/tests/unit/terminal_interface/test_terminal_utils.py::TestTerminalFormatterConvenienceMethods::test_header_returns_multiline_string PASSED [ 89%]
src/codomyrmex/tests/unit/terminal_interface/test_terminal_utils.py::TestTerminalFormatterConvenienceMethods::test_header_respects_custom_width PASSED [ 89%]
src/codomyrmex/tests/unit/terminal_interface/test_terminal_utils.py::TestTerminalFormatterConvenienceMethods::test_progress_bar_returns_string PASSED [ 89%]
src/codomyrmex/tests/unit/test_agent_protocol.py::TestAgentMessage::test_system_factory PASSED [ 89%]
src/codomyrmex/tests/unit/test_agent_protocol.py::TestAgentMessage::test_user_factory PASSED [ 89%]
src/codomyrmex/tests/unit/test_agent_protocol.py::TestAgentMessage::test_assistant_factory PASSED [ 89%]
src/codomyrmex/tests/unit/test_agent_protocol.py::TestAgentMessage::test_tool_factory_with_results PASSED [ 89%]
src/codomyrmex/tests/unit/test_agent_protocol.py::TestAgentMessage::test_to_dict_round_trip PASSED [ 89%]
src/codomyrmex/tests/unit/test_agent_protocol.py::TestAgentMessage::test_to_llm_dict PASSED [ 89%]
src/codomyrmex/tests/unit/test_agent_protocol.py::TestAgentMessage::test_tool_result_is_success PASSED [ 89%]
src/codomyrmex/tests/unit/test_agent_protocol.py::TestAgentProtocolDefaults::test_base_agent_has_protocol_methods PASSED [ 89%]
src/codomyrmex/tests/unit/test_agent_protocol.py::TestReActLifecycle::test_plan_direct_call PASSED [ 89%]
src/codomyrmex/tests/unit/test_agent_protocol.py::TestReActLifecycle::test_plan_llm_fallback PASSED [ 89%]
src/codomyrmex/tests/unit/test_agent_protocol.py::TestReActLifecycle::test_act_direct_tool PASSED [ 89%]
src/codomyrmex/tests/unit/test_agent_protocol.py::TestReActLifecycle::test_act_unknown_action PASSED [ 89%]
src/codomyrmex/tests/unit/test_agent_protocol.py::TestReActLifecycle::test_observe_extracts_structure PASSED [ 89%]
src/codomyrmex/tests/unit/test_agent_protocol.py::TestReActLifecycle::test_execute_direct_call PASSED [ 89%]
src/codomyrmex/tests/unit/test_agent_protocol.py::TestReActLifecycle::test_execute_no_llm PASSED [ 89%]
src/codomyrmex/tests/unit/test_agent_protocol.py::TestToolRegistryFromMCP::test_bridge_populates_tools PASSED [ 89%]
src/codomyrmex/tests/unit/test_agent_protocol.py::TestToolRegistryFromMCP::test_bridge_with_prefix PASSED [ 89%]
src/codomyrmex/tests/unit/test_agent_protocol.py::TestToolRegistryFromMCP::test_bridge_skips_handler_none PASSED [ 89%]
src/codomyrmex/tests/unit/test_agent_protocol.py::TestToolRegistryFromMCP::test_bridge_invalid_registry_raises PASSED [ 89%]
src/codomyrmex/tests/unit/test_agent_protocol.py::TestToolRegistryFromMCP::test_bridged_tool_executes PASSED [ 89%]
src/codomyrmex/tests/unit/test_cross_module.py::test_identity_lifecycle PASSED [ 89%]
src/codomyrmex/tests/unit/test_cross_module.py::test_wallet_ops PASSED   [ 89%]
src/codomyrmex/tests/unit/test_cross_module.py::test_defense_ops PASSED  [ 89%]
src/codomyrmex/tests/unit/test_cross_module.py::test_market_ops PASSED   [ 89%]
src/codomyrmex/tests/unit/test_cross_module.py::test_privacy_config PASSED [ 89%]
src/codomyrmex/tests/unit/test_event_orchestrator.py::TestEventBusTyped::test_emit_typed_dispatches PASSED [ 89%]
src/codomyrmex/tests/unit/test_event_orchestrator.py::TestEventBusTyped::test_emit_typed_rejects_invalid_type PASSED [ 89%]
src/codomyrmex/tests/unit/test_event_orchestrator.py::TestEventBusTyped::test_subscribe_typed_single_event PASSED [ 89%]
src/codomyrmex/tests/unit/test_event_orchestrator.py::TestEventBusTyped::test_subscribe_typed_returns_subscriber_id PASSED [ 89%]
src/codomyrmex/tests/unit/test_event_orchestrator.py::TestEventBusTyped::test_emit_typed_multiple_subscribers PASSED [ 89%]
src/codomyrmex/tests/unit/test_event_orchestrator.py::TestOrchestratorEventFactories::test_workflow_started PASSED [ 89%]
src/codomyrmex/tests/unit/test_event_orchestrator.py::TestOrchestratorEventFactories::test_workflow_completed PASSED [ 89%]
src/codomyrmex/tests/unit/test_event_orchestrator.py::TestOrchestratorEventFactories::test_workflow_failed PASSED [ 89%]
src/codomyrmex/tests/unit/test_event_orchestrator.py::TestOrchestratorEventFactories::test_task_started PASSED [ 89%]
src/codomyrmex/tests/unit/test_event_orchestrator.py::TestOrchestratorEventFactories::test_task_completed PASSED [ 89%]
src/codomyrmex/tests/unit/test_event_orchestrator.py::TestOrchestratorEventFactories::test_task_failed PASSED [ 89%]
src/codomyrmex/tests/unit/test_event_orchestrator.py::TestOrchestratorEventFactories::test_task_retrying PASSED [ 89%]
src/codomyrmex/tests/unit/test_event_orchestrator.py::TestWorkflowEventEmission::test_workflow_emits_lifecycle_events PASSED [ 89%]
src/codomyrmex/tests/unit/test_event_orchestrator.py::TestWorkflowEventEmission::test_workflow_emits_failure_event PASSED [ 89%]
src/codomyrmex/tests/unit/test_event_orchestrator.py::TestWorkflowEventEmission::test_workflow_without_event_bus_succeeds PASSED [ 89%]
src/codomyrmex/tests/unit/test_memory_integration.py::TestJSONFileStore::test_save_load_round_trip PASSED [ 89%]
src/codomyrmex/tests/unit/test_memory_integration.py::TestJSONFileStore::test_list_all PASSED [ 89%]
src/codomyrmex/tests/unit/test_memory_integration.py::TestJSONFileStore::test_delete PASSED [ 89%]
src/codomyrmex/tests/unit/test_memory_integration.py::TestJSONFileStore::test_concurrent_writes PASSED [ 89%]
src/codomyrmex/tests/unit/test_memory_integration.py::TestInMemoryStore::test_basic_crud PASSED [ 89%]
src/codomyrmex/tests/unit/test_memory_integration.py::TestAgentMemory::test_add_and_search PASSED [ 89%]
src/codomyrmex/tests/unit/test_memory_integration.py::TestAgentMemory::test_add_returns_memory PASSED [ 89%]
src/codomyrmex/tests/unit/test_memory_integration.py::TestVectorStoreMemory::test_auto_creates_store PASSED [ 89%]
src/codomyrmex/tests/unit/test_memory_integration.py::TestVectorStoreMemory::test_add_and_recall PASSED [ 89%]
src/codomyrmex/tests/unit/test_memory_integration.py::TestUserProfile::test_create_and_save PASSED [ 89%]
src/codomyrmex/tests/unit/test_memory_integration.py::TestUserProfile::test_load_round_trip PASSED [ 89%]
src/codomyrmex/tests/unit/test_memory_integration.py::TestUserProfile::test_load_default_when_missing PASSED [ 89%]
src/codomyrmex/tests/unit/test_memory_integration.py::TestUserProfile::test_set_and_get_preference PASSED [ 89%]
src/codomyrmex/tests/unit/test_memory_integration.py::TestUserProfile::test_to_context_string PASSED [ 89%]
src/codomyrmex/tests/unit/test_tier3_promotions.py::TestRelationStrengthScorer::test_score_single_interaction PASSED [ 89%]
src/codomyrmex/tests/unit/test_tier3_promotions.py::TestRelationStrengthScorer::test_exponential_decay PASSED [ 89%]
src/codomyrmex/tests/unit/test_tier3_promotions.py::TestRelationStrengthScorer::test_type_weights PASSED [ 89%]
src/codomyrmex/tests/unit/test_tier3_promotions.py::TestRelationStrengthScorer::test_score_all_normalized PASSED [ 89%]
src/codomyrmex/tests/unit/test_tier3_promotions.py::TestRegressionDetector::test_no_regression PASSED [ 89%]
src/codomyrmex/tests/unit/test_tier3_promotions.py::TestRegressionDetector::test_warning_regression PASSED [ 89%]
src/codomyrmex/tests/unit/test_tier3_promotions.py::TestRegressionDetector::test_critical_regression PASSED [ 89%]
src/codomyrmex/tests/unit/test_tier3_promotions.py::TestRegressionDetector::test_missing_baseline_raises PASSED [ 89%]
src/codomyrmex/tests/unit/test_tier3_promotions.py::TestCrawler::test_add_seeds_dedup PASSED [ 89%]
src/codomyrmex/tests/unit/test_tier3_promotions.py::TestCrawler::test_has_next_respects_max PASSED [ 89%]
src/codomyrmex/tests/unit/test_tier3_promotions.py::TestCrawler::test_domain_filtering PASSED [ 89%]
src/codomyrmex/tests/unit/test_tier3_promotions.py::TestPluginDiscovery::test_scan_entry_points_runs PASSED [ 89%]
src/codomyrmex/tests/unit/test_tier3_promotions.py::TestPluginDiscovery::test_scan_invalid_directory PASSED [ 90%]
src/codomyrmex/tests/unit/test_tier3_promotions.py::TestMaintenanceScheduler::test_register_and_execute PASSED [ 90%]
src/codomyrmex/tests/unit/test_tier3_promotions.py::TestMaintenanceScheduler::test_due_tasks PASSED [ 90%]
src/codomyrmex/tests/unit/test_tier3_promotions.py::TestMaintenanceScheduler::test_failed_task_retries PASSED [ 90%]
src/codomyrmex/tests/unit/test_tier3_promotions.py::TestStructuredFormatter::test_format_basic PASSED [ 90%]
src/codomyrmex/tests/unit/test_tier3_promotions.py::TestStructuredFormatter::test_static_fields PASSED [ 90%]
src/codomyrmex/tests/unit/test_tier3_promotions.py::TestStructuredFormatter::test_correlation_id PASSED [ 90%]
src/codomyrmex/tests/unit/test_tier3_promotions_pass2.py::TestBenchmarkComparison::test_compute_delta_improvement PASSED [ 90%]
src/codomyrmex/tests/unit/test_tier3_promotions_pass2.py::TestBenchmarkComparison::test_compute_delta_regression PASSED [ 90%]
src/codomyrmex/tests/unit/test_tier3_promotions_pass2.py::TestBenchmarkComparison::test_mean_and_stddev PASSED [ 90%]
src/codomyrmex/tests/unit/test_tier3_promotions_pass2.py::TestBenchmarkComparison::test_cv PASSED [ 90%]
src/codomyrmex/tests/unit/test_tier3_promotions_pass2.py::TestContentExtractor::test_extract_title PASSED [ 90%]
src/codomyrmex/tests/unit/test_tier3_promotions_pass2.py::TestContentExtractor::test_extract_headings PASSED [ 90%]
src/codomyrmex/tests/unit/test_tier3_promotions_pass2.py::TestContentExtractor::test_extract_links PASSED [ 90%]
src/codomyrmex/tests/unit/test_tier3_promotions_pass2.py::TestContentExtractor::test_text_similarity PASSED [ 90%]
src/codomyrmex/tests/unit/test_tier3_promotions_pass2.py::TestDependencyResolver::test_simple_resolution PASSED [ 90%]
src/codomyrmex/tests/unit/test_tier3_promotions_pass2.py::TestDependencyResolver::test_missing_dependency PASSED [ 90%]
src/codomyrmex/tests/unit/test_tier3_promotions_pass2.py::TestDependencyResolver::test_circular_dependency PASSED [ 90%]
src/codomyrmex/tests/unit/test_tier3_promotions_pass2.py::TestHealthChecker::test_healthy_check PASSED [ 90%]
src/codomyrmex/tests/unit/test_tier3_promotions_pass2.py::TestHealthChecker::test_unhealthy_check PASSED [ 90%]
src/codomyrmex/tests/unit/test_tier3_promotions_pass2.py::TestHealthChecker::test_exception_handling PASSED [ 90%]
src/codomyrmex/tests/unit/test_tier3_promotions_pass2.py::TestLogAggregator::test_add_and_count PASSED [ 90%]
src/codomyrmex/tests/unit/test_tier3_promotions_pass2.py::TestLogAggregator::test_search_by_level PASSED [ 90%]
src/codomyrmex/tests/unit/test_tier3_promotions_pass2.py::TestLogAggregator::test_stats PASSED [ 90%]
src/codomyrmex/tests/unit/test_tier3_promotions_pass2.py::TestLogAggregator::test_max_records_eviction PASSED [ 90%]
src/codomyrmex/tests/unit/testing/fixtures/test_fixtures.py::TestFixtureManager::test_register PASSED [ 90%]
src/codomyrmex/tests/unit/testing/fixtures/test_fixtures.py::TestFixtureManager::test_get PASSED [ 90%]
src/codomyrmex/tests/unit/testing/fixtures/test_fixtures.py::TestFixtureManager::test_get_cached PASSED [ 90%]
src/codomyrmex/tests/unit/testing/fixtures/test_fixtures.py::TestFixtureManager::test_cleanup PASSED [ 90%]
src/codomyrmex/tests/unit/testing/fixtures/test_fixtures.py::TestFixtureManager::test_use_context PASSED [ 90%]
src/codomyrmex/tests/unit/testing/fixtures/test_fixtures.py::TestDataFixture::test_access PASSED [ 90%]
src/codomyrmex/tests/unit/testing/fixtures/test_fixtures.py::TestDataFixture::test_filter PASSED [ 90%]
src/codomyrmex/tests/unit/testing/fixtures/test_fixtures.py::TestDataFixture::test_find PASSED [ 90%]
src/codomyrmex/tests/unit/testing/fixtures/test_fixtures.py::TestDataFixture::test_iterate PASSED [ 90%]
src/codomyrmex/tests/unit/testing/fixtures/test_fixtures.py::TestJSONFixtureLoader::test_load PASSED [ 90%]
src/codomyrmex/tests/unit/testing/fixtures/test_fixtures.py::TestJSONFixtureLoader::test_cache PASSED [ 90%]
src/codomyrmex/tests/unit/testing/fixtures/test_fixtures.py::TestFixtureBuilder::test_build PASSED [ 90%]
src/codomyrmex/tests/unit/testing/fixtures/test_fixtures.py::TestFixtureBuilder::test_with_fields PASSED [ 90%]
src/codomyrmex/tests/unit/testing/fixtures/test_fixtures.py::TestFixtureBuilder::test_build_many PASSED [ 90%]
src/codomyrmex/tests/unit/testing/generators/test_generators.py::TestStringGenerator::test_generate PASSED [ 90%]
src/codomyrmex/tests/unit/testing/generators/test_generators.py::TestStringGenerator::test_generate_many PASSED [ 90%]
src/codomyrmex/tests/unit/testing/generators/test_generators.py::TestIntegerGenerator::test_generate PASSED [ 90%]
src/codomyrmex/tests/unit/testing/generators/test_generators.py::TestFloatGenerator::test_generate PASSED [ 90%]
src/codomyrmex/tests/unit/testing/generators/test_generators.py::TestBooleanGenerator::test_generate PASSED [ 90%]
src/codomyrmex/tests/unit/testing/generators/test_generators.py::TestDateGenerator::test_generate PASSED [ 90%]
src/codomyrmex/tests/unit/testing/generators/test_generators.py::TestEmailGenerator::test_generate PASSED [ 90%]
src/codomyrmex/tests/unit/testing/generators/test_generators.py::TestUUIDGenerator::test_generate PASSED [ 90%]
src/codomyrmex/tests/unit/testing/generators/test_generators.py::TestNameGenerator::test_generate PASSED [ 90%]
src/codomyrmex/tests/unit/testing/generators/test_generators.py::TestChoiceGenerator::test_generate PASSED [ 90%]
src/codomyrmex/tests/unit/testing/generators/test_generators.py::TestRecordGenerator::test_generate PASSED [ 90%]
src/codomyrmex/tests/unit/testing/generators/test_generators.py::TestRecordGenerator::test_generate_many PASSED [ 90%]
src/codomyrmex/tests/unit/testing/generators/test_generators.py::TestDatasetGenerator::test_generate PASSED [ 90%]
src/codomyrmex/tests/unit/testing/generators/test_generators.py::TestDatasetGenerator::test_columns PASSED [ 90%]
src/codomyrmex/tests/unit/testing/generators/test_generators.py::TestDatasetGenerator::test_generate_csv PASSED [ 90%]
src/codomyrmex/tests/unit/tool_use/test_tool_use.py::TestValidationResult::test_default_valid PASSED [ 90%]
src/codomyrmex/tests/unit/tool_use/test_tool_use.py::TestValidationResult::test_invalid_with_errors PASSED [ 90%]
src/codomyrmex/tests/unit/tool_use/test_tool_use.py::TestValidationResult::test_merge_two_valid PASSED [ 90%]
src/codomyrmex/tests/unit/tool_use/test_tool_use.py::TestValidationResult::test_merge_valid_and_invalid PASSED [ 90%]
src/codomyrmex/tests/unit/tool_use/test_tool_use.py::TestValidationResult::test_to_dict PASSED [ 90%]
src/codomyrmex/tests/unit/tool_use/test_tool_use.py::TestValidation::test_empty_schema_is_valid PASSED [ 90%]
src/codomyrmex/tests/unit/tool_use/test_tool_use.py::TestValidation::test_type_check_string PASSED [ 90%]
src/codomyrmex/tests/unit/tool_use/test_tool_use.py::TestValidation::test_type_check_integer PASSED [ 90%]
src/codomyrmex/tests/unit/tool_use/test_tool_use.py::TestValidation::test_type_check_number_accepts_int_and_float PASSED [ 90%]
src/codomyrmex/tests/unit/tool_use/test_tool_use.py::TestValidation::test_type_check_boolean PASSED [ 90%]
src/codomyrmex/tests/unit/tool_use/test_tool_use.py::TestValidation::test_type_check_array PASSED [ 90%]
src/codomyrmex/tests/unit/tool_use/test_tool_use.py::TestValidation::test_enum_constraint PASSED [ 90%]
src/codomyrmex/tests/unit/tool_use/test_tool_use.py::TestValidation::test_string_min_max_length PASSED [ 90%]
src/codomyrmex/tests/unit/tool_use/test_tool_use.py::TestValidation::test_numeric_min_max PASSED [ 90%]
src/codomyrmex/tests/unit/tool_use/test_tool_use.py::TestValidation::test_array_min_max_items PASSED [ 90%]
src/codomyrmex/tests/unit/tool_use/test_tool_use.py::TestValidation::test_array_items_validation PASSED [ 90%]
src/codomyrmex/tests/unit/tool_use/test_tool_use.py::TestValidation::test_object_required_fields PASSED [ 90%]
src/codomyrmex/tests/unit/tool_use/test_tool_use.py::TestValidation::test_object_additional_properties_false PASSED [ 90%]
src/codomyrmex/tests/unit/tool_use/test_tool_use.py::TestValidation::test_validate_output_works_same_as_input PASSED [ 90%]
src/codomyrmex/tests/unit/tool_use/test_tool_use.py::TestValidation::test_nested_object_validation PASSED [ 90%]
src/codomyrmex/tests/unit/tool_use/test_tool_use.py::TestToolEntry::test_create_entry PASSED [ 90%]
src/codomyrmex/tests/unit/tool_use/test_tool_use.py::TestToolEntry::test_to_dict PASSED [ 90%]
src/codomyrmex/tests/unit/tool_use/test_tool_use.py::TestToolRegistry::test_register_and_get PASSED [ 90%]
src/codomyrmex/tests/unit/tool_use/test_tool_use.py::TestToolRegistry::test_register_duplicate_raises PASSED [ 90%]
src/codomyrmex/tests/unit/tool_use/test_tool_use.py::TestToolRegistry::test_unregister PASSED [ 90%]
src/codomyrmex/tests/unit/tool_use/test_tool_use.py::TestToolRegistry::test_list_and_list_names PASSED [ 90%]
src/codomyrmex/tests/unit/tool_use/test_tool_use.py::TestToolRegistry::test_search_by_name PASSED [ 90%]
src/codomyrmex/tests/unit/tool_use/test_tool_use.py::TestToolRegistry::test_search_by_tags PASSED [ 90%]
src/codomyrmex/tests/unit/tool_use/test_tool_use.py::TestToolRegistry::test_len_and_contains PASSED [ 90%]
src/codomyrmex/tests/unit/tool_use/test_tool_use.py::TestToolRegistry::test_invoke_success PASSED [ 90%]
src/codomyrmex/tests/unit/tool_use/test_tool_use.py::TestToolRegistry::test_invoke_not_found PASSED [ 90%]
src/codomyrmex/tests/unit/tool_use/test_tool_use.py::TestToolRegistry::test_invoke_input_validation_failure PASSED [ 90%]
src/codomyrmex/tests/unit/tool_use/test_tool_use.py::TestToolRegistry::test_invoke_handler_exception PASSED [ 90%]
src/codomyrmex/tests/unit/tool_use/test_tool_use.py::TestToolDecorator::test_decorator_creates_tool_entry PASSED [ 90%]
src/codomyrmex/tests/unit/tool_use/test_tool_use.py::TestToolDecorator::test_decorator_auto_registers PASSED [ 90%]
src/codomyrmex/tests/unit/tool_use/test_tool_use.py::TestToolDecorator::test_decorated_function_still_callable PASSED [ 90%]
src/codomyrmex/tests/unit/tool_use/test_tool_use.py::TestToolChain::test_chain_execute_sequential PASSED [ 90%]
src/codomyrmex/tests/unit/tool_use/test_tool_use.py::TestToolChain::test_chain_with_output_key PASSED [ 90%]
src/codomyrmex/tests/unit/tool_use/test_tool_use.py::TestToolChain::test_chain_validate_missing_tool PASSED [ 90%]
src/codomyrmex/tests/unit/tool_use/test_tool_use.py::TestToolChain::test_chain_validate_empty PASSED [ 90%]
src/codomyrmex/tests/unit/tool_use/test_tool_use.py::TestToolChain::test_chain_fluent_api PASSED [ 90%]
src/codomyrmex/tests/unit/tool_use/test_tool_use.py::TestToolChain::test_chain_stop_on_failure PASSED [ 90%]
src/codomyrmex/tests/unit/tool_use/test_tool_use.py::TestToolChain::test_chain_len_and_repr PASSED [ 90%]
src/codomyrmex/tests/unit/tool_use/test_tool_use.py::TestToolChain::test_chain_clear PASSED [ 90%]
src/codomyrmex/tests/unit/tool_use/test_tool_use.py::TestToolChain::test_chain_result_has_duration PASSED [ 90%]
src/codomyrmex/tests/unit/tool_use/test_tool_use.py::TestToolChain::test_chain_input_mapping PASSED [ 91%]
src/codomyrmex/tests/unit/utils/test_utils.py::TestRefinedUtilities::test_deep_merge PASSED [ 91%]
src/codomyrmex/tests/unit/utils/test_utils.py::TestRefinedUtilities::test_resolve_path_absolute PASSED [ 91%]
src/codomyrmex/tests/unit/utils/test_utils.py::TestRefinedUtilities::test_resolve_path_relative PASSED [ 91%]
src/codomyrmex/tests/unit/utils/test_utils.py::TestRefinedUtilities::test_resolve_path_with_base_dir PASSED [ 91%]
src/codomyrmex/tests/unit/utils/test_utils.py::TestRefinedUtilities::test_retry PASSED [ 91%]
src/codomyrmex/tests/unit/utils/test_utils.py::TestEnsureDirectory::test_create_new_directory PASSED [ 91%]
src/codomyrmex/tests/unit/utils/test_utils.py::TestEnsureDirectory::test_create_nested_directory PASSED [ 91%]
src/codomyrmex/tests/unit/utils/test_utils.py::TestEnsureDirectory::test_existing_directory PASSED [ 91%]
src/codomyrmex/tests/unit/utils/test_utils.py::TestEnsureDirectory::test_string_path PASSED [ 91%]
src/codomyrmex/tests/unit/utils/test_utils.py::TestEnsureDirectory::test_returns_path_object PASSED [ 91%]
src/codomyrmex/tests/unit/utils/test_utils.py::TestSafeJsonLoads::test_valid_json PASSED [ 91%]
src/codomyrmex/tests/unit/utils/test_utils.py::TestSafeJsonLoads::test_invalid_json_returns_default PASSED [ 91%]
src/codomyrmex/tests/unit/utils/test_utils.py::TestSafeJsonLoads::test_custom_default PASSED [ 91%]
src/codomyrmex/tests/unit/utils/test_utils.py::TestSafeJsonLoads::test_none_input PASSED [ 91%]
src/codomyrmex/tests/unit/utils/test_utils.py::TestSafeJsonLoads::test_empty_string PASSED [ 91%]
src/codomyrmex/tests/unit/utils/test_utils.py::TestSafeJsonLoads::test_valid_json_array PASSED [ 91%]
src/codomyrmex/tests/unit/utils/test_utils.py::TestSafeJsonLoads::test_valid_json_number PASSED [ 91%]
src/codomyrmex/tests/unit/utils/test_utils.py::TestSafeJsonDumps::test_valid_object PASSED [ 91%]
src/codomyrmex/tests/unit/utils/test_utils.py::TestSafeJsonDumps::test_with_indent PASSED [ 91%]
src/codomyrmex/tests/unit/utils/test_utils.py::TestSafeJsonDumps::test_custom_default_on_failure PASSED [ 91%]
src/codomyrmex/tests/unit/utils/test_utils.py::TestSafeJsonDumps::test_serializes_list PASSED [ 91%]
src/codomyrmex/tests/unit/utils/test_utils.py::TestSafeJsonDumps::test_serializes_nested_object PASSED [ 91%]
src/codomyrmex/tests/unit/utils/test_utils.py::TestHashContent::test_hash_string PASSED [ 91%]
src/codomyrmex/tests/unit/utils/test_utils.py::TestHashContent::test_hash_bytes PASSED [ 91%]
src/codomyrmex/tests/unit/utils/test_utils.py::TestHashContent::test_different_algorithms PASSED [ 91%]
src/codomyrmex/tests/unit/utils/test_utils.py::TestHashContent::test_same_input_same_hash PASSED [ 91%]
src/codomyrmex/tests/unit/utils/test_utils.py::TestHashContent::test_different_input_different_hash PASSED [ 91%]
src/codomyrmex/tests/unit/utils/test_utils.py::TestHashContent::test_hash_empty_string PASSED [ 91%]
src/codomyrmex/tests/unit/utils/test_utils.py::TestHashFile::test_hash_existing_file PASSED [ 91%]
src/codomyrmex/tests/unit/utils/test_utils.py::TestHashFile::test_hash_nonexistent_file PASSED [ 91%]
src/codomyrmex/tests/unit/utils/test_utils.py::TestHashFile::test_hash_file_string_path PASSED [ 91%]
src/codomyrmex/tests/unit/utils/test_utils.py::TestHashFile::test_hash_file_different_algorithms PASSED [ 91%]
src/codomyrmex/tests/unit/utils/test_utils.py::TestHashFile::test_hash_file_same_content_same_hash PASSED [ 91%]
src/codomyrmex/tests/unit/utils/test_utils.py::TestTimingDecorator::test_timing_with_dict_result PASSED [ 91%]
src/codomyrmex/tests/unit/utils/test_utils.py::TestTimingDecorator::test_timing_with_non_dict_result PASSED [ 91%]
src/codomyrmex/tests/unit/utils/test_utils.py::TestTimingDecorator::test_timing_preserves_function_name PASSED [ 91%]
src/codomyrmex/tests/unit/utils/test_utils.py::TestTimingDecorator::test_timing_measures_actual_time PASSED [ 91%]
src/codomyrmex/tests/unit/utils/test_utils.py::TestRetryDecorator::test_retry_success_first_try PASSED [ 91%]
src/codomyrmex/tests/unit/utils/test_utils.py::TestRetryDecorator::test_retry_success_after_failures PASSED [ 91%]
src/codomyrmex/tests/unit/utils/test_utils.py::TestRetryDecorator::test_retry_all_attempts_fail PASSED [ 91%]
src/codomyrmex/tests/unit/utils/test_utils.py::TestRetryDecorator::test_retry_specific_exceptions PASSED [ 91%]
src/codomyrmex/tests/unit/utils/test_utils.py::TestRetryDecorator::test_retry_with_backoff PASSED [ 91%]
src/codomyrmex/tests/unit/utils/test_utils.py::TestGetTimestamp::test_default_format PASSED [ 91%]
src/codomyrmex/tests/unit/utils/test_utils.py::TestGetTimestamp::test_custom_format PASSED [ 91%]
src/codomyrmex/tests/unit/utils/test_utils.py::TestGetTimestamp::test_timestamp_changes_over_time PASSED [ 91%]
src/codomyrmex/tests/unit/utils/test_utils.py::TestTruncateString::test_string_under_limit PASSED [ 91%]
src/codomyrmex/tests/unit/utils/test_utils.py::TestTruncateString::test_string_over_limit PASSED [ 91%]
src/codomyrmex/tests/unit/utils/test_utils.py::TestTruncateString::test_custom_suffix PASSED [ 91%]
src/codomyrmex/tests/unit/utils/test_utils.py::TestTruncateString::test_exact_length PASSED [ 91%]
src/codomyrmex/tests/unit/utils/test_utils.py::TestTruncateString::test_empty_string PASSED [ 91%]
src/codomyrmex/tests/unit/utils/test_utils.py::TestTruncateString::test_empty_suffix PASSED [ 91%]
src/codomyrmex/tests/unit/utils/test_utils.py::TestGetEnv::test_existing_env_var PASSED [ 91%]
src/codomyrmex/tests/unit/utils/test_utils.py::TestGetEnv::test_missing_env_var_with_default PASSED [ 91%]
src/codomyrmex/tests/unit/utils/test_utils.py::TestGetEnv::test_missing_required_env_var PASSED [ 91%]
src/codomyrmex/tests/unit/utils/test_utils.py::TestGetEnv::test_existing_required_env_var PASSED [ 91%]
src/codomyrmex/tests/unit/utils/test_utils.py::TestGetEnv::test_env_var_with_empty_value PASSED [ 91%]
src/codomyrmex/tests/unit/utils/test_utils.py::TestFlattenDict::test_flat_dict PASSED [ 91%]
src/codomyrmex/tests/unit/utils/test_utils.py::TestFlattenDict::test_nested_dict PASSED [ 91%]
src/codomyrmex/tests/unit/utils/test_utils.py::TestFlattenDict::test_custom_separator PASSED [ 91%]
src/codomyrmex/tests/unit/utils/test_utils.py::TestFlattenDict::test_mixed_nested_dict PASSED [ 91%]
src/codomyrmex/tests/unit/utils/test_utils.py::TestFlattenDict::test_empty_dict PASSED [ 91%]
src/codomyrmex/tests/unit/utils/test_utils.py::TestFlattenDict::test_dict_with_list_values PASSED [ 91%]
src/codomyrmex/tests/unit/utils/test_utils.py::TestDeepMerge::test_simple_merge PASSED [ 91%]
src/codomyrmex/tests/unit/utils/test_utils.py::TestDeepMerge::test_nested_merge PASSED [ 91%]
src/codomyrmex/tests/unit/utils/test_utils.py::TestDeepMerge::test_override_value PASSED [ 91%]
src/codomyrmex/tests/unit/utils/test_utils.py::TestDeepMerge::test_original_unchanged PASSED [ 91%]
src/codomyrmex/tests/unit/utils/test_utils.py::TestDeepMerge::test_deep_merge_multiple_levels PASSED [ 91%]
src/codomyrmex/tests/unit/utils/test_utils.py::TestDeepMerge::test_merge_with_non_dict_override PASSED [ 91%]
src/codomyrmex/tests/unit/utils/test_utils.py::TestCliHelpers::test_format_table_empty PASSED [ 91%]
src/codomyrmex/tests/unit/utils/test_utils.py::TestCliHelpers::test_format_table_with_data PASSED [ 91%]
src/codomyrmex/tests/unit/utils/test_utils.py::TestCliHelpers::test_format_output_json PASSED [ 91%]
src/codomyrmex/tests/unit/utils/test_utils.py::TestCliHelpers::test_format_output_text PASSED [ 91%]
src/codomyrmex/tests/unit/utils/test_utils.py::TestCliHelpers::test_validate_file_path_exists PASSED [ 91%]
src/codomyrmex/tests/unit/utils/test_utils.py::TestCliHelpers::test_validate_file_path_not_exists PASSED [ 91%]
src/codomyrmex/tests/unit/utils/test_utils.py::TestCliHelpers::test_validate_file_path_must_be_dir PASSED [ 91%]
src/codomyrmex/tests/unit/utils/test_utils.py::TestCliHelpers::test_determine_language_python PASSED [ 91%]
src/codomyrmex/tests/unit/utils/test_utils.py::TestCliHelpers::test_determine_language_javascript PASSED [ 91%]
src/codomyrmex/tests/unit/utils/test_utils.py::TestCliHelpers::test_determine_language_unknown PASSED [ 91%]
src/codomyrmex/tests/unit/utils/test_utils.py::TestCliHelpers::test_ensure_output_directory PASSED [ 91%]
src/codomyrmex/tests/unit/utils/test_utils.py::TestProgressReporter::test_progress_reporter_init PASSED [ 91%]
src/codomyrmex/tests/unit/utils/test_utils.py::TestProgressReporter::test_progress_reporter_update PASSED [ 91%]
src/codomyrmex/tests/unit/utils/test_utils.py::TestProgressReporter::test_progress_reporter_set_current PASSED [ 91%]
src/codomyrmex/tests/unit/utils/test_utils.py::TestProgressReporter::test_progress_reporter_complete PASSED [ 91%]
src/codomyrmex/tests/unit/utils/test_utils.py::TestProgressReporter::test_progress_reporter_cap_at_total PASSED [ 91%]
src/codomyrmex/tests/unit/utils/test_utils.py::TestScriptBase::test_script_config_defaults PASSED [ 91%]
src/codomyrmex/tests/unit/utils/test_utils.py::TestScriptBase::test_script_config_from_dict PASSED [ 91%]
src/codomyrmex/tests/unit/utils/test_utils.py::TestScriptBase::test_script_config_to_dict PASSED [ 91%]
src/codomyrmex/tests/unit/utils/test_utils.py::TestScriptBase::test_script_result_to_dict PASSED [ 91%]
src/codomyrmex/tests/unit/utils/test_utils.py::TestScriptBase::test_script_result_to_json PASSED [ 91%]
src/codomyrmex/tests/unit/utils/test_utils.py::TestAddCommonArguments::test_adds_dry_run PASSED [ 91%]
src/codomyrmex/tests/unit/utils/test_utils.py::TestAddCommonArguments::test_adds_format PASSED [ 91%]
src/codomyrmex/tests/unit/utils/test_utils.py::TestAddCommonArguments::test_adds_verbose PASSED [ 91%]
src/codomyrmex/tests/unit/utils/test_utils.py::TestAddCommonArguments::test_adds_quiet PASSED [ 91%]
src/codomyrmex/tests/unit/utils/test_utils.py::TestFormatResult::test_format_result_dict_success PASSED [ 91%]
src/codomyrmex/tests/unit/utils/test_utils.py::TestFormatResult::test_format_result_dict_failure PASSED [ 91%]
src/codomyrmex/tests/unit/utils/test_utils.py::TestFormatResult::test_format_result_bool PASSED [ 91%]
src/codomyrmex/tests/unit/utils/test_utils.py::TestFormatResult::test_format_result_other PASSED [ 91%]
src/codomyrmex/tests/unit/utils/test_utils.py::TestPrintFunctions::test_print_with_color_default PASSED [ 92%]
src/codomyrmex/tests/unit/utils/test_utils.py::TestPrintFunctions::test_print_section PASSED [ 92%]
src/codomyrmex/tests/unit/utils/test_utils_integration.py::TestSetupModuleLogging::test_creates_logger PASSED [ 92%]
src/codomyrmex/tests/unit/utils/test_utils_integration.py::TestSetupModuleLogging::test_sets_level PASSED [ 92%]
src/codomyrmex/tests/unit/utils/test_utils_integration.py::TestSetupModuleLogging::test_custom_format PASSED [ 92%]
src/codomyrmex/tests/unit/utils/test_utils_integration.py::TestSetupModuleLogging::test_idempotent_handlers PASSED [ 92%]
src/codomyrmex/tests/unit/utils/test_utils_integration.py::TestLogPerformance::test_decorator_preserves_return_value PASSED [ 92%]
src/codomyrmex/tests/unit/utils/test_utils_integration.py::TestLogPerformance::test_decorator_preserves_function_name PASSED [ 92%]
src/codomyrmex/tests/unit/utils/test_utils_integration.py::TestLogPerformance::test_decorator_raises_on_error PASSED [ 92%]
src/codomyrmex/tests/unit/utils/test_utils_integration.py::TestRunAsync::test_runs_coroutine PASSED [ 92%]
src/codomyrmex/tests/unit/utils/test_utils_integration.py::TestRunAsync::test_returns_value PASSED [ 92%]
src/codomyrmex/tests/unit/utils/test_utils_integration.py::TestMakeAsync::test_converts_sync_to_async PASSED [ 92%]
src/codomyrmex/tests/unit/utils/test_utils_integration.py::TestMakeAsync::test_preserves_function_name PASSED [ 92%]
src/codomyrmex/tests/unit/utils/test_utils_integration.py::TestRetryConfig::test_defaults PASSED [ 92%]
src/codomyrmex/tests/unit/utils/test_utils_integration.py::TestRetryConfig::test_custom PASSED [ 92%]
src/codomyrmex/tests/unit/utils/test_utils_integration.py::TestWithRetry::test_succeeds_first_try PASSED [ 92%]
src/codomyrmex/tests/unit/utils/test_utils_integration.py::TestWithRetry::test_retries_on_failure PASSED [ 92%]
src/codomyrmex/tests/unit/utils/test_utils_integration.py::TestWithRetry::test_raises_after_max_attempts PASSED [ 92%]
src/codomyrmex/tests/unit/utils/test_utils_integration.py::TestWithRetry::test_only_retries_specified_exceptions PASSED [ 92%]
src/codomyrmex/tests/unit/utils/test_utils_integration.py::TestTimedOperation::test_context_manager PASSED [ 92%]
src/codomyrmex/tests/unit/utils/test_utils_integration.py::TestTimedOperation::test_yields_control PASSED [ 92%]
src/codomyrmex/tests/unit/utils/test_utils_integration.py::TestAsyncTimedOperation::test_async_context_manager PASSED [ 92%]
src/codomyrmex/tests/unit/utils/test_utils_integration.py::TestAsyncTimedOperation::test_yields_control PASSED [ 92%]
src/codomyrmex/tests/unit/utils/test_utils_integration.py::TestModuleRegistry::test_singleton PASSED [ 92%]
src/codomyrmex/tests/unit/utils/test_utils_integration.py::TestModuleRegistry::test_register_and_get PASSED [ 92%]
src/codomyrmex/tests/unit/utils/test_utils_integration.py::TestModuleRegistry::test_get_nonexistent PASSED [ 92%]
src/codomyrmex/tests/unit/utils/test_utils_integration.py::TestModuleRegistry::test_add_hook_and_trigger PASSED [ 92%]
src/codomyrmex/tests/unit/utils/test_utils_integration.py::TestModuleRegistry::test_trigger_with_args PASSED [ 92%]
src/codomyrmex/tests/unit/utils/test_utils_integration.py::TestModuleRegistry::test_trigger_nonexistent_event PASSED [ 92%]
src/codomyrmex/tests/unit/utils/test_utils_integration.py::TestModuleRegistry::test_global_registry_instance PASSED [ 92%]
src/codomyrmex/tests/unit/utils/test_utils_integration.py::TestHealthStatus::test_create_healthy PASSED [ 92%]
src/codomyrmex/tests/unit/utils/test_utils_integration.py::TestHealthStatus::test_create_unhealthy PASSED [ 92%]
src/codomyrmex/tests/unit/utils/test_utils_integration.py::TestHealthStatus::test_defaults PASSED [ 92%]
src/codomyrmex/tests/unit/utils/test_utils_integration.py::TestHealthChecker::test_create PASSED [ 92%]
src/codomyrmex/tests/unit/utils/test_utils_integration.py::TestHealthChecker::test_register_check PASSED [ 92%]
src/codomyrmex/tests/unit/utils/test_utils_integration.py::TestHealthChecker::test_check_all_healthy PASSED [ 92%]
src/codomyrmex/tests/unit/utils/test_utils_integration.py::TestHealthChecker::test_check_all_with_failure PASSED [ 92%]
src/codomyrmex/tests/unit/utils/test_utils_integration.py::TestHealthChecker::test_check_all_handles_exception PASSED [ 92%]
src/codomyrmex/tests/unit/utils/test_utils_integration.py::TestHealthChecker::test_is_healthy_all_good PASSED [ 92%]
src/codomyrmex/tests/unit/utils/test_utils_integration.py::TestHealthChecker::test_is_healthy_one_bad PASSED [ 92%]
src/codomyrmex/tests/unit/utils/test_utils_integration.py::TestHealthChecker::test_latency_measured PASSED [ 92%]
src/codomyrmex/tests/unit/utils/test_utils_integration.py::TestGatherWithConcurrency::test_runs_coroutines PASSED [ 92%]
src/codomyrmex/tests/unit/utils/test_utils_integration.py::TestGatherWithConcurrency::test_respects_concurrency_limit PASSED [ 92%]
src/codomyrmex/tests/unit/utils/test_utils_metrics.py::TestMetricsCollectorSingleton::test_singleton_identity PASSED [ 92%]
src/codomyrmex/tests/unit/utils/test_utils_metrics.py::TestMetricsCollectorSingleton::test_global_instance_is_singleton PASSED [ 92%]
src/codomyrmex/tests/unit/utils/test_utils_metrics.py::TestMetricsCollectorCounters::test_increment_creates_counter PASSED [ 92%]
src/codomyrmex/tests/unit/utils/test_utils_metrics.py::TestMetricsCollectorCounters::test_increment_multiple_times PASSED [ 92%]
src/codomyrmex/tests/unit/utils/test_utils_metrics.py::TestMetricsCollectorCounters::test_increment_with_labels PASSED [ 92%]
src/codomyrmex/tests/unit/utils/test_utils_metrics.py::TestMetricsCollectorGauges::test_set_gauge PASSED [ 92%]
src/codomyrmex/tests/unit/utils/test_utils_metrics.py::TestMetricsCollectorGauges::test_set_gauge_overwrites PASSED [ 92%]
src/codomyrmex/tests/unit/utils/test_utils_metrics.py::TestMetricsCollectorHistograms::test_observe_creates_histogram PASSED [ 92%]
src/codomyrmex/tests/unit/utils/test_utils_metrics.py::TestMetricsCollectorHistograms::test_observe_aggregates_correctly PASSED [ 92%]
src/codomyrmex/tests/unit/utils/test_utils_metrics.py::TestMetricsCollectorReset::test_reset_clears_all PASSED [ 92%]
src/codomyrmex/tests/unit/utils/test_utils_metrics.py::TestTimedMetric::test_records_histogram_with_duration_suffix PASSED [ 92%]
src/codomyrmex/tests/unit/utils/test_utils_metrics.py::TestTimedMetric::test_records_positive_duration PASSED [ 92%]
src/codomyrmex/tests/unit/utils/test_utils_metrics.py::TestCountCalls::test_increments_call_counter PASSED [ 92%]
src/codomyrmex/tests/unit/utils/test_utils_metrics.py::TestCountCalls::test_increments_success_counter PASSED [ 92%]
src/codomyrmex/tests/unit/utils/test_utils_metrics.py::TestCountCalls::test_increments_error_counter_on_exception PASSED [ 92%]
src/codomyrmex/tests/unit/utils/test_utils_metrics.py::TestCountCalls::test_preserves_return_value PASSED [ 92%]
src/codomyrmex/tests/unit/utils/test_utils_metrics.py::TestCountCalls::test_preserves_exception PASSED [ 92%]
src/codomyrmex/tests/unit/utils/test_utils_metrics.py::TestModuleHealth::test_register_and_check PASSED [ 92%]
src/codomyrmex/tests/unit/utils/test_utils_metrics.py::TestModuleHealth::test_check_unregistered_returns_false PASSED [ 92%]
src/codomyrmex/tests/unit/utils/test_utils_metrics.py::TestModuleHealth::test_check_all_returns_dict PASSED [ 92%]
src/codomyrmex/tests/unit/utils/test_utils_metrics.py::TestModuleHealth::test_is_healthy_all_pass PASSED [ 92%]
src/codomyrmex/tests/unit/utils/test_utils_metrics.py::TestModuleHealth::test_is_healthy_one_fails PASSED [ 92%]
src/codomyrmex/tests/unit/utils/test_utils_metrics.py::TestModuleHealth::test_check_handles_exception_as_unhealthy PASSED [ 92%]
src/codomyrmex/tests/unit/utils/test_utils_metrics.py::TestExportPrometheus::test_empty_metrics_returns_empty_string PASSED [ 92%]
src/codomyrmex/tests/unit/utils/test_utils_metrics.py::TestExportPrometheus::test_counter_format PASSED [ 92%]
src/codomyrmex/tests/unit/utils/test_utils_metrics.py::TestExportPrometheus::test_gauge_format PASSED [ 92%]
src/codomyrmex/tests/unit/utils/test_utils_metrics.py::TestExportPrometheus::test_histogram_format PASSED [ 92%]
src/codomyrmex/tests/unit/validation/schemas/test_schemas.py::TestSchemasModuleImport::test_schemas_module_import PASSED [ 92%]
src/codomyrmex/tests/unit/validation/schemas/test_schemas.py::TestSchemasModuleImport::test_schemas_version PASSED [ 92%]
src/codomyrmex/tests/unit/validation/schemas/test_schemas.py::TestSchemasModuleImport::test_all_27_exports_importable PASSED [ 92%]
src/codomyrmex/tests/unit/validation/schemas/test_schemas.py::TestSchemasModuleImport::test_all_list_length PASSED [ 92%]
src/codomyrmex/tests/unit/validation/schemas/test_schemas.py::TestResultStatusEnum::test_values PASSED [ 92%]
src/codomyrmex/tests/unit/validation/schemas/test_schemas.py::TestResultStatusEnum::test_member_count PASSED [ 92%]
src/codomyrmex/tests/unit/validation/schemas/test_schemas.py::TestTaskStatusEnum::test_values PASSED [ 92%]
src/codomyrmex/tests/unit/validation/schemas/test_schemas.py::TestTaskStatusEnum::test_member_count PASSED [ 92%]
src/codomyrmex/tests/unit/validation/schemas/test_schemas.py::TestResult::test_construction_with_defaults PASSED [ 92%]
src/codomyrmex/tests/unit/validation/schemas/test_schemas.py::TestResult::test_construction_with_all_fields PASSED [ 92%]
src/codomyrmex/tests/unit/validation/schemas/test_schemas.py::TestResult::test_ok_property_true_for_success PASSED [ 92%]
src/codomyrmex/tests/unit/validation/schemas/test_schemas.py::TestResult::test_ok_property_false_for_failure PASSED [ 92%]
src/codomyrmex/tests/unit/validation/schemas/test_schemas.py::TestResult::test_ok_property_false_for_partial PASSED [ 92%]
src/codomyrmex/tests/unit/validation/schemas/test_schemas.py::TestResult::test_ok_property_false_for_timeout PASSED [ 92%]
src/codomyrmex/tests/unit/validation/schemas/test_schemas.py::TestResult::test_to_dict PASSED [ 92%]
src/codomyrmex/tests/unit/validation/schemas/test_schemas.py::TestResult::test_to_dict_returns_plain_dict PASSED [ 92%]
src/codomyrmex/tests/unit/validation/schemas/test_schemas.py::TestTask::test_construction_with_defaults PASSED [ 92%]
src/codomyrmex/tests/unit/validation/schemas/test_schemas.py::TestTask::test_construction_with_all_fields PASSED [ 92%]
src/codomyrmex/tests/unit/validation/schemas/test_schemas.py::TestTask::test_to_dict PASSED [ 92%]
src/codomyrmex/tests/unit/validation/schemas/test_schemas.py::TestConfig::test_construction_with_defaults PASSED [ 92%]
src/codomyrmex/tests/unit/validation/schemas/test_schemas.py::TestConfig::test_get_returns_value PASSED [ 92%]
src/codomyrmex/tests/unit/validation/schemas/test_schemas.py::TestConfig::test_get_returns_default_for_missing_key PASSED [ 92%]
src/codomyrmex/tests/unit/validation/schemas/test_schemas.py::TestConfig::test_get_returns_none_for_missing_key_no_default PASSED [ 92%]
src/codomyrmex/tests/unit/validation/schemas/test_schemas.py::TestConfig::test_set_adds_new_key PASSED [ 92%]
src/codomyrmex/tests/unit/validation/schemas/test_schemas.py::TestConfig::test_set_overwrites_existing_key PASSED [ 92%]
src/codomyrmex/tests/unit/validation/schemas/test_schemas.py::TestModuleInfo::test_construction_with_defaults PASSED [ 92%]
src/codomyrmex/tests/unit/validation/schemas/test_schemas.py::TestModuleInfo::test_construction_with_all_fields PASSED [ 92%]
src/codomyrmex/tests/unit/validation/schemas/test_schemas.py::TestToolDefinition::test_construction_with_defaults PASSED [ 92%]
src/codomyrmex/tests/unit/validation/schemas/test_schemas.py::TestNotification::test_construction_with_defaults PASSED [ 92%]
src/codomyrmex/tests/unit/validation/schemas/test_schemas.py::TestCodeEntityTypeEnum::test_values PASSED [ 93%]
src/codomyrmex/tests/unit/validation/schemas/test_schemas.py::TestCodeEntityTypeEnum::test_member_count PASSED [ 93%]
src/codomyrmex/tests/unit/validation/schemas/test_schemas.py::TestAnalysisSeverityEnum::test_values PASSED [ 93%]
src/codomyrmex/tests/unit/validation/schemas/test_schemas.py::TestAnalysisSeverityEnum::test_member_count PASSED [ 93%]
src/codomyrmex/tests/unit/validation/schemas/test_schemas.py::TestSecuritySeverityEnum::test_values PASSED [ 93%]
src/codomyrmex/tests/unit/validation/schemas/test_schemas.py::TestSecuritySeverityEnum::test_member_count PASSED [ 93%]
src/codomyrmex/tests/unit/validation/schemas/test_schemas.py::TestSchemaTestStatusEnum::test_values PASSED [ 93%]
src/codomyrmex/tests/unit/validation/schemas/test_schemas.py::TestSchemaTestStatusEnum::test_member_count PASSED [ 93%]
src/codomyrmex/tests/unit/validation/schemas/test_schemas.py::TestCodeEntity::test_construction_with_defaults PASSED [ 93%]
src/codomyrmex/tests/unit/validation/schemas/test_schemas.py::TestCodeEntity::test_to_dict PASSED [ 93%]
src/codomyrmex/tests/unit/validation/schemas/test_schemas.py::TestAnalysisResult::test_construction_with_defaults PASSED [ 93%]
src/codomyrmex/tests/unit/validation/schemas/test_schemas.py::TestAnalysisResult::test_to_dict PASSED [ 93%]
src/codomyrmex/tests/unit/validation/schemas/test_schemas.py::TestSecurityFinding::test_construction_with_defaults PASSED [ 93%]
src/codomyrmex/tests/unit/validation/schemas/test_schemas.py::TestSecurityFinding::test_to_dict PASSED [ 93%]
src/codomyrmex/tests/unit/validation/schemas/test_schemas.py::TestSchemaTestResult::test_construction_with_defaults PASSED [ 93%]
src/codomyrmex/tests/unit/validation/schemas/test_schemas.py::TestSchemaTestResult::test_to_dict PASSED [ 93%]
src/codomyrmex/tests/unit/validation/schemas/test_schemas.py::TestDeploymentStatusEnum::test_values PASSED [ 93%]
src/codomyrmex/tests/unit/validation/schemas/test_schemas.py::TestDeploymentStatusEnum::test_member_count PASSED [ 93%]
src/codomyrmex/tests/unit/validation/schemas/test_schemas.py::TestPipelineStatusEnum::test_values PASSED [ 93%]
src/codomyrmex/tests/unit/validation/schemas/test_schemas.py::TestPipelineStatusEnum::test_member_count PASSED [ 93%]
src/codomyrmex/tests/unit/validation/schemas/test_schemas.py::TestMetricTypeEnum::test_values PASSED [ 93%]
src/codomyrmex/tests/unit/validation/schemas/test_schemas.py::TestMetricTypeEnum::test_member_count PASSED [ 93%]
src/codomyrmex/tests/unit/validation/schemas/test_schemas.py::TestDeployment::test_construction_with_defaults PASSED [ 93%]
src/codomyrmex/tests/unit/validation/schemas/test_schemas.py::TestDeployment::test_to_dict PASSED [ 93%]
src/codomyrmex/tests/unit/validation/schemas/test_schemas.py::TestPipeline::test_construction_with_defaults PASSED [ 93%]
src/codomyrmex/tests/unit/validation/schemas/test_schemas.py::TestPipeline::test_to_dict PASSED [ 93%]
src/codomyrmex/tests/unit/validation/schemas/test_schemas.py::TestResource::test_construction_with_defaults PASSED [ 93%]
src/codomyrmex/tests/unit/validation/schemas/test_schemas.py::TestResource::test_to_dict PASSED [ 93%]
src/codomyrmex/tests/unit/validation/schemas/test_schemas.py::TestBuildArtifact::test_construction_with_defaults PASSED [ 93%]
src/codomyrmex/tests/unit/validation/schemas/test_schemas.py::TestBuildArtifact::test_to_dict PASSED [ 93%]
src/codomyrmex/tests/unit/validation/schemas/test_schemas.py::TestMetric::test_construction_with_defaults PASSED [ 93%]
src/codomyrmex/tests/unit/validation/schemas/test_schemas.py::TestMetric::test_to_dict PASSED [ 93%]
src/codomyrmex/tests/unit/validation/schemas/test_schemas.py::TestCredential::test_construction_with_defaults PASSED [ 93%]
src/codomyrmex/tests/unit/validation/schemas/test_schemas.py::TestCredential::test_construction_with_all_fields PASSED [ 93%]
src/codomyrmex/tests/unit/validation/schemas/test_schemas.py::TestPermission::test_construction_with_defaults PASSED [ 93%]
src/codomyrmex/tests/unit/validation/schemas/test_schemas.py::TestPermission::test_construction_with_deny PASSED [ 93%]
src/codomyrmex/tests/unit/validation/schemas/test_schemas.py::TestWorkflowStep::test_construction_with_defaults PASSED [ 93%]
src/codomyrmex/tests/unit/validation/schemas/test_schemas.py::TestWorkflowStep::test_to_dict PASSED [ 93%]
src/codomyrmex/tests/unit/validation/test_examples_validator.py::TestValidationSeverity::test_critical_value PASSED [ 93%]
src/codomyrmex/tests/unit/validation/test_examples_validator.py::TestValidationSeverity::test_error_value PASSED [ 93%]
src/codomyrmex/tests/unit/validation/test_examples_validator.py::TestValidationSeverity::test_warning_value PASSED [ 93%]
src/codomyrmex/tests/unit/validation/test_examples_validator.py::TestValidationSeverity::test_info_value PASSED [ 93%]
src/codomyrmex/tests/unit/validation/test_examples_validator.py::TestValidationSeverity::test_member_count PASSED [ 93%]
src/codomyrmex/tests/unit/validation/test_examples_validator.py::TestValidationSeverity::test_is_string_enum PASSED [ 93%]
src/codomyrmex/tests/unit/validation/test_examples_validator.py::TestValidationType::test_execution_value PASSED [ 93%]
src/codomyrmex/tests/unit/validation/test_examples_validator.py::TestValidationType::test_configuration_value PASSED [ 93%]
src/codomyrmex/tests/unit/validation/test_examples_validator.py::TestValidationType::test_documentation_value PASSED [ 93%]
src/codomyrmex/tests/unit/validation/test_examples_validator.py::TestValidationType::test_test_references_value PASSED [ 93%]
src/codomyrmex/tests/unit/validation/test_examples_validator.py::TestValidationType::test_output_files_value PASSED [ 93%]
src/codomyrmex/tests/unit/validation/test_examples_validator.py::TestValidationType::test_member_count PASSED [ 93%]
src/codomyrmex/tests/unit/validation/test_examples_validator.py::TestValidationIssue::test_create_with_required_fields PASSED [ 93%]
src/codomyrmex/tests/unit/validation/test_examples_validator.py::TestValidationIssue::test_optional_fields_default_to_none PASSED [ 93%]
src/codomyrmex/tests/unit/validation/test_examples_validator.py::TestValidationIssue::test_create_with_all_fields PASSED [ 93%]
src/codomyrmex/tests/unit/validation/test_examples_validator.py::TestModuleValidationResult::test_successful_result PASSED [ 93%]
src/codomyrmex/tests/unit/validation/test_examples_validator.py::TestModuleValidationResult::test_failed_result_with_issues PASSED [ 93%]
src/codomyrmex/tests/unit/validation/test_examples_validator.py::TestModuleValidationResult::test_result_with_metadata PASSED [ 93%]
src/codomyrmex/tests/unit/validation/test_examples_validator.py::TestModuleValidationResult::test_multiple_issues PASSED [ 93%]
src/codomyrmex/tests/unit/validation/test_examples_validator.py::TestExamplesValidatorInit::test_init_with_required_args PASSED [ 93%]
src/codomyrmex/tests/unit/validation/test_examples_validator.py::TestExamplesValidatorInit::test_default_parallel_jobs PASSED [ 93%]
src/codomyrmex/tests/unit/validation/test_examples_validator.py::TestExamplesValidatorInit::test_custom_parallel_jobs PASSED [ 93%]
src/codomyrmex/tests/unit/validation/test_examples_validator.py::TestExamplesValidatorInit::test_init_accepts_path_objects PASSED [ 93%]
src/codomyrmex/tests/unit/validation/test_validation.py::TestValidationModuleImport::test_validation_module_import PASSED [ 93%]
src/codomyrmex/tests/unit/validation/test_validation.py::TestValidationModuleImport::test_validation_module_structure PASSED [ 93%]
src/codomyrmex/tests/unit/validation/test_validation.py::TestValidationModuleImport::test_validation_module_exports PASSED [ 93%]
src/codomyrmex/tests/unit/validation/test_validation.py::TestValidationError::test_create_validation_error PASSED [ 93%]
src/codomyrmex/tests/unit/validation/test_validation.py::TestValidationError::test_validation_error_with_path PASSED [ 93%]
src/codomyrmex/tests/unit/validation/test_validation.py::TestValidationError::test_validation_error_defaults PASSED [ 93%]
src/codomyrmex/tests/unit/validation/test_validation.py::TestValidationError::test_validation_error_is_exception PASSED [ 93%]
src/codomyrmex/tests/unit/validation/test_validation.py::TestValidationError::test_validation_error_with_all_params PASSED [ 93%]
src/codomyrmex/tests/unit/validation/test_validation.py::TestValidationWarning::test_create_validation_warning PASSED [ 93%]
src/codomyrmex/tests/unit/validation/test_validation.py::TestValidationWarning::test_validation_warning_with_code PASSED [ 93%]
src/codomyrmex/tests/unit/validation/test_validation.py::TestValidationWarning::test_validation_warning_default_code PASSED [ 93%]
src/codomyrmex/tests/unit/validation/test_validation.py::TestValidationWarning::test_validation_warning_with_path PASSED [ 93%]
src/codomyrmex/tests/unit/validation/test_validation.py::TestValidationResult::test_valid_result PASSED [ 93%]
src/codomyrmex/tests/unit/validation/test_validation.py::TestValidationResult::test_invalid_result_with_errors PASSED [ 93%]
src/codomyrmex/tests/unit/validation/test_validation.py::TestValidationResult::test_result_bool_conversion PASSED [ 93%]
src/codomyrmex/tests/unit/validation/test_validation.py::TestValidationResult::test_result_with_warnings PASSED [ 93%]
src/codomyrmex/tests/unit/validation/test_validation.py::TestValidationResult::test_result_with_multiple_errors PASSED [ 93%]
src/codomyrmex/tests/unit/validation/test_validation.py::TestValidationResult::test_result_mixed_errors_and_warnings PASSED [ 93%]
src/codomyrmex/tests/unit/validation/test_validation.py::TestValidator::test_create_validator PASSED [ 93%]
src/codomyrmex/tests/unit/validation/test_validation.py::TestValidator::test_create_validator_default_type PASSED [ 93%]
src/codomyrmex/tests/unit/validation/test_validation.py::TestValidator::test_validate_json_schema_valid PASSED [ 93%]
src/codomyrmex/tests/unit/validation/test_validation.py::TestValidator::test_validate_json_schema_invalid PASSED [ 93%]
src/codomyrmex/tests/unit/validation/test_validation.py::TestValidator::test_validate_json_schema_type_mismatch PASSED [ 93%]
src/codomyrmex/tests/unit/validation/test_validation.py::TestValidator::test_is_valid_method PASSED [ 93%]
src/codomyrmex/tests/unit/validation/test_validation.py::TestValidator::test_get_errors_method PASSED [ 93%]
src/codomyrmex/tests/unit/validation/test_validation.py::TestValidator::test_validate_nested_object PASSED [ 93%]
src/codomyrmex/tests/unit/validation/test_validation.py::TestValidator::test_validate_array_schema PASSED [ 93%]
src/codomyrmex/tests/unit/validation/test_validation.py::TestValidator::test_validate_array_invalid_items PASSED [ 93%]
src/codomyrmex/tests/unit/validation/test_validation.py::TestBasicValidation::test_basic_validation_type_object PASSED [ 93%]
src/codomyrmex/tests/unit/validation/test_validation.py::TestBasicValidation::test_basic_validation_type_object_invalid PASSED [ 93%]
src/codomyrmex/tests/unit/validation/test_validation.py::TestBasicValidation::test_basic_validation_type_array PASSED [ 93%]
src/codomyrmex/tests/unit/validation/test_validation.py::TestBasicValidation::test_basic_validation_type_array_invalid PASSED [ 93%]
src/codomyrmex/tests/unit/validation/test_validation.py::TestBasicValidation::test_basic_validation_type_string PASSED [ 93%]
src/codomyrmex/tests/unit/validation/test_validation.py::TestBasicValidation::test_basic_validation_type_string_invalid PASSED [ 93%]
src/codomyrmex/tests/unit/validation/test_validation.py::TestBasicValidation::test_basic_validation_type_integer PASSED [ 93%]
src/codomyrmex/tests/unit/validation/test_validation.py::TestBasicValidation::test_basic_validation_type_integer_invalid PASSED [ 93%]
src/codomyrmex/tests/unit/validation/test_validation.py::TestBasicValidation::test_basic_validation_type_number_int PASSED [ 93%]
src/codomyrmex/tests/unit/validation/test_validation.py::TestBasicValidation::test_basic_validation_type_number_float PASSED [ 93%]
src/codomyrmex/tests/unit/validation/test_validation.py::TestBasicValidation::test_basic_validation_type_boolean PASSED [ 94%]
src/codomyrmex/tests/unit/validation/test_validation.py::TestBasicValidation::test_basic_validation_required_fields PASSED [ 94%]
src/codomyrmex/tests/unit/validation/test_validation.py::TestBasicValidation::test_basic_validation_all_required_fields_present PASSED [ 94%]
src/codomyrmex/tests/unit/validation/test_validation.py::TestBasicValidation::test_basic_validation_empty_schema PASSED [ 94%]
src/codomyrmex/tests/unit/validation/test_validation.py::TestCustomValidation::test_custom_validator_bool_result_true PASSED [ 94%]
src/codomyrmex/tests/unit/validation/test_validation.py::TestCustomValidation::test_custom_validator_bool_result_false PASSED [ 94%]
src/codomyrmex/tests/unit/validation/test_validation.py::TestCustomValidation::test_custom_validator_validation_result PASSED [ 94%]
src/codomyrmex/tests/unit/validation/test_validation.py::TestCustomValidation::test_custom_validator_exception PASSED [ 94%]
src/codomyrmex/tests/unit/validation/test_validation.py::TestCustomValidation::test_custom_validator_complex_logic PASSED [ 94%]
src/codomyrmex/tests/unit/validation/test_validation.py::TestCustomValidation::test_custom_validator_returns_none PASSED [ 94%]
src/codomyrmex/tests/unit/validation/test_validation.py::TestPydanticValidation::test_pydantic_validation_valid PASSED [ 94%]
src/codomyrmex/tests/unit/validation/test_validation.py::TestPydanticValidation::test_pydantic_validation_invalid PASSED [ 94%]
src/codomyrmex/tests/unit/validation/test_validation.py::TestPydanticValidation::test_pydantic_validation_missing_field PASSED [ 94%]
src/codomyrmex/tests/unit/validation/test_validation.py::TestPydanticValidation::test_pydantic_validation_optional_field PASSED [ 94%]
src/codomyrmex/tests/unit/validation/test_validation.py::TestPydanticValidation::test_pydantic_validation_nested_model PASSED [ 94%]
src/codomyrmex/tests/unit/validation/test_validation.py::TestPydanticValidation::test_pydantic_validation_invalid_nested PASSED [ 94%]
src/codomyrmex/tests/unit/validation/test_validation.py::TestUnknownValidatorType::test_unknown_validator_type PASSED [ 94%]
src/codomyrmex/tests/unit/validation/test_validation.py::TestContextualValidator::test_contextual_validator_create PASSED [ 94%]
src/codomyrmex/tests/unit/validation/test_validation.py::TestContextualValidator::test_contextual_validator_add_rule PASSED [ 94%]
src/codomyrmex/tests/unit/validation/test_validation.py::TestContextualValidator::test_contextual_validator_validate_no_issues PASSED [ 94%]
src/codomyrmex/tests/unit/validation/test_validation.py::TestContextualValidator::test_contextual_validator_validate_with_issues PASSED [ 94%]
src/codomyrmex/tests/unit/validation/test_validation.py::TestContextualValidator::test_contextual_validator_multiple_rules PASSED [ 94%]
src/codomyrmex/tests/unit/validation/test_validation.py::TestContextualValidator::test_contextual_validator_cross_field_validation PASSED [ 94%]
src/codomyrmex/tests/unit/validation/test_validation.py::TestValidationIssue::test_validation_issue_create PASSED [ 94%]
src/codomyrmex/tests/unit/validation/test_validation.py::TestValidationIssue::test_validation_issue_default_severity PASSED [ 94%]
src/codomyrmex/tests/unit/validation/test_validation.py::TestValidationIssue::test_validation_issue_custom_severity PASSED [ 94%]
src/codomyrmex/tests/unit/validation/test_validation.py::TestTypeSafeParser::test_parse_as_valid PASSED [ 94%]
src/codomyrmex/tests/unit/validation/test_validation.py::TestTypeSafeParser::test_parse_as_invalid PASSED [ 94%]
src/codomyrmex/tests/unit/validation/test_validation.py::TestTypeSafeParser::test_parse_dict_valid PASSED [ 94%]
src/codomyrmex/tests/unit/validation/test_validation.py::TestTypeSafeParser::test_parse_dict_invalid_raises PASSED [ 94%]
src/codomyrmex/tests/unit/validation/test_validation.py::TestValidationManager::test_validation_manager_create PASSED [ 94%]
src/codomyrmex/tests/unit/validation/test_validation.py::TestValidationManager::test_validation_manager_register_validator PASSED [ 94%]
src/codomyrmex/tests/unit/validation/test_validation.py::TestValidationManager::test_validation_manager_get_validator_not_found PASSED [ 94%]
src/codomyrmex/tests/unit/validation/test_validation.py::TestValidationManager::test_validation_manager_validate_default PASSED [ 94%]
src/codomyrmex/tests/unit/validation/test_validation.py::TestValidationManager::test_validation_manager_validate_custom PASSED [ 94%]
src/codomyrmex/tests/unit/validation/test_validation.py::TestValidationSummary::test_validation_summary_create PASSED [ 94%]
src/codomyrmex/tests/unit/validation/test_validation.py::TestValidationSummary::test_validation_summary_is_valid_no_errors PASSED [ 94%]
src/codomyrmex/tests/unit/validation/test_validation.py::TestValidationSummary::test_validation_summary_is_valid_with_errors PASSED [ 94%]
src/codomyrmex/tests/unit/validation/test_validation.py::TestValidationSummary::test_validation_summary_error_count PASSED [ 94%]
src/codomyrmex/tests/unit/validation/test_validation.py::TestValidationSummary::test_validation_summary_warning_count PASSED [ 94%]
src/codomyrmex/tests/unit/validation/test_validation.py::TestValidationSummary::test_validation_summary_to_dict PASSED [ 94%]
src/codomyrmex/tests/unit/validation/test_validation.py::TestValidationSummary::test_validation_summary_empty_issues PASSED [ 94%]
src/codomyrmex/tests/unit/vector_store/test_vector_store.py::TestDistanceMetric::test_cosine_metric PASSED [ 94%]
src/codomyrmex/tests/unit/vector_store/test_vector_store.py::TestDistanceMetric::test_euclidean_metric PASSED [ 94%]
src/codomyrmex/tests/unit/vector_store/test_vector_store.py::TestDistanceMetric::test_dot_product_metric PASSED [ 94%]
src/codomyrmex/tests/unit/vector_store/test_vector_store.py::TestVectorEntry::test_create_entry PASSED [ 94%]
src/codomyrmex/tests/unit/vector_store/test_vector_store.py::TestVectorEntry::test_entry_metadata PASSED [ 94%]
src/codomyrmex/tests/unit/vector_store/test_vector_store.py::TestNormalizeEmbedding::test_normalize_unit_vector PASSED [ 94%]
src/codomyrmex/tests/unit/vector_store/test_vector_store.py::TestNormalizeEmbedding::test_normalize_scales_to_unit PASSED [ 94%]
src/codomyrmex/tests/unit/vector_store/test_vector_store.py::TestNormalizeEmbedding::test_normalize_zero_vector PASSED [ 94%]
src/codomyrmex/tests/unit/vector_store/test_vector_store.py::TestInMemoryVectorStore::test_create_store PASSED [ 94%]
src/codomyrmex/tests/unit/vector_store/test_vector_store.py::TestInMemoryVectorStore::test_add_entry PASSED [ 94%]
src/codomyrmex/tests/unit/vector_store/test_vector_store.py::TestInMemoryVectorStore::test_search_returns_results PASSED [ 94%]
src/codomyrmex/tests/unit/vector_store/test_vector_store.py::TestInMemoryVectorStore::test_search_top_k PASSED [ 94%]
src/codomyrmex/tests/unit/vector_store/test_vector_store.py::TestInMemoryVectorStore::test_delete_entry PASSED [ 94%]
src/codomyrmex/tests/unit/vector_store/test_vector_store.py::TestInMemoryVectorStore::test_get_entry PASSED [ 94%]
src/codomyrmex/tests/unit/vector_store/test_vector_store.py::TestInMemoryVectorStore::test_get_nonexistent PASSED [ 94%]
src/codomyrmex/tests/unit/vector_store/test_vector_store.py::TestNamespacedVectorStore::test_create_namespaced_store PASSED [ 94%]
src/codomyrmex/tests/unit/vector_store/test_vector_store.py::TestNamespacedVectorStore::test_namespace_isolation PASSED [ 94%]
src/codomyrmex/tests/unit/vector_store/test_vector_store.py::TestCreateVectorStore::test_factory_creates_store PASSED [ 94%]
src/codomyrmex/tests/unit/vector_store/test_vector_store_persistent.py::TestPersistentVectorStore::test_create PASSED [ 94%]
src/codomyrmex/tests/unit/vector_store/test_vector_store_persistent.py::TestPersistentVectorStore::test_add_and_get PASSED [ 94%]
src/codomyrmex/tests/unit/vector_store/test_vector_store_persistent.py::TestPersistentVectorStore::test_get_nonexistent PASSED [ 94%]
src/codomyrmex/tests/unit/vector_store/test_vector_store_persistent.py::TestPersistentVectorStore::test_delete PASSED [ 94%]
src/codomyrmex/tests/unit/vector_store/test_vector_store_persistent.py::TestPersistentVectorStore::test_delete_nonexistent PASSED [ 94%]
src/codomyrmex/tests/unit/vector_store/test_vector_store_persistent.py::TestPersistentVectorStore::test_count PASSED [ 94%]
src/codomyrmex/tests/unit/vector_store/test_vector_store_persistent.py::TestPersistentVectorStore::test_clear PASSED [ 94%]
src/codomyrmex/tests/unit/vector_store/test_vector_store_persistent.py::TestPersistentVectorStore::test_search_cosine PASSED [ 94%]
src/codomyrmex/tests/unit/vector_store/test_vector_store_persistent.py::TestPersistentVectorStore::test_search_euclidean PASSED [ 94%]
src/codomyrmex/tests/unit/vector_store/test_vector_store_persistent.py::TestPersistentVectorStore::test_search_dot_product PASSED [ 94%]
src/codomyrmex/tests/unit/vector_store/test_vector_store_persistent.py::TestPersistentVectorStore::test_invalid_distance_metric PASSED [ 94%]
src/codomyrmex/tests/unit/vector_store/test_vector_store_persistent.py::TestPersistentVectorStore::test_search_with_filter PASSED [ 94%]
src/codomyrmex/tests/unit/vector_store/test_vector_store_persistent.py::TestPersistentVectorStore::test_flush_saves_to_disk PASSED [ 94%]
src/codomyrmex/tests/unit/vector_store/test_vector_store_persistent.py::TestPersistentVectorStore::test_compact PASSED [ 94%]
src/codomyrmex/tests/unit/vector_store/test_vector_store_persistent.py::TestPersistentVectorStore::test_persistence_across_instances PASSED [ 94%]
src/codomyrmex/tests/unit/vector_store/test_vector_store_persistent.py::TestPersistentVectorStore::test_load_nonexistent_file PASSED [ 94%]
src/codomyrmex/tests/unit/vector_store/test_vector_store_persistent.py::TestPersistentVectorStore::test_load_corrupt_file PASSED [ 94%]
src/codomyrmex/tests/unit/vector_store/test_vector_store_persistent.py::TestCachedVectorStore::test_create PASSED [ 94%]
src/codomyrmex/tests/unit/vector_store/test_vector_store_persistent.py::TestCachedVectorStore::test_add_and_get PASSED [ 94%]
src/codomyrmex/tests/unit/vector_store/test_vector_store_persistent.py::TestCachedVectorStore::test_get_from_cache PASSED [ 94%]
src/codomyrmex/tests/unit/vector_store/test_vector_store_persistent.py::TestCachedVectorStore::test_get_nonexistent PASSED [ 94%]
src/codomyrmex/tests/unit/vector_store/test_vector_store_persistent.py::TestCachedVectorStore::test_delete PASSED [ 94%]
src/codomyrmex/tests/unit/vector_store/test_vector_store_persistent.py::TestCachedVectorStore::test_search_delegates_to_backend PASSED [ 94%]
src/codomyrmex/tests/unit/vector_store/test_vector_store_persistent.py::TestCachedVectorStore::test_count PASSED [ 94%]
src/codomyrmex/tests/unit/vector_store/test_vector_store_persistent.py::TestCachedVectorStore::test_clear PASSED [ 94%]
src/codomyrmex/tests/unit/vector_store/test_vector_store_persistent.py::TestCachedVectorStore::test_cache_eviction PASSED [ 94%]
src/codomyrmex/tests/unit/vector_store/test_vector_store_persistent.py::TestCachedVectorStore::test_cache_stats PASSED [ 94%]
src/codomyrmex/tests/unit/vector_store/test_vector_store_persistent.py::TestCachedVectorStore::test_cache_update_on_repeated_get PASSED [ 94%]
src/codomyrmex/tests/unit/video/test_video.py::test_video_module_imports PASSED [ 94%]
src/codomyrmex/tests/unit/video/test_video.py::test_video_exceptions_import PASSED [ 94%]
src/codomyrmex/tests/unit/video/test_video.py::test_video_exception_context PASSED [ 94%]
src/codomyrmex/tests/unit/video/test_video.py::test_frame_extraction_error_context PASSED [ 94%]
src/codomyrmex/tests/unit/video/test_video.py::test_availability_flags PASSED [ 94%]
src/codomyrmex/tests/unit/video/test_video.py::TestVideoConfig::test_video_config_defaults PASSED [ 94%]
src/codomyrmex/tests/unit/video/test_video.py::TestVideoConfig::test_get_set_config PASSED [ 94%]
src/codomyrmex/tests/unit/video/test_video.py::TestVideoConfig::test_configure_function PASSED [ 94%]
src/codomyrmex/tests/unit/video/test_video.py::TestVideoModels::test_filter_type_enum PASSED [ 94%]
src/codomyrmex/tests/unit/video/test_video.py::TestVideoModels::test_video_codec_enum PASSED [ 94%]
src/codomyrmex/tests/unit/video/test_video.py::TestVideoModels::test_audio_codec_enum PASSED [ 95%]
src/codomyrmex/tests/unit/video/test_video.py::TestVideoModels::test_video_info_dataclass PASSED [ 95%]
src/codomyrmex/tests/unit/video/test_video.py::TestVideoModels::test_video_info_to_dict PASSED [ 95%]
src/codomyrmex/tests/unit/video/test_video.py::TestVideoModels::test_processing_result_dataclass PASSED [ 95%]
src/codomyrmex/tests/unit/video/test_video.py::TestVideoModels::test_extraction_result_dataclass PASSED [ 95%]
src/codomyrmex/tests/unit/video/test_video.py::TestVideoModels::test_video_comparison_dataclass PASSED [ 95%]
src/codomyrmex/tests/unit/video/test_video.py::TestVideoProcessor::test_video_processor_import PASSED [ 95%]
src/codomyrmex/tests/unit/video/test_video.py::TestVideoProcessor::test_supported_formats PASSED [ 95%]
src/codomyrmex/tests/unit/video/test_video.py::TestFrameExtractor::test_frame_extractor_import PASSED [ 95%]
src/codomyrmex/tests/unit/video/test_video.py::TestFrameExtractor::test_supported_formats PASSED [ 95%]
src/codomyrmex/tests/unit/video/test_video.py::TestVideoAnalyzer::test_video_analyzer_import PASSED [ 95%]
src/codomyrmex/tests/unit/video/test_video.py::TestVideoAnalyzer::test_supported_formats PASSED [ 95%]
src/codomyrmex/tests/unit/video/test_video.py::TestErrorHandling::test_unsupported_format_error PASSED [ 95%]
src/codomyrmex/tests/unit/video/test_video.py::TestErrorHandling::test_audio_extraction_error PASSED [ 95%]
src/codomyrmex/tests/unit/video/test_video.py::TestErrorHandling::test_video_write_error PASSED [ 95%]
src/codomyrmex/tests/unit/visualization/test_visualization.py::test_module_import PASSED [ 95%]
src/codomyrmex/tests/unit/visualization/test_visualization.py::test_module_exports PASSED [ 95%]
src/codomyrmex/tests/unit/visualization/test_visualization.py::test_theme_defaults PASSED [ 95%]
src/codomyrmex/tests/unit/visualization/test_visualization.py::test_theme_css_generation PASSED [ 95%]
src/codomyrmex/tests/unit/visualization/test_visualization.py::test_theme_to_dict PASSED [ 95%]
src/codomyrmex/tests/unit/visualization/test_visualization.py::test_default_theme_exists PASSED [ 95%]
src/codomyrmex/tests/unit/visualization/test_visualization.py::test_grid_construction PASSED [ 95%]
src/codomyrmex/tests/unit/visualization/test_visualization.py::test_grid_add_section PASSED [ 95%]
src/codomyrmex/tests/unit/visualization/test_visualization.py::test_grid_full_width_section PASSED [ 95%]
src/codomyrmex/tests/unit/visualization/test_visualization.py::test_dashboard_construction PASSED [ 95%]
src/codomyrmex/tests/unit/visualization/test_visualization.py::test_dashboard_add_section PASSED [ 95%]
src/codomyrmex/tests/unit/visualization/test_visualization.py::test_card_component PASSED [ 95%]
src/codomyrmex/tests/unit/visualization/test_visualization.py::test_table_component PASSED [ 95%]
src/codomyrmex/tests/unit/visualization/test_visualization.py::test_text_block_plain PASSED [ 95%]
src/codomyrmex/tests/unit/visualization/test_visualization.py::test_text_block_markdown PASSED [ 95%]
src/codomyrmex/tests/unit/visualization/test_visualization.py::test_code_block PASSED [ 95%]
src/codomyrmex/tests/unit/visualization/test_visualization.py::test_bar_plot_construction PASSED [ 95%]
src/codomyrmex/tests/unit/visualization/test_visualization.py::test_scatter_plot_construction PASSED [ 95%]
src/codomyrmex/tests/unit/visualization/test_visualization.py::test_general_report_construction PASSED [ 95%]
src/codomyrmex/tests/unit/visualization/test_visualization.py::test_general_report_generate PASSED [ 95%]
src/codomyrmex/tests/unit/wallet/test_wallet.py::TestWalletExceptions::test_wallet_error_is_codomyrmex_error PASSED [ 95%]
src/codomyrmex/tests/unit/wallet/test_wallet.py::TestWalletExceptions::test_wallet_not_found_is_wallet_error PASSED [ 95%]
src/codomyrmex/tests/unit/wallet/test_wallet.py::TestWalletExceptions::test_wallet_key_error_is_wallet_error PASSED [ 95%]
src/codomyrmex/tests/unit/wallet/test_wallet.py::TestWalletExceptions::test_ritual_error_is_wallet_error PASSED [ 95%]
src/codomyrmex/tests/unit/wallet/test_wallet.py::TestWalletExceptions::test_exception_message PASSED [ 95%]
src/codomyrmex/tests/unit/wallet/test_wallet.py::TestHashResponse::test_hash_response PASSED [ 95%]
src/codomyrmex/tests/unit/wallet/test_wallet.py::TestHashResponse::test_hash_response_deterministic PASSED [ 95%]
src/codomyrmex/tests/unit/wallet/test_wallet.py::TestHashResponse::test_hash_response_different_inputs PASSED [ 95%]
src/codomyrmex/tests/unit/wallet/test_wallet.py::TestRitualStep::test_ritual_step_creation PASSED [ 95%]
src/codomyrmex/tests/unit/wallet/test_wallet.py::TestNaturalRitualRecovery::test_init PASSED [ 95%]
src/codomyrmex/tests/unit/wallet/test_wallet.py::TestNaturalRitualRecovery::test_register_ritual PASSED [ 95%]
src/codomyrmex/tests/unit/wallet/test_wallet.py::TestNaturalRitualRecovery::test_register_empty_raises PASSED [ 95%]
src/codomyrmex/tests/unit/wallet/test_wallet.py::TestNaturalRitualRecovery::test_get_prompts PASSED [ 95%]
src/codomyrmex/tests/unit/wallet/test_wallet.py::TestNaturalRitualRecovery::test_get_prompts_no_ritual_raises PASSED [ 95%]
src/codomyrmex/tests/unit/wallet/test_wallet.py::TestNaturalRitualRecovery::test_initiate_recovery_correct PASSED [ 95%]
src/codomyrmex/tests/unit/wallet/test_wallet.py::TestNaturalRitualRecovery::test_initiate_recovery_incorrect PASSED [ 95%]
src/codomyrmex/tests/unit/wallet/test_wallet.py::TestNaturalRitualRecovery::test_initiate_recovery_wrong_step_count PASSED [ 95%]
src/codomyrmex/tests/unit/wallet/test_wallet.py::TestNaturalRitualRecovery::test_lockout_after_max_attempts PASSED [ 95%]
src/codomyrmex/tests/unit/wallet/test_wallet.py::TestNaturalRitualRecovery::test_remaining_attempts PASSED [ 95%]
src/codomyrmex/tests/unit/wallet/test_wallet.py::TestNaturalRitualRecovery::test_success_resets_attempts PASSED [ 95%]
src/codomyrmex/tests/unit/wallet/test_wallet.py::TestNaturalRitualRecovery::test_unregister_ritual PASSED [ 95%]
src/codomyrmex/tests/unit/wallet/test_wallet.py::TestNaturalRitualRecovery::test_unregister_nonexistent PASSED [ 95%]
src/codomyrmex/tests/unit/wallet/test_wallet.py::TestNaturalRitualRecovery::test_is_locked PASSED [ 95%]
src/codomyrmex/tests/unit/wallet/test_wallet.py::TestNaturalRitualRecovery::test_reset_attempts PASSED [ 95%]
src/codomyrmex/tests/unit/wallet/test_wallet.py::TestNaturalRitualRecovery::test_max_attempts_setter PASSED [ 95%]
src/codomyrmex/tests/unit/wallet/test_wallet.py::TestNaturalRitualRecovery::test_max_attempts_setter_invalid PASSED [ 95%]
src/codomyrmex/tests/unit/wallet/test_wallet.py::TestRotationPolicy::test_defaults PASSED [ 95%]
src/codomyrmex/tests/unit/wallet/test_wallet.py::TestRotationPolicy::test_custom_values PASSED [ 95%]
src/codomyrmex/tests/unit/wallet/test_wallet.py::TestRotationRecord::test_creation PASSED [ 95%]
src/codomyrmex/tests/unit/wallet/test_wallet.py::TestRotationRecord::test_custom_reason PASSED [ 95%]
src/codomyrmex/tests/unit/wallet/test_wallet.py::TestKeyRotation::test_init_defaults PASSED [ 95%]
src/codomyrmex/tests/unit/wallet/test_wallet.py::TestKeyRotation::test_init_custom_policy PASSED [ 95%]
src/codomyrmex/tests/unit/wallet/test_wallet.py::TestKeyRotation::test_register_wallet PASSED [ 95%]
src/codomyrmex/tests/unit/wallet/test_wallet.py::TestKeyRotation::test_record_signature PASSED [ 95%]
src/codomyrmex/tests/unit/wallet/test_wallet.py::TestKeyRotation::test_needs_rotation_by_signatures PASSED [ 95%]
src/codomyrmex/tests/unit/wallet/test_wallet.py::TestKeyRotation::test_needs_rotation_no_wallet PASSED [ 95%]
src/codomyrmex/tests/unit/wallet/test_wallet.py::TestKeyRotation::test_record_rotation PASSED [ 95%]
src/codomyrmex/tests/unit/wallet/test_wallet.py::TestKeyRotation::test_get_rotation_history PASSED [ 95%]
src/codomyrmex/tests/unit/wallet/test_wallet.py::TestKeyRotation::test_get_rotation_history_no_user_raises PASSED [ 95%]
src/codomyrmex/tests/unit/wallet/test_wallet.py::TestKeyRotation::test_post_rotate_hook PASSED [ 95%]
src/codomyrmex/tests/unit/wallet/test_wallet.py::TestKeyRotation::test_post_rotate_hook_error_caught PASSED [ 95%]
src/codomyrmex/tests/unit/wallet/test_wallet.py::TestWalletManager::test_create_wallet PASSED [ 95%]
src/codomyrmex/tests/unit/wallet/test_wallet.py::TestWalletManager::test_create_duplicate_raises PASSED [ 95%]
src/codomyrmex/tests/unit/wallet/test_wallet.py::TestWalletManager::test_get_wallet_address PASSED [ 95%]
src/codomyrmex/tests/unit/wallet/test_wallet.py::TestWalletManager::test_get_wallet_address_nonexistent PASSED [ 95%]
src/codomyrmex/tests/unit/wallet/test_wallet.py::TestWalletManager::test_sign_and_verify PASSED [ 95%]
src/codomyrmex/tests/unit/wallet/test_wallet.py::TestWalletManager::test_verify_wrong_signature PASSED [ 95%]
src/codomyrmex/tests/unit/wallet/test_wallet.py::TestWalletManager::test_sign_no_wallet_raises PASSED [ 95%]
src/codomyrmex/tests/unit/wallet/test_wallet.py::TestWalletManager::test_rotate_keys PASSED [ 95%]
src/codomyrmex/tests/unit/wallet/test_wallet.py::TestWalletManager::test_delete_wallet PASSED [ 95%]
src/codomyrmex/tests/unit/wallet/test_wallet.py::TestWalletManager::test_delete_nonexistent_raises PASSED [ 95%]
src/codomyrmex/tests/unit/wallet/test_wallet.py::TestWalletManager::test_list_wallets PASSED [ 95%]
src/codomyrmex/tests/unit/wallet/test_wallet.py::TestWalletManager::test_backup_wallet PASSED [ 95%]
src/codomyrmex/tests/unit/wallet/test_wallet_comprehensive.py::TestWalletManager::test_create_wallet PASSED [ 95%]
src/codomyrmex/tests/unit/wallet/test_wallet_comprehensive.py::TestWalletManager::test_get_wallet_address PASSED [ 95%]
src/codomyrmex/tests/unit/wallet/test_wallet_comprehensive.py::TestWalletManager::test_has_wallet PASSED [ 95%]
src/codomyrmex/tests/unit/wallet/test_wallet_comprehensive.py::TestWalletManager::test_create_wallet_duplicate_raises PASSED [ 95%]
src/codomyrmex/tests/unit/wallet/test_wallet_comprehensive.py::TestWalletManager::test_sign_message PASSED [ 95%]
src/codomyrmex/tests/unit/wallet/test_wallet_comprehensive.py::TestWalletManager::test_sign_message_no_wallet_raises PASSED [ 95%]
src/codomyrmex/tests/unit/wallet/test_wallet_comprehensive.py::TestWalletManager::test_sign_message_deterministic PASSED [ 95%]
src/codomyrmex/tests/unit/wallet/test_wallet_comprehensive.py::TestWalletManager::test_sign_message_different_messages PASSED [ 95%]
src/codomyrmex/tests/unit/wallet/test_wallet_comprehensive.py::TestWalletManager::test_verify_signature PASSED [ 95%]
src/codomyrmex/tests/unit/wallet/test_wallet_comprehensive.py::TestWalletManager::test_verify_signature_invalid PASSED [ 95%]
src/codomyrmex/tests/unit/wallet/test_wallet_comprehensive.py::TestWalletManager::test_verify_signature_wrong_bytes PASSED [ 95%]
src/codomyrmex/tests/unit/wallet/test_wallet_comprehensive.py::TestWalletManager::test_rotate_keys PASSED [ 96%]
src/codomyrmex/tests/unit/wallet/test_wallet_comprehensive.py::TestWalletManager::test_rotate_keys_changes_signatures PASSED [ 96%]
src/codomyrmex/tests/unit/wallet/test_wallet_comprehensive.py::TestWalletManager::test_rotate_keys_no_wallet_raises PASSED [ 96%]
src/codomyrmex/tests/unit/wallet/test_wallet_comprehensive.py::TestWalletManager::test_backup_wallet PASSED [ 96%]
src/codomyrmex/tests/unit/wallet/test_wallet_comprehensive.py::TestWalletManager::test_backup_wallet_no_wallet_raises PASSED [ 96%]
src/codomyrmex/tests/unit/wallet/test_wallet_comprehensive.py::TestWalletManager::test_delete_wallet PASSED [ 96%]
src/codomyrmex/tests/unit/wallet/test_wallet_comprehensive.py::TestWalletManager::test_delete_wallet_no_wallet_raises PASSED [ 96%]
src/codomyrmex/tests/unit/wallet/test_wallet_comprehensive.py::TestWalletManager::test_list_wallets PASSED [ 96%]
src/codomyrmex/tests/unit/wallet/test_wallet_comprehensive.py::TestWalletManager::test_list_wallets_is_copy PASSED [ 96%]
src/codomyrmex/tests/unit/wallet/test_wallet_comprehensive.py::TestWalletManager::test_custom_storage_path PASSED [ 96%]
src/codomyrmex/tests/unit/wallet/test_wallet_comprehensive.py::TestNaturalRitualRecovery::test_register_and_recover_success PASSED [ 96%]
src/codomyrmex/tests/unit/wallet/test_wallet_comprehensive.py::TestNaturalRitualRecovery::test_recovery_failure_wrong_answer PASSED [ 96%]
src/codomyrmex/tests/unit/wallet/test_wallet_comprehensive.py::TestNaturalRitualRecovery::test_recovery_failure_wrong_count PASSED [ 96%]
src/codomyrmex/tests/unit/wallet/test_wallet_comprehensive.py::TestNaturalRitualRecovery::test_recovery_invalid_user PASSED [ 96%]
src/codomyrmex/tests/unit/wallet/test_wallet_comprehensive.py::TestNaturalRitualRecovery::test_has_ritual PASSED [ 96%]
src/codomyrmex/tests/unit/wallet/test_wallet_comprehensive.py::TestNaturalRitualRecovery::test_get_prompts PASSED [ 96%]
src/codomyrmex/tests/unit/wallet/test_wallet_comprehensive.py::TestNaturalRitualRecovery::test_get_prompts_no_ritual_raises PASSED [ 96%]
src/codomyrmex/tests/unit/wallet/test_wallet_comprehensive.py::TestNaturalRitualRecovery::test_register_empty_steps_raises PASSED [ 96%]
src/codomyrmex/tests/unit/wallet/test_wallet_comprehensive.py::TestNaturalRitualRecovery::test_attempt_tracking PASSED [ 96%]
src/codomyrmex/tests/unit/wallet/test_wallet_comprehensive.py::TestNaturalRitualRecovery::test_lockout_after_max_attempts PASSED [ 96%]
src/codomyrmex/tests/unit/wallet/test_wallet_comprehensive.py::TestNaturalRitualRecovery::test_reset_attempts PASSED [ 96%]
src/codomyrmex/tests/unit/wallet/test_wallet_comprehensive.py::TestNaturalRitualRecovery::test_success_resets_attempts PASSED [ 96%]
src/codomyrmex/tests/unit/wallet/test_wallet_comprehensive.py::TestNaturalRitualRecovery::test_max_attempts_property PASSED [ 96%]
src/codomyrmex/tests/unit/wallet/test_wallet_comprehensive.py::TestNaturalRitualRecovery::test_max_attempts_invalid_raises PASSED [ 96%]
src/codomyrmex/tests/unit/wallet/test_wallet_comprehensive.py::TestNaturalRitualRecovery::test_unregister_ritual PASSED [ 96%]
src/codomyrmex/tests/unit/wallet/test_wallet_comprehensive.py::TestNaturalRitualRecovery::test_unregister_ritual_nonexistent PASSED [ 96%]
src/codomyrmex/tests/unit/wallet/test_wallet_comprehensive.py::TestHashResponse::test_returns_sha256 PASSED [ 96%]
src/codomyrmex/tests/unit/wallet/test_wallet_comprehensive.py::TestHashResponse::test_deterministic PASSED [ 96%]
src/codomyrmex/tests/unit/wallet/test_wallet_comprehensive.py::TestHashResponse::test_different_inputs PASSED [ 96%]
src/codomyrmex/tests/unit/wallet/test_wallet_comprehensive.py::TestHashResponse::test_case_sensitive PASSED [ 96%]
src/codomyrmex/tests/unit/wallet/test_wallet_comprehensive.py::TestBackupManager::test_create_and_list_backup PASSED [ 96%]
src/codomyrmex/tests/unit/wallet/test_wallet_comprehensive.py::TestBackupManager::test_create_backup_no_key_raises PASSED [ 96%]
src/codomyrmex/tests/unit/wallet/test_wallet_comprehensive.py::TestBackupManager::test_verify_backup_valid PASSED [ 96%]
src/codomyrmex/tests/unit/wallet/test_wallet_comprehensive.py::TestBackupManager::test_verify_backup_stale_after_rotation PASSED [ 96%]
src/codomyrmex/tests/unit/wallet/test_wallet_comprehensive.py::TestBackupManager::test_verify_backup_not_found_raises PASSED [ 96%]
src/codomyrmex/tests/unit/wallet/test_wallet_comprehensive.py::TestBackupManager::test_delete_backup PASSED [ 96%]
src/codomyrmex/tests/unit/wallet/test_wallet_comprehensive.py::TestBackupManager::test_delete_backup_nonexistent PASSED [ 96%]
src/codomyrmex/tests/unit/wallet/test_wallet_comprehensive.py::TestBackupManager::test_list_backups_empty PASSED [ 96%]
src/codomyrmex/tests/unit/wallet/test_wallet_comprehensive.py::TestBackupManager::test_multiple_backups_sorted PASSED [ 96%]
src/codomyrmex/tests/unit/wallet/test_wallet_comprehensive.py::TestBackupManager::test_backup_with_metadata PASSED [ 96%]
src/codomyrmex/tests/unit/wallet/test_wallet_comprehensive.py::TestKeyRotation::test_register_and_needs_rotation_false PASSED [ 96%]
src/codomyrmex/tests/unit/wallet/test_wallet_comprehensive.py::TestKeyRotation::test_needs_rotation_by_signatures PASSED [ 96%]
src/codomyrmex/tests/unit/wallet/test_wallet_comprehensive.py::TestKeyRotation::test_record_rotation PASSED [ 96%]
src/codomyrmex/tests/unit/wallet/test_wallet_comprehensive.py::TestKeyRotation::test_rotation_resets_counters PASSED [ 96%]
src/codomyrmex/tests/unit/wallet/test_wallet_comprehensive.py::TestKeyRotation::test_get_rotation_history PASSED [ 96%]
src/codomyrmex/tests/unit/wallet/test_wallet_comprehensive.py::TestKeyRotation::test_get_rotation_history_no_user_raises PASSED [ 96%]
src/codomyrmex/tests/unit/wallet/test_wallet_comprehensive.py::TestKeyRotation::test_post_rotate_hook PASSED [ 96%]
src/codomyrmex/tests/unit/wallet/test_wallet_comprehensive.py::TestKeyRotation::test_rotation_policy_defaults PASSED [ 96%]
src/codomyrmex/tests/unit/wallet/test_wallet_comprehensive.py::TestKeyRotation::test_rotation_policy_custom PASSED [ 96%]
src/codomyrmex/tests/unit/wallet/test_wallet_comprehensive.py::TestWalletFacade::test_create_and_properties PASSED [ 96%]
src/codomyrmex/tests/unit/wallet/test_wallet_comprehensive.py::TestWalletFacade::test_sign_and_verify PASSED [ 96%]
src/codomyrmex/tests/unit/wallet/test_wallet_comprehensive.py::TestWalletFacade::test_rotate PASSED [ 96%]
src/codomyrmex/tests/unit/wallet/test_wallet_comprehensive.py::TestWalletFacade::test_setup_recovery_and_recover PASSED [ 96%]
src/codomyrmex/tests/unit/wallet/test_wallet_comprehensive.py::TestWalletFacade::test_backup PASSED [ 96%]
src/codomyrmex/tests/unit/wallet/test_wallet_comprehensive.py::TestWalletFacade::test_delete PASSED [ 96%]
src/codomyrmex/tests/unit/wallet/test_wallet_comprehensive.py::TestConvenienceFunctions::test_create_wallet_function PASSED [ 96%]
src/codomyrmex/tests/unit/wallet/test_wallet_comprehensive.py::TestConvenienceFunctions::test_get_wallet_manager_function PASSED [ 96%]
src/codomyrmex/tests/unit/wallet/test_wallet_comprehensive.py::TestConvenienceFunctions::test_get_wallet_manager_with_path PASSED [ 96%]
src/codomyrmex/tests/unit/wallet/test_wallet_comprehensive.py::TestExceptions::test_wallet_error_is_base PASSED [ 96%]
src/codomyrmex/tests/unit/wallet/test_wallet_comprehensive.py::TestExceptions::test_wallet_key_error_inherits PASSED [ 96%]
src/codomyrmex/tests/unit/wallet/test_wallet_comprehensive.py::TestExceptions::test_ritual_error_inherits PASSED [ 96%]
src/codomyrmex/tests/unit/wallet/test_wallet_comprehensive.py::TestExceptions::test_exception_messages PASSED [ 96%]
src/codomyrmex/tests/unit/wallet/test_wallet_comprehensive.py::TestModuleMetadata::test_version PASSED [ 96%]
src/codomyrmex/tests/unit/wallet/test_wallet_comprehensive.py::TestModuleMetadata::test_all_exports PASSED [ 96%]
src/codomyrmex/tests/unit/website/integration/test_website_integration.py::TestFullWebsiteGeneration::test_data_provider_collects_all_data PASSED [ 96%]
src/codomyrmex/tests/unit/website/integration/test_website_integration.py::TestFullWebsiteGeneration::test_generator_creates_all_pages PASSED [ 96%]
src/codomyrmex/tests/unit/website/integration/test_website_integration.py::TestFullWebsiteGeneration::test_generated_pages_contain_data PASSED [ 96%]
src/codomyrmex/tests/unit/website/integration/test_website_integration.py::TestConfigOperations::test_read_and_write_config PASSED [ 96%]
src/codomyrmex/tests/unit/website/integration/test_website_integration.py::TestDocumentationTree::test_nested_doc_structure PASSED [ 96%]
src/codomyrmex/tests/unit/website/integration/test_website_integration.py::TestAssetsCopying::test_assets_copied_correctly PASSED [ 96%]
src/codomyrmex/tests/unit/website/integration/test_website_integration.py::TestWebsiteServerIntegration::test_server_class_attributes PASSED [ 96%]
src/codomyrmex/tests/unit/website/integration/test_website_integration.py::TestWebsiteServerIntegration::test_server_methods_exist PASSED [ 96%]
src/codomyrmex/tests/unit/website/integration/test_website_integration.py::TestWebsiteServerIntegration::test_deprecated_methods_removed PASSED [ 96%]
src/codomyrmex/tests/unit/website/integration/test_website_integration.py::TestSecurityIntegration::test_config_traversal_blocked PASSED [ 96%]
src/codomyrmex/tests/unit/website/integration/test_website_integration.py::TestSecurityIntegration::test_absolute_path_blocked PASSED [ 96%]
src/codomyrmex/tests/unit/website/integration/test_website_integration.py::TestSecurityIntegration::test_docs_endpoint_traversal_blocked PASSED [ 96%]
src/codomyrmex/tests/unit/website/integration/test_website_integration.py::TestSecurityIntegration::test_docs_endpoint_rejects_non_markdown PASSED [ 96%]
src/codomyrmex/tests/unit/website/test_website_data_provider.py::test_get_system_summary PASSED [ 96%]
src/codomyrmex/tests/unit/website/test_website_data_provider.py::test_get_modules PASSED [ 96%]
src/codomyrmex/tests/unit/website/test_website_data_provider.py::test_get_description_fallback PASSED [ 96%]
src/codomyrmex/tests/unit/website/test_website_generator.py::test_generator_initialization PASSED [ 96%]
src/codomyrmex/tests/unit/website/test_website_generator.py::test_generate_flow PASSED [ 96%]
src/codomyrmex/tests/unit/website/test_website_generator.py::test_all_ten_pages_generated PASSED [ 96%]
src/codomyrmex/tests/unit/website/unit/test_data_provider.py::TestDataProviderInit::test_init_with_path PASSED [ 96%]
src/codomyrmex/tests/unit/website/unit/test_data_provider.py::TestDataProviderInit::test_init_stores_root_directory PASSED [ 96%]
src/codomyrmex/tests/unit/website/unit/test_data_provider.py::TestGetSystemSummary::test_returns_dict PASSED [ 96%]
src/codomyrmex/tests/unit/website/unit/test_data_provider.py::TestGetSystemSummary::test_contains_required_keys PASSED [ 96%]
src/codomyrmex/tests/unit/website/unit/test_data_provider.py::TestGetSystemSummary::test_agent_count_matches_agents PASSED [ 96%]
src/codomyrmex/tests/unit/website/unit/test_data_provider.py::TestGetModules::test_returns_list PASSED [ 96%]
src/codomyrmex/tests/unit/website/unit/test_data_provider.py::TestGetModules::test_empty_when_no_src_dir PASSED [ 96%]
src/codomyrmex/tests/unit/website/unit/test_data_provider.py::TestGetModules::test_finds_module_packages PASSED [ 96%]
src/codomyrmex/tests/unit/website/unit/test_data_provider.py::TestGetModules::test_module_has_required_fields PASSED [ 96%]
src/codomyrmex/tests/unit/website/unit/test_data_provider.py::TestGetAvailableScripts::test_returns_list PASSED [ 96%]
src/codomyrmex/tests/unit/website/unit/test_data_provider.py::TestGetAvailableScripts::test_empty_when_no_scripts_dir PASSED [ 96%]
src/codomyrmex/tests/unit/website/unit/test_data_provider.py::TestGetAvailableScripts::test_finds_python_scripts PASSED [ 96%]
src/codomyrmex/tests/unit/website/unit/test_data_provider.py::TestGetAvailableScripts::test_skips_init_files PASSED [ 96%]
src/codomyrmex/tests/unit/website/unit/test_data_provider.py::TestGetAvailableScripts::test_skips_hidden_files PASSED [ 96%]
src/codomyrmex/tests/unit/website/unit/test_data_provider.py::TestGetConfigFiles::test_returns_list PASSED [ 96%]
src/codomyrmex/tests/unit/website/unit/test_data_provider.py::TestGetConfigFiles::test_finds_toml_files PASSED [ 96%]
src/codomyrmex/tests/unit/website/unit/test_data_provider.py::TestGetConfigFiles::test_finds_yaml_files PASSED [ 97%]
src/codomyrmex/tests/unit/website/unit/test_data_provider.py::TestGetConfigFiles::test_finds_json_files PASSED [ 97%]
src/codomyrmex/tests/unit/website/unit/test_data_provider.py::TestGetConfigContent::test_reads_file_content PASSED [ 97%]
src/codomyrmex/tests/unit/website/unit/test_data_provider.py::TestGetConfigContent::test_raises_for_traversal_attempt PASSED [ 97%]
src/codomyrmex/tests/unit/website/unit/test_data_provider.py::TestGetConfigContent::test_raises_for_absolute_path PASSED [ 97%]
src/codomyrmex/tests/unit/website/unit/test_data_provider.py::TestGetConfigContent::test_raises_for_nonexistent_file PASSED [ 97%]
src/codomyrmex/tests/unit/website/unit/test_data_provider.py::TestSaveConfigContent::test_saves_content PASSED [ 97%]
src/codomyrmex/tests/unit/website/unit/test_data_provider.py::TestSaveConfigContent::test_raises_for_traversal_attempt PASSED [ 97%]
src/codomyrmex/tests/unit/website/unit/test_data_provider.py::TestSaveConfigContent::test_raises_for_absolute_path PASSED [ 97%]
src/codomyrmex/tests/unit/website/unit/test_data_provider.py::TestGetDocTree::test_returns_dict PASSED [ 97%]
src/codomyrmex/tests/unit/website/unit/test_data_provider.py::TestGetDocTree::test_has_children_key PASSED [ 97%]
src/codomyrmex/tests/unit/website/unit/test_data_provider.py::TestGetDocTree::test_finds_docs_directory PASSED [ 97%]
src/codomyrmex/tests/unit/website/unit/test_data_provider.py::TestGetDocTree::test_finds_readme_files PASSED [ 97%]
src/codomyrmex/tests/unit/website/unit/test_data_provider.py::TestGetPipelineStatus::test_returns_list PASSED [ 97%]
src/codomyrmex/tests/unit/website/unit/test_data_provider.py::TestGetPipelineStatus::test_returns_empty_when_no_workflows_dir PASSED [ 97%]
src/codomyrmex/tests/unit/website/unit/test_data_provider.py::TestGetPipelineStatus::test_scans_workflow_yml_files PASSED [ 97%]
src/codomyrmex/tests/unit/website/unit/test_data_provider.py::TestGetPipelineStatus::test_skips_malformed_yaml PASSED [ 97%]
src/codomyrmex/tests/unit/website/unit/test_data_provider.py::TestGetPipelineStatus::test_fallback_parser_handles_heredoc_workflows PASSED [ 97%]
src/codomyrmex/tests/unit/website/unit/test_data_provider.py::TestGetPipelineStatus::test_pipeline_ids_are_sequential PASSED [ 97%]
src/codomyrmex/tests/unit/website/unit/test_data_provider.py::TestGetPipelineStatus::test_defined_status_on_all_pipelines PASSED [ 97%]
src/codomyrmex/tests/unit/website/unit/test_data_provider.py::TestGetPipelineStatus::test_all_real_workflows_parsed PASSED [ 97%]
src/codomyrmex/tests/unit/website/unit/test_data_provider.py::TestGetDocContent::test_reads_markdown_file PASSED [ 97%]
src/codomyrmex/tests/unit/website/unit/test_data_provider.py::TestGetDocContent::test_rejects_path_traversal PASSED [ 97%]
src/codomyrmex/tests/unit/website/unit/test_data_provider.py::TestGetDocContent::test_rejects_absolute_path PASSED [ 97%]
src/codomyrmex/tests/unit/website/unit/test_data_provider.py::TestGetDocContent::test_rejects_non_markdown PASSED [ 97%]
src/codomyrmex/tests/unit/website/unit/test_data_provider.py::TestGetDocContent::test_raises_file_not_found PASSED [ 97%]
src/codomyrmex/tests/unit/website/unit/test_data_provider.py::TestGetModuleDetail::test_returns_none_for_missing_module PASSED [ 97%]
src/codomyrmex/tests/unit/website/unit/test_data_provider.py::TestGetModuleDetail::test_returns_detail_for_existing_module PASSED [ 97%]
src/codomyrmex/tests/unit/website/unit/test_data_provider.py::TestGetModuleDetail::test_includes_has_tests PASSED [ 97%]
src/codomyrmex/tests/unit/website/unit/test_data_provider.py::TestGetLastBuildTime::test_returns_string PASSED [ 97%]
src/codomyrmex/tests/unit/website/unit/test_data_provider.py::TestGetLastBuildTime::test_returns_na_when_not_git_repo PASSED [ 97%]
src/codomyrmex/tests/unit/website/unit/test_data_provider.py::TestComputeModuleStatus::test_valid_init_returns_active PASSED [ 97%]
src/codomyrmex/tests/unit/website/unit/test_data_provider.py::TestComputeModuleStatus::test_syntax_error_returns_error PASSED [ 97%]
src/codomyrmex/tests/unit/website/unit/test_data_provider.py::TestComputeModuleStatus::test_missing_init_returns_unknown PASSED [ 97%]
src/codomyrmex/tests/unit/website/unit/test_data_provider.py::TestComputeModuleStatus::test_module_status_used_in_get_modules PASSED [ 97%]
src/codomyrmex/tests/unit/website/unit/test_data_provider.py::TestGetAgentType::test_cli_agent PASSED [ 97%]
src/codomyrmex/tests/unit/website/unit/test_data_provider.py::TestGetAgentType::test_api_agent PASSED [ 97%]
src/codomyrmex/tests/unit/website/unit/test_data_provider.py::TestGetAgentType::test_framework_agent PASSED [ 97%]
src/codomyrmex/tests/unit/website/unit/test_data_provider.py::TestGetAgentType::test_default_agent PASSED [ 97%]
src/codomyrmex/tests/unit/website/unit/test_data_provider.py::TestGetSubmodules::test_discovers_nested_packages PASSED [ 97%]
src/codomyrmex/tests/unit/website/unit/test_data_provider.py::TestGetDescriptionFromMarkdown::test_reads_readme PASSED [ 97%]
src/codomyrmex/tests/unit/website/unit/test_data_provider.py::TestGetDescriptionFromMarkdown::test_falls_back_to_default PASSED [ 97%]
src/codomyrmex/tests/unit/website/unit/test_data_provider.py::TestScanDirectoryForDocs::test_scans_nested_dirs PASSED [ 97%]
src/codomyrmex/tests/unit/website/unit/test_data_provider.py::TestScanDirectoryForDocs::test_skips_hidden_files PASSED [ 97%]
src/codomyrmex/tests/unit/website/unit/test_data_provider.py::TestGetGitInfo::test_returns_dict PASSED [ 97%]
src/codomyrmex/tests/unit/website/unit/test_data_provider.py::TestGetGitInfo::test_has_branch_key PASSED [ 97%]
src/codomyrmex/tests/unit/website/unit/test_data_provider.py::TestGetArchitectureLayers::test_returns_defined_layers PASSED [ 97%]
src/codomyrmex/tests/unit/website/unit/test_data_provider.py::TestSaveConfigContentHardened::test_refuses_to_create_new_file PASSED [ 97%]
src/codomyrmex/tests/unit/website/unit/test_data_provider.py::TestSaveConfigContentHardened::test_rejects_symlink_escape PASSED [ 97%]
src/codomyrmex/tests/unit/website/unit/test_data_provider.py::TestRunTests::test_run_tests_returns_dict PASSED [ 97%]
src/codomyrmex/tests/unit/website/unit/test_data_provider.py::TestRunTests::test_run_tests_has_result_keys PASSED [ 97%]
src/codomyrmex/tests/unit/website/unit/test_data_provider.py::TestRunTests::test_run_tests_module_not_found PASSED [ 97%]
src/codomyrmex/tests/unit/website/unit/test_data_provider.py::TestGetDescription::test_extracts_docstring PASSED [ 97%]
src/codomyrmex/tests/unit/website/unit/test_data_provider.py::TestGetDescription::test_returns_default_when_no_init PASSED [ 97%]
src/codomyrmex/tests/unit/website/unit/test_data_provider.py::TestGetDescription::test_returns_default_when_no_docstring PASSED [ 97%]
src/codomyrmex/tests/unit/website/unit/test_data_provider.py::TestGetScriptMetadata::test_extracts_title_and_description PASSED [ 97%]
src/codomyrmex/tests/unit/website/unit/test_data_provider.py::TestGetScriptMetadata::test_uses_first_line_as_title_without_explicit_title PASSED [ 97%]
src/codomyrmex/tests/unit/website/unit/test_data_provider.py::TestGetScriptMetadata::test_returns_filename_when_no_docstring PASSED [ 97%]
src/codomyrmex/tests/unit/website/unit/test_data_provider.py::TestGetPaiMissions::test_returns_list PASSED [ 97%]
src/codomyrmex/tests/unit/website/unit/test_data_provider.py::TestGetPaiMissions::test_empty_when_no_dir PASSED [ 97%]
src/codomyrmex/tests/unit/website/unit/test_data_provider.py::TestGetPaiMissions::test_reads_mission_yaml PASSED [ 97%]
src/codomyrmex/tests/unit/website/unit/test_data_provider.py::TestGetPaiMissions::test_merges_progress_json PASSED [ 97%]
src/codomyrmex/tests/unit/website/unit/test_data_provider.py::TestGetPaiMissions::test_skips_non_dict_yaml PASSED [ 97%]
src/codomyrmex/tests/unit/website/unit/test_data_provider.py::TestGetPaiMissions::test_sorts_by_priority PASSED [ 97%]
src/codomyrmex/tests/unit/website/unit/test_data_provider.py::TestGetPaiProjects::test_returns_list PASSED [ 97%]
src/codomyrmex/tests/unit/website/unit/test_data_provider.py::TestGetPaiProjects::test_empty_when_no_dir PASSED [ 97%]
src/codomyrmex/tests/unit/website/unit/test_data_provider.py::TestGetPaiProjects::test_reads_project_yaml PASSED [ 97%]
src/codomyrmex/tests/unit/website/unit/test_data_provider.py::TestGetPaiProjects::test_merges_progress_json PASSED [ 97%]
src/codomyrmex/tests/unit/website/unit/test_data_provider.py::TestGetPaiProjects::test_skips_non_dict_yaml PASSED [ 97%]
src/codomyrmex/tests/unit/website/unit/test_data_provider.py::TestGetPaiTasks::test_rejects_traversal PASSED [ 97%]
src/codomyrmex/tests/unit/website/unit/test_data_provider.py::TestGetPaiTasks::test_rejects_slash PASSED [ 97%]
src/codomyrmex/tests/unit/website/unit/test_data_provider.py::TestGetPaiTasks::test_parses_task_sections PASSED [ 97%]
src/codomyrmex/tests/unit/website/unit/test_data_provider.py::TestGetPaiTasks::test_empty_for_missing_project PASSED [ 97%]
src/codomyrmex/tests/unit/website/unit/test_data_provider.py::TestGetPaiTelos::test_returns_list PASSED [ 97%]
src/codomyrmex/tests/unit/website/unit/test_data_provider.py::TestGetPaiTelos::test_empty_when_no_dir PASSED [ 97%]
src/codomyrmex/tests/unit/website/unit/test_data_provider.py::TestGetPaiTelos::test_reads_md_files_with_preview PASSED [ 97%]
src/codomyrmex/tests/unit/website/unit/test_data_provider.py::TestGetPaiTelos::test_sorted_by_name PASSED [ 97%]
src/codomyrmex/tests/unit/website/unit/test_data_provider.py::TestGetPaiMemoryOverview::test_returns_dict PASSED [ 97%]
src/codomyrmex/tests/unit/website/unit/test_data_provider.py::TestGetPaiMemoryOverview::test_empty_when_no_dir PASSED [ 97%]
src/codomyrmex/tests/unit/website/unit/test_data_provider.py::TestGetPaiMemoryOverview::test_counts_subdirs_correctly PASSED [ 97%]
src/codomyrmex/tests/unit/website/unit/test_data_provider.py::TestGetPaiAwarenessData::test_returns_all_keys PASSED [ 97%]
src/codomyrmex/tests/unit/website/unit/test_data_provider.py::TestGetPaiAwarenessData::test_metrics_computed PASSED [ 97%]
src/codomyrmex/tests/unit/website/unit/test_data_provider.py::TestGetPaiAwarenessData::test_includes_mermaid_graph PASSED [ 97%]
src/codomyrmex/tests/unit/website/unit/test_data_provider.py::TestBuildPaiMermaidGraph::test_minimal_graph_for_empty_input PASSED [ 97%]
src/codomyrmex/tests/unit/website/unit/test_data_provider.py::TestBuildPaiMermaidGraph::test_valid_syntax_with_data PASSED [ 97%]
src/codomyrmex/tests/unit/website/unit/test_data_provider.py::TestBuildPaiMermaidGraph::test_orphan_projects_handled PASSED [ 97%]
src/codomyrmex/tests/unit/website/unit/test_data_provider.py::TestGetPaiTasksSecurity::test_encoded_traversal PASSED [ 97%]
src/codomyrmex/tests/unit/website/unit/test_data_provider.py::TestGetPaiTasksSecurity::test_empty_string_project_id PASSED [ 97%]
src/codomyrmex/tests/unit/website/unit/test_generator.py::TestWebsiteGeneratorInit::test_init_with_output_dir PASSED [ 97%]
src/codomyrmex/tests/unit/website/unit/test_generator.py::TestWebsiteGeneratorInit::test_init_with_root_dir PASSED [ 97%]
src/codomyrmex/tests/unit/website/unit/test_generator.py::TestWebsiteGeneratorInit::test_init_creates_data_provider PASSED [ 97%]
src/codomyrmex/tests/unit/website/unit/test_generator.py::TestWebsiteGeneratorGenerate::test_generate_creates_output_directory PASSED [ 97%]
src/codomyrmex/tests/unit/website/unit/test_generator.py::TestWebsiteGeneratorGenerate::test_generate_clears_existing_output PASSED [ 97%]
src/codomyrmex/tests/unit/website/unit/test_generator.py::TestWebsiteGeneratorGenerate::test_generate_produces_all_pages PASSED [ 97%]
src/codomyrmex/tests/unit/website/unit/test_generator.py::TestWebsiteGeneratorRenderPage::test_render_page_creates_html_file PASSED [ 97%]
src/codomyrmex/tests/unit/website/unit/test_generator.py::TestWebsiteGeneratorRenderPage::test_render_page_passes_context_correctly PASSED [ 97%]
src/codomyrmex/tests/unit/website/unit/test_generator.py::TestWebsiteGeneratorCopyAssets::test_copy_assets_copies_directory PASSED [ 97%]
src/codomyrmex/tests/unit/website/unit/test_generator.py::TestWebsiteGeneratorCopyAssets::test_copy_assets_handles_missing_assets_dir PASSED [ 97%]
src/codomyrmex/tests/unit/website/unit/test_generator.py::TestWebsiteGeneratorIntegration::test_full_generation_workflow PASSED [ 98%]
src/codomyrmex/tests/unit/website/unit/test_generator.py::TestWebsiteGeneratorIntegration::test_regeneration_is_idempotent PASSED [ 98%]
src/codomyrmex/tests/unit/website/unit/test_generator.py::TestGeneratorErrorHandling::test_broken_template_is_skipped PASSED [ 98%]
src/codomyrmex/tests/unit/website/unit/test_generator.py::TestGeneratorErrorHandling::test_missing_template_is_skipped PASSED [ 98%]
src/codomyrmex/tests/unit/website/unit/test_server.py::TestWebsiteServerInit::test_has_class_level_config PASSED [ 98%]
src/codomyrmex/tests/unit/website/unit/test_server.py::TestGETEndpoints::test_status_endpoint PASSED [ 98%]
src/codomyrmex/tests/unit/website/unit/test_server.py::TestGETEndpoints::test_health_endpoint PASSED [ 98%]
src/codomyrmex/tests/unit/website/unit/test_server.py::TestGETEndpoints::test_modules_list PASSED [ 98%]
src/codomyrmex/tests/unit/website/unit/test_server.py::TestGETEndpoints::test_module_detail PASSED [ 98%]
src/codomyrmex/tests/unit/website/unit/test_server.py::TestGETEndpoints::test_module_detail_404 PASSED [ 98%]
src/codomyrmex/tests/unit/website/unit/test_server.py::TestGETEndpoints::test_agents_list PASSED [ 98%]
src/codomyrmex/tests/unit/website/unit/test_server.py::TestGETEndpoints::test_scripts_list PASSED [ 98%]
src/codomyrmex/tests/unit/website/unit/test_server.py::TestGETEndpoints::test_config_list PASSED [ 98%]
src/codomyrmex/tests/unit/website/unit/test_server.py::TestGETEndpoints::test_config_get PASSED [ 98%]
src/codomyrmex/tests/unit/website/unit/test_server.py::TestGETEndpoints::test_config_get_traversal_blocked PASSED [ 98%]
src/codomyrmex/tests/unit/website/unit/test_server.py::TestGETEndpoints::test_docs_list PASSED [ 98%]
src/codomyrmex/tests/unit/website/unit/test_server.py::TestGETEndpoints::test_docs_get PASSED [ 98%]
src/codomyrmex/tests/unit/website/unit/test_server.py::TestGETEndpoints::test_docs_get_404 PASSED [ 98%]
src/codomyrmex/tests/unit/website/unit/test_server.py::TestGETEndpoints::test_pipelines_list PASSED [ 98%]
src/codomyrmex/tests/unit/website/unit/test_server.py::TestGETEndpoints::test_awareness_endpoint PASSED [ 98%]
src/codomyrmex/tests/unit/website/unit/test_server.py::TestGETEndpoints::test_llm_config_endpoint PASSED [ 98%]
src/codomyrmex/tests/unit/website/unit/test_server.py::TestGETEndpoints::test_llm_config_returns_available_models PASSED [ 98%]
src/codomyrmex/tests/unit/website/unit/test_server.py::TestGETEndpoints::test_tools_endpoint PASSED [ 98%]
src/codomyrmex/tests/unit/website/unit/test_server.py::TestGETEndpoints::test_tools_have_expected_fields PASSED [ 98%]
src/codomyrmex/tests/unit/website/unit/test_server.py::TestPOSTEndpoints::test_refresh_returns_system_data PASSED [ 98%]
src/codomyrmex/tests/unit/website/unit/test_server.py::TestPOSTEndpoints::test_execute_requires_script_name PASSED [ 98%]
src/codomyrmex/tests/unit/website/unit/test_server.py::TestPOSTEndpoints::test_execute_rejects_path_traversal PASSED [ 98%]
src/codomyrmex/tests/unit/website/unit/test_server.py::TestPOSTEndpoints::test_execute_rejects_missing_script PASSED [ 98%]
src/codomyrmex/tests/unit/website/unit/test_server.py::TestPOSTEndpoints::test_execute_runs_real_script PASSED [ 98%]
src/codomyrmex/tests/unit/website/unit/test_server.py::TestPOSTEndpoints::test_tests_run_endpoint PASSED [ 98%]
src/codomyrmex/tests/unit/website/unit/test_server.py::TestOriginValidation::test_valid_localhost_origin PASSED [ 98%]
src/codomyrmex/tests/unit/website/unit/test_server.py::TestOriginValidation::test_valid_127_origin PASSED [ 98%]
src/codomyrmex/tests/unit/website/unit/test_server.py::TestOriginValidation::test_invalid_origin_rejected PASSED [ 98%]
src/codomyrmex/tests/unit/website/unit/test_server.py::TestOriginValidation::test_no_origin_accepted PASSED [ 98%]
src/codomyrmex/tests/unit/website/unit/test_server.py::TestPOSTErrorHandling::test_execute_malformed_json PASSED [ 98%]
src/codomyrmex/tests/unit/website/unit/test_server.py::TestPOSTErrorHandling::test_chat_missing_content_returns_400 PASSED [ 98%]
src/codomyrmex/tests/unit/website/unit/test_server.py::TestConfigSave::test_successful_save PASSED [ 98%]
src/codomyrmex/tests/unit/website/unit/test_server.py::TestConfigSave::test_missing_filename_returns_400 PASSED [ 98%]
src/codomyrmex/tests/unit/website/unit/test_server.py::TestConfigSave::test_traversal_returns_403 PASSED [ 98%]
src/codomyrmex/tests/unit/website/unit/test_server.py::TestChatEndpoint::test_chat_forwards_to_ollama PASSED [ 98%]
src/codomyrmex/tests/unit/website/unit/test_server.py::TestChatEndpoint::test_chat_uses_default_model PASSED [ 98%]
src/codomyrmex/tests/unit/website/unit/test_server.py::TestChatEndpoint::test_chat_connection_error_returns_503 SKIPPED [ 98%]
src/codomyrmex/tests/unit/website/unit/test_server.py::TestAwarenessSummary::test_ollama_success PASSED [ 98%]
src/codomyrmex/tests/unit/website/unit/test_server.py::TestAwarenessSummary::test_awareness_summary_uses_default_model PASSED [ 98%]
src/codomyrmex/tests/unit/website/unit/test_server.py::TestAwarenessSummary::test_connection_error_returns_503 SKIPPED [ 98%]
src/codomyrmex/tests/unit/website/unit/test_server.py::TestAwarenessSummary::test_missing_body_returns_400 PASSED [ 98%]
src/codomyrmex/tests/unit/website/unit/test_server.py::TestRouting::test_get_status_routes_correctly PASSED [ 98%]
src/codomyrmex/tests/unit/website/unit/test_server.py::TestRouting::test_get_health_routes_correctly PASSED [ 98%]
src/codomyrmex/tests/unit/website/unit/test_server.py::TestRouting::test_post_execute_routes_correctly PASSED [ 98%]
src/codomyrmex/tests/unit/website/unit/test_server.py::TestRouting::test_post_tests_routes_correctly PASSED [ 98%]
src/codomyrmex/tests/unit/website/unit/test_server.py::TestRouting::test_unknown_api_returns_404 PASSED [ 98%]
src/codomyrmex/tests/unit/website/unit/test_server.py::TestRouting::test_get_trust_status_routes_correctly PASSED [ 98%]
src/codomyrmex/tests/unit/website/unit/test_server.py::TestRouting::test_post_pai_action_routes_correctly PASSED [ 98%]
src/codomyrmex/tests/unit/website/unit/test_server.py::TestRouting::test_get_dispatch_status_routes_correctly PASSED [ 98%]
src/codomyrmex/tests/unit/website/unit/test_server.py::TestCORSPreflight::test_options_returns_204 PASSED [ 98%]
src/codomyrmex/tests/unit/website/unit/test_server.py::TestCORSPreflight::test_options_has_cors_headers PASSED [ 98%]
src/codomyrmex/tests/unit/website/unit/test_server.py::TestCORSPreflight::test_options_on_any_path PASSED [ 98%]
src/codomyrmex/tests/unit/website/unit/test_server.py::TestOllamaEdgeCases::test_chat_timeout_returns_error SKIPPED [ 98%]
src/codomyrmex/tests/unit/website/unit/test_server.py::TestOllamaEdgeCases::test_awareness_timeout_returns_error SKIPPED [ 98%]
src/codomyrmex/tests/unit/website/unit/test_server.py::TestResponseHeaders::test_json_response_has_cors_headers PASSED [ 98%]
src/codomyrmex/tests/unit/website/unit/test_server.py::TestResponseHeaders::test_error_response_has_cors_headers PASSED [ 98%]
src/codomyrmex/tests/unit/website/unit/test_server.py::TestTrustStatusEndpoint::test_returns_200 PASSED [ 98%]
src/codomyrmex/tests/unit/website/unit/test_server.py::TestTrustStatusEndpoint::test_response_has_counts_dict_with_required_keys PASSED [ 98%]
src/codomyrmex/tests/unit/website/unit/test_server.py::TestTrustStatusEndpoint::test_response_has_total_tools_int PASSED [ 98%]
src/codomyrmex/tests/unit/website/unit/test_server.py::TestPaiActionEndpoint::test_empty_action_returns_400 PASSED [ 98%]
src/codomyrmex/tests/unit/website/unit/test_server.py::TestPaiActionEndpoint::test_unknown_action_returns_400 PASSED [ 98%]
src/codomyrmex/tests/unit/website/unit/test_server.py::TestPaiActionEndpoint::test_verify_action_returns_correct_shape PASSED [ 98%]
src/codomyrmex/tests/unit/website/unit/test_server.py::TestPaiActionEndpoint::test_trust_action_returns_200 PASSED [ 98%]
src/codomyrmex/tests/unit/website/unit/test_server.py::TestPaiActionEndpoint::test_reset_action_returns_200_with_reset_message PASSED [ 98%]
src/codomyrmex/tests/unit/website/unit/test_server.py::TestPaiActionEndpoint::test_status_action_returns_200 PASSED [ 98%]
src/codomyrmex/tests/unit/website/unit/test_server.py::TestPaiActionEndpoint::test_add_memory_empty_content_returns_400 PASSED [ 98%]
src/codomyrmex/tests/unit/website/unit/test_server.py::TestPaiActionEndpoint::test_add_memory_with_content_returns_200 PASSED [ 98%]
src/codomyrmex/tests/unit/website/unit/test_server.py::TestAgentDispatchStatusEndpoint::test_returns_200 PASSED [ 98%]
src/codomyrmex/tests/unit/website/unit/test_server.py::TestAgentDispatchStatusEndpoint::test_active_is_false_when_no_orch PASSED [ 98%]
src/codomyrmex/tests/unit/website/unit/test_server.py::TestAgentDispatchStatusEndpoint::test_turns_list_always_present PASSED [ 98%]
src/codomyrmex/tests/unit/website/unit/test_server.py::TestAgentDispatchEndpoint::test_empty_body_returns_400 PASSED [ 98%]
src/codomyrmex/tests/unit/website/unit/test_server.py::TestAgentDispatchEndpoint::test_with_prompt_returns_dict PASSED [ 98%]
src/codomyrmex/tests/unit/website/unit/test_server.py::TestAgentDispatchEndpoint::test_running_thread_returns_429 PASSED [ 98%]
src/codomyrmex/tests/unit/website/unit/test_server.py::TestAgentDispatchStopEndpoint::test_no_active_dispatch_returns_200 FAILED [ 98%]
src/codomyrmex/tests/unit/website/unit/test_server.py::TestAgentDispatchStopEndpoint::test_stop_clears_orch FAILED [ 98%]
src/codomyrmex/tests/unit/website/unit/test_server.py::TestAgentDispatchStopEndpoint::test_response_always_has_message_field PASSED [ 98%]
src/codomyrmex/tests/unit/workflow/test_workflow_memory.py::TestWorkflowStep::test_to_dict PASSED [ 98%]
src/codomyrmex/tests/unit/workflow/test_workflow_memory.py::TestWorkflowRunner::test_linear_pipeline PASSED [ 98%]
src/codomyrmex/tests/unit/workflow/test_workflow_memory.py::TestWorkflowRunner::test_failed_step_skips_dependents PASSED [ 98%]
src/codomyrmex/tests/unit/workflow/test_workflow_memory.py::TestWorkflowRunner::test_parallel_roots PASSED [ 98%]
src/codomyrmex/tests/unit/workflow/test_workflow_memory.py::TestWorkflowRunner::test_cycle_detection PASSED [ 98%]
src/codomyrmex/tests/unit/workflow/test_workflow_memory.py::TestWorkflowRunner::test_context_passing PASSED [ 98%]
src/codomyrmex/tests/unit/workflow/test_workflow_memory.py::TestWorkflowRunner::test_step_count PASSED [ 98%]
src/codomyrmex/tests/unit/workflow/test_workflow_memory.py::TestWorkflowTemplates::test_ci_cd PASSED [ 98%]
src/codomyrmex/tests/unit/workflow/test_workflow_memory.py::TestWorkflowTemplates::test_code_review PASSED [ 98%]
src/codomyrmex/tests/unit/workflow/test_workflow_memory.py::TestWorkflowTemplates::test_data_pipeline PASSED [ 98%]
src/codomyrmex/tests/unit/workflow/test_workflow_memory.py::TestMemoryStore::test_put_get PASSED [ 98%]
src/codomyrmex/tests/unit/workflow/test_workflow_memory.py::TestMemoryStore::test_missing_key PASSED [ 98%]
src/codomyrmex/tests/unit/workflow/test_workflow_memory.py::TestMemoryStore::test_delete PASSED [ 98%]
src/codomyrmex/tests/unit/workflow/test_workflow_memory.py::TestMemoryStore::test_ttl_expiry PASSED [ 98%]
src/codomyrmex/tests/unit/workflow/test_workflow_memory.py::TestMemoryStore::test_search_by_tag PASSED [ 98%]
src/codomyrmex/tests/unit/workflow/test_workflow_memory.py::TestMemoryStore::test_size PASSED [ 98%]
src/codomyrmex/tests/unit/workflow/test_workflow_memory.py::TestConversationHistory::test_add_and_count PASSED [ 98%]
src/codomyrmex/tests/unit/workflow/test_workflow_memory.py::TestConversationHistory::test_by_role PASSED [ 98%]
src/codomyrmex/tests/unit/workflow/test_workflow_memory.py::TestConversationHistory::test_max_turns PASSED [ 99%]
src/codomyrmex/tests/unit/workflow/test_workflow_memory.py::TestConversationHistory::test_to_messages PASSED [ 99%]
src/codomyrmex/tests/unit/workflow/test_workflow_memory.py::TestConversationHistory::test_summary PASSED [ 99%]
src/codomyrmex/tests/unit/workflow/test_workflow_memory.py::TestLearningJournal::test_record PASSED [ 99%]
src/codomyrmex/tests/unit/workflow/test_workflow_memory.py::TestLearningJournal::test_by_topic PASSED [ 99%]
src/codomyrmex/tests/unit/workflow/test_workflow_memory.py::TestLearningJournal::test_detect_patterns PASSED [ 99%]
src/codomyrmex/tests/unit/workflow/test_workflow_memory.py::TestLearningJournal::test_high_confidence PASSED [ 99%]
src/codomyrmex/tests/unit/workflow_testing/test_workflow_testing.py::TestWorkflowTestingImports::test_module_imports PASSED [ 99%]
src/codomyrmex/tests/unit/workflow_testing/test_workflow_testing.py::TestWorkflowTestingImports::test_public_api_exists PASSED [ 99%]
src/codomyrmex/tests/unit/workflow_testing/test_workflow_testing.py::TestWorkflowStepType::test_step_type_values PASSED [ 99%]
src/codomyrmex/tests/unit/workflow_testing/test_workflow_testing.py::TestStepStatus::test_status_values PASSED [ 99%]
src/codomyrmex/tests/unit/workflow_testing/test_workflow_testing.py::TestWorkflowStep::test_step_creation PASSED [ 99%]
src/codomyrmex/tests/unit/workflow_testing/test_workflow_testing.py::TestWorkflowStep::test_step_to_dict PASSED [ 99%]
src/codomyrmex/tests/unit/workflow_testing/test_workflow_testing.py::TestStepResult::test_result_creation PASSED [ 99%]
src/codomyrmex/tests/unit/workflow_testing/test_workflow_testing.py::TestStepResult::test_result_passed_property PASSED [ 99%]
src/codomyrmex/tests/unit/workflow_testing/test_workflow_testing.py::TestStepResult::test_result_to_dict PASSED [ 99%]
src/codomyrmex/tests/unit/workflow_testing/test_workflow_testing.py::TestWorkflowResult::test_result_creation PASSED [ 99%]
src/codomyrmex/tests/unit/workflow_testing/test_workflow_testing.py::TestWorkflowResult::test_result_metrics PASSED [ 99%]
src/codomyrmex/tests/unit/workflow_testing/test_workflow_testing.py::TestWorkflowResult::test_result_to_dict PASSED [ 99%]
src/codomyrmex/tests/unit/workflow_testing/test_workflow_testing.py::TestWorkflow::test_workflow_creation PASSED [ 99%]
src/codomyrmex/tests/unit/workflow_testing/test_workflow_testing.py::TestWorkflow::test_workflow_add_step PASSED [ 99%]
src/codomyrmex/tests/unit/workflow_testing/test_workflow_testing.py::TestWorkflow::test_workflow_add_assertion PASSED [ 99%]
src/codomyrmex/tests/unit/workflow_testing/test_workflow_testing.py::TestWorkflow::test_workflow_add_wait PASSED [ 99%]
src/codomyrmex/tests/unit/workflow_testing/test_workflow_testing.py::TestWorkflow::test_workflow_chaining PASSED [ 99%]
src/codomyrmex/tests/unit/workflow_testing/test_workflow_testing.py::TestAssertionExecutor::test_executor_equals_pass PASSED [ 99%]
src/codomyrmex/tests/unit/workflow_testing/test_workflow_testing.py::TestAssertionExecutor::test_executor_equals_fail PASSED [ 99%]
src/codomyrmex/tests/unit/workflow_testing/test_workflow_testing.py::TestAssertionExecutor::test_executor_contains PASSED [ 99%]
src/codomyrmex/tests/unit/workflow_testing/test_workflow_testing.py::TestAssertionExecutor::test_executor_not_null PASSED [ 99%]
src/codomyrmex/tests/unit/workflow_testing/test_workflow_testing.py::TestAssertionExecutor::test_executor_from_context PASSED [ 99%]
src/codomyrmex/tests/unit/workflow_testing/test_workflow_testing.py::TestAssertionExecutor::test_executor_greater_than PASSED [ 99%]
src/codomyrmex/tests/unit/workflow_testing/test_workflow_testing.py::TestWaitExecutor::test_executor_wait PASSED [ 99%]
src/codomyrmex/tests/unit/workflow_testing/test_workflow_testing.py::TestScriptExecutor::test_executor_with_function PASSED [ 99%]
src/codomyrmex/tests/unit/workflow_testing/test_workflow_testing.py::TestScriptExecutor::test_executor_with_expression PASSED [ 99%]
src/codomyrmex/tests/unit/workflow_testing/test_workflow_testing.py::TestWorkflowRunner::test_runner_run_workflow PASSED [ 99%]
src/codomyrmex/tests/unit/workflow_testing/test_workflow_testing.py::TestWorkflowRunner::test_runner_workflow_with_variables PASSED [ 99%]
src/codomyrmex/tests/unit/workflow_testing/test_workflow_testing.py::TestWorkflowRunner::test_runner_step_output_in_context PASSED [ 99%]
src/codomyrmex/tests/unit/workflow_testing/test_workflow_testing.py::TestWorkflowRunner::test_runner_stops_on_error PASSED [ 99%]
src/codomyrmex/tests/unit/workflow_testing/test_workflow_testing.py::TestWorkflowRunner::test_runner_register_executor PASSED [ 99%]
src/codomyrmex/tests/unit/workflow_testing/test_workflow_testing.py::TestWorkflowRunner::test_runner_retry_support PASSED [ 99%]
src/codomyrmex/tests/visualization/test_advanced_plots.py::test_histogram_render PASSED [ 99%]
src/codomyrmex/tests/visualization/test_advanced_plots.py::test_pie_chart_render PASSED [ 99%]
src/codomyrmex/tests/visualization/test_advanced_plots.py::test_box_plot_render PASSED [ 99%]
src/codomyrmex/tests/visualization/test_advanced_plots.py::test_area_plot_render PASSED [ 99%]
src/codomyrmex/tests/visualization/test_components.py::test_image_component PASSED [ 99%]
src/codomyrmex/tests/visualization/test_components.py::test_video_component PASSED [ 99%]
src/codomyrmex/tests/visualization/test_components.py::test_text_block PASSED [ 99%]
src/codomyrmex/tests/visualization/test_components.py::test_code_block PASSED [ 99%]
src/codomyrmex/tests/visualization/test_core.py::test_theme_generation PASSED [ 99%]
src/codomyrmex/tests/visualization/test_core.py::test_grid_layout PASSED [ 99%]
src/codomyrmex/tests/visualization/test_core.py::test_export_html PASSED [ 99%]
src/codomyrmex/tests/visualization/test_dashboard.py::test_report_generation PASSED [ 99%]
src/codomyrmex/tests/visualization/test_enhanced_methods.py::test_plots_submodule_exports PASSED [ 99%]
src/codomyrmex/tests/visualization/test_enhanced_methods.py::test_components_submodule_exports PASSED [ 99%]
src/codomyrmex/tests/visualization/test_enhanced_methods.py::test_reports_submodule_exports PASSED [ 99%]
src/codomyrmex/tests/visualization/test_enhanced_methods.py::test_main_module_exports PASSED [ 99%]
src/codomyrmex/tests/visualization/test_enhanced_methods.py::test_base_plot_str PASSED [ 99%]
src/codomyrmex/tests/visualization/test_enhanced_methods.py::test_base_plot_repr PASSED [ 99%]
src/codomyrmex/tests/visualization/test_enhanced_methods.py::test_base_plot_save PASSED [ 99%]
src/codomyrmex/tests/visualization/test_enhanced_methods.py::test_base_plot_to_dict PASSED [ 99%]
src/codomyrmex/tests/visualization/test_enhanced_methods.py::test_bar_chart_categories PASSED [ 99%]
src/codomyrmex/tests/visualization/test_enhanced_methods.py::test_bar_chart_data_tuples PASSED [ 99%]
src/codomyrmex/tests/visualization/test_enhanced_methods.py::test_bar_chart_empty PASSED [ 99%]
src/codomyrmex/tests/visualization/test_enhanced_methods.py::test_line_plot_xy PASSED [ 99%]
src/codomyrmex/tests/visualization/test_enhanced_methods.py::test_line_plot_data PASSED [ 99%]
src/codomyrmex/tests/visualization/test_enhanced_methods.py::test_base_component_str PASSED [ 99%]
src/codomyrmex/tests/visualization/test_enhanced_methods.py::test_base_report_save PASSED [ 99%]
src/codomyrmex/tests/visualization/test_enhanced_methods.py::test_base_report_str_repr PASSED [ 99%]
src/codomyrmex/tests/visualization/test_enhanced_methods.py::test_dashboard_str PASSED [ 99%]
src/codomyrmex/tests/visualization/test_enhanced_methods.py::test_dashboard_repr PASSED [ 99%]
src/codomyrmex/tests/visualization/test_enhanced_methods.py::test_finance_report_save PASSED [ 99%]
src/codomyrmex/tests/visualization/test_enhanced_methods.py::test_marketing_report_save PASSED [ 99%]
src/codomyrmex/tests/visualization/test_enhanced_methods.py::test_logistics_report_save PASSED [ 99%]
src/codomyrmex/tests/visualization/test_enhanced_methods.py::test_general_report_save PASSED [ 99%]
src/codomyrmex/tests/visualization/test_phase2_components.py::test_badge_component PASSED [ 99%]
src/codomyrmex/tests/visualization/test_phase2_components.py::test_alert_component PASSED [ 99%]
src/codomyrmex/tests/visualization/test_phase2_components.py::test_progress_bar PASSED [ 99%]
src/codomyrmex/tests/visualization/test_phase2_plots.py::test_violin_plot_render PASSED [ 99%]
src/codomyrmex/tests/visualization/test_phase2_plots.py::test_radar_chart_render PASSED [ 99%]
src/codomyrmex/tests/visualization/test_phase2_plots.py::test_candlestick_chart_render PASSED [ 99%]
src/codomyrmex/tests/visualization/test_phase2_plots.py::test_gantt_chart_render PASSED [ 99%]
src/codomyrmex/tests/visualization/test_phase3_features.py::test_funnel_chart_render PASSED [ 99%]
src/codomyrmex/tests/visualization/test_phase3_features.py::test_sankey_diagram_render PASSED [ 99%]
src/codomyrmex/tests/visualization/test_phase3_features.py::test_timeline_component PASSED [ 99%]
src/codomyrmex/tests/visualization/test_phase3_features.py::test_statbox_component PASSED [ 99%]
src/codomyrmex/tests/visualization/test_phase4_features.py::test_word_cloud_render PASSED [ 99%]
src/codomyrmex/tests/visualization/test_phase4_features.py::test_confusion_matrix_render PASSED [ 99%]
src/codomyrmex/tests/visualization/test_phase4_features.py::test_chat_bubble_component PASSED [ 99%]
src/codomyrmex/tests/visualization/test_phase4_features.py::test_json_view_component PASSED [ 99%]
src/codomyrmex/tests/visualization/test_phase5_features.py::test_treemap_render PASSED [ 99%]
src/codomyrmex/tests/visualization/test_phase5_features.py::test_network_graph_render PASSED [ 99%]
src/codomyrmex/tests/visualization/test_phase5_features.py::test_heatmap_table_component PASSED [ 99%]
src/codomyrmex/tests/visualization/test_phase6_reports.py::test_finance_report_generation PASSED [ 99%]
src/codomyrmex/tests/visualization/test_phase6_reports.py::test_marketing_report_generation PASSED [ 99%]
src/codomyrmex/tests/visualization/test_phase6_reports.py::test_logistics_report_generation PASSED [ 99%]
src/codomyrmex/tests/visualization/test_phase6_reports.py::test_generate_report_wrapper PASSED [ 99%]
src/codomyrmex/tests/visualization/test_plots.py::test_scatterplot_render PASSED [ 99%]
src/codomyrmex/tests/visualization/test_plots.py::test_heatmap_render PASSED [ 99%]
src/codomyrmex/tests/visualization/test_plots.py::test_mermaid_render PASSED [ 99%]
src/codomyrmex/tests/visualization/test_reports.py::test_general_report_generation PASSED [100%]

=================================== FAILURES ===================================
______________ TestGeminiCommands.test_gemini_check_availability _______________
src/codomyrmex/tests/unit/agents/test_cli_orchestration.py:297: in test_gemini_check_availability
    from codomyrmex.agents.gemini import GeminiClient
src/codomyrmex/agents/gemini/__init__.py:4: in <module>
    from .gemini_client import GeminiClient
src/codomyrmex/agents/gemini/gemini_client.py:7: in <module>
    from google.genai.generative_models import ChatSession
E   ModuleNotFoundError: No module named 'google.genai.generative_models'
________________ TestGeminiCommands.test_gemini_chat_operations ________________
src/codomyrmex/tests/unit/agents/test_cli_orchestration.py:309: in test_gemini_chat_operations
    from codomyrmex.agents.gemini import GeminiClient
src/codomyrmex/agents/gemini/__init__.py:4: in <module>
    from .gemini_client import GeminiClient
src/codomyrmex/agents/gemini/gemini_client.py:7: in <module>
    from google.genai.generative_models import ChatSession
E   ModuleNotFoundError: No module named 'google.genai.generative_models'
______ TestAgentDispatchStopEndpoint.test_no_active_dispatch_returns_200 _______
src/codomyrmex/tests/unit/website/unit/test_server.py:908: in test_no_active_dispatch_returns_200
    status, data = live_server.post("/api/agent/dispatch/stop", {})
                   ^^^^^^^^^^^^^^^^^^^^^^^^^^^^^^^^^^^^^^^^^^^^^^^^
src/codomyrmex/tests/unit/website/unit/test_server.py:128: in post
    body = resp.read().decode()
           ^^^^^^^^^^^
../../../.local/share/uv/python/cpython-3.13.11-macos-aarch64-none/lib/python3.13/http/client.py:497: in read
    s = self.fp.read()
        ^^^^^^^^^^^^^^
../../../.local/share/uv/python/cpython-3.13.11-macos-aarch64-none/lib/python3.13/socket.py:719: in readinto
    return self._sock.recv_into(b)
           ^^^^^^^^^^^^^^^^^^^^^^^
E   ConnectionResetError: [Errno 54] Connection reset by peer
----------------------------- Captured stderr call -----------------------------
127.0.0.1 - - [22/Feb/2026 14:34:40] "POST /api/agent/dispatch/stop HTTP/1.1" 200 -
--------------------------- Captured stdout teardown ---------------------------
{"timestamp": "2026-02-22T14:34:41.102951", "level": "DEBUG", "name": "codomyrmex.ide.antigravity.agent_relay", "message": "Appended message 9e2de1a9-c846-4757-965e-ba2d7a012a72 at cursor 2", "module": "agent_relay", "function": "_append", "line": 191, "taskName": null}
{"timestamp": "2026-02-22T14:34:41.102951", "level": "DEBUG", "name": "codomyrmex.ide.antigravity.agent_relay", "message": "Appended message 9e2de1a9-c846-4757-965e-ba2d7a012a72 at cursor 2", "module": "agent_relay", "function": "_append", "line": 191, "taskName": null}
2026-02-22 14:34:41,102 - codomyrmex.ide.antigravity.agent_relay - DEBUG - Appended message 9e2de1a9-c846-4757-965e-ba2d7a012a72 at cursor 2
{"timestamp": "2026-02-22T14:34:41.103288", "level": "INFO", "name": "codomyrmex.ide.antigravity.agent_relay", "message": "[architect] posted chat: Hello, it's nice to meet you. I'm here to help with your architectural design qu...", "module": "agent_relay", "function": "post_message", "line": 218, "taskName": null}
{"timestamp": "2026-02-22T14:34:41.103288", "level": "INFO", "name": "codomyrmex.ide.antigravity.agent_relay", "message": "[architect] posted chat: Hello, it's nice to meet you. I'm here to help with your architectural design qu...", "module": "agent_relay", "function": "post_message", "line": 218, "taskName": null}
2026-02-22 14:34:41,103 - codomyrmex.ide.antigravity.agent_relay - INFO - [architect] posted chat: Hello, it's nice to meet you. I'm here to help with your architectural design qu...
{"timestamp": "2026-02-22T14:34:41.103438", "level": "INFO", "name": "codomyrmex.agents.orchestrator", "message": "[Turn 1] [architect] (1.1s, ~23 tokens): Hello, it's nice to meet you. I'm here to help with your architectural design qu...", "module": "orchestrator", "function": "_execute_turn", "line": 616, "taskName": null}
{"timestamp": "2026-02-22T14:34:41.103438", "level": "INFO", "name": "codomyrmex.agents.orchestrator", "message": "[Turn 1] [architect] (1.1s, ~23 tokens): Hello, it's nice to meet you. I'm here to help with your architectural design qu...", "module": "orchestrator", "function": "_execute_turn", "line": 616, "taskName": null}
2026-02-22 14:34:41,103 - codomyrmex.agents.orchestrator - INFO - [Turn 1] [architect] (1.1s, ~23 tokens): Hello, it's nice to meet you. I'm here to help with your architectural design qu...
---------------------------- Captured log teardown -----------------------------
DEBUG    codomyrmex.ide.antigravity.agent_relay:agent_relay.py:191 Appended message 9e2de1a9-c846-4757-965e-ba2d7a012a72 at cursor 2
INFO     codomyrmex.ide.antigravity.agent_relay:agent_relay.py:218 [architect] posted chat: Hello, it's nice to meet you. I'm here to help with your architectural design qu...
INFO     codomyrmex.agents.orchestrator:orchestrator.py:616 [Turn 1] [architect] (1.1s, ~23 tokens): Hello, it's nice to meet you. I'm here to help with your architectural design qu...
_____________ TestAgentDispatchStopEndpoint.test_stop_clears_orch ______________
src/codomyrmex/tests/unit/website/unit/test_server.py:919: in test_stop_clears_orch
    status, data = live_server.post("/api/agent/dispatch/stop", {})
                   ^^^^^^^^^^^^^^^^^^^^^^^^^^^^^^^^^^^^^^^^^^^^^^^^
src/codomyrmex/tests/unit/website/unit/test_server.py:128: in post
    body = resp.read().decode()
           ^^^^^^^^^^^
../../../.local/share/uv/python/cpython-3.13.11-macos-aarch64-none/lib/python3.13/http/client.py:497: in read
    s = self.fp.read()
        ^^^^^^^^^^^^^^
../../../.local/share/uv/python/cpython-3.13.11-macos-aarch64-none/lib/python3.13/socket.py:719: in readinto
    return self._sock.recv_into(b)
           ^^^^^^^^^^^^^^^^^^^^^^^
E   ConnectionResetError: [Errno 54] Connection reset by peer
----------------------------- Captured stderr call -----------------------------
127.0.0.1 - - [22/Feb/2026 14:34:41] "POST /api/agent/dispatch/stop HTTP/1.1" 200 -
=============================== warnings summary ===============================
src/codomyrmex/coding/test_generator.py:33
  /Users/mini/Documents/GitHub/codomyrmex/src/codomyrmex/coding/test_generator.py:33: PytestCollectionWarning: cannot collect test class 'TestSuite' because it has a __init__ constructor (from: src/codomyrmex/coding/test_generator.py)
    @dataclass

../../../.local/share/uv/python/cpython-3.13.11-macos-aarch64-none/lib/python3.13/importlib/__init__.py:88
  /Users/mini/.local/share/uv/python/cpython-3.13.11-macos-aarch64-none/lib/python3.13/importlib/__init__.py:88: FutureWarning: 
  
  All support for the `google.generativeai` package has ended. It will no longer be receiving 
  updates or bug fixes. Please switch to the `google.genai` package as soon as possible.
  See README for more details:
  
  https://github.com/google-gemini/deprecated-generative-ai-python/blob/main/README.md
  
    return _bootstrap._gcd_import(name[level:], package, level)

src/codomyrmex/tests/integration/git_operations/test_github_functionality_demo.py::test_all_git_operations
  /Users/mini/Documents/GitHub/codomyrmex/.venv/lib/python3.13/site-packages/_pytest/python.py:170: PytestReturnNotNoneWarning: Test functions should return None, but src/codomyrmex/tests/integration/git_operations/test_github_functionality_demo.py::test_all_git_operations returned <class 'bool'>.
  Did you mean to use `assert` instead of `return`?
  See https://docs.pytest.org/en/stable/how-to/assert.html#return-not-none for more information.
    warnings.warn(

src/codomyrmex/tests/unit/api_documentation/test_api_documentation.py::TestAPIDocumentationGenerator::test_generate_documentation
src/codomyrmex/tests/unit/api_documentation/test_api_documentation.py::TestConvenienceFunctions::test_generate_api_docs_function
src/codomyrmex/tests/unit/api_documentation/test_api_documentation.py::TestIntegration::test_full_documentation_generation_workflow
  <unknown>:6: SyntaxWarning: invalid escape sequence '\_'

src/codomyrmex/tests/unit/api_documentation/test_api_documentation.py::TestAPIDocumentationGenerator::test_generate_documentation
src/codomyrmex/tests/unit/api_documentation/test_api_documentation.py::TestConvenienceFunctions::test_generate_api_docs_function
src/codomyrmex/tests/unit/api_documentation/test_api_documentation.py::TestIntegration::test_full_documentation_generation_workflow
  <unknown>:7: SyntaxWarning: invalid escape sequence '\_'

src/codomyrmex/tests/unit/api_documentation/test_api_documentation.py::TestAPIDocumentationGenerator::test_generate_documentation
src/codomyrmex/tests/unit/api_documentation/test_api_documentation.py::TestConvenienceFunctions::test_generate_api_docs_function
src/codomyrmex/tests/unit/api_documentation/test_api_documentation.py::TestIntegration::test_full_documentation_generation_workflow
  <unknown>:8: SyntaxWarning: invalid escape sequence '\_'

src/codomyrmex/tests/unit/api_documentation/test_api_documentation.py::TestAPIDocumentationGenerator::test_generate_documentation
src/codomyrmex/tests/unit/api_documentation/test_api_documentation.py::TestConvenienceFunctions::test_generate_api_docs_function
src/codomyrmex/tests/unit/api_documentation/test_api_documentation.py::TestIntegration::test_full_documentation_generation_workflow
  <unknown>:9: SyntaxWarning: invalid escape sequence '\*'

src/codomyrmex/tests/unit/api_documentation/test_api_documentation.py::TestAPIDocumentationGenerator::test_generate_documentation
src/codomyrmex/tests/unit/api_documentation/test_api_documentation.py::TestConvenienceFunctions::test_generate_api_docs_function
src/codomyrmex/tests/unit/api_documentation/test_api_documentation.py::TestIntegration::test_full_documentation_generation_workflow
  <unknown>:261: SyntaxWarning: invalid escape sequence '\.'

src/codomyrmex/tests/unit/api_documentation/test_api_documentation.py::TestAPIDocumentationGenerator::test_generate_documentation
src/codomyrmex/tests/unit/api_documentation/test_api_documentation.py::TestConvenienceFunctions::test_generate_api_docs_function
src/codomyrmex/tests/unit/api_documentation/test_api_documentation.py::TestIntegration::test_full_documentation_generation_workflow
  <unknown>:262: SyntaxWarning: invalid escape sequence '\.'

src/codomyrmex/tests/unit/api_documentation/test_api_documentation.py::TestAPIDocumentationGenerator::test_generate_documentation
src/codomyrmex/tests/unit/api_documentation/test_api_documentation.py::TestConvenienceFunctions::test_generate_api_docs_function
src/codomyrmex/tests/unit/api_documentation/test_api_documentation.py::TestIntegration::test_full_documentation_generation_workflow
  <unknown>:263: SyntaxWarning: invalid escape sequence '\.'

src/codomyrmex/tests/unit/api_documentation/test_api_documentation.py::TestAPIDocumentationGenerator::test_generate_documentation
src/codomyrmex/tests/unit/api_documentation/test_api_documentation.py::TestConvenienceFunctions::test_generate_api_docs_function
src/codomyrmex/tests/unit/api_documentation/test_api_documentation.py::TestIntegration::test_full_documentation_generation_workflow
  <unknown>:264: SyntaxWarning: invalid escape sequence '\.'

src/codomyrmex/tests/unit/api_documentation/test_api_documentation.py::TestAPIDocumentationGenerator::test_generate_documentation
src/codomyrmex/tests/unit/api_documentation/test_api_documentation.py::TestConvenienceFunctions::test_generate_api_docs_function
src/codomyrmex/tests/unit/api_documentation/test_api_documentation.py::TestIntegration::test_full_documentation_generation_workflow
  <unknown>:19: SyntaxWarning: invalid escape sequence '\-'

src/codomyrmex/tests/unit/api_documentation/test_api_documentation.py::TestAPIDocumentationGenerator::test_generate_documentation
src/codomyrmex/tests/unit/api_documentation/test_api_documentation.py::TestConvenienceFunctions::test_generate_api_docs_function
src/codomyrmex/tests/unit/api_documentation/test_api_documentation.py::TestIntegration::test_full_documentation_generation_workflow
  <unknown>:21: SyntaxWarning: invalid escape sequence '\('

src/codomyrmex/tests/unit/api_documentation/test_api_documentation.py::TestAPIDocumentationGenerator::test_generate_documentation
src/codomyrmex/tests/unit/api_documentation/test_api_documentation.py::TestConvenienceFunctions::test_generate_api_docs_function
src/codomyrmex/tests/unit/api_documentation/test_api_documentation.py::TestIntegration::test_full_documentation_generation_workflow
  <unknown>:205: SyntaxWarning: invalid escape sequence '\.'

src/codomyrmex/tests/unit/data_visualization/test_data_visualization.py::TestBoxPlot::test_basic_box_plot
src/codomyrmex/tests/unit/data_visualization/test_data_visualization.py::TestBoxPlot::test_box_plot_with_dict_data
src/codomyrmex/tests/unit/data_visualization/test_data_visualization.py::TestBoxPlot::test_box_plot_multiple_lists
src/codomyrmex/tests/unit/data_visualization/test_data_visualization.py::TestBoxPlot::test_box_plot_class
  /Users/mini/Documents/GitHub/codomyrmex/src/codomyrmex/data_visualization/charts/box_plot.py:80: MatplotlibDeprecationWarning: The 'labels' parameter of boxplot() has been renamed 'tick_labels' since Matplotlib 3.9; support for the old name will be dropped in 3.11.
    bp = ax.boxplot(data_list, labels=labels, notch=notch, patch_artist=patch_artist)

src/codomyrmex/tests/unit/data_visualization/test_data_visualization.py::TestAdvancedPlotter::test_plot_box
  /Users/mini/Documents/GitHub/codomyrmex/src/codomyrmex/data_visualization/engines/advanced_plotter.py:540: MatplotlibDeprecationWarning: The 'labels' parameter of boxplot() has been renamed 'tick_labels' since Matplotlib 3.9; support for the old name will be dropped in 3.11.
    box_plot = axes.boxplot(

src/codomyrmex/tests/unit/events/test_async_events.py::TestAsyncEventEmitterEmit::test_emit_batch_async
  /Users/mini/Documents/GitHub/codomyrmex/src/codomyrmex/tests/unit/events/test_async_events.py:767: RuntimeWarning: coroutine 'EventBus.publish_async' was never awaited
    await emitter.emit_batch_async(events)
  Enable tracemalloc to get traceback where the object was allocated.
  See https://docs.pytest.org/en/stable/how-to/capture-warnings.html#resource-warnings for more info.

src/codomyrmex/tests/unit/maintenance/test_maintenance.py: 13 warnings
  /Users/mini/Documents/GitHub/codomyrmex/src/codomyrmex/formal_verification/vendor/z3/scripts/update_header_guards.py:6: SyntaxWarning: invalid escape sequence '\_'
    ifndef  = re.compile("#ifndef \_(.*)\_H\_")

src/codomyrmex/tests/unit/maintenance/test_maintenance.py: 13 warnings
  /Users/mini/Documents/GitHub/codomyrmex/src/codomyrmex/formal_verification/vendor/z3/scripts/update_header_guards.py:7: SyntaxWarning: invalid escape sequence '\_'
    doubleu = re.compile("#(.*) (.*)\_\_H\_")

src/codomyrmex/tests/unit/maintenance/test_maintenance.py: 13 warnings
  /Users/mini/Documents/GitHub/codomyrmex/src/codomyrmex/formal_verification/vendor/z3/scripts/update_header_guards.py:8: SyntaxWarning: invalid escape sequence '\_'
    defn    = re.compile("#define \_(.*)\_H\_")

src/codomyrmex/tests/unit/maintenance/test_maintenance.py: 13 warnings
  /Users/mini/Documents/GitHub/codomyrmex/src/codomyrmex/formal_verification/vendor/z3/scripts/update_header_guards.py:9: SyntaxWarning: invalid escape sequence '\*'
    endif   = re.compile("#endif /\* \_(.*)\_H\_")

src/codomyrmex/tests/unit/maintenance/test_maintenance.py: 13 warnings
  /Users/mini/Documents/GitHub/codomyrmex/src/codomyrmex/formal_verification/vendor/z3/scripts/mk_win_dist.py:261: SyntaxWarning: invalid escape sequence '\.'
    VS_RUNTIME_PATS = [re.compile('vcomp.*\.dll'),

src/codomyrmex/tests/unit/maintenance/test_maintenance.py: 13 warnings
  /Users/mini/Documents/GitHub/codomyrmex/src/codomyrmex/formal_verification/vendor/z3/scripts/mk_win_dist.py:262: SyntaxWarning: invalid escape sequence '\.'
    re.compile('msvcp.*\.dll'),

src/codomyrmex/tests/unit/maintenance/test_maintenance.py: 13 warnings
  /Users/mini/Documents/GitHub/codomyrmex/src/codomyrmex/formal_verification/vendor/z3/scripts/mk_win_dist.py:263: SyntaxWarning: invalid escape sequence '\.'
    re.compile('msvcr.*\.dll'),

src/codomyrmex/tests/unit/maintenance/test_maintenance.py: 13 warnings
  /Users/mini/Documents/GitHub/codomyrmex/src/codomyrmex/formal_verification/vendor/z3/scripts/mk_win_dist.py:264: SyntaxWarning: invalid escape sequence '\.'
    re.compile('vcrun.*\.dll')]

src/codomyrmex/tests/unit/maintenance/test_maintenance.py: 13 warnings
  /Users/mini/Documents/GitHub/codomyrmex/src/codomyrmex/formal_verification/vendor/z3/doc/mk_tactic_doc.py:19: SyntaxWarning: invalid escape sequence '\-'
    is_doc_end = re.compile("\-\-\*\/")

src/codomyrmex/tests/unit/maintenance/test_maintenance.py: 13 warnings
  /Users/mini/Documents/GitHub/codomyrmex/src/codomyrmex/formal_verification/vendor/z3/doc/mk_tactic_doc.py:21: SyntaxWarning: invalid escape sequence '\('
    is_simplifier = re.compile("ADD_SIMPLIFIER\(.*\"([^\"]*)\".*,.*\"([^\"]*)\".*,.*\"([^\"]*)\"\.*\)")

src/codomyrmex/tests/unit/maintenance/test_maintenance.py::TestMaintenanceIntegration::test_dependency_analyzer_full_workflow
src/codomyrmex/tests/unit/maintenance/test_maintenance.py::TestMaintenanceIntegration::test_dependency_analyzer_full_workflow
src/codomyrmex/tests/unit/maintenance/test_maintenance.py::TestMaintenanceIntegration::test_dependency_analyzer_full_workflow
  invalid escape sequence '\_'

src/codomyrmex/tests/unit/maintenance/test_maintenance.py::TestMaintenanceIntegration::test_dependency_analyzer_full_workflow
  invalid escape sequence '\*'

src/codomyrmex/tests/unit/maintenance/test_maintenance.py::TestMaintenanceIntegration::test_dependency_analyzer_full_workflow
src/codomyrmex/tests/unit/maintenance/test_maintenance.py::TestMaintenanceIntegration::test_dependency_analyzer_full_workflow
src/codomyrmex/tests/unit/maintenance/test_maintenance.py::TestMaintenanceIntegration::test_dependency_analyzer_full_workflow
src/codomyrmex/tests/unit/maintenance/test_maintenance.py::TestMaintenanceIntegration::test_dependency_analyzer_full_workflow
  invalid escape sequence '\.'

src/codomyrmex/tests/unit/maintenance/test_maintenance.py::TestMaintenanceIntegration::test_dependency_analyzer_full_workflow
  invalid escape sequence '\-'

src/codomyrmex/tests/unit/maintenance/test_maintenance.py::TestMaintenanceIntegration::test_dependency_analyzer_full_workflow
  invalid escape sequence '\('

src/codomyrmex/tests/unit/mcp/test_mcp_http_and_errors.py::TestMCPHTTPTransport::test_http_initialize
src/codomyrmex/tests/unit/mcp/test_mcp_http_and_errors.py::TestMCPHTTPTransport::test_http_list_tools
src/codomyrmex/tests/unit/mcp/test_mcp_http_and_errors.py::TestMCPHTTPTransport::test_http_call_tool
src/codomyrmex/tests/unit/mcp/test_mcp_http_and_errors.py::TestMCPHTTPTransport::test_http_list_resources
src/codomyrmex/tests/unit/mcp/test_mcp_http_and_errors.py::TestMCPHTTPTransport::test_http_read_resource
  enable_cleanup_closed ignored because https://github.com/python/cpython/pull/118960 is fixed in Python version sys.version_info(major=3, minor=13, micro=11, releaselevel='final', serial=0)

src/codomyrmex/tests/unit/networking/test_networking_reliability.py::TestNetworkingReliability::test_http_client_config_fuzzing
  Test functions should return None, but src/codomyrmex/tests/unit/networking/test_networking_reliability.py::TestNetworkingReliability::test_http_client_config_fuzzing returned <class 'codomyrmex.testing.property_testing.PropertyTestResult'>.
  Did you mean to use `assert` instead of `return`?
  See https://docs.pytest.org/en/stable/how-to/assert.html#return-not-none for more information.

src/codomyrmex/tests/unit/networking/test_networking_reliability.py::TestNetworkingReliability::test_websocket_backoff_algorithm
  Test functions should return None, but src/codomyrmex/tests/unit/networking/test_networking_reliability.py::TestNetworkingReliability::test_websocket_backoff_algorithm returned <class 'codomyrmex.testing.property_testing.PropertyTestResult'>.
  Did you mean to use `assert` instead of `return`?
  See https://docs.pytest.org/en/stable/how-to/assert.html#return-not-none for more information.

-- Docs: https://docs.pytest.org/en/stable/how-to/capture-warnings.html
================================ tests coverage ================================
______________ coverage: platform darwin, python 3.13.11-final-0 _______________

Name                                                                        Stmts   Miss  Cover   Missing
---------------------------------------------------------------------------------------------------------
src/codomyrmex/__init__.py                                                     27      5    81%   18, 124-125, 132-133
src/codomyrmex/agentic_memory/__init__.py                                       5      0   100%
src/codomyrmex/agentic_memory/consolidation.py                                 33      0   100%
src/codomyrmex/agentic_memory/mcp_tools.py                                     33     15    55%   13-18, 29-30, 60-64, 76-78
src/codomyrmex/agentic_memory/memory.py                                        76      3    96%   29, 33, 149
src/codomyrmex/agentic_memory/models.py                                        52      2    96%   81-82
src/codomyrmex/agentic_memory/obsidian/__init__.py                              2      0   100%
src/codomyrmex/agentic_memory/obsidian/canvas.py                               51      0   100%
src/codomyrmex/agentic_memory/obsidian/crud.py                                 84      2    98%   55, 159
src/codomyrmex/agentic_memory/obsidian/graph.py                                98      1    99%   82
src/codomyrmex/agentic_memory/obsidian/models.py                               72      0   100%
src/codomyrmex/agentic_memory/obsidian/parser.py                               93      3    97%   52, 157, 183
src/codomyrmex/agentic_memory/obsidian/search.py                               80     13    84%   59, 97-98, 141-149, 152, 154
src/codomyrmex/agentic_memory/obsidian/vault.py                                71      8    89%   50, 54-55, 70-71, 79, 113-114
src/codomyrmex/agentic_memory/stores.py                                        60      3    95%   39, 63-64
src/codomyrmex/agentic_memory/user_profile.py                                  29      0   100%
src/codomyrmex/agents/__init__.py                                             125     64    49%   36-38, 42-43, 47-48, 52-53, 57-58, 62-63, 72-73, 77-78, 82-83, 87-88, 92-93, 102-106, 134-135, 139-140, 144-145, 149-150, 164-165, 169-170, 182-189, 193-195, 199-200, 205-223, 226-229
src/codomyrmex/agents/agent_setup/__init__.py                                   3      0   100%
src/codomyrmex/agents/agent_setup/__main__.py                                   9      5    44%   10-25
src/codomyrmex/agents/agent_setup/config_file.py                               48     36    25%   38-42, 57-70, 86-100, 112-123
src/codomyrmex/agents/agent_setup/registry.py                                  89     10    89%   64, 86, 109, 115-117, 146, 155-157
src/codomyrmex/agents/agent_setup/setup_wizard.py                             105     84    20%   41, 50-57, 63, 72-86, 93-95, 100-102, 115-197
src/codomyrmex/agents/ai_code_editing/__init__.py                               3      0   100%
src/codomyrmex/agents/ai_code_editing/ai_code_helpers.py                      449    175    61%   18-19, 23-24, 29-31, 38-42, 53-57, 61-64, 143-162, 315, 320-332, 352, 359-360, 415, 438-439, 442-450, 486, 556, 559, 578, 582-586, 589-593, 600-605, 618, 643-649, 686, 703, 709-713, 716-720, 727-730, 743, 767-773, 803-875, 912, 915, 941-945, 948-952, 959-962, 975, 999-1005, 1042, 1059, 1063-1067, 1070-1074, 1081-1084, 1097, 1121-1127, 1132, 1156-1162, 1167-1187
src/codomyrmex/agents/ai_code_editing/claude_task_master.py                   292    221    24%   136-145, 149-159, 163-167, 189-224, 249-304, 337-355, 377-438, 456-513, 533-590, 610-664, 672, 681-683, 687, 696-698, 706-734, 738-756, 761-772, 776-783, 790-791, 796-797, 802-803, 808-809, 814-815
src/codomyrmex/agents/ai_code_editing/code_editor.py                           64     47    27%   28, 43-60, 64, 69, 74, 79, 83, 95-119, 132-154
src/codomyrmex/agents/ai_code_editing/droid_manager.py                         63     46    27%   26-36, 44-69, 73-93, 97-122, 128, 133-134
src/codomyrmex/agents/ai_code_editing/openai_codex.py                         134     92    31%   63-68, 72-82, 109-163, 185-186, 216-265, 285-334, 338-353, 361-363, 369-376, 380-387, 406-407, 412-413, 418-419, 424-425
src/codomyrmex/agents/ai_code_editing/prompt_composition.py                     6      2    67%   11-12
src/codomyrmex/agents/autonomous.py                                            71     56    21%   29-41, 74-93, 97-106, 110-112, 116-117, 121-122, 126-127, 131-164
src/codomyrmex/agents/benchmarks.py                                            66     30    55%   29, 48, 69-70, 75-101, 106, 110-122, 126-130, 134
src/codomyrmex/agents/claude/__init__.py                                        4      0   100%
src/codomyrmex/agents/claude/claude_client.py                                 430    359    17%   29-30, 168, 184-284, 304-342, 355-369, 380-444, 456-457, 470-520, 535, 561-590, 603, 629, 633-635, 660-738, 777-848, 889-920, 965-1006, 1047-1112, 1150-1161, 1170-1184, 1193-1205, 1209-1231, 1263-1297, 1334-1402, 1433-1498, 1538-1586
src/codomyrmex/agents/claude/claude_integration.py                            114      8    93%   103-104, 107-108, 115, 117, 221, 372
src/codomyrmex/agents/cli/__init__.py                                           1      0   100%
src/codomyrmex/agents/cli/handlers.py                                         484    476     2%   17-754
src/codomyrmex/agents/codex/__init__.py                                         3      0   100%
src/codomyrmex/agents/codex/codex_client.py                                    57     43    25%   15-16, 59-129, 141-200, 212-221
src/codomyrmex/agents/codex/codex_integration.py                               23     16    30%   26-58, 76-85, 115-124
src/codomyrmex/agents/context/__init__.py                                       0      0   100%
src/codomyrmex/agents/context/indexer.py                                       80      4    95%   82, 91, 126-127
src/codomyrmex/agents/context/project.py                                       81      7    91%   76, 134, 141-142, 160, 218-219
src/codomyrmex/agents/core/__init__.py                                          9      0   100%
src/codomyrmex/agents/core/base.py                                            115      6    95%   213, 217, 221, 281-283
src/codomyrmex/agents/core/config.py                                          185      8    96%   307, 310, 319, 322, 325, 328, 331, 334
src/codomyrmex/agents/core/exceptions.py                                      113     46    59%   40, 73, 75, 77, 79, 81, 86-90, 97-99, 110, 119, 121, 128-132, 143, 154, 165-167, 194-200, 225-231, 258-264
src/codomyrmex/agents/core/mcp_tools.py                                        42      1    98%   123
src/codomyrmex/agents/core/messages.py                                         61      2    97%   94, 99
src/codomyrmex/agents/core/parsers.py                                         109     81    26%   28, 41, 60-91, 105-132, 137-138, 157-163, 178-188, 207-221, 233-252, 257-267
src/codomyrmex/agents/core/react.py                                           129     26    80%   16, 135-136, 176-181, 189-204, 207, 239, 246-247
src/codomyrmex/agents/core/registry.py                                         82      4    95%   70, 72, 74, 76
src/codomyrmex/agents/core/session.py                                         127     10    92%   125, 224-226, 229, 234-235, 244, 252-253
src/codomyrmex/agents/core/thinking_agent.py                                   98      5    95%   100, 121, 159, 213, 217
src/codomyrmex/agents/deepseek/__init__.py                                      3      0   100%
src/codomyrmex/agents/deepseek/deepseek_client.py                              46     33    28%   17-18, 34, 60-98, 102-122, 126-135
src/codomyrmex/agents/droid/__init__.py                                         3      0   100%
src/codomyrmex/agents/droid/controller.py                                     228     91    60%   50, 75, 77, 79, 81, 86, 95, 136-156, 160-162, 190-196, 233, 237-241, 245-247, 254-255, 264-272, 276-278, 285-291, 295-299, 303-309, 313-314, 321-349
src/codomyrmex/agents/droid/run_todo_droid.py                                 264    238    10%   59-66, 111-130, 135-172, 179-334, 339-347, 352-369, 374-385, 390-395, 400-421, 426-510, 517-535
src/codomyrmex/agents/droid/tasks.py                                          360    304    16%   18-23, 28-33, 38-44, 49-63, 77-81, 86, 115, 261, 324, 414, 484, 772, 807, 905-989, 1070-1156, 1161-1189, 1194-1217, 1222-1245, 1250, 1484, 1704-1710, 1714-1731, 1739-1745, 1749-1765, 1770-1843, 1849-1878, 1885-1887, 1892-1893, 1902-1937, 1942-1973, 1978, 2008, 2254, 2444, 2688, 2834, 3318, 3362
src/codomyrmex/agents/droid/todo.py                                           117     68    42%   47, 50, 54-55, 63, 80, 92, 97-98, 100, 104-109, 112, 122-127, 136-137, 145-166, 173-209
src/codomyrmex/agents/editing_loop.py                                         215    163    24%   34-36, 102-106, 130-167, 185-228, 239-241, 261-279, 294-346, 360-399, 407-421, 425-437, 458-497, 502-509, 514-518
src/codomyrmex/agents/education.py                                              2      0   100%
src/codomyrmex/agents/evaluation/__init__.py                                  220    129    41%   71-83, 108-110, 115-119, 144, 147-152, 159, 162-167, 174-175, 178-183, 194-196, 199-202, 234-236, 240-241, 245-246, 269-298, 310-350, 358-389, 420-455, 459-472, 478
src/codomyrmex/agents/every_code/__init__.py                                    3      0   100%
src/codomyrmex/agents/every_code/every_code_client.py                         112     25    78%   57, 108-109, 148, 158-165, 190-191, 198-201, 230, 233-236, 261, 279-284, 305-310
src/codomyrmex/agents/every_code/every_code_integration.py                     44      5    89%   33, 43-52, 90-91
src/codomyrmex/agents/exceptions.py                                             2      0   100%
src/codomyrmex/agents/gemini/__init__.py                                        4      2    50%   5-7
src/codomyrmex/agents/gemini/gemini_cli.py                                    105     58    45%   39, 59, 62, 65-66, 69-70, 82-91, 101, 106-112, 118-126, 130-138, 143, 149-150, 154-162, 166-174
src/codomyrmex/agents/gemini/gemini_client.py                                 329    323     2%   8-434
src/codomyrmex/agents/gemini/gemini_integration.py                             47     47     0%   1-143
src/codomyrmex/agents/generic/__init__.py                                       6      0   100%
src/codomyrmex/agents/generic/agent_orchestrator.py                            82     13    84%   79-81, 126-128, 175-177, 187, 207-209
src/codomyrmex/agents/generic/api_agent_base.py                                83     38    54%   65, 96-97, 128, 144-156, 164-172, 191-228, 246-262, 283-288
src/codomyrmex/agents/generic/cli_agent_base.py                               158     65    59%   20-37, 81-90, 96-101, 110-129, 172, 184-190, 286-295, 309-320, 377, 382-392, 403-409, 438, 440
src/codomyrmex/agents/generic/message_bus.py                                   61     19    69%   63-66, 84-85, 91-95, 124-133, 154-163, 181, 184
src/codomyrmex/agents/generic/task_planner.py                                  85     23    73%   86-100, 112, 126-137, 150, 181, 195-203, 214
src/codomyrmex/agents/git_agent/__init__.py                                     2      0   100%
src/codomyrmex/agents/git_agent/agent.py                                       83     16    81%   92, 97, 102, 105, 111, 115-121, 125, 129, 133, 148
src/codomyrmex/agents/history/__init__.py                                     236    147    38%   42-43, 47-48, 52, 64, 91-94, 98, 102, 106-114, 119, 124, 131-140, 144, 156, 170, 174, 178, 182-185, 193-198, 202-212, 216, 223-224, 228, 232-234, 238-242, 246-250, 258-266, 270-280, 287-288, 292-318, 323-327, 331-367, 371-398, 409-419, 427-433, 437-453, 482-484, 493-507, 511, 515-520, 524, 528, 532, 537, 541-544
src/codomyrmex/agents/infrastructure/__init__.py                                3      0   100%
src/codomyrmex/agents/infrastructure/agent.py                                 110     43    61%   25-26, 72-116, 179, 188-192, 239-241
src/codomyrmex/agents/infrastructure/tool_factory.py                           80      6    92%   32, 34, 46, 50, 168-169
src/codomyrmex/agents/jules/__init__.py                                         3      0   100%
src/codomyrmex/agents/jules/jules_client.py                                    76     19    75%   74, 85-88, 92-94, 108-113, 135-137, 151, 154
src/codomyrmex/agents/jules/jules_integration.py                               23      2    91%   47-57
src/codomyrmex/agents/learning/__init__.py                                      5      2    60%   9-10
src/codomyrmex/agents/learning/skills.py                                       24      0   100%
src/codomyrmex/agents/learning/visualization.py                                10      6    40%   9-22
src/codomyrmex/agents/llm_client.py                                            76     28    63%   39, 78-90, 114-134
src/codomyrmex/agents/mcp_tools.py                                             34     27    21%   17-33, 43-47, 60-72
src/codomyrmex/agents/memory/__init__.py                                        0      0   100%
src/codomyrmex/agents/memory/conversation.py                                   46      2    96%   66, 83
src/codomyrmex/agents/memory/journal.py                                        43      3    93%   40, 85, 102
src/codomyrmex/agents/memory/store.py                                          60      5    92%   83-84, 97-98, 103
src/codomyrmex/agents/meta/__init__.py                                          0      0   100%
src/codomyrmex/agents/meta/ab_testing.py                                       46      2    96%   98, 114
src/codomyrmex/agents/meta/meta_agent.py                                       49      3    94%   73-75
src/codomyrmex/agents/meta/scoring.py                                          27      0   100%
src/codomyrmex/agents/meta/strategies.py                                       41      2    95%   76, 96
src/codomyrmex/agents/mistral_vibe/__init__.py                                  3      0   100%
src/codomyrmex/agents/mistral_vibe/mistral_vibe_client.py                      66     53    20%   28-61, 68-88, 92-95, 99-111, 117-122, 126-135
src/codomyrmex/agents/mistral_vibe/mistral_vibe_integration.py                 43     36    16%   26-64, 82-108, 135-144
src/codomyrmex/agents/o1/__init__.py                                            3      0   100%
src/codomyrmex/agents/o1/o1_client.py                                          52     39    25%   17-18, 35, 57-99, 106-128, 132-142
src/codomyrmex/agents/openclaw/__init__.py                                      3      0   100%
src/codomyrmex/agents/openclaw/openclaw_client.py                              97     50    48%   77, 86, 93-95, 101-104, 120-121, 124-136, 144, 152, 163-173, 184-197, 201-211, 215-227
src/codomyrmex/agents/openclaw/openclaw_integration.py                         23     16    30%   26-57, 75-84, 110-119
src/codomyrmex/agents/opencode/__init__.py                                      3      0   100%
src/codomyrmex/agents/opencode/opencode_client.py                              72     18    75%   78, 81-83, 101-110, 123, 142-144
src/codomyrmex/agents/opencode/opencode_integration.py                         23      2    91%   36-45
src/codomyrmex/agents/orchestrator.py                                         263     60    77%   192-231, 245, 316, 387, 397, 406, 426, 434-460, 589-596, 599-600
src/codomyrmex/agents/pai/__init__.py                                           5      0   100%
src/codomyrmex/agents/pai/mcp_bridge.py                                       316    105    67%   110-139, 158-190, 211-215, 237-239, 244-273, 300-301, 309-310, 329, 772, 784-785, 790-792, 821-822, 925-926, 930, 933, 954-957, 1025, 1036-1045
src/codomyrmex/agents/pai/pai_bridge.py                                       282     40    86%   88, 326-328, 364-365, 406-407, 449-450, 463, 491-492, 501, 532-533, 562-563, 589-592, 627-631, 635-639, 652-653, 665-666, 673-676
src/codomyrmex/agents/pai/trust_gateway.py                                    380     51    87%   113-114, 144, 165-167, 182, 195-206, 235-236, 248, 294, 311, 317, 320, 323, 345, 348, 351, 354, 360, 363, 366, 372, 378, 409, 417-418, 428-429, 526, 529, 533, 611-614, 625-629
src/codomyrmex/agents/planner/__init__.py                                       0      0   100%
src/codomyrmex/agents/planner/executor.py                                      50      0   100%
src/codomyrmex/agents/planner/feedback_config.py                               15      0   100%
src/codomyrmex/agents/planner/feedback_loop.py                                 88      2    98%   109, 114
src/codomyrmex/agents/planner/plan_engine.py                                   85      3    96%   54, 61, 95
src/codomyrmex/agents/planner/plan_evaluator.py                                50      5    90%   65, 98, 106, 114, 157
src/codomyrmex/agents/pooling/__init__.py                                     239     21    91%   136-137, 252, 260, 263, 266, 276, 281, 311-313, 319, 356-358, 365, 369, 394, 398-399, 452
src/codomyrmex/agents/qwen/__init__.py                                          3      0   100%
src/codomyrmex/agents/qwen/qwen_client.py                                      46     33    28%   17-18, 35, 61-99, 103-123, 127-136
src/codomyrmex/agents/specialized/improvement_config.py                        13      0   100%
src/codomyrmex/agents/specialized/improvement_pipeline.py                      80      3    96%   148, 220, 250
src/codomyrmex/agents/specialized/improvement_report.py                        74      0   100%
src/codomyrmex/agents/specialized/review_loop.py                               66     10    85%   113-118, 129, 135, 141-142, 148
src/codomyrmex/agents/theory/__init__.py                                        3      0   100%
src/codomyrmex/agents/theory/agent_architectures.py                           119     79    34%   31-33, 80-81, 93-94, 98, 110-115, 127-130, 137-138, 142, 146, 154-157, 161, 165, 169, 173, 181-184, 193-194, 208-222, 235-238, 245, 257-267, 279-283, 291-294, 298-300, 316-326, 338-341
src/codomyrmex/agents/theory/reasoning_models.py                               94     65    31%   31-33, 70-72, 81-82, 92-93, 109-117, 126-146, 158-165, 173-174, 184-185, 201-206, 215-217, 229-235, 243-245, 260-263, 280-283
src/codomyrmex/agents/transport/__init__.py                                     5      0   100%
src/codomyrmex/agents/transport/checkpoint.py                                  50      0   100%
src/codomyrmex/agents/transport/deserializer.py                                28      2    93%   59-60
src/codomyrmex/agents/transport/protocol.py                                    56      2    96%   135, 147
src/codomyrmex/agents/transport/serializer.py                                  27      1    96%   135
src/codomyrmex/api/__init__.py                                                 41     15    63%   32-34, 211-215, 219-225
src/codomyrmex/api/api_contract.py                                             71      2    97%   90, 187
src/codomyrmex/api/api_surface.py                                              47     11    77%   76, 88-92, 96-113
src/codomyrmex/api/authentication/__init__.py                                 166      2    99%   352-353
src/codomyrmex/api/circuit_breaker/__init__.py                                243     33    86%   43-46, 51-54, 137, 158, 170-172, 176-177, 187-190, 200-202, 210, 226-230, 350, 359, 367, 452-454
src/codomyrmex/api/documentation/__init__.py                                    4      0   100%
src/codomyrmex/api/documentation/doc_generator.py                             221     36    84%   210, 237, 243-261, 269, 281-282, 288, 290, 292, 294, 296, 308-309, 341, 367, 378, 384-388, 407-408, 429-431, 443-444, 453, 464, 470
src/codomyrmex/api/health.py                                                   67      1    99%   127
src/codomyrmex/api/migration_engine.py                                         67      1    99%   138
src/codomyrmex/api/mocking/__init__.py                                        157      2    99%   223, 390
src/codomyrmex/api/openapi_generator.py                                       324     78    76%   24-26, 33-41, 114-115, 129-130, 201, 207, 267, 270, 284-285, 300-301, 338-339, 344-346, 368-370, 492-493, 497, 525-526, 601-602, 644, 648, 652, 667, 750, 760-772, 784-806, 864, 867, 870, 876-877, 881, 884, 902, 959, 973-986, 999-1008
src/codomyrmex/api/pagination/__init__.py                                     149      5    97%   313-314, 410, 456-457
src/codomyrmex/api/rate_limiting/__init__.py                                   11      4    64%   22-24, 29
src/codomyrmex/api/rate_limiting/distributed.py                               147     30    80%   24-25, 52, 57-67, 82-106, 127-131
src/codomyrmex/api/rate_limiting/limiters.py                                  171     13    92%   112, 152, 155, 183, 200-202, 268-270, 300, 314, 354
src/codomyrmex/api/rate_limiting/models.py                                     23      0   100%
src/codomyrmex/api/rate_limiting/strategies.py                                 23      9    61%   24, 28, 36-45, 61, 69
src/codomyrmex/api/standardization/__init__.py                                  7      0   100%
src/codomyrmex/api/standardization/api_versioning.py                          200     54    73%   20-21, 36-37, 40, 44, 49, 85, 88, 101, 110, 114-122, 152, 221, 236, 256, 324, 357-385, 423, 429, 443-446, 459-462
src/codomyrmex/api/standardization/graphql_api.py                             210     69    67%   18-19, 53, 86-90, 103-107, 116-129, 152-156, 180-182, 264, 271-274, 290, 297-299, 334, 337, 354-370, 384, 411-419, 457-466, 476, 489, 505
src/codomyrmex/api/standardization/rest_api.py                                222     11    95%   22-23, 181, 189, 388-390, 394-396, 403
src/codomyrmex/api/webhooks/__init__.py                                       145      2    99%   468-469
src/codomyrmex/audio/__init__.py                                               41     24    41%   46-48, 74-83, 99-109
src/codomyrmex/audio/exceptions.py                                             51     21    59%   89, 107-111, 131-135, 152-156, 175-179
src/codomyrmex/audio/speech_to_text/__init__.py                                 8      2    75%   43-44
src/codomyrmex/audio/speech_to_text/models.py                                 108      7    94%   192, 239-241, 252-254
src/codomyrmex/audio/speech_to_text/providers/__init__.py                      16     10    38%   17-21, 41-52
src/codomyrmex/audio/speech_to_text/providers/base.py                           8      0   100%
src/codomyrmex/audio/speech_to_text/providers/whisper_provider.py             110     81    26%   37, 103-119, 123-132, 151-166, 186-266, 290-291, 310-373, 389-406, 417, 422, 426-428
src/codomyrmex/audio/speech_to_text/transcriber.py                             50     28    44%   67-70, 81, 109-117, 141-149, 167-173, 187, 205-209, 229-236, 244, 249, 253, 257, 261
src/codomyrmex/audio/text_to_speech/__init__.py                                13      5    62%   44-45, 49-51
src/codomyrmex/audio/text_to_speech/models.py                                  66      0   100%
src/codomyrmex/audio/text_to_speech/providers/__init__.py                      19     12    37%   13-15, 23-26, 46-60
src/codomyrmex/audio/text_to_speech/providers/base.py                           6      0   100%
src/codomyrmex/audio/text_to_speech/providers/edge_tts_provider.py            113     86    24%   40, 84-92, 96-134, 150, 172-240, 264-279, 294-302, 316-323, 334-340, 348-354, 363
src/codomyrmex/audio/text_to_speech/providers/pyttsx3_provider.py              97     72    26%   39, 74-83, 87-122, 142-207, 229-230, 247-252, 263-266, 274-277, 286-288
src/codomyrmex/audio/text_to_speech/synthesizer.py                             51     29    43%   57-60, 65, 93-103, 127-135, 157-158, 180-181, 199-203, 223-230, 244, 255, 263, 268, 276, 284
src/codomyrmex/auth/__init__.py                                                24      8    67%   20-22, 73-74, 79-80, 85
src/codomyrmex/auth/core/__init__.py                                            2      0   100%
src/codomyrmex/auth/core/authenticator.py                                      49      3    94%   68-70
src/codomyrmex/auth/providers/__init__.py                                       2      0   100%
src/codomyrmex/auth/providers/api_key_manager.py                               85     18    79%   41, 142-146, 161-166, 170-173, 177, 181
src/codomyrmex/auth/rbac/__init__.py                                            2      0   100%
src/codomyrmex/auth/rbac/permissions.py                                        98     33    66%   77-83, 87, 93, 97-100, 104, 113, 123-126, 137-139, 141, 167-180, 184, 188, 192
src/codomyrmex/auth/tokens/__init__.py                                          3      0   100%
src/codomyrmex/auth/tokens/token.py                                            52      0   100%
src/codomyrmex/auth/tokens/validator.py                                        40      0   100%
src/codomyrmex/bio_simulation/__init__.py                                       3      0   100%
src/codomyrmex/bio_simulation/ant_colony/__init__.py                            4      0   100%
src/codomyrmex/bio_simulation/ant_colony/ant.py                                57      0   100%
src/codomyrmex/bio_simulation/ant_colony/colony.py                             71     24    66%   69, 73-79, 139-141, 146, 163-181
src/codomyrmex/bio_simulation/ant_colony/environment.py                        77      1    99%   164
src/codomyrmex/bio_simulation/colony.py                                       137     46    66%   49, 51-52, 54, 62-69, 73-78, 82-85, 93, 96, 134, 147, 155-160, 165, 171-173, 175, 187-191, 195-196, 209, 213
src/codomyrmex/bio_simulation/genomics/__init__.py                              2      0   100%
src/codomyrmex/bio_simulation/genomics/genome.py                               78      2    97%   175, 219
src/codomyrmex/bio_simulation/visualization.py                                 10     10     0%   1-20
src/codomyrmex/cache/__init__.py                                               20      3    85%   13-15
src/codomyrmex/cache/async_ops/__init__.py                                      2      0   100%
src/codomyrmex/cache/backends/__init__.py                                       0      0   100%
src/codomyrmex/cache/backends/file_based.py                                   109     19    83%   77-80, 103-105, 134-136, 152-155, 158-159, 164-165, 170
src/codomyrmex/cache/backends/in_memory.py                                     63      0   100%
src/codomyrmex/cache/backends/redis_backend.py                                 81     81     0%   5-117
src/codomyrmex/cache/cache.py                                                   9      2    78%   97-99
src/codomyrmex/cache/cache_manager.py                                          65     23    65%   72-77, 84, 88-93, 97, 108-112, 116, 120, 124-125
src/codomyrmex/cache/distributed/__init__.py                                    1      0   100%
src/codomyrmex/cache/exceptions.py                                             57     38    33%   31, 33, 54-60, 81-87, 108-114, 133-137, 156-160, 179-183
src/codomyrmex/cache/invalidation.py                                           81     81     0%   7-124
src/codomyrmex/cache/invalidation/__init__.py                                 139     20    86%   80-83, 94, 103, 107, 116, 119-122, 170, 215, 227-231, 254
src/codomyrmex/cache/namespaced.py                                             26      3    88%   29, 36, 41
src/codomyrmex/cache/policies/__init__.py                                     216    162    25%   31-33, 37-38, 45-46, 75, 82-83, 86-98, 101-109, 112-116, 119-120, 123, 130-133, 137-153, 156-166, 169-189, 192-204, 207-210, 213, 220-223, 227-231, 234-246, 249-264, 267-271, 274-276, 279-280, 287-288, 291-301, 304-310, 313-317, 320-321, 324, 329-340
src/codomyrmex/cache/replication/__init__.py                                    2      0   100%
src/codomyrmex/cache/serializers/__init__.py                                   79     44    44%   34, 37, 40, 47, 50, 53, 64-65, 68-69, 72-73, 80, 83-84, 87-88, 95, 98, 101, 108, 111-116, 119-135, 138-142, 151-167
src/codomyrmex/cache/stats.py                                                  75     28    63%   67-69, 75-79, 83-85, 88, 91, 94, 100-105, 111, 117-120, 124, 131, 146
src/codomyrmex/cache/ttl_manager.py                                            38      4    89%   28, 50, 54-55
src/codomyrmex/cache/warmers/__init__.py                                      209    133    36%   56-59, 75, 78, 85, 88, 104, 107, 119-120, 124-126, 130-133, 167-175, 180, 185, 197-222, 226-244, 248-278, 287-288, 297-302, 306-316, 320-322, 342-345, 349-355, 360-368, 372, 380-386, 394-401, 405-407, 423-425, 428
src/codomyrmex/cerebrum/__init__.py                                            21      7    67%   35-37, 87-90
src/codomyrmex/cerebrum/agent_prompts.py                                       63      5    92%   137-138, 143, 184-186
src/codomyrmex/cerebrum/anti_patterns.py                                       87      1    99%   85
src/codomyrmex/cerebrum/code_reviewer.py                                       77      4    95%   186, 212, 258, 263
src/codomyrmex/cerebrum/core/__init__.py                                        7      0   100%
src/codomyrmex/cerebrum/core/cases.py                                         109     31    72%   81, 107-109, 128-131, 151, 168-174, 182-183, 187, 195-199, 243-253
src/codomyrmex/cerebrum/core/config.py                                         33      0   100%
src/codomyrmex/cerebrum/core/core.py                                          122     12    90%   4-5, 157-158, 186-187, 295, 316-317, 321, 325, 329
src/codomyrmex/cerebrum/core/exceptions.py                                      1      0   100%
src/codomyrmex/cerebrum/core/models.py                                         34      4    88%   78-80, 106
src/codomyrmex/cerebrum/core/transformations.py                                92     26    72%   69, 71-74, 159-168, 214-230, 267, 271-276
src/codomyrmex/cerebrum/core/utils.py                                          42      3    93%   74, 94, 103
src/codomyrmex/cerebrum/distillation.py                                        54      0   100%
src/codomyrmex/cerebrum/drift_tracker.py                                       74      1    99%   151
src/codomyrmex/cerebrum/fpf/__init__.py                                         2      0   100%
src/codomyrmex/cerebrum/fpf/combinatorics.py                                  336    304    10%   36-39, 54-72, 80-123, 136-190, 202-224, 236-271, 283-310, 314-394, 398-492, 496-603, 607-702, 706-712, 720-726, 730-744, 752-776
src/codomyrmex/cerebrum/fpf/orchestration.py                                  320    286    11%   39-41, 56-83, 91-127, 135-173, 181-237, 249-282, 294-368, 379-418, 426-557, 568-609, 620-659, 667-678, 687-780, 788-804, 810-839
src/codomyrmex/cerebrum/inference/__init__.py                                   2      0   100%
src/codomyrmex/cerebrum/inference/active_inference.py                         168    133    21%   25-27, 31-34, 38, 53-54, 76-90, 114-139, 151-152, 170-184, 196-200, 225-244, 254-255, 265-267, 278-300, 312-325, 337-363, 371-375, 389-392, 396, 400-404
src/codomyrmex/cerebrum/inference/bayesian.py                                 195     67    66%   39-41, 80, 99, 104, 120, 129, 166, 205-208, 244, 283-284, 292, 310-334, 346-371, 396-397, 405, 420-439
src/codomyrmex/cerebrum/mcp_tools.py                                           24     19    21%   17-38, 52-65
src/codomyrmex/cerebrum/visualization/__init__.py                               3      0   100%
src/codomyrmex/cerebrum/visualization/base.py                                 179    140    22%   21-25, 29-30, 33, 37-42, 63-69, 82-96, 106-110, 123-130, 142-150, 169, 187-205, 225-252, 272-292, 310-327, 346, 366-378, 395-403, 427-444, 471, 495-512
src/codomyrmex/cerebrum/visualization/composition.py                          171    151    12%   32-34, 56-62, 78-197, 215-287, 303-357
src/codomyrmex/cerebrum/visualization/concordance.py                          140    123    12%   29-31, 53-59, 80-168, 184-254, 273-339
src/codomyrmex/cerebrum/visualization/core.py                                 161    133    17%   22-26, 30-31, 52, 73-170, 188-267, 286, 308-395, 410-450, 469, 480-481, 497-550
src/codomyrmex/cerebrum/visualization/theme.py                                188    107    43%   19-20, 68-94, 169-176, 180-228, 236-248, 274-296, 307-313, 324-329, 341-355, 365-376, 385-392, 401-411, 420-430, 444-446, 456
src/codomyrmex/cerebrum/visualization/visualization_base.py                    52     34    35%   13-14, 18, 22-29, 33-37, 41-45, 49, 53-54, 61-62, 66, 70, 74-75, 79-81, 89-90
src/codomyrmex/cerebrum/visualization/visualization_theme.py                   48     21    56%   33-35, 39-49, 53-61, 66, 70, 75
src/codomyrmex/cerebrum/visualization_base.py                                   1      0   100%
src/codomyrmex/cerebrum/visualization_theme.py                                  5      2    60%   13-14
src/codomyrmex/ci_cd_automation/__init__.py                                    16      3    81%   39-41
src/codomyrmex/ci_cd_automation/build/__init__.py                              31     25    19%   42-44, 73-97
src/codomyrmex/ci_cd_automation/build/build_manager.py                          2      2     0%   9-27
src/codomyrmex/ci_cd_automation/build/build_orchestrator.py                     2      0   100%
src/codomyrmex/ci_cd_automation/build/core.py                                  48     15    69%   28, 33-34, 39-40, 45-46, 51, 56, 60, 64, 68, 72, 76, 80
src/codomyrmex/ci_cd_automation/build/pipeline/__init__.py                      1      0   100%
src/codomyrmex/ci_cd_automation/build/pipeline/build_orchestrator.py          147     14    90%   73-74, 87, 159, 204, 219-220, 263, 278, 281-282, 290, 297, 299
src/codomyrmex/ci_cd_automation/dependency_scan.py                             70      1    99%   81
src/codomyrmex/ci_cd_automation/deployment_orchestrator.py                    316    152    52%   28-29, 166-194, 200, 206-207, 262-323, 327-338, 344-348, 352-360, 366-372, 376-397, 401-413, 417-435, 441-474, 478-503, 510-511, 521, 525-526, 543-544, 550-552, 561, 572-573, 580-595, 600-602, 607-609
src/codomyrmex/ci_cd_automation/exceptions.py                                  51     36    29%   35-39, 66-72, 99-105, 132-138, 159-163, 184-188
src/codomyrmex/ci_cd_automation/performance_optimizer.py                      145     28    81%   97, 120, 149, 176-179, 193, 209-212, 256-259, 294, 347, 351, 375-396, 414-415
src/codomyrmex/ci_cd_automation/pipeline/__init__.py                            5      0   100%
src/codomyrmex/ci_cd_automation/pipeline/async_manager.py                     205    140    32%   122, 133-136, 153-154, 173-176, 204-302, 333-380, 407-451, 483-557, 582-588, 602-604, 632-633, 663-664, 694-695
src/codomyrmex/ci_cd_automation/pipeline/functions.py                          10      4    60%   37-42
src/codomyrmex/ci_cd_automation/pipeline/manager.py                           430    155    64%   137-182, 198-223, 228-241, 245-272, 278-283, 287-325, 358-359, 420, 424, 433-439, 443-444, 455, 457, 462, 472, 483, 485, 488, 490, 496, 499, 542-546, 600-612, 621-628, 664-665, 684, 697-701, 705-716, 856, 893-903, 912
src/codomyrmex/ci_cd_automation/pipeline/models.py                             73      0   100%
src/codomyrmex/ci_cd_automation/pipeline_manager.py                             2      0   100%
src/codomyrmex/ci_cd_automation/pipeline_monitor.py                           112     13    88%   121-122, 141-142, 163, 271, 297-298, 316-322
src/codomyrmex/ci_cd_automation/rollback_manager.py                           164     66    60%   113, 223-312, 318-319, 323, 328, 333, 338, 343, 348, 353, 358, 370, 397, 417-435
src/codomyrmex/ci_cd_automation/sbom.py                                        75      0   100%
src/codomyrmex/cli/__init__.py                                                  3      0   100%
src/codomyrmex/cli/__main__.py                                                  1      1     0%   1
src/codomyrmex/cli/completion.py                                               46     46     0%   7-110
src/codomyrmex/cli/completions/__init__.py                                      1      0   100%
src/codomyrmex/cli/core.py                                                    351    140    60%   59, 93-94, 116, 146, 458-461, 465-466, 478-482, 490-679, 685
src/codomyrmex/cli/doctor.py                                                  156     37    76%   72-73, 81-82, 106-109, 117-118, 142-143, 154-155, 169-170, 178, 197, 210, 265-282, 285, 287
src/codomyrmex/cli/formatters/__init__.py                                     165    123    25%   26-37, 68-70, 73-104, 107, 110-116, 123, 126, 129, 132, 135, 147-150, 154-180, 183-187, 190-238, 241-242, 245-246, 256, 260-295, 298, 301, 304, 307, 312-323
src/codomyrmex/cli/handlers/__init__.py                                         9      0   100%
src/codomyrmex/cli/handlers/ai.py                                              56     26    54%   16-24, 27-29, 53-54, 60-70, 73-75
src/codomyrmex/cli/handlers/analysis.py                                        55     22    60%   19-26, 29-31, 47-52, 55-57, 85-88
src/codomyrmex/cli/handlers/chat.py                                            37     30    19%   20-62
src/codomyrmex/cli/handlers/demos.py                                           91     41    55%   26-31, 34-36, 53-61, 64-66, 91-96, 101-108, 124-131, 148-149
src/codomyrmex/cli/handlers/fpf.py                                            167    154     8%   10-25, 30-45, 50-61, 66-92, 97-140, 145-165, 170-196, 201-223, 228-244
src/codomyrmex/cli/handlers/orchestration.py                                  225    136    40%   15-16, 21-22, 27-34, 48, 69, 106-116, 127-132, 135-137, 154, 163-192, 200-234, 237-239, 251-297, 300-302, 319, 325-328, 331-343, 346-348, 361-372, 375-377
src/codomyrmex/cli/handlers/quick.py                                          212    199     6%   39-116, 129-190, 210-244, 262-302, 320-374, 379-390, 395-406
src/codomyrmex/cli/handlers/skills.py                                          81     72    11%   12-25, 30-52, 57-84, 89-111
src/codomyrmex/cli/handlers/system.py                                         116     30    74%   17, 28-30, 42-43, 57-60, 74-76, 92-94, 146, 183, 190, 201, 243-246, 256-258, 268-271
src/codomyrmex/cli/parsers/__init__.py                                          1      0   100%
src/codomyrmex/cli/themes/__init__.py                                           1      0   100%
src/codomyrmex/cli/utils.py                                                    40     22    45%   6-8, 15, 27-30, 34-36, 39-40, 43-44, 47-48, 51-56
src/codomyrmex/cloud/__init__.py                                               60     36    40%   32-34, 112-127, 136-141, 145-156
src/codomyrmex/cloud/aws/__init__.py                                           51     48     6%   7-70
src/codomyrmex/cloud/aws/compute/__init__.py                                    1      1     0%   7
src/codomyrmex/cloud/aws/serverless/__init__.py                                 1      1     0%   7
src/codomyrmex/cloud/aws/storage/__init__.py                                    1      1     0%   7
src/codomyrmex/cloud/azure/__init__.py                                         66     62     6%   8-87
src/codomyrmex/cloud/azure/compute/__init__.py                                  1      1     0%   7
src/codomyrmex/cloud/azure/serverless/__init__.py                               1      1     0%   7
src/codomyrmex/cloud/azure/storage/__init__.py                                  1      1     0%   7
src/codomyrmex/cloud/coda_io/__init__.py                                        4      0   100%
src/codomyrmex/cloud/coda_io/client.py                                        302    229    24%   19-20, 98, 141-169, 173, 177, 181, 185, 189, 233-246, 271-284, 296-297, 309, 330-336, 359-361, 390-404, 417-419, 448-463, 476-477, 498-500, 519-520, 539-540, 567-576, 595-601, 628-637, 656-662, 699-712, 739-756, 779-791, 814-828, 847-852, 871-872, 895-901, 917-919, 938-941, 962-974, 987-988, 1005-1007, 1019-1021, 1042-1052, 1065, 1090-1103, 1115-1116, 1141-1144, 1157-1159, 1184-1187, 1200-1202, 1225-1226, 1265-1280, 1301-1307, 1330-1337, 1350-1351, 1368-1372, 1384-1386
src/codomyrmex/cloud/coda_io/exceptions.py                                     46      1    98%   164
src/codomyrmex/cloud/coda_io/models.py                                        437     19    96%   89, 109, 174, 220, 242, 328, 398, 416, 432, 493, 543, 594, 637, 658, 680, 702, 723, 746, 764
src/codomyrmex/cloud/common/__init__.py                                        70     16    77%   60, 78-79, 229, 233, 237, 241, 246-277
src/codomyrmex/cloud/cost_management/__init__.py                               12      4    67%   16-18, 23
src/codomyrmex/cloud/cost_management/models.py                                 75      7    91%   76-82, 98
src/codomyrmex/cloud/cost_management/stores.py                                 24      0   100%
src/codomyrmex/cloud/cost_management/tracker.py                                98     19    81%   108-109, 133, 139-141, 158, 215, 228, 243, 265-266, 271-277, 284
src/codomyrmex/cloud/edge.py                                                  101     25    75%   104-114, 117, 120-123, 126, 144-154, 157, 160-163, 166, 189-192, 196
src/codomyrmex/cloud/gcp/__init__.py                                           51     48     6%   8-68
src/codomyrmex/cloud/gcp/compute/__init__.py                                    1      1     0%   7
src/codomyrmex/cloud/gcp/serverless/__init__.py                                 1      1     0%   7
src/codomyrmex/cloud/gcp/storage/__init__.py                                    1      1     0%   7
src/codomyrmex/cloud/infomaniak/__init__.py                                    43     19    56%   68-69, 73-74, 78-79, 83-85, 89-90, 94-95, 99-100, 104-105, 109-110
src/codomyrmex/cloud/infomaniak/auth.py                                        63      2    97%   176, 221
src/codomyrmex/cloud/infomaniak/base.py                                        91     16    82%   45-48, 67-76, 131-134, 145-157
src/codomyrmex/cloud/infomaniak/block_storage/__init__.py                       2      0   100%
src/codomyrmex/cloud/infomaniak/block_storage/client.py                       121      0   100%
src/codomyrmex/cloud/infomaniak/compute/__init__.py                             2      0   100%
src/codomyrmex/cloud/infomaniak/compute/client.py                             134     30    78%   151-153, 169-171, 188-190, 207-209, 248-250, 266-268, 319-321, 354-356, 372-374, 396-398
src/codomyrmex/cloud/infomaniak/dns/__init__.py                                 2      0   100%
src/codomyrmex/cloud/infomaniak/dns/client.py                                 149     34    77%   63-65, 106-108, 125, 130-132, 153-155, 169-172, 229, 234-236, 265-267, 304-306, 323-326, 339-341
src/codomyrmex/cloud/infomaniak/exceptions.py                                  57      2    96%   11-12
src/codomyrmex/cloud/infomaniak/identity/__init__.py                            2      0   100%
src/codomyrmex/cloud/infomaniak/identity/client.py                            116      0   100%
src/codomyrmex/cloud/infomaniak/metering/__init__.py                            2      0   100%
src/codomyrmex/cloud/infomaniak/metering/client.py                            100     10    90%   171-172, 184-185, 222-224, 237-239
src/codomyrmex/cloud/infomaniak/network/__init__.py                             2      0   100%
src/codomyrmex/cloud/infomaniak/network/client.py                             303     57    81%   125-127, 206-208, 295-297, 327-329, 349-351, 407-409, 449-451, 459-461, 474, 486-488, 534, 545-547, 570-572, 580-582, 603-605, 630-632, 640-642, 655, 669-671, 705-707, 715-717
src/codomyrmex/cloud/infomaniak/newsletter/__init__.py                          2      0   100%
src/codomyrmex/cloud/infomaniak/newsletter/client.py                          136      3    98%   250-252
src/codomyrmex/cloud/infomaniak/object_storage/__init__.py                      2      0   100%
src/codomyrmex/cloud/infomaniak/object_storage/client.py                      277     80    71%   50-52, 60-62, 82-84, 103-105, 128-130, 146-148, 156-158, 171-173, 194-196, 207-209, 244-246, 254-256, 284-286, 300-302, 320-322, 330-332, 339-341, 349-351, 368-370, 396-398, 420-422, 441-443, 476-478, 491-493, 505-507, 523-524, 538-540
src/codomyrmex/cloud/infomaniak/orchestration/__init__.py                       2      0   100%
src/codomyrmex/cloud/infomaniak/orchestration/client.py                       124      1    99%   214
src/codomyrmex/cloud/infomaniak/security.py                                    83      7    92%   17-18, 22-24, 28-29
src/codomyrmex/cloud/mcp_tools.py                                              31     24    23%   13-31, 41-50, 65-76
src/codomyrmex/coding/__init__.py                                              28     13    54%   34-36, 100-102, 105-111
src/codomyrmex/coding/analysis/__init__.py                                      1      0   100%
src/codomyrmex/coding/debugging/__init__.py                                     5      0   100%
src/codomyrmex/coding/debugging/debugger.py                                    30      7    77%   102-110
src/codomyrmex/coding/debugging/error_analyzer.py                              34      3    91%   156-158
src/codomyrmex/coding/debugging/patch_generator.py                             31      6    81%   119-125
src/codomyrmex/coding/debugging/verify_fix.py                                  16      2    88%   99-105
src/codomyrmex/coding/exceptions.py                                            63     38    40%   31-35, 48-52, 65-69, 81-83, 96-100, 113-117, 140-144, 167-171
src/codomyrmex/coding/execution/__init__.py                                     4      0   100%
src/codomyrmex/coding/execution/executor.py                                    39     11    72%   144-178
src/codomyrmex/coding/execution/language_support.py                             5      0   100%
src/codomyrmex/coding/execution/session_manager.py                             12      6    50%   56-63
src/codomyrmex/coding/generation/__init__.py                                    1      0   100%
src/codomyrmex/coding/generator.py                                             79      1    99%   149
src/codomyrmex/coding/mcp_tools.py                                             53     33    38%   13-18, 23-24, 41-46, 68-74, 83-89, 103-110
src/codomyrmex/coding/monitoring/__init__.py                                    4      0   100%
src/codomyrmex/coding/monitoring/execution_monitor.py                          35      0   100%
src/codomyrmex/coding/monitoring/metrics_collector.py                          35      0   100%
src/codomyrmex/coding/monitoring/resource_tracker.py                           47     16    66%   13-20, 40-42, 47-49, 54, 63-64
src/codomyrmex/coding/parsers/__init__.py                                       0      0   100%
src/codomyrmex/coding/parsers/tree_sitter/__init__.py                           5      0   100%
src/codomyrmex/coding/parsers/tree_sitter/languages/__init__.py                 1      0   100%
src/codomyrmex/coding/parsers/tree_sitter/languages/languages.py               29     10    66%   22-30, 45-48
src/codomyrmex/coding/parsers/tree_sitter/parsers/__init__.py                 193    122    37%   41-43, 54, 57, 72, 76-87, 91-93, 96, 142, 146-161, 165-194, 198-224, 228-262, 266-283, 286, 289, 292-294, 302, 305-319, 322-350, 353-374, 377-395, 398, 401, 404, 409-420, 425-436
src/codomyrmex/coding/parsers/tree_sitter/parsers/parser.py                    17      8    53%   22-23, 27-29, 33-35
src/codomyrmex/coding/parsers/tree_sitter/queries/__init__.py                   1      0   100%
src/codomyrmex/coding/parsers/tree_sitter/transformers/__init__.py              1      0   100%
src/codomyrmex/coding/pattern_matching/__init__.py                             12      4    67%   46-48, 53
src/codomyrmex/coding/pattern_matching/ast_matcher.py                         150    112    25%   62, 80-98, 120-133, 150-157, 175-191, 199-226, 230-244, 248-269, 273-290, 298-308, 312-327, 331-344, 351-373
src/codomyrmex/coding/pattern_matching/code_patterns.py                       114     87    24%   93, 121-122, 135-136, 149-168, 176-202, 206-214, 221-232, 235-248, 251-271, 274-289, 292-310
src/codomyrmex/coding/pattern_matching/run_codomyrmex_analysis.py             132     21    84%   78-79, 154, 159-160, 177, 202-222
src/codomyrmex/coding/pattern_matching/similarity.py                           86     58    33%   54, 73-90, 110-136, 152-160, 168-173, 178-192, 201-204
src/codomyrmex/coding/refactoring/__init__.py                                 209    144    31%   39, 51, 71-94, 130-134, 138, 142-152, 155-170, 173-198, 206-217, 233-237, 245-257, 260-271, 274-330, 338-339, 354-355, 358-370, 373-422, 430-431, 441-451
src/codomyrmex/coding/review/__init__.py                                        4      0   100%
src/codomyrmex/coding/review/analyzer.py                                      133    102    23%   34-53, 102-103, 133-166, 187-213, 237-282, 304-323, 344-368
src/codomyrmex/coding/review/demo_review.py                                   114    107     6%   27-186
src/codomyrmex/coding/review/models.py                                        133      0   100%
src/codomyrmex/coding/review/reviewer.py                                      981    867    12%   44-71, 92-95, 99-135, 139-171, 175-194, 198-202, 206-265, 269-275, 279-301, 305-337, 341-384, 388-417, 421-452, 456-483, 499-511, 529-567, 571-587, 591-634, 644-657, 662-713, 717-744, 748-781, 785-786, 791-807, 811-852, 865-879, 883-892, 905-916, 920-926, 930-935, 940-952, 956-974, 978-982, 986-1004, 1008-1028, 1032-1045, 1050-1112, 1116-1150, 1155-1172, 1176-1182, 1186-1192, 1196-1202, 1206-1212, 1217-1246, 1274-1302, 1306-1331, 1335-1398, 1402-1429, 1433-1447, 1458-1475, 1479-1488, 1492-1524, 1528-1563, 1567-1612, 1616-1665, 1669-1720, 1724-1745, 1749-1773, 1777-1832, 1836-1860, 1864-1876, 1880-1890, 1894-1899, 1903-1914, 1919-1932, 1936-1956, 1960-1979, 1996-2034, 2038-2047, 2052-2088, 2092-2130, 2135-2150, 2154-2270, 2274-2281, 2287-2288, 2298, 2303-2305, 2315-2317
src/codomyrmex/coding/sandbox/__init__.py                                       5      0   100%
src/codomyrmex/coding/sandbox/container.py                                     61     47    23%   28, 55-159
src/codomyrmex/coding/sandbox/isolation.py                                    114     43    62%   18-24, 71, 77-78, 85, 98-99, 186-296
src/codomyrmex/coding/sandbox/resource_limits.py                                3      0   100%
src/codomyrmex/coding/sandbox/security.py                                      26     10    62%   57-65, 70-73
src/codomyrmex/coding/static_analysis/__init__.py                              35     27    23%   32-34, 60, 74-90, 102-118
src/codomyrmex/coding/static_analysis/complexity/__init__.py                  123     18    85%   27, 29, 75-77, 94-95, 106, 108, 110, 113, 148-150, 153-154, 215-216
src/codomyrmex/coding/static_analysis/exceptions.py                            53     36    32%   28-34, 47-51, 64-68, 82-88, 101-105, 119-125
src/codomyrmex/coding/static_analysis/linting/__init__.py                      95      2    98%   51, 133
src/codomyrmex/coding/static_analysis/pyrefly_runner.py                        72     36    50%   48, 54-78, 82-108, 112-130, 136-139
src/codomyrmex/coding/static_analysis/static_analyzer.py                      450    203    55%   44-62, 230-237, 289, 293, 297, 301, 341-342, 390-391, 411-428, 466-467, 473-506, 510-539, 543-573, 577-613, 617-626, 632-646, 650-684, 688-721, 727-735, 739-773, 814, 834-835, 888-928, 932-955, 959-974, 978, 982, 986, 990-1053, 1057-1058, 1084-1085
src/codomyrmex/coding/testing/__init__.py                                       1      0   100%
src/codomyrmex/collaboration/__init__.py                                       14      3    79%   57-59
src/codomyrmex/collaboration/agents/__init__.py                                 5      0   100%
src/codomyrmex/collaboration/agents/base.py                                    98     28    71%   110, 145, 149, 153, 157-168, 172-174, 178-180, 190, 211-216, 239
src/codomyrmex/collaboration/agents/registry.py                               137     48    65%   54, 113, 119-122, 152-162, 166, 170, 174, 184, 195, 199-200, 205-208, 212-218, 222-229, 233-235, 239-247
src/codomyrmex/collaboration/agents/supervisor.py                              94     57    39%   68, 76, 89-115, 124-145, 167-186, 206-232, 236-237
src/codomyrmex/collaboration/agents/worker.py                                  58     14    76%   92, 95, 106, 121-145
src/codomyrmex/collaboration/communication/__init__.py                          4      0   100%
src/codomyrmex/collaboration/communication/broadcaster.py                     146     50    66%   41, 80, 84, 134-142, 153, 165-170, 184, 192, 200, 204, 208-209, 216-243, 263-267
src/codomyrmex/collaboration/communication/channels.py                        151     18    88%   42, 155, 159-160, 170-171, 194-197, 200-201, 220-221, 245, 254, 300, 315, 327
src/codomyrmex/collaboration/communication/direct.py                          125     29    77%   35-36, 77, 121, 123-124, 157, 194, 201-206, 230-237, 243, 263, 272-282, 311, 336
src/codomyrmex/collaboration/coordination/__init__.py                           4      0   100%
src/codomyrmex/collaboration/coordination/consensus.py                        156     33    79%   38, 58, 84-86, 89, 120, 122, 166, 170, 201, 218, 242, 280, 284, 295, 311, 323-324, 345-363
src/codomyrmex/collaboration/coordination/leader_election.py                  148     21    86%   41, 74, 117, 147-155, 201-209, 218-226, 267-275, 284-292, 334, 336, 347
src/codomyrmex/collaboration/coordination/task_manager.py                     232     76    67%   76-77, 84, 122-123, 127-128, 147, 151-172, 226-227, 236, 250, 259, 263-264, 268-271, 285, 292, 305-307, 313-316, 323, 325, 328, 332, 348, 352, 356-357, 376-399, 407-417
src/codomyrmex/collaboration/exceptions.py                                     77     40    48%   31-36, 43-47, 54-56, 63-66, 73-83, 90-93, 117-120, 127-130, 137-143
src/codomyrmex/collaboration/knowledge/__init__.py                              4      0   100%
src/codomyrmex/collaboration/knowledge/knowledge_router.py                     70      5    93%   50, 55, 63, 67, 165
src/codomyrmex/collaboration/knowledge/models.py                               59      2    97%   68-69
src/codomyrmex/collaboration/knowledge/shared_pool.py                          98     19    81%   81, 110, 140, 161-168, 194, 199, 217, 246, 258-265
src/codomyrmex/collaboration/models.py                                         78      0   100%
src/codomyrmex/collaboration/protocols/__init__.py                            164     89    46%   50, 63, 82, 113-118, 127-128, 132, 136, 140, 144, 147, 159-161, 165, 169-170, 174, 178-188, 192-199, 203, 207, 214, 217-222, 225-234, 241, 244-254, 261, 264, 267-277, 284, 287, 290-315
src/codomyrmex/collaboration/protocols/swarm.py                                32      2    94%   39, 53
src/codomyrmex/collaboration/swarm/__init__.py                                  0      0   100%
src/codomyrmex/collaboration/swarm/consensus.py                                61      4    93%   126, 150-153
src/codomyrmex/collaboration/swarm/decomposer.py                               70      1    99%   107
src/codomyrmex/collaboration/swarm/message_bus.py                              66      2    97%   116, 170
src/codomyrmex/collaboration/swarm/pool.py                                     51      1    98%   54
src/codomyrmex/collaboration/swarm/protocol.py                                 77      0   100%
src/codomyrmex/compression/__init__.py                                         30      3    90%   32-34
src/codomyrmex/compression/archive_manager.py                                   1      1     0%   8
src/codomyrmex/compression/archives/__init__.py                                 2      0   100%
src/codomyrmex/compression/archives/archive_manager.py                         45     13    71%   53-56, 78-87
src/codomyrmex/compression/compressor.py                                        1      0   100%
src/codomyrmex/compression/core/__init__.py                                     2      0   100%
src/codomyrmex/compression/core/compressor.py                                 127     14    89%   74-77, 100, 181-183, 206, 218-220, 313-314
src/codomyrmex/compression/engines/__init__.py                                  3      0   100%
src/codomyrmex/compression/engines/parallel.py                                 77     14    82%   33-35, 40-42, 47, 106, 141, 166-170, 178-179, 184
src/codomyrmex/compression/engines/zstd_compressor.py                          21      9    57%   9, 19-21, 30-33, 37
src/codomyrmex/compression/parallel.py                                          1      1     0%   8
src/codomyrmex/compression/zstd_compressor.py                                   1      1     0%   8
src/codomyrmex/concurrency/__init__.py                                         32     18    44%   9-11, 25-26, 38-44, 48-55
src/codomyrmex/concurrency/channels.py                                         43     43     0%   8-79
src/codomyrmex/concurrency/dead_letter.py                                      95     80    16%   36-38, 59-72, 91-111, 127-137, 141-157, 168-192
src/codomyrmex/concurrency/distributed_lock.py                                  1      1     0%   8
src/codomyrmex/concurrency/lock_manager.py                                      1      0   100%
src/codomyrmex/concurrency/locks/__init__.py                                    7      2    71%   8-9
src/codomyrmex/concurrency/locks/distributed_lock.py                           46      6    87%   37-39, 42, 76-77
src/codomyrmex/concurrency/locks/lock_manager.py                               69     10    86%   50, 55, 57-62, 82, 94
src/codomyrmex/concurrency/locks/redis_lock.py                                 33     22    33%   24-28, 31-38, 41-53, 57-68
src/codomyrmex/concurrency/pool.py                                             64     33    48%   56-61, 64, 67, 87-108, 126-130, 134-137, 142
src/codomyrmex/concurrency/rate_limiter.py                                     50     50     0%   7-76
src/codomyrmex/concurrency/redis_lock.py                                        1      1     0%   8
src/codomyrmex/concurrency/result_aggregator.py                                42      3    93%   56, 64, 99
src/codomyrmex/concurrency/semaphore.py                                         1      0   100%
src/codomyrmex/concurrency/semaphores/__init__.py                               2      0   100%
src/codomyrmex/concurrency/semaphores/semaphore.py                             55     19    65%   56, 83-106
src/codomyrmex/concurrency/task_queue.py                                      107      7    93%   78, 153-155, 161, 176, 189
src/codomyrmex/concurrency/task_scheduler.py                                   89     20    78%   60, 64, 87, 108, 112, 121, 129-131, 139-150, 157, 183
src/codomyrmex/concurrency/task_worker.py                                      58      3    95%   68, 76, 85
src/codomyrmex/config_management/__init__.py                                   35     20    43%   34-36, 65-70, 76-80, 84-90
src/codomyrmex/config_management/config_deployer.py                             1      0   100%
src/codomyrmex/config_management/config_loader.py                               1      0   100%
src/codomyrmex/config_management/config_migrator.py                             1      0   100%
src/codomyrmex/config_management/config_monitor.py                              1      0   100%
src/codomyrmex/config_management/config_validator.py                            1      0   100%
src/codomyrmex/config_management/core/__init__.py                               2      0   100%
src/codomyrmex/config_management/core/config_loader.py                        349    223    36%   22-25, 35-68, 89-109, 131-133, 137-146, 150-160, 164, 202-206, 225-283, 288-306, 311, 316, 320-322, 326-338, 342-350, 354-369, 385-405, 414-421, 433-449, 453, 457, 470-489, 493-499, 503-520, 534, 557, 566-569, 572-574, 578-580, 624-629, 645-647, 675-676, 684-695, 711, 729-731, 749-750, 763
src/codomyrmex/config_management/defaults.py                                   11      0   100%
src/codomyrmex/config_management/deployment/__init__.py                         2      0   100%
src/codomyrmex/config_management/deployment/config_deployer.py                134     79    41%   65-71, 75-76, 96-117, 135-181, 185-199, 203-220, 224-232, 243-276, 282, 293, 304-312, 323, 331, 348-349
src/codomyrmex/config_management/mcp_tools.py                                  26     18    31%   22-33, 52-63, 76-87
src/codomyrmex/config_management/migration/__init__.py                          2      0   100%
src/codomyrmex/config_management/migration/config_migrator.py                 242     94    61%   15-16, 47-65, 81, 142-143, 149-151, 166-169, 172-174, 181-182, 216-218, 242-249, 254-255, 260, 263-274, 279-280, 292-302, 307-308, 317-322, 328-336, 340-348, 353, 358, 362-371, 392-394, 404-407
src/codomyrmex/config_management/monitoring/__init__.py                         3      0   100%
src/codomyrmex/config_management/monitoring/config_monitor.py                 170    117    31%   58-66, 70-72, 83-90, 101-157, 163, 175-203, 215-264, 282-349, 353-364, 370, 381-383, 397-405, 413-415, 439-446
src/codomyrmex/config_management/monitoring/watcher.py                         36     25    31%   15-20, 24-28, 32-34, 37-48
src/codomyrmex/config_management/secret_manager.py                              1      0   100%
src/codomyrmex/config_management/secrets/__init__.py                            2      0   100%
src/codomyrmex/config_management/secrets/secret_manager.py                     85     66    22%   28-41, 54-67, 78-82, 93-97, 105, 124-128, 136-158, 171-186, 199-207
src/codomyrmex/config_management/validation/__init__.py                         2      0   100%
src/codomyrmex/config_management/validation/config_validator.py               183     53    71%   15-16, 36, 84-94, 136-140, 146-148, 167-171, 184-199, 212-220, 258-259, 290-291, 302, 329, 347-366, 387, 393
src/codomyrmex/config_management/watcher.py                                     1      0   100%
src/codomyrmex/containerization/__init__.py                                    60     22    63%   11-13, 18-19, 28-30, 40-43, 52-54, 63-64, 73-75, 87-88
src/codomyrmex/containerization/auto_build.py                                  62      0   100%
src/codomyrmex/containerization/docker/__init__.py                            236    169    28%   37-79, 93, 108, 115-116, 120-130, 139-140, 157-181, 190-204, 208-210, 214-221, 230-250, 261-279, 287-311, 315-321, 328-347, 351-353, 357-359, 363-365, 372, 380-381, 395-408, 416-426, 430-437
src/codomyrmex/containerization/docker/build_generator.py                     198     39    80%   12-13, 47, 75, 143-148, 190, 193-196, 204-206, 265, 280, 372-406, 410-445, 449-474
src/codomyrmex/containerization/docker/docker_manager.py                      253    188    26%   74, 79-80, 103-154, 169-194, 209-259, 271-296, 308-323, 338-353, 366-382, 394-412, 425-441, 450-467, 480-494, 503-525, 562, 564, 566, 580-630, 642-667, 687-688, 698
src/codomyrmex/containerization/docker/image_optimizer.py                     205    154    25%   15-16, 21-23, 41, 66, 85-87, 99-142, 154-163, 175-180, 193-223, 235-255, 259-272, 276-294, 298-317, 321-348, 352-426, 431-438, 443-447, 452-455, 459-463, 467-470, 475-492
src/codomyrmex/containerization/exceptions.py                                  55     40    27%   35-39, 68-76, 103-109, 136-142, 167-171, 198-204
src/codomyrmex/containerization/kubernetes/__init__.py                          2      0   100%
src/codomyrmex/containerization/kubernetes/kubernetes_orchestrator.py         246    189    23%   21-26, 75-81, 85-113, 117, 131-201, 215-261, 279-304, 320-363, 374-394, 410-427, 443-460, 480-494, 510-534, 550-576, 588-602, 617-646
src/codomyrmex/containerization/mcp_tools.py                                   47     33    30%   13-18, 51-60, 69-78, 87-96
src/codomyrmex/containerization/registry/__init__.py                            2      0   100%
src/codomyrmex/containerization/registry/container_registry.py                280    231    18%   21-27, 32-34, 59-63, 82-87, 92-106, 110, 114-116, 137-200, 219-265, 287-336, 350-381, 397-435, 453-492, 508-541, 559-575, 591-609, 628-688
src/codomyrmex/containerization/security/__init__.py                            3      0   100%
src/codomyrmex/containerization/security/performance_optimizer.py              39     14    64%   28-30, 34, 50, 74-75, 115, 132-139
src/codomyrmex/containerization/security/security_scanner.py                   58     14    76%   49, 53, 57-60, 67, 88-89, 132, 136, 155-157
src/codomyrmex/containerization/wasm.py                                       102     35    66%   101-109, 118-126, 136-141, 145, 157, 161, 169-178, 187-194, 222
src/codomyrmex/crypto/__init__.py                                              20     11    45%   77-84, 89, 103-104
src/codomyrmex/crypto/analysis/__init__.py                                      5      0   100%
src/codomyrmex/crypto/analysis/classical.py                                   144      8    94%   51, 190, 216, 256, 356-360
src/codomyrmex/crypto/analysis/entropy.py                                     124      6    95%   101, 121, 123, 138, 141, 149
src/codomyrmex/crypto/analysis/frequency.py                                    43      0   100%
src/codomyrmex/crypto/analysis/strength.py                                    147     15    90%   90, 92, 102, 228, 235, 276-282, 291-292, 294-295
src/codomyrmex/crypto/currency/__init__.py                                      6      0   100%
src/codomyrmex/crypto/currency/addresses.py                                    83      2    98%   218-219
src/codomyrmex/crypto/currency/blockchain.py                                   78      2    97%   130-131
src/codomyrmex/crypto/currency/tokens.py                                       58      6    90%   150-151, 193-196
src/codomyrmex/crypto/currency/transactions.py                                 68      7    90%   194-197, 231-233
src/codomyrmex/crypto/currency/wallet.py                                      121      9    93%   55, 68, 99-100, 120-121, 158, 166, 223
src/codomyrmex/crypto/encoding/__init__.py                                      4      0   100%
src/codomyrmex/crypto/encoding/base.py                                         65      9    86%   36-37, 94-97, 141, 158-159
src/codomyrmex/crypto/encoding/hex.py                                          20      2    90%   25-26
src/codomyrmex/crypto/encoding/pem.py                                          40      5    88%   41-42, 71, 86-87
src/codomyrmex/crypto/exceptions.py                                            15      0   100%
src/codomyrmex/crypto/graphy/__init__.py                                        8      0   100%
src/codomyrmex/crypto/graphy/asymmetric.py                                     95     15    84%   51-52, 79-80, 124-125, 141-142, 166-167, 191-192, 227-228, 271
src/codomyrmex/crypto/graphy/certificates.py                                  105     21    80%   35-38, 65-66, 91-92, 118, 142-143, 174, 176, 208-209, 225-234, 276-277
src/codomyrmex/crypto/graphy/hashing.py                                        71     10    86%   52-53, 72-73, 92-93, 121-122, 150-151
src/codomyrmex/crypto/graphy/kdf.py                                            65     17    74%   72-73, 112-113, 177-203, 238-239
src/codomyrmex/crypto/graphy/mac.py                                            49      6    88%   35-36, 59-60, 84-85
src/codomyrmex/crypto/graphy/signatures.py                                     59     12    80%   34-35, 56-57, 77-78, 99-100, 127-128, 157-158
src/codomyrmex/crypto/graphy/symmetric.py                                      58      4    93%   72-73, 135-136
src/codomyrmex/crypto/mcp_tools.py                                             41     33    20%   22-37, 56-71, 88-111
src/codomyrmex/crypto/protocols/__init__.py                                     5      0   100%
src/codomyrmex/crypto/protocols/key_exchange.py                                59     10    83%   56-57, 82-83, 109-110, 128-129, 155-156
src/codomyrmex/crypto/protocols/secret_sharing.py                              82      2    98%   48, 99
src/codomyrmex/crypto/protocols/zero_knowledge.py                              68      0   100%
src/codomyrmex/crypto/random/__init__.py                                        3      0   100%
src/codomyrmex/crypto/random/generator.py                                      46     12    74%   36-37, 60-63, 92-95, 123-124
src/codomyrmex/crypto/random/testing.py                                       121      7    94%   139, 243, 267, 269, 282, 312, 315
src/codomyrmex/crypto/steganography/__init__.py                                 4      0   100%
src/codomyrmex/crypto/steganography/detection.py                              123     13    89%   48-49, 57, 74, 104, 134-135, 139, 141, 146-147, 235-236
src/codomyrmex/crypto/steganography/image.py                                   99      7    93%   94-95, 176, 192, 200, 210-211
src/codomyrmex/crypto/steganography/text.py                                    61      3    95%   77, 146-147
src/codomyrmex/dark/__init__.py                                                15      6    60%   37-39, 44-46
src/codomyrmex/dark/pdf/__init__.py                                            10      5    50%   19-23
src/codomyrmex/dark/pdf/dark_pdf_wrapper.py                                    47      3    94%   112, 114, 116
src/codomyrmex/dark/pdf/filters.py                                             85      2    98%   26-27
src/codomyrmex/data_visualization/__init__.py                                  41      0   100%
src/codomyrmex/data_visualization/bar_chart.py                                  4      1    75%   31
src/codomyrmex/data_visualization/charts/__init__.py                            9      0   100%
src/codomyrmex/data_visualization/charts/area_chart.py                         56      4    93%   65, 89, 98, 156
src/codomyrmex/data_visualization/charts/bar_chart.py                          53      2    96%   69, 143
src/codomyrmex/data_visualization/charts/box_plot.py                           50      3    94%   78, 93, 151
src/codomyrmex/data_visualization/charts/heatmap.py                            58      3    95%   82, 102, 166
src/codomyrmex/data_visualization/charts/histogram.py                          39      2    95%   51, 121
src/codomyrmex/data_visualization/charts/line_plot.py                          54      7    87%   53-54, 59-62, 82-83, 158
src/codomyrmex/data_visualization/charts/pie_chart.py                          46      5    89%   39-42, 54, 78, 144
src/codomyrmex/data_visualization/charts/plot_utils.py                         80     21    74%   22-33, 115-117, 128-135, 190-191, 209
src/codomyrmex/data_visualization/charts/scatter_plot.py                       45      2    96%   55, 133
src/codomyrmex/data_visualization/components/__init__.py                       12      0   100%
src/codomyrmex/data_visualization/components/_base.py                          13      0   100%
src/codomyrmex/data_visualization/components/alert.py                          13      0   100%
src/codomyrmex/data_visualization/components/badge.py                          13      0   100%
src/codomyrmex/data_visualization/components/chat_bubble.py                    14      0   100%
src/codomyrmex/data_visualization/components/heatmap_table.py                  28      1    96%   33
src/codomyrmex/data_visualization/components/json_view.py                      17      0   100%
src/codomyrmex/data_visualization/components/media.py                          27      1    96%   33
src/codomyrmex/data_visualization/components/progress.py                       14      0   100%
src/codomyrmex/data_visualization/components/statbox.py                        14      0   100%
src/codomyrmex/data_visualization/components/text.py                           22      0   100%
src/codomyrmex/data_visualization/components/timeline.py                       20      1    95%   24
src/codomyrmex/data_visualization/core/__init__.py                              0      0   100%
src/codomyrmex/data_visualization/core/export.py                                9      0   100%
src/codomyrmex/data_visualization/core/layout.py                               33      0   100%
src/codomyrmex/data_visualization/core/theme.py                                46      1    98%   39
src/codomyrmex/data_visualization/core/ui.py                                   51      0   100%
src/codomyrmex/data_visualization/dashboard_builder.py                         64      8    88%   105, 114-115, 119-120, 124-125, 160
src/codomyrmex/data_visualization/dashboard_export.py                          39      0   100%
src/codomyrmex/data_visualization/engines/__init__.py                           4      0   100%
src/codomyrmex/data_visualization/engines/advanced_plotter.py                 371    176    53%   20-21, 26-41, 160, 162, 164, 166, 168, 170, 176-195, 263, 315, 365, 374, 425, 475, 498, 525, 537-538, 545-548, 574-614, 640-668, 690-715, 719-757, 783-810, 814-815, 819-830, 834-849, 853-868, 893-894, 915-917, 939-941, 953-955, 968-970, 981-983, 994-996, 1006-1007
src/codomyrmex/data_visualization/engines/plot_utils.py                         2      0   100%
src/codomyrmex/data_visualization/engines/plotter.py                           85     36    58%   28-31, 40-57, 77, 81, 85, 115-118, 128-130, 132-133, 138, 142-146, 159-160
src/codomyrmex/data_visualization/exceptions.py                                16      0   100%
src/codomyrmex/data_visualization/export.py                                    57     30    47%   43, 57-75, 81-86, 90-101
src/codomyrmex/data_visualization/git/__init__.py                               2      0   100%
src/codomyrmex/data_visualization/git/git_visualizer.py                       359     81    77%   45-46, 101-102, 123, 225, 232-236, 265-266, 293-295, 330, 344, 346-347, 401, 408-412, 428, 467-468, 533-534, 617, 626-630, 652-653, 656-657, 660-661, 704-733, 777-806, 816-858
src/codomyrmex/data_visualization/histogram.py                                  1      0   100%
src/codomyrmex/data_visualization/line_plot.py                                  4      0   100%
src/codomyrmex/data_visualization/mcp_tools.py                                 24     18    25%   25-55, 69-79
src/codomyrmex/data_visualization/mermaid/__init__.py                         180     31    83%   102, 115-116, 120-121, 125-133, 191, 231, 261-262, 270-274, 281, 287, 326-330, 345, 354, 359, 364
src/codomyrmex/data_visualization/mermaid/mermaid_generator.py                185     34    82%   18-19, 172, 212, 232-245, 264, 266, 345, 349, 355, 359, 363, 367, 371, 375, 379, 393-395, 407-408, 418-419, 429-430
src/codomyrmex/data_visualization/pie_chart.py                                  1      0   100%
src/codomyrmex/data_visualization/plot_utils.py                                 1      0   100%
src/codomyrmex/data_visualization/plots/__init__.py                            21      0   100%
src/codomyrmex/data_visualization/plots/_base.py                               42      1    98%   41
src/codomyrmex/data_visualization/plots/area.py                                12      0   100%
src/codomyrmex/data_visualization/plots/bar_chart.py                           15      0   100%
src/codomyrmex/data_visualization/plots/box.py                                  8      0   100%
src/codomyrmex/data_visualization/plots/candlestick.py                         17      0   100%
src/codomyrmex/data_visualization/plots/confusion_matrix.py                    19      0   100%
src/codomyrmex/data_visualization/plots/funnel.py                              13      0   100%
src/codomyrmex/data_visualization/plots/gantt.py                               14      0   100%
src/codomyrmex/data_visualization/plots/heatmap.py                              8      0   100%
src/codomyrmex/data_visualization/plots/histogram.py                           10      0   100%
src/codomyrmex/data_visualization/plots/line_plot.py                           13      0   100%
src/codomyrmex/data_visualization/plots/mermaid.py                              9      1    89%   16
src/codomyrmex/data_visualization/plots/network.py                             22      1    95%   17
src/codomyrmex/data_visualization/plots/pie.py                                  9      0   100%
src/codomyrmex/data_visualization/plots/radar.py                               31      0   100%
src/codomyrmex/data_visualization/plots/sankey.py                              13      1    92%   20
src/codomyrmex/data_visualization/plots/scatter.py                              8      0   100%
src/codomyrmex/data_visualization/plots/treemap.py                             11      1    91%   13
src/codomyrmex/data_visualization/plots/violin.py                              11      0   100%
src/codomyrmex/data_visualization/plots/wordcloud.py                           12      1    92%   14
src/codomyrmex/data_visualization/plotter.py                                    1      0   100%
src/codomyrmex/data_visualization/reports/__init__.py                           6      0   100%
src/codomyrmex/data_visualization/reports/_base.py                             21      2    90%   22, 46
src/codomyrmex/data_visualization/reports/finance.py                           18      0   100%
src/codomyrmex/data_visualization/reports/general.py                           20      0   100%
src/codomyrmex/data_visualization/reports/logistics.py                         20      0   100%
src/codomyrmex/data_visualization/reports/marketing.py                         18      0   100%
src/codomyrmex/data_visualization/scatter_plot.py                               1      0   100%
src/codomyrmex/data_visualization/themes/__init__.py                           65      3    95%   39, 197-198
src/codomyrmex/database_management/__init__.py                                 16      3    81%   38-40
src/codomyrmex/database_management/audit/__init__.py                            2      0   100%
src/codomyrmex/database_management/backup.py                                   94     94     0%   7-174
src/codomyrmex/database_management/backup_manager.py                          163     56    66%   80-93, 115, 133-138, 171-174, 185, 209-238, 249-275, 282, 294, 300-302, 313-314
src/codomyrmex/database_management/connections/__init__.py                    229     47    79%   79, 222-224, 230, 235-236, 252, 269-270, 282-285, 290-291, 295-304, 311-318, 354-355, 398-399, 406-417, 421-423
src/codomyrmex/database_management/db_manager.py                              226     97    57%   105, 116, 133, 163-164, 189, 206-209, 213-216, 220-242, 246-249, 253-288, 299-322, 334-343, 347-353, 357-371, 377-379, 383-388, 402
src/codomyrmex/database_management/lineage/__init__.py                         11      4    64%   20-22, 27
src/codomyrmex/database_management/lineage/graph.py                            78     12    85%   50-57, 66, 85, 105, 112
src/codomyrmex/database_management/lineage/models.py                           54      0   100%
src/codomyrmex/database_management/lineage/tracker.py                          33      3    91%   82-83, 87
src/codomyrmex/database_management/migration/__init__.py                       10      4    60%   23-25, 30
src/codomyrmex/database_management/migration/executor.py                       53      4    92%   74-78
src/codomyrmex/database_management/migration/models.py                         95      1    99%   68
src/codomyrmex/database_management/migration_manager.py                       315     82    74%   27, 34, 108-121, 133-159, 203, 228, 252, 298-299, 304, 321-345, 419-420, 430, 481-495, 507, 511, 551-563, 574-575, 595, 640-650, 674-736
src/codomyrmex/database_management/performance_monitor.py                     158     26    84%   99, 125, 241, 259, 274, 330, 394, 397-398, 401-402, 425-459
src/codomyrmex/database_management/replication/__init__.py                      2      0   100%
src/codomyrmex/database_management/schema_generator.py                        292     83    72%   88-91, 101-106, 109, 129, 152-155, 158, 220, 226, 286-316, 378-380, 391-393, 397-405, 411-413, 417, 421, 425, 435-436, 447-448, 457-479, 522, 541, 550, 583, 585, 587, 589, 592, 646, 653, 675, 687-718
src/codomyrmex/database_management/sharding/__init__.py                         2      0   100%
src/codomyrmex/defense/__init__.py                                              5      0   100%
src/codomyrmex/defense/active.py                                               55      0   100%
src/codomyrmex/defense/defense.py                                             116    116     0%   10-268
src/codomyrmex/defense/rabbithole.py                                           19      0   100%
src/codomyrmex/dependency_injection/__init__.py                                 4      0   100%
src/codomyrmex/dependency_injection/container.py                              152      7    95%   243, 331, 350-351, 366-369, 440
src/codomyrmex/dependency_injection/decorators.py                              57      3    95%   162-163, 172
src/codomyrmex/dependency_injection/scopes.py                                  62      3    95%   28, 163-164
src/codomyrmex/deployment/__init__.py                                          70      9    87%   16-18, 43-44, 48-49, 207-208
src/codomyrmex/deployment/canary.py                                            57      1    98%   51
src/codomyrmex/deployment/gitops/__init__.py                                   71     41    42%   45, 74-79, 94-110, 120-121, 132-144, 152-153, 161-173, 176
src/codomyrmex/deployment/gitops/gitops.py                                     26     26     0%   3-41
src/codomyrmex/deployment/health_checks/__init__.py                           181     73    60%   95-96, 113-118, 121-162, 181-183, 186-215, 265, 279-289, 308-310, 313-359, 400, 408, 424-425, 455-459
src/codomyrmex/deployment/manager/__init__.py                                  64     26    59%   88-90, 114-121, 138-158, 169-175, 183, 192-193
src/codomyrmex/deployment/manager/manager.py                                   43     43     0%   7-107
src/codomyrmex/deployment/rollback/__init__.py                                 62     29    53%   42, 77-78, 97-107, 125-143, 156, 168-174, 179
src/codomyrmex/deployment/strategies/__init__.py                              155     23    85%   134-136, 190-192, 196-201, 208-218, 290-292, 298-300, 340-341
src/codomyrmex/deployment/strategies/strategies.py                            111    111     0%   10-210
src/codomyrmex/docs_gen/api_doc_extractor.py                                   87      9    90%   149-152, 165-169
src/codomyrmex/docs_gen/search_index.py                                        79      5    94%   93, 98, 117, 165, 167
src/codomyrmex/docs_gen/site_generator.py                                      67      3    96%   61, 103-104
src/codomyrmex/documentation/__init__.py                                        5      0   100%
src/codomyrmex/documentation/audit.py                                           2      0   100%
src/codomyrmex/documentation/consistency_checker.py                             1      0   100%
src/codomyrmex/documentation/documentation_website.py                         334    269    19%   32-37, 43, 63-87, 94-100, 125, 143-145, 149-154, 159, 164, 179-213, 218-229, 234-268, 273-289, 294-359, 391-459, 466-536, 541-556, 561-655
src/codomyrmex/documentation/education/__init__.py                             12      0   100%
src/codomyrmex/documentation/education/curriculum.py                           93      3    97%   200, 202-203
src/codomyrmex/documentation/education/visualization.py                        10      7    30%   8-17
src/codomyrmex/documentation/maintenance.py                                   151    137     9%   92-97, 102-149, 154-183, 188-217, 222-236, 241-245, 250-251, 256-303
src/codomyrmex/documentation/mcp_tools.py                                      25     20    20%   16-33, 46-63
src/codomyrmex/documentation/pai.py                                           166    150    10%   27-35, 40-71, 81-98, 103, 108-129, 134-209, 214-251
src/codomyrmex/documentation/quality/__init__.py                                4      0   100%
src/codomyrmex/documentation/quality/audit.py                                 129    115    11%   19-26, 31-58, 63, 68-128, 133-155, 163-203
src/codomyrmex/documentation/quality/consistency_checker.py                    60     33    45%   43-44, 48, 56-87, 91-105, 116-120
src/codomyrmex/documentation/quality/quality_assessment.py                    113      8    93%   82, 127, 134, 141, 158, 168, 224, 226
src/codomyrmex/documentation/quality_assessment.py                              1      0   100%
src/codomyrmex/documentation/scripts/__init__.py                                0      0   100%
src/codomyrmex/documentation/scripts/audit_agents_filepaths.py                154    140     9%   19-25, 29-39, 43-58, 62-78, 82-95, 99-130, 134-258, 262-312
src/codomyrmex/documentation/scripts/audit_structure.py                        35     29    17%   10-12, 22-64
src/codomyrmex/documentation/scripts/auto_generate_docs.py                    118    103    13%   21-24, 28-51, 55-112, 116-149, 154-204, 216-218, 223-258
src/codomyrmex/documentation/scripts/boost_quality_score.py                    46     36    22%   56-95, 98-113
src/codomyrmex/documentation/scripts/bootstrap_agents_readmes.py              153     51    67%   19-20, 63, 67, 71, 91, 95-100, 145, 149, 161, 189, 193, 200, 228-238, 259-279, 284-306
src/codomyrmex/documentation/scripts/check_doc_links.py                       108     96    11%   22-29, 38-52, 62-135, 144-176, 182-217
src/codomyrmex/documentation/scripts/check_links.py                            27     20    26%   11, 22-57
src/codomyrmex/documentation/scripts/clean_agents_files.py                    109     98    10%   23-24, 28-43, 47-120, 124-142, 148-187
src/codomyrmex/documentation/scripts/cleanup_operating_contracts.py            36     29    19%   17-61, 66-75
src/codomyrmex/documentation/scripts/documentation_scan_report.py             425    387     9%   26-27, 65-126, 130-165, 169-194, 198-226, 230-255, 259-287, 291-324, 328-356, 360-375, 379-392, 396-411, 415-443, 447-465, 469-485, 489-493, 497-515, 519-536, 540-561, 565-594, 598-608, 612-640, 644-656, 660-670, 674-699, 703-777, 781, 786-808
src/codomyrmex/documentation/scripts/enhance_stubs.py                          25     21    16%   82-112
src/codomyrmex/documentation/scripts/fix.py                                    88     79    10%   23-95, 100-157, 162-175
src/codomyrmex/documentation/scripts/fix_agents_completeness.py               114     98    14%   24-91, 96-97, 102-114, 119-123, 128-159, 164-189, 194-223, 229-238
src/codomyrmex/documentation/scripts/fix_agents_files.py                      155    141     9%   24-26, 30, 34-49, 53-74, 78-100, 104-172, 176-207, 213-254
src/codomyrmex/documentation/scripts/fix_agents_structure.py                   60     51    15%   23, 32-49, 52-85, 88-104
src/codomyrmex/documentation/scripts/fix_broken_links.py                       73     66    10%   19-94, 99-124
src/codomyrmex/documentation/scripts/fix_markdown_newlines.py                  19     16    16%   11-30
src/codomyrmex/documentation/scripts/fix_navigation_links.py                  116    103    11%   20-21, 25-33, 37-55, 59-118, 122-140, 146-185
src/codomyrmex/documentation/scripts/fix_orchestrator_commands.py             123    111    10%   23-24, 28-55, 59-136, 140-158, 164-202
src/codomyrmex/documentation/scripts/fix_parent_references.py                  69     61    12%   17-62, 66-79, 83-107
src/codomyrmex/documentation/scripts/fix_placeholders.py                       29     24    17%   56-87
src/codomyrmex/documentation/scripts/fix_script_specs.py                       25     21    16%   52-78
src/codomyrmex/documentation/scripts/generate_missing_readmes.py               99     88    11%   20-50, 61-111, 116-139, 144-189
src/codomyrmex/documentation/scripts/global_doc_auditor.py                     26     20    23%   23-27, 30-61
src/codomyrmex/documentation/scripts/placeholder_check.py                      66     57    14%   32-48, 54-79, 84-127
src/codomyrmex/documentation/scripts/remove_placeholders.py                    33     24    27%   25-47, 51-60
src/codomyrmex/documentation/scripts/smart_template_engine.py                 235    187    20%   25-27, 59-64, 68-112, 125-176, 180-187, 191-201, 205-243, 248-276, 280-293, 299-317, 321-334, 338-374, 378-421, 425-434, 440-481
src/codomyrmex/documentation/scripts/triple_check.py                          176    165     6%   40-57, 62-95, 100-136, 141-194, 202-299
src/codomyrmex/documentation/scripts/validate_child_references.py              96     86    10%   19-34, 38-69, 73-127, 135-177
src/codomyrmex/documentation/scripts/validate_code_examples.py                116     90    22%   36-39, 44-66, 71-80, 85-107, 112-117, 122-128, 134-188
src/codomyrmex/documentation/scripts/validate_configs.py                      157    130    17%   31-33, 42-44, 52-55, 66-94, 98-115, 119-153, 157-178, 182-189, 194-219, 224-228, 233, 237-245, 249-257, 262-286
src/codomyrmex/documentation/scripts/validate_links.py                         57     47    18%   20-21, 26-49, 53-69, 73-97
src/codomyrmex/documents/__init__.py                                          163     86    47%   27-29, 42-52, 61-70, 76-80, 86-89, 94-97, 102-105, 114-119, 127-131, 139-147, 154-160, 166-170, 176-189, 193-201
src/codomyrmex/documents/chunking.py                                          123    123     0%   8-199
src/codomyrmex/documents/config.py                                             28      2    93%   41-43
src/codomyrmex/documents/core/__init__.py                                       5      0   100%
src/codomyrmex/documents/core/document_parser.py                               28      1    96%   65
src/codomyrmex/documents/core/document_reader.py                               53      7    87%   71-73, 78, 98-100
src/codomyrmex/documents/core/document_validator.py                            76     25    67%   53, 59, 81, 88-100, 111-121, 127-128
src/codomyrmex/documents/core/document_writer.py                               50     12    76%   60-62, 64-70, 72-74
src/codomyrmex/documents/exceptions.py                                         33      3    91%   44-46
src/codomyrmex/documents/formats/__init__.py                                   75     34    55%   7-10, 15-18, 23-26, 31-34, 39-43, 48-52, 57-60, 65-68
src/codomyrmex/documents/formats/csv_handler.py                                40      5    88%   73-74, 89-91
src/codomyrmex/documents/formats/html_handler.py                               32      3    91%   65-67
src/codomyrmex/documents/formats/json_handler.py                               40     13    68%   49-55, 59-67, 101-103
src/codomyrmex/documents/formats/markdown_handler.py                           27      6    78%   36-38, 64-66
src/codomyrmex/documents/formats/pdf_handler.py                                88     73    17%   26, 42-91, 113-179
src/codomyrmex/documents/formats/text_handler.py                               40     17    58%   40-57, 83-85
src/codomyrmex/documents/formats/xml_handler.py                                32      3    91%   73-75
src/codomyrmex/documents/formats/yaml_handler.py                               41     16    61%   43, 47-61, 96-104
src/codomyrmex/documents/metadata/__init__.py                                   4      0   100%
src/codomyrmex/documents/metadata/extractor.py                                 77     26    66%   31, 45, 55-57, 62-81, 100-101, 116-118, 133-135
src/codomyrmex/documents/metadata/manager.py                                   45     19    58%   29, 35, 39-43, 56-57, 75-83, 91-93
src/codomyrmex/documents/metadata/versioning.py                                21      9    57%   30-31, 42-49
src/codomyrmex/documents/models/__init__.py                                     3      0   100%
src/codomyrmex/documents/models/document.py                                    59      1    98%   90
src/codomyrmex/documents/models/metadata.py                                    34      2    94%   58, 60
src/codomyrmex/documents/search/__init__.py                                     4      0   100%
src/codomyrmex/documents/search/indexer.py                                     79      4    95%   17, 46, 63, 74
src/codomyrmex/documents/search/query_builder.py                               31      3    90%   62-63, 65
src/codomyrmex/documents/search/searcher.py                                    37      3    92%   17, 59, 67
src/codomyrmex/documents/transformation/__init__.py                             5      0   100%
src/codomyrmex/documents/transformation/converter.py                           48     18    62%   37, 41, 54, 73-79, 87-92, 97-105
src/codomyrmex/documents/transformation/formatter.py                           37     17    54%   27-33, 43, 50, 65-85
src/codomyrmex/documents/transformation/merger.py                              73     28    62%   15, 18-20, 50-51, 58, 60, 64, 79-81, 97-105, 110-118
src/codomyrmex/documents/transformation/splitter.py                            64      9    86%   15, 18-20, 45, 50-52, 104
src/codomyrmex/documents/utils/__init__.py                                      4      0   100%
src/codomyrmex/documents/utils/encoding_detector.py                            23     13    43%   26-38, 43-45
src/codomyrmex/documents/utils/file_validator.py                               19      2    89%   48-49
src/codomyrmex/documents/utils/mime_type_detector.py                           14      2    86%   57-58
src/codomyrmex/edge_computing/__init__.py                                      30     18    40%   38-40, 48-54, 58-65
src/codomyrmex/edge_computing/core/__init__.py                                  4      0   100%
src/codomyrmex/edge_computing/core/cluster.py                                  99     45    55%   79-80, 88-95, 110-114, 122-132, 136-140, 150-153, 156, 159-162, 168, 172, 176-178
src/codomyrmex/edge_computing/core/models.py                                   89     14    84%   44-46, 50, 68, 72-73, 77, 80, 83, 107, 120, 138-139
src/codomyrmex/edge_computing/core/runtime.py                                  80     20    75%   95, 123-131, 137, 141, 145, 149, 153-157, 167
src/codomyrmex/edge_computing/deployment/__init__.py                            2      0   100%
src/codomyrmex/edge_computing/deployment/deployment.py                        131     94    28%   54-55, 65-76, 80-90, 94-100, 103, 109-131, 140-160, 167-210
src/codomyrmex/edge_computing/infrastructure/__init__.py                        5      0   100%
src/codomyrmex/edge_computing/infrastructure/cache.py                          78     51    35%   27, 37-42, 46-57, 61-64, 72-76, 80-83, 87-91, 95, 100-103, 107, 118-127
src/codomyrmex/edge_computing/infrastructure/health.py                         46     27    41%   30-32, 36-57, 61-65, 82-83, 91-99, 103-105
src/codomyrmex/edge_computing/infrastructure/metrics.py                        45      0   100%
src/codomyrmex/edge_computing/infrastructure/sync.py                           82     11    87%   66, 70, 74, 78, 96, 107-110, 145, 148
src/codomyrmex/edge_computing/metrics.py                                        2      0   100%
src/codomyrmex/edge_computing/scheduling/__init__.py                            2      0   100%
src/codomyrmex/edge_computing/scheduling/scheduler.py                          77     41    47%   45-47, 58-61, 74-86, 90-94, 97, 101-104, 108-115, 119-130, 134-135
src/codomyrmex/embodiment/__init__.py                                          15      7    53%   22-28
src/codomyrmex/embodiment/actuators/__init__.py                                 1      0   100%
src/codomyrmex/embodiment/ros/__init__.py                                       1      0   100%
src/codomyrmex/embodiment/ros/ros_bridge.py                                    87     26    70%   96-97, 101, 127-130, 160-163, 166-170, 183-186, 199-204, 209
src/codomyrmex/embodiment/sensors/__init__.py                                   1      0   100%
src/codomyrmex/embodiment/transformation/__init__.py                            1      0   100%
src/codomyrmex/embodiment/transformation/transformation.py                     98     47    52%   23, 26, 29, 32, 36, 40-43, 47, 51, 58, 61, 128-130, 145-162, 172-192, 207, 212, 217, 222, 226
src/codomyrmex/encryption/__init__.py                                          32      3    91%   33-35
src/codomyrmex/encryption/aes_gcm.py                                            2      0   100%
src/codomyrmex/encryption/algorithms/__init__.py                                2      0   100%
src/codomyrmex/encryption/algorithms/aes_gcm.py                                18      0   100%
src/codomyrmex/encryption/container.py                                          2      2     0%   4-5
src/codomyrmex/encryption/containers/__init__.py                                2      0   100%
src/codomyrmex/encryption/containers/container.py                              13      0   100%
src/codomyrmex/encryption/core/__init__.py                                      2      0   100%
src/codomyrmex/encryption/core/encryptor.py                                   140      5    96%   83, 96-108
src/codomyrmex/encryption/encryptor.py                                          2      0   100%
src/codomyrmex/encryption/hmac_utils.py                                         2      2     0%   4-5
src/codomyrmex/encryption/kdf.py                                                2      2     0%   4-5
src/codomyrmex/encryption/key_manager.py                                        2      0   100%
src/codomyrmex/encryption/keys/__init__.py                                      4      0   100%
src/codomyrmex/encryption/keys/hmac_utils.py                                   14      0   100%
src/codomyrmex/encryption/keys/kdf.py                                          11      0   100%
src/codomyrmex/encryption/keys/key_manager.py                                  48      9    81%   43-45, 63-65, 83-85
src/codomyrmex/encryption/signing.py                                           59     59     0%   7-112
src/codomyrmex/environment_setup/__init__.py                                    9      3    67%   31-33
src/codomyrmex/environment_setup/dependency_resolver.py                       139    139     0%   7-256
src/codomyrmex/environment_setup/env_checker.py                                48     11    77%   52-54, 58-60, 63-64, 97, 113, 188
src/codomyrmex/events/__init__.py                                              10      0   100%
src/codomyrmex/events/core/__init__.py                                          5      0   100%
src/codomyrmex/events/core/event_bus.py                                       150     15    90%   21-23, 170, 176, 187-190, 197-198, 270, 273, 276, 279
src/codomyrmex/events/core/event_schema.py                                    148      5    97%   21-22, 192, 200-201
src/codomyrmex/events/core/exceptions.py                                       67     51    24%   31-37, 58-64, 87-95, 116-122, 143-149, 170-176, 197-203
src/codomyrmex/events/core/mixins.py                                           35     19    46%   42-44, 49-51, 74-83, 102-108, 120-123, 127-129
src/codomyrmex/events/dead_letter.py                                           66     39    41%   29, 42, 53-54, 59-68, 72-79, 83-101, 105-108, 112
src/codomyrmex/events/emitter.py                                                2      0   100%
src/codomyrmex/events/emitters/__init__.py                                      3      0   100%
src/codomyrmex/events/emitters/emitter.py                                      15      6    60%   14, 18-23, 27, 30-31
src/codomyrmex/events/emitters/event_emitter.py                               127     64    50%   15-17, 61, 74-75, 90, 106, 119-120, 129-133, 149, 166, 181-195, 210-223, 243-262, 276, 298, 320-322, 345, 354, 358, 362, 371, 384, 403-407, 411-414, 418-433, 453, 466-467
src/codomyrmex/events/event_bus.py                                              2      0   100%
src/codomyrmex/events/event_emitter.py                                          2      0   100%
src/codomyrmex/events/event_listener.py                                         2      0   100%
src/codomyrmex/events/event_logger.py                                           2      0   100%
src/codomyrmex/events/event_schema.py                                           2      0   100%
src/codomyrmex/events/event_store.py                                           55      3    95%   75, 109, 122
src/codomyrmex/events/exceptions.py                                             2      0   100%
src/codomyrmex/events/handlers/__init__.py                                      3      0   100%
src/codomyrmex/events/handlers/event_listener.py                               73     54    26%   15-17, 35-39, 47-66, 73-82, 86-92, 95-97, 100-102, 108-114, 119-126, 131-133
src/codomyrmex/events/handlers/event_logger.py                                 92     58    37%   18-19, 27-31, 34-36, 51-58, 61-68, 71-72, 79-85, 88-89, 92-93, 96, 99, 102-106, 110-118, 121-126, 132-133
src/codomyrmex/events/integration_bus.py                                       51      4    92%   75-76, 82, 92
src/codomyrmex/events/mcp_tools.py                                             32     24    25%   26-39, 49-60, 77-91
src/codomyrmex/events/mixins.py                                                 2      0   100%
src/codomyrmex/events/notification/__init__.py                                 31     22    29%   12-14, 34-60
src/codomyrmex/events/notification/models.py                                   44      0   100%
src/codomyrmex/events/notification/providers.py                                40      2    95%   86-87
src/codomyrmex/events/notification/service.py                                  59      1    98%   114
src/codomyrmex/events/notification/templates.py                                15      0   100%
src/codomyrmex/events/projections.py                                           41      5    88%   100-104
src/codomyrmex/events/replay.py                                                67     42    37%   26, 36, 47-49, 52-60, 65-74, 93-107, 111-118, 122-124, 128
src/codomyrmex/events/replayer.py                                              38      8    79%   101-111
src/codomyrmex/events/streaming/__init__.py                                    11      4    64%   20-22, 27
src/codomyrmex/events/streaming/async_stream.py                               132     29    78%   44-51, 58-60, 67-68, 86-96, 124, 169-171, 185-186, 201-202
src/codomyrmex/events/streaming/models.py                                      48      0   100%
src/codomyrmex/events/streaming/processors.py                                  30     17    43%   24-25, 29-32, 36-37, 41-50
src/codomyrmex/events/streaming/stream.py                                      94     30    68%   58-59, 97-103, 112-115, 119-124, 128-136, 140-141
src/codomyrmex/evolutionary_ai/__init__.py                                     89      7    92%   18-20, 54-55, 59-60
src/codomyrmex/evolutionary_ai/fitness/__init__.py                             60     36    40%   68-69, 72-74, 96-99, 102-106, 125-131, 155-157, 160-178
src/codomyrmex/evolutionary_ai/genome/__init__.py                              61     21    66%   51, 54, 57, 60, 64, 97, 104, 111, 114, 118-121, 146-148, 160, 163, 166, 169, 173
src/codomyrmex/evolutionary_ai/genome/genome.py                                52     52     0%   7-137
src/codomyrmex/evolutionary_ai/operators/__init__.py                          221      8    96%   59, 63, 172, 195, 230, 263, 338, 424
src/codomyrmex/evolutionary_ai/operators/operators.py                          74     74     0%   9-177
src/codomyrmex/evolutionary_ai/population/__init__.py                          75     47    37%   68-73, 94-99, 128-170, 183-186, 197-209, 225, 230, 233
src/codomyrmex/evolutionary_ai/population/population.py                        82     82     0%   8-235
src/codomyrmex/evolutionary_ai/selection/__init__.py                           69     50    28%   58-60, 67-84, 100-124, 128, 149-151, 158-198
src/codomyrmex/examples/__init__.py                                             2      0   100%
src/codomyrmex/examples/agent_orchestration_demo.py                            72     72     0%   17-137
src/codomyrmex/exceptions/__init__.py                                          15      0   100%
src/codomyrmex/exceptions/ai.py                                                11      0   100%
src/codomyrmex/exceptions/analysis.py                                           9      0   100%
src/codomyrmex/exceptions/base.py                                              31      0   100%
src/codomyrmex/exceptions/cerebrum.py                                          23      0   100%
src/codomyrmex/exceptions/config.py                                            16      2    88%   26, 28
src/codomyrmex/exceptions/execution.py                                         21      0   100%
src/codomyrmex/exceptions/git.py                                               14      0   100%
src/codomyrmex/exceptions/io.py                                                12      0   100%
src/codomyrmex/exceptions/network.py                                           27     10    63%   23-27, 45-49
src/codomyrmex/exceptions/orchestration.py                                     11      0   100%
src/codomyrmex/exceptions/specialized.py                                       81     15    81%   127-131, 200-204, 218-222
src/codomyrmex/exceptions/viz.py                                               11      0   100%
src/codomyrmex/feature_flags/__init__.py                                       22      8    64%   9-10, 16-18, 23-25
src/codomyrmex/feature_flags/core/__init__.py                                   1      0   100%
src/codomyrmex/feature_flags/core/manager.py                                   94     16    83%   87-90, 94, 98, 112, 122, 126, 131, 133, 156, 160, 164, 174, 200
src/codomyrmex/feature_flags/evaluation/__init__.py                            49      3    94%   49, 53-54
src/codomyrmex/feature_flags/experiments.py                                   133     37    72%   47, 49, 51, 125, 129, 133, 138-139, 169, 193-201, 212-226, 230-254
src/codomyrmex/feature_flags/rollout/__init__.py                               76      2    97%   115, 158
src/codomyrmex/feature_flags/storage/__init__.py                               66      3    95%   141, 153-154
src/codomyrmex/feature_flags/strategies/__init__.py                           140     15    89%   98, 107, 168, 171, 180, 240, 244-245, 248, 258, 281, 288, 322, 330-331
src/codomyrmex/finance/__init__.py                                              5      0   100%
src/codomyrmex/finance/account.py                                              84     48    43%   36-42, 47, 51-58, 62-69, 73, 76, 79, 104, 108-110, 113, 116-119, 122-125, 128, 131, 134, 137, 141-143, 147, 150, 153
src/codomyrmex/finance/forecasting/__init__.py                                  2      0   100%
src/codomyrmex/finance/forecasting/forecast.py                                 63      6    90%   115, 122, 172-175
src/codomyrmex/finance/ledger.py                                               56     56     0%   1-96
src/codomyrmex/finance/ledger/__init__.py                                       2      0   100%
src/codomyrmex/finance/ledger/ledger.py                                       123      4    97%   247, 284, 286, 293
src/codomyrmex/finance/payroll/__init__.py                                      2      0   100%
src/codomyrmex/finance/payroll/processor.py                                    56     30    46%   87, 109-134, 165-185
src/codomyrmex/finance/taxes/__init__.py                                        2      0   100%
src/codomyrmex/finance/taxes/calculator.py                                     55      4    93%   74, 108, 157, 163
src/codomyrmex/finance/visualization.py                                        76     76     0%   10-123
src/codomyrmex/formal_verification/__init__.py                                 35      4    89%   76-77, 87-88
src/codomyrmex/formal_verification/backends/__init__.py                         7      2    71%   16-17
src/codomyrmex/formal_verification/backends/base.py                            25      0   100%
src/codomyrmex/formal_verification/backends/z3_backend.py                      76     10    87%   17-18, 26, 57, 64, 127, 134-137
src/codomyrmex/formal_verification/exceptions.py                                6      0   100%
src/codomyrmex/formal_verification/mcp_tools.py                                70     14    80%   17-23, 43-44, 55, 73, 90, 111, 127, 148
src/codomyrmex/formal_verification/solver.py                                   42      3    93%   51-52, 122
src/codomyrmex/formal_verification/verify_isc.py                              105      6    94%   79-80, 107-109, 158
src/codomyrmex/fpf/__init__.py                                                 73      4    95%   38-40, 193
src/codomyrmex/fpf/analysis/analyzer.py                                       118    103    13%   25-27, 38-61, 69-78, 86-109, 117-146, 157-161, 169-180, 191-215, 223-230, 248-259, 263-283
src/codomyrmex/fpf/analysis/indexer.py                                         55      3    95%   103, 117, 132
src/codomyrmex/fpf/analysis/report_generator.py                                75     60    20%   27-29, 38-84, 88, 158, 169-194, 198-215, 219-235, 239-255, 261-280
src/codomyrmex/fpf/analysis/term_analyzer.py                                   88     76    14%   22-25, 36-58, 69-92, 104-120, 131-137, 151-172, 184-194, 208-224
src/codomyrmex/fpf/constraints/__init__.py                                      1      0   100%
src/codomyrmex/fpf/core/context_builder.py                                    101     15    85%   73-76, 93, 132, 134-135, 172, 174-177, 200, 213
src/codomyrmex/fpf/core/extractor.py                                          100     13    87%   44, 142-143, 153-154, 164-165, 175-176, 211, 249, 255, 292
src/codomyrmex/fpf/core/models.py                                             136     11    92%   150-155, 183, 187, 191, 248, 261
src/codomyrmex/fpf/core/parser.py                                             162     11    93%   48, 51-53, 221, 223, 225, 316-317, 323-324
src/codomyrmex/fpf/io/exporter.py                                              43      4    91%   103-106, 204
src/codomyrmex/fpf/io/fetcher.py                                               45      4    91%   80-82, 126-127
src/codomyrmex/fpf/io/section_exporter.py                                      53     39    26%   26, 38-54, 71-89, 101-112, 131-149, 161-169, 173, 189, 201
src/codomyrmex/fpf/io/section_importer.py                                      47     34    28%   33, 44-59, 70-79, 90, 101-128, 144-166, 170, 186, 198
src/codomyrmex/fpf/io/section_manager.py                                       66     56    15%   21, 33-50, 74-99, 123-147, 171-202, 210-211, 222-231, 239-246
src/codomyrmex/fpf/models/__init__.py                                           1      0   100%
src/codomyrmex/fpf/optimization/__init__.py                                     1      0   100%
src/codomyrmex/fpf/reasoning/__init__.py                                      142     79    44%   36, 62-70, 74, 78, 82-96, 100-108, 111, 138-139, 142-160, 167-188, 195-215, 222-243, 256, 269-275, 279, 287-294, 299-313, 317-333, 337-341, 345, 350
src/codomyrmex/fpf/visualization/graph_generator.py                            97     82    15%   28-29, 43-63, 77-89, 100-125, 136-142, 157-161, 172, 184-193, 208-234, 248-272
src/codomyrmex/fpf/visualization/term_analyzer.py                               6      2    67%   11, 15
src/codomyrmex/fpf/visualization/visualizer.py                                100      9    91%   85-92, 152-153
src/codomyrmex/fpf/visualization/visualizer_png.py                            145    128    12%   36-41, 59-139, 157-207, 220-259, 271-329, 342-399
src/codomyrmex/git_operations/__init__.py                                      45     28    38%   15-17, 103-104, 109-119, 122-134
src/codomyrmex/git_operations/api/github.py                                   399    356    11%   33, 49, 78-135, 154-182, 212-269, 292-340, 361-411, 430-478, 491-520, 530-563, 572-597, 607-632, 664-681, 701-743, 767-808, 838-868, 898-949, 970-1014, 1040-1070, 1094-1117, 1143-1166
src/codomyrmex/git_operations/api/visualization.py                            150    132    12%   32-36, 65-114, 137-189, 210-246, 265-352, 370-408, 421-462, 467-479, 486-507
src/codomyrmex/git_operations/cli/repo.py                                     267    224    16%   29-58, 63-80, 85-127, 132-174, 179-210, 215, 221-222, 226-227, 231-232, 239-262, 268-269, 274, 280-281, 286, 292-293, 297-298, 302, 307, 312-439
src/codomyrmex/git_operations/core/git.py                                     895    345    61%   29-59, 115-116, 145-146, 173-175, 181, 211, 319-321, 338, 341-352, 355-363, 405, 410-411, 424-425, 432-434, 442, 447-448, 469-471, 505, 510, 522, 524, 531-532, 554, 608, 623-624, 629, 644-646, 654, 664, 687, 718, 746, 775, 804, 849-864, 868-883, 887-909, 914, 926-928, 933, 945-947, 954-970, 975, 988-990, 995, 1025-1026, 1033, 1054-1056, 1060-1074, 1079, 1094, 1104-1106, 1112-1128, 1133-1148, 1154-1175, 1180, 1192-1194, 1199, 1211-1213, 1219-1243, 1250, 1284, 1301-1304, 1312, 1328-1335, 1340, 1380-1385, 1390, 1397, 1412-1417, 1424, 1431, 1445-1452, 1459, 1466, 1480-1487, 1497-1570, 1579-1610, 1636-1695
src/codomyrmex/git_operations/core/metadata.py                                294     92    69%   203, 223-228, 251-253, 257, 271, 281-293, 348-350, 367, 388-409, 424-454, 460, 470, 478-494, 498-520, 534-545
src/codomyrmex/git_operations/core/repository.py                              264     63    76%   152-153, 240, 306-307, 326-327, 330, 343-344, 350, 371-372, 375, 414, 431-433, 462, 489-491, 517-525, 542, 545, 550, 557-583, 588-606
src/codomyrmex/git_operations/mcp_tools.py                                    104     62    40%   13-18, 46-47, 56-60, 69-73, 84, 95-99, 108-112, 121-125, 136-143, 152-156, 165-169, 178-182, 191-195
src/codomyrmex/git_operations/merge_resolver.py                               118     77    35%   42, 66, 70-89, 93-116, 121-132, 136-161, 165-171
src/codomyrmex/git_operations/pr_builder.py                                    47      2    96%   59, 122
src/codomyrmex/graph_rag/__init__.py                                           28     18    36%   22-24, 32-37, 41-49
src/codomyrmex/graph_rag/agent_bridge.py                                       66      0   100%
src/codomyrmex/graph_rag/graph.py                                              91      4    96%   60, 64, 105, 172
src/codomyrmex/graph_rag/models.py                                             66      1    98%   75
src/codomyrmex/graph_rag/pipeline.py                                           35      3    91%   74-75, 84
src/codomyrmex/ide/__init__.py                                                121     15    88%   25-27, 215-216, 237-238, 275-278, 282-285
src/codomyrmex/ide/antigravity/__init__.py                                    293    103    65%   37-48, 177-179, 262, 282, 292, 300, 305, 313-314, 322, 326, 333, 335, 337, 355, 368-372, 384, 401-402, 427, 448-449, 471, 487-488, 509, 520-521, 535-552, 563-572, 664-697, 718, 744, 756-777, 802-806, 810-811, 818-820, 824-825, 829-831, 838-840, 847-849, 853-854, 861-863
src/codomyrmex/ide/antigravity/agent_bridge.py                                122     95    22%   39-44, 49-51, 99-103, 115-143, 170-182, 191-194, 198, 209-244, 254-267, 278-279, 283, 291-294, 302-314
src/codomyrmex/ide/antigravity/agent_relay.py                                 167     63    62%   38-40, 118, 122, 240-250, 273-287, 298-304, 315-321, 347, 352, 356, 360-362, 366, 368, 370, 382, 399-405, 426-442, 448-450, 458-465, 483-486, 496
src/codomyrmex/ide/antigravity/antigravity_dispatcher.py                      124     93    25%   32-34, 110-125, 136-149, 157-161, 166, 182, 191, 203-208, 212-228, 245-309
src/codomyrmex/ide/antigravity/history_bridge.py                               63     44    30%   26-28, 55-57, 65-67, 81-84, 93-114, 128-134, 145-148, 156-158, 169
src/codomyrmex/ide/antigravity/live_bridge.py                                 217    171    21%   35-37, 82-96, 105-118, 122-127, 132, 146, 165-169, 183, 191, 197-202, 206-225, 229-234, 238-251, 255-277, 298-303, 307, 361-380, 389-395, 404-408, 414-427, 431-436, 440, 452, 466, 472-477, 481-493, 497-511, 515-547, 555-562
src/codomyrmex/ide/antigravity/message_scheduler.py                            95     62    35%   36-39, 98-118, 137-143, 159-166, 170-172, 180-184, 188-189, 193-194, 203-204, 215-224, 228-238, 243-273
src/codomyrmex/ide/antigravity/relay_cli.py                                   108    108     0%   24-203
src/codomyrmex/ide/antigravity/relay_endpoint.py                              124     93    25%   28-30, 74-96, 105-108, 113-117, 122, 128-139, 143-148, 158, 164-169, 175-180, 184-195, 201-211, 215-238, 246-252
src/codomyrmex/ide/antigravity/skill_adapter.py                                80     54    32%   28-30, 72-83, 95-98, 109-126, 142-150, 164-177, 198, 207-210, 222, 238-240
src/codomyrmex/ide/antigravity/tool_provider.py                                62     38    39%   25-27, 32-34, 315-317, 328-334, 354-379, 387, 402-408, 420, 429
src/codomyrmex/ide/cursor/__init__.py                                          60     26    57%   42-43, 49-50, 54, 80-83, 87, 91, 95, 100-104, 109-119
src/codomyrmex/ide/vscode/__init__.py                                          71     22    69%   48-49, 54-55, 62-63, 67, 75, 117-120, 132, 143, 151, 182-185, 210-211, 224, 234
src/codomyrmex/identity/__init__.py                                            11      3    73%   13-15
src/codomyrmex/identity/biocognitive.py                                        42      8    81%   67-70, 74-79
src/codomyrmex/identity/identity.py                                           122    122     0%   10-240
src/codomyrmex/identity/manager.py                                             41      0   100%
src/codomyrmex/identity/persona.py                                             20      0   100%
src/codomyrmex/llm/__init__.py                                                 40     23    42%   23-25, 65-68, 71-78, 149-166
src/codomyrmex/llm/chain_of_thought.py                                         67      0   100%
src/codomyrmex/llm/chains/__init__.py                                         136     83    39%   39-42, 46-48, 62-65, 74-75, 84-85, 94-95, 98-112, 121-144, 157-176, 199-201, 204-275, 285-294, 301-304, 309-316
src/codomyrmex/llm/config.py                                                   93      5    95%   118-119, 125-126, 199
src/codomyrmex/llm/context_manager.py                                          88      8    91%   32-37, 148, 209
src/codomyrmex/llm/cost_tracking/__init__.py                                  170      8    95%   88, 105, 187, 224, 331, 378, 448-449
src/codomyrmex/llm/embeddings/__init__.py                                     230     20    91%   33-41, 61, 75, 219, 230-232, 247, 254, 266, 274, 359-360, 431, 459-461, 490, 528
src/codomyrmex/llm/exceptions.py                                               95     23    76%   42-44, 118-120, 161-165, 198-202, 230-236
src/codomyrmex/llm/fabric/__init__.py                                           5      0   100%
src/codomyrmex/llm/fabric/fabric_config_manager.py                             48     20    58%   41-43, 47-58, 62-64, 72, 76-77, 81, 87-88
src/codomyrmex/llm/fabric/fabric_manager.py                                    63     38    40%   48, 59-79, 106-167, 175
src/codomyrmex/llm/fabric/fabric_orchestrator.py                               60     45    25%   47-68, 104-154, 158, 162
src/codomyrmex/llm/guardrails/__init__.py                                     186     15    92%   105, 135, 201, 235, 261, 277, 339, 415, 417, 422-426, 464
src/codomyrmex/llm/mcp.py                                                     196    140    29%   69-77, 81-82, 96-101, 110-153, 157, 165, 169, 185, 189, 208-215, 224-232, 240-246, 250-263, 273-276, 280-295, 299-310, 321-350, 357-362, 368-376, 393-410, 419-427, 440-451
src/codomyrmex/llm/mcp_tools.py                                                41     34    17%   18-37, 47-54, 64-79
src/codomyrmex/llm/memory/__init__.py                                         151     89    41%   35, 44, 58-59, 62, 81, 85, 89, 93, 101, 110-111, 114-122, 125, 128, 137-139, 142-149, 152-153, 156-157, 171-175, 178-183, 186-204, 207-218, 221-223, 236-238, 241-247, 250-260, 263, 266-278, 281-282, 287-298
src/codomyrmex/llm/models/reasoning.py                                         89      0   100%
src/codomyrmex/llm/multimodal/__init__.py                                      11      4    64%   10-12, 34
src/codomyrmex/llm/multimodal/builder.py                                       28      6    79%   50-52, 61-63
src/codomyrmex/llm/multimodal/models.py                                       122     24    80%   77-92, 118, 153-158, 165-168, 194-201
src/codomyrmex/llm/multimodal/processors.py                                    45     14    69%   53, 78-85, 108, 111, 121-134
src/codomyrmex/llm/ollama/__init__.py                                           6      0   100%
src/codomyrmex/llm/ollama/config_manager.py                                   203     79    61%   121-127, 153-155, 159, 176, 180-182, 194-207, 220-244, 311-319, 327-329, 345-346, 358, 366-368, 381-383, 393, 403-404, 410-412, 418, 422-432, 448, 457-463
src/codomyrmex/llm/ollama/model_runner.py                                     267    156    42%   143, 147, 151-152, 183-202, 243, 322-333, 416-417, 442, 481-577, 608, 632-735, 765-843, 864-896
src/codomyrmex/llm/ollama/ollama_manager.py                                   360    188    48%   102-164, 177-178, 209, 211, 241-303, 330, 343-345, 357-463, 472-476, 541, 581-667, 731-738
src/codomyrmex/llm/ollama/output_manager.py                                   207     83    60%   143, 187-188, 227-230, 239-241, 261, 304-325, 342-362, 388, 395-419, 449-471, 483-502
src/codomyrmex/llm/prompts/__init__.py                                        156     86    45%   38-41, 57, 98, 110-132, 142-148, 166, 170-175, 179-185, 189-194, 198-199, 203-204, 208, 212-216, 221, 244-245, 268-287, 304-312, 320-322, 326, 330-332, 336-339, 343-357, 361-375, 405
src/codomyrmex/llm/providers/__init__.py                                      211    105    50%   51-58, 75-77, 177-178, 182-192, 202-214, 236-250, 260-288, 291-294, 297, 306-307, 310-314, 324-345, 366-386, 396-430, 433, 442, 514-515, 528-537, 559-573, 583-612, 642
src/codomyrmex/llm/rag/__init__.py                                            224     25    89%   59-73, 96, 121, 153, 160, 172-181, 199, 307, 353, 361, 432-435, 500
src/codomyrmex/llm/router.py                                                  170     72    58%   67, 109, 114, 129, 133, 135, 141-164, 174, 185-232, 240, 252-253, 257-268
src/codomyrmex/llm/safety.py                                                   81     40    51%   47, 73-74, 78-87, 96-129, 133-143, 147-165, 169-175, 180
src/codomyrmex/llm/streaming/__init__.py                                      195     23    88%   47, 66-68, 135, 182-183, 186-187, 205-206, 221-224, 252-253, 268, 274-276, 285-286
src/codomyrmex/llm/tools/__init__.py                                          147     87    41%   40-51, 64-68, 82-90, 105-113, 125-129, 141-146, 150, 154-157, 161, 165, 169-172, 177-185, 195-246, 252-260, 277-283, 306, 311
src/codomyrmex/logging_monitoring/__init__.py                                  23     14    39%   38-40, 59-63, 66-71
src/codomyrmex/logging_monitoring/audit/__init__.py                             2      0   100%
src/codomyrmex/logging_monitoring/audit/audit_logger.py                        74     29    61%   45, 108, 127-140, 144-147, 151-154, 158, 162, 166, 170, 174
src/codomyrmex/logging_monitoring/core/__init__.py                              5      0   100%
src/codomyrmex/logging_monitoring/core/correlation.py                          38      0   100%
src/codomyrmex/logging_monitoring/core/log_aggregator.py                       85     11    87%   114-115, 131, 133, 135, 137, 139, 143, 154, 186, 190
src/codomyrmex/logging_monitoring/core/logger_config.py                       118     20    83%   79, 84, 123, 131, 133, 137, 141, 156-157, 312, 350-356, 379-388, 410
src/codomyrmex/logging_monitoring/correlation.py                                2      0   100%
src/codomyrmex/logging_monitoring/event_bridge.py                               1      0   100%
src/codomyrmex/logging_monitoring/formatters/__init__.py                        3      0   100%
src/codomyrmex/logging_monitoring/formatters/json_formatter.py                 50     21    58%   69, 71, 88-89, 92, 116-125, 129-137, 140-141
src/codomyrmex/logging_monitoring/formatters/structured_formatter.py           88     11    88%   125, 130, 158, 169, 173, 177, 185-187, 205, 216
src/codomyrmex/logging_monitoring/handlers/__init__.py                          5      0   100%
src/codomyrmex/logging_monitoring/handlers/event_bridge.py                     51      0   100%
src/codomyrmex/logging_monitoring/handlers/performance.py                      30      1    97%   89
src/codomyrmex/logging_monitoring/handlers/rotation.py                         64     35    45%   72-78, 82, 92-100, 109-121, 129-138, 142
src/codomyrmex/logging_monitoring/handlers/ws_handler.py                       74     11    85%   58-59, 122, 142-143, 146-147, 158-159, 162-163
src/codomyrmex/logging_monitoring/json_formatter.py                             1      0   100%
src/codomyrmex/logging_monitoring/log_aggregator.py                             1      0   100%
src/codomyrmex/logging_monitoring/logger_config.py                              3      0   100%
src/codomyrmex/logging_monitoring/mcp_tools.py                                 21     15    29%   12-17, 40-55
src/codomyrmex/logging_monitoring/rotation.py                                   1      0   100%
src/codomyrmex/logging_monitoring/structured_formatter.py                       1      0   100%
src/codomyrmex/logging_monitoring/ws_handler.py                                 1      0   100%
src/codomyrmex/logistics/__init__.py                                           31     19    39%   20-22, 51-58, 62-69
src/codomyrmex/logistics/optimization/__init__.py                               1      0   100%
src/codomyrmex/logistics/orchestration/__init__.py                              2      0   100%
src/codomyrmex/logistics/orchestration/project/__init__.py                     48     15    69%   114-115, 120, 125, 147-149, 163-165, 173, 179-180, 186-187
src/codomyrmex/logistics/orchestration/project/documentation_generator.py     154    130    16%   16-17, 34-41, 45-50, 54-78, 82-83, 98-127, 139-171, 183-224, 236-275, 291-318, 322, 412, 433, 458
src/codomyrmex/logistics/orchestration/project/mcp_tools.py                   137    106    23%   16-19, 25-33, 52-59, 63, 262-306, 314-320, 332-351, 363-365, 373-395, 403-419, 427-453, 466-468, 476-478, 486-491, 503-508, 522-524, 529-530, 535-536
src/codomyrmex/logistics/orchestration/project/orchestration_engine.py        310    224    28%   22-25, 31-40, 47-48, 104-123, 136-162, 187-206, 210-212, 216-221, 225-243, 247-248, 252-266, 273-372, 379-417, 428-452, 458-506, 510-531, 541-566, 570-622, 626-650, 658-668, 684-745, 755-757
src/codomyrmex/logistics/orchestration/project/parallel_executor.py           190     45    76%   18-20, 126-127, 152-159, 168-181, 197, 215-224, 232-240, 275, 321-327, 353-354, 356-357, 359-360, 406, 445
src/codomyrmex/logistics/orchestration/project/project_manager.py              90     32    64%   69, 94-136, 140, 148-154, 164-166
src/codomyrmex/logistics/orchestration/project/resource_manager.py            184     79    57%   19-25, 108, 112, 128-148, 200, 209, 213-216, 227-261, 266-291, 296-300, 311-313, 317-334
src/codomyrmex/logistics/orchestration/project/task_orchestrator.py           200    105    48%   93-95, 121-127, 131-134, 138-157, 161-167, 175-189, 193-202, 206-210, 214-219, 223-236, 240-255, 259-293, 297, 301, 305-320
src/codomyrmex/logistics/orchestration/project/workflow_dag.py                169     24    86%   19-20, 53, 122-129, 150, 155, 209, 225, 253, 268, 294, 335, 339, 343-346, 350
src/codomyrmex/logistics/orchestration/project/workflow_manager.py            133     38    71%   59-61, 98, 106-166, 175, 199-200, 276-279, 293, 303-305
src/codomyrmex/logistics/resources/__init__.py                                  1      0   100%
src/codomyrmex/logistics/routing/__init__.py                                  225    165    27%   27-38, 81-99, 102, 143-173, 180, 187-190, 199-200, 210-248, 255, 265-272, 280-323, 330-331, 340-342, 351-358, 362-367, 375-410, 418-427
src/codomyrmex/logistics/schedule/__init__.py                                   6      0   100%
src/codomyrmex/logistics/schedule/cron.py                                      45     25    44%   38-42, 62-81, 92, 110, 122-124
src/codomyrmex/logistics/schedule/recurring.py                                 46     23    50%   38-44, 56, 70-104
src/codomyrmex/logistics/schedule/scheduler.py                                 65     48    26%   27-32, 54-63, 85-93, 104-108, 116-124, 128-131, 135-160, 168
src/codomyrmex/logistics/schedule/timezone.py                                  28     19    32%   26-32, 40, 52-59, 70-72
src/codomyrmex/logistics/task/__init__.py                                      13      1    92%   43
src/codomyrmex/logistics/task/backends/__init__.py                              0      0   100%
src/codomyrmex/logistics/task/backends/in_memory_queue.py                      46     32    30%   22-24, 28-30, 35-46, 50-53, 57-59, 63-72, 76
src/codomyrmex/logistics/task/job.py                                           30      4    87%   42-45
src/codomyrmex/logistics/task/queue.py                                         37     21    43%   31-43, 55-56, 64, 76-78, 89, 100, 108
src/codomyrmex/logistics/task/scheduler.py                                     53     38    28%   27-30, 34-40, 44-47, 51-62, 71-77, 90-95, 107-110
src/codomyrmex/logistics/tracking/__init__.py                                   1      0   100%
src/codomyrmex/maintenance/__init__.py                                         15      0   100%
src/codomyrmex/maintenance/add_deprecation_notices.py                          91     57    37%   47-89, 103-121, 132, 136, 140, 144-146, 149, 152, 161-167, 172-189
src/codomyrmex/maintenance/analyze_project.py                                 122     25    80%   91-96, 198-234
src/codomyrmex/maintenance/dependency_analyzer.py                               1      0   100%
src/codomyrmex/maintenance/dependency_checker.py                                2      0   100%
src/codomyrmex/maintenance/dependency_consolidator.py                           2      0   100%
src/codomyrmex/maintenance/deps/__init__.py                                     4      0   100%
src/codomyrmex/maintenance/deps/dependency_analyzer.py                        181     39    78%   28-31, 111-112, 138-139, 192, 196, 330-374
src/codomyrmex/maintenance/deps/dependency_checker.py                         138     97    30%   34-37, 62, 93-118, 123-145, 150-196, 201-229, 234-261
src/codomyrmex/maintenance/deps/dependency_consolidator.py                    127     84    34%   57, 96-114, 125-173, 197-263
src/codomyrmex/maintenance/deps/validate_dependencies.py                      105     93    11%   27-64, 69-76, 81-93, 98-115, 120-177
src/codomyrmex/maintenance/health/__init__.py                                   2      0   100%
src/codomyrmex/maintenance/health/health_check.py                              85     13    85%   113, 118, 134, 180, 184, 197, 208-215, 219-220
src/codomyrmex/maintenance/health/scheduler.py                                105     11    90%   135, 139, 144, 148-154, 175, 178-179, 204, 252, 256
src/codomyrmex/maintenance/health_check.py                                      1      0   100%
src/codomyrmex/maintenance/mcp_tools.py                                        28     20    29%   12-17, 34-53, 62-72
src/codomyrmex/maintenance/scheduler.py                                         1      0   100%
src/codomyrmex/maintenance/validate_dependencies.py                             1      0   100%
src/codomyrmex/market/__init__.py                                              10      3    70%   12-14
src/codomyrmex/market/aggregator.py                                            86     18    79%   118, 127-132, 144, 148, 197-202, 208-209, 214, 219
src/codomyrmex/market/auction.py                                               69      3    96%   81, 92, 95
src/codomyrmex/market/market.py                                                54     54     0%   7-148
src/codomyrmex/meme/__init__.py                                                14      0   100%
src/codomyrmex/meme/contagion/__init__.py                                       5      0   100%
src/codomyrmex/meme/contagion/cascade.py                                       29     23    21%   26-65, 70
src/codomyrmex/meme/contagion/epidemic.py                                      80     67    16%   27-29, 36-64, 77-79, 82-107, 124-125, 128-160
src/codomyrmex/meme/contagion/models.py                                        41      1    98%   67
src/codomyrmex/meme/contagion/simulation.py                                     8      2    75%   34-40
src/codomyrmex/meme/cultural_dynamics/__init__.py                               5      0   100%
src/codomyrmex/meme/cultural_dynamics/engine.py                                30     21    30%   25-34, 43-61, 71, 76-80
src/codomyrmex/meme/cultural_dynamics/models.py                                33      0   100%
src/codomyrmex/meme/cultural_dynamics/oscillation.py                           16     10    38%   13-21, 29-33
src/codomyrmex/meme/cultural_dynamics/power.py                                 12      8    33%   17-30
src/codomyrmex/meme/cybernetic/__init__.py                                      4      0   100%
src/codomyrmex/meme/cybernetic/control.py                                      25     12    52%   23-38, 46-51
src/codomyrmex/meme/cybernetic/engine.py                                       25     16    36%   20-21, 25, 33-50
src/codomyrmex/meme/cybernetic/models.py                                       30      0   100%
src/codomyrmex/meme/epistemic/__init__.py                                       4      0   100%
src/codomyrmex/meme/epistemic/engine.py                                        21     12    43%   15, 19, 23-27, 31-37
src/codomyrmex/meme/epistemic/models.py                                        35      0   100%
src/codomyrmex/meme/epistemic/truth.py                                         21     16    24%   12-30, 39-42
src/codomyrmex/meme/hyperreality/__init__.py                                    4      0   100%
src/codomyrmex/meme/hyperreality/engine.py                                     21     12    43%   19, 23-25, 29, 35-46
src/codomyrmex/meme/hyperreality/models.py                                     30      0   100%
src/codomyrmex/meme/hyperreality/simulation.py                                 33     27    18%   20-40, 47-64
src/codomyrmex/meme/ideoscape/__init__.py                                       4      0   100%
src/codomyrmex/meme/ideoscape/cartography.py                                   22     16    27%   20-43, 52-54
src/codomyrmex/meme/ideoscape/engine.py                                        20     12    40%   17, 25-40
src/codomyrmex/meme/ideoscape/models.py                                        40      4    90%   46-47, 79-80
src/codomyrmex/meme/memetics/__init__.py                                        5      0   100%
src/codomyrmex/meme/memetics/engine.py                                         64     22    66%   82, 86, 129, 136-143, 149-167
src/codomyrmex/meme/memetics/fitness.py                                        36      3    92%   50, 55, 81
src/codomyrmex/meme/memetics/models.py                                        124      5    96%   155, 165, 184, 196, 235
src/codomyrmex/meme/memetics/mutation.py                                       39      9    77%   27, 56, 92, 121-127
src/codomyrmex/meme/narrative/__init__.py                                       5      0   100%
src/codomyrmex/meme/narrative/engine.py                                        47      9    81%   62, 75-82
src/codomyrmex/meme/narrative/models.py                                        39      0   100%
src/codomyrmex/meme/narrative/myth.py                                          15      9    40%   35-48
src/codomyrmex/meme/narrative/structure.py                                      8      0   100%
src/codomyrmex/meme/neurolinguistic/__init__.py                                 5      0   100%
src/codomyrmex/meme/neurolinguistic/engine.py                                  19      9    53%   16, 20, 28-31, 40-45
src/codomyrmex/meme/neurolinguistic/framing.py                                 19     14    26%   20-29, 38-48
src/codomyrmex/meme/neurolinguistic/models.py                                  35      0   100%
src/codomyrmex/meme/neurolinguistic/patterns.py                                12      6    50%   12, 36, 57-67
src/codomyrmex/meme/rhizome/__init__.py                                         4      0   100%
src/codomyrmex/meme/rhizome/engine.py                                          19     10    47%   15, 19-26, 34-36
src/codomyrmex/meme/rhizome/models.py                                          44      9    80%   56-59, 75, 78-83
src/codomyrmex/meme/rhizome/network.py                                         53     47    11%   13-67, 72-81
src/codomyrmex/meme/semiotic/__init__.py                                        5      0   100%
src/codomyrmex/meme/semiotic/analyzer.py                                       76     20    74%   40, 63, 113, 147-181
src/codomyrmex/meme/semiotic/encoding.py                                       30     23    23%   40-59, 70-79, 84
src/codomyrmex/meme/semiotic/mnemonics.py                                      19      9    53%   39-53
src/codomyrmex/meme/semiotic/models.py                                         48      4    92%   66-68, 96
src/codomyrmex/meme/swarm/__init__.py                                           5      0   100%
src/codomyrmex/meme/swarm/consensus.py                                         16     11    31%   15-17, 25-35
src/codomyrmex/meme/swarm/engine.py                                            20     12    40%   16-17, 21-38
src/codomyrmex/meme/swarm/flocking.py                                          33     28    15%   17-72
src/codomyrmex/meme/swarm/models.py                                            45      4    91%   31-34
src/codomyrmex/meme/verify_all.py                                              86     86     0%   3-120
src/codomyrmex/model_context_protocol/__init__.py                              21      3    86%   43-45
src/codomyrmex/model_context_protocol/adapters/__init__.py                      1      0   100%
src/codomyrmex/model_context_protocol/circuit_breaker.py                        2      0   100%
src/codomyrmex/model_context_protocol/client.py                                 2      0   100%
src/codomyrmex/model_context_protocol/compat.py                                54      6    89%   57, 65, 84, 104, 108, 122
src/codomyrmex/model_context_protocol/decorators.py                            76     13    83%   45, 85-95, 116, 139-141
src/codomyrmex/model_context_protocol/discovery/__init__.py                   165      8    95%   48-62, 303, 311, 370-371
src/codomyrmex/model_context_protocol/errors.py                                78      1    99%   130
src/codomyrmex/model_context_protocol/main.py                                   2      0   100%
src/codomyrmex/model_context_protocol/mcp_tools.py                             50     42    16%   18-29, 39-68, 81-108
src/codomyrmex/model_context_protocol/observability.py                          1      0   100%
src/codomyrmex/model_context_protocol/quality/__init__.py                       4      0   100%
src/codomyrmex/model_context_protocol/quality/taxonomy.py                      39      0   100%
src/codomyrmex/model_context_protocol/quality/testing.py                      168     84    50%   29, 53, 57, 60, 73-74, 91-154, 196-204, 233-241, 254-285, 311, 320, 332-393, 397-401, 463, 468-469
src/codomyrmex/model_context_protocol/quality/validation.py                   131      3    98%   161-163
src/codomyrmex/model_context_protocol/rate_limiter.py                           2      0   100%
src/codomyrmex/model_context_protocol/reliability/__init__.py                   4      0   100%
src/codomyrmex/model_context_protocol/reliability/circuit_breaker.py          108      4    96%   139-145
src/codomyrmex/model_context_protocol/reliability/observability.py             53      0   100%
src/codomyrmex/model_context_protocol/reliability/rate_limiter.py              70      0   100%
src/codomyrmex/model_context_protocol/schemas/__init__.py                     159     53    67%   38, 50-57, 70-78, 92-102, 106-112, 125, 135-143, 165, 181, 198-206, 211, 218-222, 235, 239, 243, 246, 255, 269, 288, 302-315
src/codomyrmex/model_context_protocol/schemas/mcp_schemas.py                   83     10    88%   71, 80, 99, 103, 163, 199-205, 229
src/codomyrmex/model_context_protocol/server.py                                 2      0   100%
src/codomyrmex/model_context_protocol/taxonomy.py                               2      0   100%
src/codomyrmex/model_context_protocol/testing.py                                1      0   100%
src/codomyrmex/model_context_protocol/tools.py                                178     41    77%   63-64, 93-94, 122, 129, 140-141, 150-151, 268, 284-285, 298-299, 363-364, 378-395, 420-445, 473, 479-480, 499, 501
src/codomyrmex/model_context_protocol/transport/__init__.py                     5      0   100%
src/codomyrmex/model_context_protocol/transport/client.py                     195     30    85%   88, 224-225, 267-268, 331, 334-341, 344-346, 349-351, 375-376, 418-420, 423-433, 436-437
src/codomyrmex/model_context_protocol/transport/main.py                        33     20    39%   20-21, 29-84, 88
src/codomyrmex/model_context_protocol/transport/server.py                     254     91    64%   110, 136, 161, 163, 189-201, 387, 394-395, 403, 434, 466, 490-514, 523-632, 636
src/codomyrmex/model_context_protocol/transport/web_ui.py                       4      0   100%
src/codomyrmex/model_context_protocol/validation.py                             2      0   100%
src/codomyrmex/model_context_protocol/validators/__init__.py                  162    131    19%   26, 35, 39-67, 71-90, 94-104, 117, 125-140, 147-165, 177-201, 205-241, 258-280, 289-290, 298-302
src/codomyrmex/model_context_protocol/version_registry.py                      69     17    75%   58, 103, 124, 132, 156-163, 172-176
src/codomyrmex/model_context_protocol/versioning.py                            85     14    84%   144, 161, 165-167, 174-187
src/codomyrmex/model_context_protocol/web_ui.py                                 1      0   100%
src/codomyrmex/model_ops/__init__.py                                          112     10    91%   23-25, 52-53, 77-78, 82-83, 299
src/codomyrmex/model_ops/datasets/__init__.py                                   1      0   100%
src/codomyrmex/model_ops/datasets/datasets.py                                  41     41     0%   3-59
src/codomyrmex/model_ops/evaluation/__init__.py                                30     22    27%   58-85
src/codomyrmex/model_ops/evaluation/benchmarks.py                             120     19    84%   17-19, 117, 126, 131-134, 152-160, 193, 198, 241, 333-334, 338
src/codomyrmex/model_ops/evaluation/evaluators.py                              19     19     0%   3-31
src/codomyrmex/model_ops/evaluation/metrics.py                                166     10    94%   99, 117, 130, 143, 167, 172, 181, 187, 195, 247
src/codomyrmex/model_ops/evaluation/quality.py                                187     18    90%   20-22, 88-89, 95, 102, 124-134, 229, 289, 321, 349, 401-402, 456
src/codomyrmex/model_ops/evaluation/scorers.py                                120      8    93%   17-19, 148, 187, 223, 249, 270
src/codomyrmex/model_ops/evaluators.py                                          2      2     0%   10-12
src/codomyrmex/model_ops/feature_store/__init__.py                             15      8    47%   31-33, 38-55
src/codomyrmex/model_ops/feature_store/models.py                               69      1    99%   47
src/codomyrmex/model_ops/feature_store/service.py                              52      5    90%   128, 138-142
src/codomyrmex/model_ops/feature_store/store.py                                46      6    87%   100, 112-114, 120, 128
src/codomyrmex/model_ops/fine_tuning/__init__.py                                1      0   100%
src/codomyrmex/model_ops/fine_tuning/fine_tuning.py                            18     18     0%   3-31
src/codomyrmex/model_ops/optimization/__init__.py                              13      4    69%   12-14, 30
src/codomyrmex/model_ops/optimization/batcher.py                               84     51    39%   60-65, 69-71, 75-77, 81-87, 91-97, 101-104, 108-122, 126-144
src/codomyrmex/model_ops/optimization/cache.py                                 33      1    97%   42
src/codomyrmex/model_ops/optimization/models.py                                50      0   100%
src/codomyrmex/model_ops/optimization/optimizer.py                             64      4    94%   57, 61, 67, 71
src/codomyrmex/model_ops/registry/__init__.py                                  11      4    64%   10-12, 32
src/codomyrmex/model_ops/registry/models.py                                    70      1    99%   99
src/codomyrmex/model_ops/registry/registry.py                                  81     13    84%   122, 129, 133-136, 153, 157, 179, 186, 190, 194, 204
src/codomyrmex/model_ops/registry/stores.py                                    43     13    70%   35-36, 40, 44-47, 51, 55-59
src/codomyrmex/model_ops/training/__init__.py                                   1      0   100%
src/codomyrmex/module_template/__init__.py                                      1      0   100%
src/codomyrmex/module_template/scaffold.py                                     54     54     0%   6-202
src/codomyrmex/networking/__init__.py                                          47     29    38%   13-15, 35-36, 43-56, 60-69
src/codomyrmex/networking/exceptions.py                                        83     63    24%   31-37, 58-64, 85-91, 114-123, 144-148, 169-175, 196-202, 223-229, 250-256
src/codomyrmex/networking/http_client.py                                       73      9    88%   16-22, 81, 155-156
src/codomyrmex/networking/raw_sockets.py                                       59      0   100%
src/codomyrmex/networking/service_mesh/__init__.py                             10      4    60%   27-29, 34
src/codomyrmex/networking/service_mesh/models.py                               34      1    97%   59
src/codomyrmex/networking/service_mesh/resilience.py                          154    105    32%   39-52, 56-64, 68-76, 80-91, 105-106, 110-112, 116-136, 140-142, 164-168, 172-180, 200-207, 212-219, 224-231
src/codomyrmex/networking/ssh_sftp.py                                          29     11    62%   23-30, 34-36, 40, 44-45, 48-49, 52
src/codomyrmex/networking/websocket_client.py                                  75     30    60%   15-16, 48, 60-85, 92-97, 103
src/codomyrmex/networks/__init__.py                                             2      0   100%
src/codomyrmex/networks/core.py                                               138     96    30%   57-61, 67-72, 76-83, 86, 106-117, 121, 135-137, 141-143, 153-167, 175-189, 193, 203-210, 214-216, 226-229, 235, 239, 244-248, 254, 274-279
src/codomyrmex/networks/graph.py                                               76      7    91%   22, 25-27, 94, 109, 124
src/codomyrmex/orchestrator/__init__.py                                        22      3    86%   21-23
src/codomyrmex/orchestrator/agent_circuit_breaker.py                            2      0   100%
src/codomyrmex/orchestrator/agent_supervisor.py                                77     13    83%   81, 85, 95-99, 112, 143, 162-164, 174
src/codomyrmex/orchestrator/async_runner.py                                     2      0   100%
src/codomyrmex/orchestrator/async_scheduler.py                                  2      0   100%
src/codomyrmex/orchestrator/config.py                                          47     18    62%   34-38, 43-47, 51, 65-66, 71, 76, 80-82
src/codomyrmex/orchestrator/core.py                                           146    133     9%   39-334
src/codomyrmex/orchestrator/discovery.py                                       30     22    27%   89-127
src/codomyrmex/orchestrator/engines/__init__.py                               200    126    37%   58-60, 79-86, 90-93, 98-129, 144-146, 149, 178, 185-219, 235-269, 283-284, 300-301, 308-369, 384-417, 424-425, 430-439
src/codomyrmex/orchestrator/exceptions.py                                      44     29    34%   43-49, 77-81, 108-114, 135-139, 164-168
src/codomyrmex/orchestrator/execution/__init__.py                               5      0   100%
src/codomyrmex/orchestrator/execution/async_runner.py                          84      2    98%   271-272
src/codomyrmex/orchestrator/execution/async_scheduler.py                      121      4    97%   106-109
src/codomyrmex/orchestrator/execution/parallel_runner.py                      115     39    66%   88-91, 114, 131-132, 148, 158-165, 171-182, 211-212, 219-221, 238, 261-277, 322-327
src/codomyrmex/orchestrator/execution/runner.py                               116     46    60%   14-15, 36-43, 101, 114-115, 117, 121-126, 134, 147, 167-177, 196-202, 249-252, 260-268
src/codomyrmex/orchestrator/failure_taxonomy.py                                 2      0   100%
src/codomyrmex/orchestrator/healing_log.py                                      2      0   100%
src/codomyrmex/orchestrator/heartbeat.py                                       60      6    90%   112-115, 123, 130-131
src/codomyrmex/orchestrator/integration.py                                    149     30    80%   67-73, 84-87, 91-95, 111-117, 164-170, 208, 220, 340, 387
src/codomyrmex/orchestrator/mcp_tools.py                                       35     30    14%   13-32, 45-78
src/codomyrmex/orchestrator/module_connector.py                                40      3    92%   69, 79, 89
src/codomyrmex/orchestrator/monitors/__init__.py                                1      0   100%
src/codomyrmex/orchestrator/observability/__init__.py                           3      0   100%
src/codomyrmex/orchestrator/observability/orchestrator_events.py               17      0   100%
src/codomyrmex/orchestrator/observability/reporting.py                        126     93    26%   40-73, 152-249
src/codomyrmex/orchestrator/orchestrator_events.py                              1      0   100%
src/codomyrmex/orchestrator/parallel_runner.py                                  2      0   100%
src/codomyrmex/orchestrator/pipelines/__init__.py                             193     12    94%   55-57, 78, 183-184, 275, 307, 316, 340, 386-391
src/codomyrmex/orchestrator/process_orchestrator.py                            92     14    85%   96, 144, 152-156, 168-172, 210-211, 223
src/codomyrmex/orchestrator/reporting.py                                        1      0   100%
src/codomyrmex/orchestrator/resilience/__init__.py                              7      0   100%
src/codomyrmex/orchestrator/resilience/agent_circuit_breaker.py                77      4    95%   118, 124, 137, 157
src/codomyrmex/orchestrator/resilience/failure_taxonomy.py                     48      0   100%
src/codomyrmex/orchestrator/resilience/healing_log.py                          54      2    96%   97, 107
src/codomyrmex/orchestrator/resilience/retry_engine.py                         52      5    90%   122-128
src/codomyrmex/orchestrator/resilience/retry_policy.py                        132     23    83%   53, 58, 111, 115, 121, 130-158
src/codomyrmex/orchestrator/resilience/self_healing.py                         54      0   100%
src/codomyrmex/orchestrator/retry_engine.py                                     2      0   100%
src/codomyrmex/orchestrator/retry_policy.py                                     1      0   100%
src/codomyrmex/orchestrator/runner.py                                           1      0   100%
src/codomyrmex/orchestrator/scheduler/__init__.py                              30     20    33%   12-14, 23-24, 28-47
src/codomyrmex/orchestrator/scheduler/advanced.py                             153     34    78%   76, 120-136, 202-234
src/codomyrmex/orchestrator/scheduler/models.py                                52     10    81%   48-52, 64-67, 71
src/codomyrmex/orchestrator/scheduler/scheduler.py                             91     26    71%   121-136, 140-149, 153-158, 164, 197
src/codomyrmex/orchestrator/scheduler/triggers.py                              85     28    67%   81, 86, 100-121, 125-142, 145, 152
src/codomyrmex/orchestrator/schedulers/__init__.py                              1      0   100%
src/codomyrmex/orchestrator/self_healing.py                                     2      0   100%
src/codomyrmex/orchestrator/state/__init__.py                                   2      0   100%
src/codomyrmex/orchestrator/templates/__init__.py                               2      0   100%
src/codomyrmex/orchestrator/thin.py                                           157      2    99%   291, 402
src/codomyrmex/orchestrator/triage_engine.py                                  102      2    98%   168-169
src/codomyrmex/orchestrator/triggers/__init__.py                                2      0   100%
src/codomyrmex/orchestrator/workflow.py                                       312     26    92%   97, 105-107, 182-183, 248-249, 301-302, 359, 374-375, 391-392, 402-403, 421-422, 446-447, 487-491, 518
src/codomyrmex/orchestrator/workflow_analytics.py                              58      2    97%   80, 105
src/codomyrmex/orchestrator/workflow_engine.py                                102      0   100%
src/codomyrmex/orchestrator/workflow_journal.py                                52      2    96%   145, 177
src/codomyrmex/orchestrator/workflow_templates.py                              27      0   100%
src/codomyrmex/orchestrator/workflows/__init__.py                               1      0   100%
src/codomyrmex/performance/__init__.py                                         52     32    38%   19-21, 43-63, 69-76, 80-85, 110-112
src/codomyrmex/performance/async_profiler.py                                    1      0   100%
src/codomyrmex/performance/benchmark.py                                         1      0   100%
src/codomyrmex/performance/benchmark_comparison.py                             33      4    88%   55, 72, 79, 92
src/codomyrmex/performance/benchmark_runner.py                                 63      2    97%   76, 114
src/codomyrmex/performance/cache_manager.py                                     1      0   100%
src/codomyrmex/performance/caching/__init__.py                                  2      0   100%
src/codomyrmex/performance/caching/cache_manager.py                           102      9    91%   79, 98-99, 121-122, 132-134, 156-158
src/codomyrmex/performance/lazy_loader.py                                       1      0   100%
src/codomyrmex/performance/load_tester.py                                      40      0   100%
src/codomyrmex/performance/mcp_tools.py                                        29     21    28%   12-17, 44-64, 85-98
src/codomyrmex/performance/memory_profiler.py                                  58      6    90%   71, 131, 138-140, 151
src/codomyrmex/performance/monitoring/__init__.py                              18     13    28%   33-50
src/codomyrmex/performance/monitoring/performance_monitor.py                  176     65    63%   19-21, 49-52, 56-62, 66-68, 72-74, 77-84, 117, 123, 180-182, 305-332, 342-345, 366-390
src/codomyrmex/performance/monitoring/resource_tracker.py                     173    119    31%   23-24, 29-31, 49, 79, 109-116, 126-139, 151-172, 176-212, 216-250, 266, 282-283, 287-288, 292, 305-323, 335-356, 387-426
src/codomyrmex/performance/optimization/__init__.py                             2      0   100%
src/codomyrmex/performance/optimization/lazy_loader.py                         51      1    98%   51
src/codomyrmex/performance/performance_monitor.py                               1      0   100%
src/codomyrmex/performance/profiling/__init__.py                                3      0   100%
src/codomyrmex/performance/profiling/async_profiler.py                        106     60    43%   48, 52, 56, 78-80, 84-109, 113-132, 136-139, 143-147, 158-163, 167, 171, 175, 179-180, 184-185
src/codomyrmex/performance/profiling/benchmark.py                             110     29    74%   22-23, 61, 102-105, 165-170, 191-192, 195, 199-202, 206-215, 219, 231
src/codomyrmex/performance/regression_detector.py                              83     20    76%   107-108, 112, 117, 136, 139, 155, 185-189, 193, 204-209, 213
src/codomyrmex/performance/resource_tracker.py                                  1      0   100%
src/codomyrmex/physical_management/__init__.py                                  6      0   100%
src/codomyrmex/physical_management/analytics.py                               284    212    25%   61-62, 66, 70-103, 119-133, 139-176, 180, 184-188, 192-194, 198-201, 207-209, 213-214, 232-238, 243-244, 253-257, 263-273, 277, 281-285, 295-299, 303, 307-311, 317-331, 335-359, 363-374, 378-409, 414-423, 433, 439-469, 475-496, 502-541
src/codomyrmex/physical_management/object_manager.py                          485    331    32%   88-99, 126-145, 149-155, 159-182, 210-211, 218, 222-223, 227-228, 232-234, 238-239, 245, 249-250, 254-258, 262-263, 267-271, 275, 279-280, 284-288, 292, 296-297, 301-307, 311, 315, 319, 346-356, 360-377, 381-386, 390, 394, 400-419, 423, 429, 440-450, 456-464, 470-498, 502-513, 519-520, 526-531, 540-551, 557-567, 571-576, 582-610, 614-648, 668-677, 681-691, 695-703, 707-723, 731-732, 749-761, 765-766, 772-777, 783, 787, 791, 795, 799-810, 821-827, 831-835, 841-874, 880-894, 900-901, 907-920
src/codomyrmex/physical_management/sensor_integration.py                      204    128    37%   56, 84-87, 91-92, 96, 100-113, 117-120, 129-137, 143-146, 152-157, 161-162, 166-170, 176-190, 194-204, 223-250, 254-271, 277-309, 326-372, 398, 403, 408, 419-422, 429-432
src/codomyrmex/physical_management/simulation_engine.py                       194    143    26%   19, 22, 25, 29, 33-36, 49-59, 78-81, 85, 89, 95-98, 109-115, 120-141, 146-167, 171-184, 188, 192-195, 199-202, 222-227, 231-237, 241, 247-263, 267-274, 278-281, 292-306, 310-348, 352-364, 368-386
src/codomyrmex/plugin_system/__init__.py                                       24     12    50%   25-27, 33-40, 43
src/codomyrmex/plugin_system/core/__init__.py                                   7      0   100%
src/codomyrmex/plugin_system/core/plugin_loader.py                            208     88    58%   19-21, 81, 92-94, 127-155, 181, 186-189, 203-218, 239, 293-294, 301, 308-312, 326-342, 373-377, 385, 401-404, 417-447, 459-460, 474-475, 488-489
src/codomyrmex/plugin_system/core/plugin_manager.py                           112     15    87%   15-17, 68-70, 72-73, 81, 92, 106, 122, 154-155, 176
src/codomyrmex/plugin_system/core/plugin_registry.py                          178      5    97%   105, 238, 253-255
src/codomyrmex/plugin_system/dependency_resolver.py                            98      8    92%   86-87, 91, 96, 125-126, 129, 212
src/codomyrmex/plugin_system/discovery.py                                      93     44    53%   126-129, 134-145, 168-213, 221-234
src/codomyrmex/plugin_system/enforcer.py                                        2      0   100%
src/codomyrmex/plugin_system/exceptions.py                                     52     35    33%   35-39, 64-68, 95-101, 126-130, 153-155, 180-184, 209-213
src/codomyrmex/plugin_system/mcp_tools.py                                      30     22    27%   12-17, 32-46, 61-80
src/codomyrmex/plugin_system/plugin_loader.py                                   2      0   100%
src/codomyrmex/plugin_system/plugin_manager.py                                  2      0   100%
src/codomyrmex/plugin_system/plugin_registry.py                                 2      0   100%
src/codomyrmex/plugin_system/plugin_validator.py                                2      0   100%
src/codomyrmex/plugin_system/validation/__init__.py                             3      0   100%
src/codomyrmex/plugin_system/validation/enforcer.py                            80     47    41%   87-132, 139, 147-160
src/codomyrmex/plugin_system/validation/plugin_validator.py                    91      9    90%   78, 120-123, 143-145, 151-152
src/codomyrmex/privacy/__init__.py                                             10      3    70%   12-14
src/codomyrmex/privacy/crumbs.py                                               25      0   100%
src/codomyrmex/privacy/mixnet.py                                               31      0   100%
src/codomyrmex/privacy/privacy.py                                             101    101     0%   10-269
src/codomyrmex/prompt_engineering/__init__.py                                  46     26    43%   51-54, 59-60, 75, 85, 99-101, 137-155
src/codomyrmex/prompt_engineering/evaluation.py                               126     10    92%   18-20, 89-91, 105, 132, 246, 271
src/codomyrmex/prompt_engineering/optimization.py                             119     13    89%   18-20, 58, 63, 121, 175-176, 181-182, 187, 301-306
src/codomyrmex/prompt_engineering/templates.py                                 90      6    93%   16-19, 238, 276
src/codomyrmex/prompt_engineering/testing/__init__.py                          12      4    67%   16-18, 23
src/codomyrmex/prompt_engineering/testing/evaluators.py                        96     42    56%   57, 74, 77-90, 97-98, 101-107, 114-115, 118, 121-126, 141, 145, 148-157
src/codomyrmex/prompt_engineering/testing/models.py                           128     38    70%   152, 157, 162-164, 168-170, 174-186, 199-213, 223-235
src/codomyrmex/prompt_engineering/testing/runner.py                            84      4    95%   228, 237-239
src/codomyrmex/prompt_engineering/versioning.py                               101     17    83%   17-19, 54, 71-72, 89, 92-94, 143, 187, 196-197, 216, 226, 303
src/codomyrmex/quantum/__init__.py                                             29     16    45%   18-20, 28-32, 36-43
src/codomyrmex/quantum/algorithms.py                                          101     76    25%   34, 49-59, 83-88, 99-113, 127-155, 161-173, 192-207
src/codomyrmex/quantum/circuit.py                                              44      0   100%
src/codomyrmex/quantum/models.py                                               55      0   100%
src/codomyrmex/quantum/simulator.py                                            77     11    86%   37-47, 121
src/codomyrmex/quantum/visualization.py                                        63      3    95%   51-53
src/codomyrmex/relations/__init__.py                                            4      0   100%
src/codomyrmex/relations/crm.py                                                 1      1     0%   9
src/codomyrmex/relations/crm/__init__.py                                        2      0   100%
src/codomyrmex/relations/crm/crm.py                                            79      0   100%
src/codomyrmex/relations/mcp_tools.py                                          24     18    25%   13-18, 41-65
src/codomyrmex/relations/network_analysis/__init__.py                           2      0   100%
src/codomyrmex/relations/network_analysis/graph.py                            125     98    22%   28-29, 40-47, 59-64, 77-108, 119-123, 139-159, 173-183, 187, 192, 197-198, 203, 221-225, 241-264, 273-277
src/codomyrmex/relations/social_media/__init__.py                               1      0   100%
src/codomyrmex/relations/strength_scoring.py                                  108     23    79%   114, 119, 127, 141, 148, 151-159, 196, 244-253, 257
src/codomyrmex/relations/uor/__init__.py                                        6      0   100%
src/codomyrmex/relations/uor/derivation.py                                     58     10    83%   144, 157, 161, 165, 169-172, 176, 190
src/codomyrmex/relations/uor/engine.py                                        199     26    87%   282, 284, 289, 294, 298, 300, 304, 306, 312, 316, 323, 330, 334, 342, 361, 363, 365, 367, 369, 371, 377, 381, 383, 389, 395, 397
src/codomyrmex/relations/uor/entities.py                                       78     20    74%   104, 108-109, 113-116, 125-128, 132-141, 192, 203
src/codomyrmex/relations/uor/graph.py                                          97      3    97%   34, 134, 189
src/codomyrmex/relations/uor/manager.py                                        70      0   100%
src/codomyrmex/relations/visualization.py                                      59     43    27%   49-61, 70-77, 86-93, 103-128, 133-139
src/codomyrmex/release/distribution.py                                         66      3    95%   133, 148, 163
src/codomyrmex/release/package_builder.py                                      60      2    97%   91, 105
src/codomyrmex/release/release_validator.py                                    88      5    94%   94, 168, 205-207
src/codomyrmex/scrape/__init__.py                                              14      3    79%   41-43
src/codomyrmex/scrape/config.py                                                53      1    98%   120
src/codomyrmex/scrape/content_extractor.py                                      1      0   100%
src/codomyrmex/scrape/core.py                                                  79      1    99%   105
src/codomyrmex/scrape/crawler.py                                                1      0   100%
src/codomyrmex/scrape/exceptions.py                                            81     26    68%   39, 66, 70, 83-85, 100-101, 108-109, 116, 123-124, 131-132, 148-156, 195-196
src/codomyrmex/scrape/extractors/__init__.py                                    4      0   100%
src/codomyrmex/scrape/extractors/content_extractor.py                          87     12    86%   104-106, 124-129, 139, 163, 165
src/codomyrmex/scrape/extractors/crawler.py                                   144     38    74%   133, 148, 182, 203-204, 210-213, 228-239, 254, 259-262, 266, 277-278, 282, 290-295, 309, 314-318
src/codomyrmex/scrape/extractors/scraper.py                                    87     22    75%   62, 64, 127-131, 155-159, 185-189, 227-231
src/codomyrmex/scrape/firecrawl/__init__.py                                     3      0   100%
src/codomyrmex/scrape/firecrawl/adapter.py                                    144     63    56%   60, 81-99, 121-143, 164-174, 198-220, 253-263, 286, 295, 303, 362, 383, 406, 432
src/codomyrmex/scrape/firecrawl/client.py                                      73     57    22%   51-54, 90-108, 146-161, 187-200, 236-248, 289-301
src/codomyrmex/scrape/mcp_tools.py                                             27     19    30%   12-17, 34-50, 67-72
src/codomyrmex/scrape/scraper.py                                                2      0   100%
src/codomyrmex/search/__init__.py                                              10      3    70%   10-12
src/codomyrmex/search/engine.py                                                83      5    94%   53, 75, 124, 128, 135
src/codomyrmex/search/hybrid.py                                                79     54    32%   31-37, 41-46, 50-57, 61-73, 77, 85-88, 93-94, 105-127
src/codomyrmex/search/mcp_tools.py                                             41     27    34%   13-18, 54-55, 74-94, 113-128
src/codomyrmex/search/models.py                                                80     40    50%   63-77, 82-86, 91-98, 113-135
src/codomyrmex/search/semantic.py                                             128      7    95%   49-50, 76-78, 86, 107
src/codomyrmex/security/__init__.py                                            66     31    53%   29-31, 79-80, 104-105, 127-128, 153-154, 285-311, 324-330
src/codomyrmex/security/ai_safety/__init__.py                                  36     21    42%   14-16, 21-23, 33-35, 44-63, 67
src/codomyrmex/security/audit/__init__.py                                     131     11    92%   130, 132, 146-147, 173, 182, 184, 186, 188, 201-202
src/codomyrmex/security/audit_trail.py                                         56      3    95%   107, 109, 117
src/codomyrmex/security/cognitive/__init__.py                                  51     25    51%   16-20, 29-33, 42-46, 55-59, 68-72
src/codomyrmex/security/cognitive/awareness_training.py                        61      3    95%   148-152
src/codomyrmex/security/cognitive/behavior_analysis.py                         70     20    71%   60, 62, 83-136
src/codomyrmex/security/cognitive/cognitive_threat_assessment.py               79     16    80%   50-58, 63-71, 76-84, 89-97, 127, 129, 131, 134, 141, 143, 145, 147
src/codomyrmex/security/cognitive/phishing_analyzer.py                         64      9    86%   36, 40, 54, 58, 62, 73-74, 81, 83
src/codomyrmex/security/cognitive/social_engineering_detector.py               47      1    98%   78
src/codomyrmex/security/compliance/__init__.py                                119      6    95%   50, 75, 110, 115, 226, 259
src/codomyrmex/security/compliance_report.py                                   66      2    97%   74, 92
src/codomyrmex/security/dashboard.py                                           40     12    70%   68, 81-100
src/codomyrmex/security/digital/__init__.py                                    91     35    62%   22, 35, 50-55, 63-66, 79-87, 96, 113-119, 128-131, 157, 174, 193, 200
src/codomyrmex/security/digital/certificate_validator.py                       67     61     9%   14-142
src/codomyrmex/security/digital/compliance_checker.py                          58     22    62%   59, 64, 77-95, 99-103, 109-119
src/codomyrmex/security/digital/encryption_manager.py                          50     28    44%   16-17, 39-43, 47-49, 53-56, 60, 69-89, 102-116
src/codomyrmex/security/digital/secrets_detector.py                            97     65    33%   33, 68-70, 74-78, 82-96, 100-113, 117-156, 160-167, 171-177, 183-189
src/codomyrmex/security/digital/security_analyzer.py                           93     17    82%   94-96, 127-128, 133-142, 155-156, 177-178
src/codomyrmex/security/digital/security_monitor.py                           180     73    59%   61, 121-126, 175-176, 188-196, 209-213, 220-228, 232-275, 282-285, 289-297, 301-307, 314, 318, 322, 337-341
src/codomyrmex/security/digital/security_reports.py                           123     80    35%   15-18, 42, 62-70, 75-85, 90, 94, 193-195, 199, 209-214, 223-238, 258-259, 271-275, 283-284, 292-301, 309, 313-316, 320-327, 331, 339-356, 366-372
src/codomyrmex/security/digital/vulnerability_scanner.py                      162     20    88%   68, 95, 132-137, 180-183, 193, 204-205, 211, 251-256, 263
src/codomyrmex/security/governance/__init__.py                                  4      0   100%
src/codomyrmex/security/governance/contracts.py                                93      6    94%   166-168, 176-178
src/codomyrmex/security/governance/dispute_resolution.py                       35     10    71%   30, 33-35, 38-43, 46
src/codomyrmex/security/governance/policy.py                                   57      2    96%   198-204
src/codomyrmex/security/governance/visualization.py                             7      4    43%   8-17
src/codomyrmex/security/mcp_tools.py                                           31     24    23%   16-25, 38-46, 59-67
src/codomyrmex/security/permissions.py                                         64      7    89%   72, 92, 108, 119, 125-127
src/codomyrmex/security/physical/__init__.py                                   53     27    49%   16-21, 31-36, 45-49, 58-62, 71-75
src/codomyrmex/security/physical/access_control.py                             68      2    97%   97, 101
src/codomyrmex/security/physical/asset_inventory.py                            86     23    73%   80-81, 96-104, 108-116, 120-127
src/codomyrmex/security/physical/perimeter_management.py                       59      5    92%   70-79, 102
src/codomyrmex/security/physical/physical_vulnerability.py                     68     21    69%   51-62, 66-86, 90-99, 103-115
src/codomyrmex/security/physical/surveillance.py                               53      9    83%   80-91, 95
src/codomyrmex/security/sbom.py                                               126     63    50%   82-83, 94-123, 127-148, 152-178, 187, 203, 210-213, 223, 231-235
src/codomyrmex/security/scanning/__init__.py                                  167     20    88%   60, 85, 104, 108, 162, 166, 286-287, 325-326, 355-357, 362, 366, 369, 376-380
src/codomyrmex/security/secret_scanner.py                                      52      3    94%   122, 128, 144
src/codomyrmex/security/secrets/__init__.py                                   181      7    96%   173, 252, 257-258, 283, 288, 292
src/codomyrmex/security/theory/__init__.py                                     92     61    34%   20-28, 42-51, 65-74, 90-101, 114-122, 137-147
src/codomyrmex/security/theory/architecture_patterns.py                        77     32    58%   363, 368, 384-385, 402-423, 449-478
src/codomyrmex/security/theory/best_practices.py                               81      9    89%   334, 339, 372-373, 381-382, 431, 444-451
src/codomyrmex/security/theory/frameworks.py                                   69     22    68%   222, 227, 243-244, 260-271, 304-321
src/codomyrmex/security/theory/principles.py                                   70     27    61%   39, 213, 218, 248, 250-267, 290-312
src/codomyrmex/security/theory/risk_assessment.py                             146     21    86%   102, 183, 204, 232-234, 247, 253, 255, 259, 282, 312, 409-416, 433-453
src/codomyrmex/security/theory/threat_modeling.py                             117     14    88%   143, 153, 200, 249-266, 372-393
src/codomyrmex/security/vulnerability_scanner.py                               72     38    47%   30, 52, 56, 67, 71-104, 108-129, 133-136, 140-146
src/codomyrmex/serialization/__init__.py                                       45     24    47%   13-15, 35-41, 45-58
src/codomyrmex/serialization/binary_formats.py                                 37      0   100%
src/codomyrmex/serialization/exceptions.py                                     60     42    30%   29-33, 54-61, 82-88, 107-111, 130-134, 153-157, 178-184, 205-207
src/codomyrmex/serialization/serialization_manager.py                          65     23    65%   64-65, 69, 95-104, 116-122, 134, 142-143, 149, 153, 157-160, 170
src/codomyrmex/serialization/serializer.py                                     96     10    90%   13-14, 75, 93, 99, 122, 141-142, 146-147
src/codomyrmex/serialization/streaming.py                                      71     71     0%   7-117
src/codomyrmex/simulation/__init__.py                                           2      0   100%
src/codomyrmex/simulation/agent.py                                             90     46    49%   48-49, 59, 64, 68, 92-93, 96, 113-114, 126, 129-135, 165-177, 182-183, 186-197, 201-210, 215, 219
src/codomyrmex/simulation/simulator.py                                         77      7    91%   77-79, 97-98, 108-109
src/codomyrmex/skills/__init__.py                                              42     24    43%   13-15, 38-44, 48-54, 103-110
src/codomyrmex/skills/arscontexta/__init__.py                                 353     45    87%   36-37, 53-54, 247, 250, 259, 277, 378-387, 457, 587, 592, 609, 612, 663, 667, 717, 727, 740-748, 751, 754, 765-766, 774-775, 779-780, 784-786, 790, 794, 798
src/codomyrmex/skills/composition/__init__.py                                  51     33    35%   15-17, 32-34, 38-57, 72-74, 78-82, 100-104, 122-126, 144
src/codomyrmex/skills/discovery/__init__.py                                   209     30    86%   48, 96, 158-159, 163, 173, 175, 177, 238-239, 249-252, 289, 295, 299, 351-356, 362-371
src/codomyrmex/skills/execution/__init__.py                                    56     38    32%   16-18, 36-37, 53-83, 100-107, 128-136, 140, 144
src/codomyrmex/skills/marketplace/__init__.py                                  36     22    39%   13-15, 31-38, 51-60, 73-76, 90, 101-102, 114-119
src/codomyrmex/skills/permissions/__init__.py                                  36     21    42%   13-15, 25, 38-39, 49-52, 65-69, 81, 91-92, 101-103
src/codomyrmex/skills/skill_loader.py                                         142     37    74%   12-13, 18-20, 60-61, 64-65, 71-72, 74-79, 120, 160-161, 178, 193-196, 202, 215-219, 234-239
src/codomyrmex/skills/skill_registry.py                                        86      6    93%   13, 18-20, 146-148
src/codomyrmex/skills/skill_sync.py                                            97     51    47%   13-51, 96-99, 115-117, 127-130, 145, 148-150, 170-209, 219, 230-232
src/codomyrmex/skills/skill_validator.py                                       75     17    77%   13-15, 20-22, 79, 83-84, 88-89, 108, 116-117, 132-133, 137
src/codomyrmex/skills/skills_manager.py                                        97     17    82%   13-15, 92-94, 109, 118, 149, 207-209, 221-223, 236, 254
src/codomyrmex/skills/testing/__init__.py                                      77     63    18%   14-16, 23-27, 30-40, 62-94, 106-126, 144-159
src/codomyrmex/skills/versioning/__init__.py                                   37     22    41%   14-16, 23-24, 32, 44-48, 64-76, 92, 102-106
src/codomyrmex/spatial/__init__.py                                             24     16    33%   9-11, 20-25, 29-35
src/codomyrmex/spatial/coordinates/__init__.py                                177     88    50%   30, 33, 36, 39, 43, 47-50, 54, 58, 66, 70, 75, 87-90, 95-101, 113-115, 120-122, 136-144, 149-157, 161-169, 173-181, 197, 202, 212, 222-223, 233-234, 244-245, 254-261, 265-272, 281, 286, 291, 296, 301, 306, 311, 316
src/codomyrmex/spatial/four_d/__init__.py                                      10      2    80%   11, 23
src/codomyrmex/spatial/physics/__init__.py                                      1      0   100%
src/codomyrmex/spatial/rendering/__init__.py                                    1      0   100%
src/codomyrmex/spatial/three_d/__init__.py                                      5      0   100%
src/codomyrmex/spatial/three_d/ar_vr_support.py                               107     56    48%   43, 53-56, 60-63, 67-69, 73, 79-82, 85, 88-91, 94, 98, 104-107, 117-122, 126, 130, 137-141, 150, 161-164, 168-170, 174-175, 188-190, 193, 199-200, 212
src/codomyrmex/spatial/three_d/engine_3d.py                                    57      9    84%   20, 24, 28, 51-55, 63, 67-70
src/codomyrmex/spatial/three_d/rendering_pipeline.py                           39     21    46%   16, 20, 29, 33-34, 43-44, 49-57, 61, 70-71, 83-87, 91, 97, 103
src/codomyrmex/spatial/world_models/__init__.py                                 7      3    57%   11-12, 16
src/codomyrmex/static_analysis/__init__.py                                      3      0   100%
src/codomyrmex/static_analysis/exports.py                                     113     99    12%   24-35, 47-75, 80-97, 105-122, 131-148, 156-160, 170-174, 184-213, 225-228
src/codomyrmex/static_analysis/imports.py                                      73     60    18%   47-55, 60-79, 84-113, 125-140
src/codomyrmex/system_discovery/__init__.py                                    13      3    77%   17-19
src/codomyrmex/system_discovery/capability_scanner.py                           2      0   100%
src/codomyrmex/system_discovery/context.py                                      2      0   100%
src/codomyrmex/system_discovery/core/__init__.py                                5      0   100%
src/codomyrmex/system_discovery/core/capability_scanner.py                    336    263    22%   26-28, 98, 110-130, 147-231, 239-287, 291-337, 341-346, 350-362, 366-372, 376, 388-420, 426-495, 499-511, 515-525, 529-544, 550-601, 607-678
src/codomyrmex/system_discovery/core/context.py                                17      3    82%   55-57
src/codomyrmex/system_discovery/core/discovery_engine.py                      471    393    17%   30-33, 102-117, 127-146, 158-174, 178, 182, 186-201, 207-255, 261-275, 281-335, 341-399, 403-424, 429-452, 457-476, 480-501, 505-506, 510-516, 520-535, 539-565, 572-588, 596-621, 625-647, 651-692, 700-768, 772-810, 814-880, 884-924
src/codomyrmex/system_discovery/discovery_engine.py                             2      0   100%
src/codomyrmex/system_discovery/health/__init__.py                              3      0   100%
src/codomyrmex/system_discovery/health/health_checker.py                      233    128    45%   14-16, 42-43, 150-153, 165-166, 174-183, 206-209, 226-227, 231-247, 251-264, 268-286, 290-308, 312-329, 333-353, 357-375, 380, 385, 390, 395-400, 404, 409-418, 424-433, 446-450
src/codomyrmex/system_discovery/health/health_reporter.py                     246    209    15%   17-19, 24-27, 48, 65-80, 100, 113-172, 176-179, 184-211, 226-233, 237-287, 291-347, 357-375, 388-441, 454-455, 469-470, 481-482
src/codomyrmex/system_discovery/health_checker.py                               2      0   100%
src/codomyrmex/system_discovery/health_reporter.py                              2      0   100%
src/codomyrmex/system_discovery/mcp_tools.py                                   35     22    37%   18-33, 59-60, 73-88
src/codomyrmex/system_discovery/profilers.py                                    2      0   100%
src/codomyrmex/system_discovery/reporting/__init__.py                           3      0   100%
src/codomyrmex/system_discovery/reporting/profilers.py                         27     11    59%   20, 35-43, 48
src/codomyrmex/system_discovery/reporting/status_reporter.py                  219    128    42%   24-26, 51-52, 56-66, 182-183, 213-214, 217, 244-245, 248, 261-262, 277-278, 293-294, 353-375, 379-390, 394-421, 425-455, 459-490, 494-502, 506-551, 555-576
src/codomyrmex/system_discovery/status_reporter.py                              2      0   100%
src/codomyrmex/telemetry/__init__.py                                           54     24    56%   13-15, 23-24, 36-38, 46-47, 51, 62-67, 71-77, 108
src/codomyrmex/telemetry/alert_evaluator.py                                    81      8    90%   109, 121, 135, 139, 171-174
src/codomyrmex/telemetry/alerting/__init__.py                                   2      0   100%
src/codomyrmex/telemetry/alerts.py                                             72      5    93%   89, 149-150, 156, 160
src/codomyrmex/telemetry/context/__init__.py                                    1      0   100%
src/codomyrmex/telemetry/context/trace_context.py                              49      7    86%   62, 66-67, 79-81, 90
src/codomyrmex/telemetry/dashboard/__init__.py                                178      5    97%   258-259, 293, 342, 353
src/codomyrmex/telemetry/dashboard/alerting.py                                 39     39     0%   7-93
src/codomyrmex/telemetry/dashboard/collector.py                                37     37     0%   7-90
src/codomyrmex/telemetry/dashboard/dashboard.py                                38     38     0%   7-99
src/codomyrmex/telemetry/dashboard/models.py                                   80     80     0%   7-145
src/codomyrmex/telemetry/dashboard/slo.py                                     116     20    83%   72, 141, 162, 190-198, 218-232
src/codomyrmex/telemetry/exporters/__init__.py                                180    128    29%   37-39, 42, 75, 78-84, 87, 94-95, 98-105, 108, 121-125, 129-170, 174-181, 185-199, 202-229, 232, 245-253, 257-273, 276-281, 284-298, 305, 308-314, 317-321, 329-339
src/codomyrmex/telemetry/exporters/otlp_exporter.py                             9      7    22%   7-25
src/codomyrmex/telemetry/metric_aggregator.py                                  43      5    88%   56, 82, 110-112
src/codomyrmex/telemetry/metrics/__init__.py                                  285     19    93%   85, 128, 187, 241, 351-354, 382-383, 456-459, 466-470
src/codomyrmex/telemetry/metrics/aggregator.py                                 83     33    60%   32-33, 37-43, 47, 50-52, 86-87, 95-97, 100, 103, 106, 110-115, 128, 139-140, 145-146, 149
src/codomyrmex/telemetry/metrics/prometheus_exporter.py                        21     19    10%   12-41
src/codomyrmex/telemetry/metrics/statsd_client.py                              18     15    17%   8-40
src/codomyrmex/telemetry/otel.py                                               67      2    97%   115, 147
src/codomyrmex/telemetry/pipeline.py                                           60      1    98%   73
src/codomyrmex/telemetry/sampling/__init__.py                                   2      0   100%
src/codomyrmex/telemetry/spans/__init__.py                                    170    102    40%   26, 36, 43, 59, 90-100, 104-105, 109-110, 114-115, 119-120, 128-132, 140-145, 149-151, 155-163, 168-170, 173, 195, 200, 211-212, 221-234, 244-260, 268-276, 283-284, 288-289, 293-294, 298-299, 303-304, 316-321, 325-331, 335-339, 343-344, 352-354
src/codomyrmex/telemetry/spans/span_processor.py                               12      3    75%   19-21
src/codomyrmex/telemetry/tracing/__init__.py                                  200     22    89%   122, 128, 133, 142-143, 188, 227-232, 236, 259, 263-264, 268, 397-398, 409-410, 463-464
src/codomyrmex/templating/__init__.py                                          69     42    39%   11-13, 21-22, 27-28, 32-34, 38-39, 47-52, 73-77, 92-97, 104-108, 112-122
src/codomyrmex/templating/context/__init__.py                                   1      0   100%
src/codomyrmex/templating/engines/__init__.py                                 260    218    16%   24-28, 32, 36, 39, 42, 67-70, 76-90, 93-106, 109-111, 122-141, 145-173, 177-213, 217-223, 227-242, 246-281, 286-306, 310-343, 346-348, 355, 358, 362-367, 371-411, 415-437, 441-455, 458-460, 468-478
src/codomyrmex/templating/engines/template_engine.py                           86     61    29%   32-33, 37-42, 53-55, 70-79, 93-110, 119, 130, 134-144, 148-158, 162-167, 171-175
src/codomyrmex/templating/filters/__init__.py                                   1      0   100%
src/codomyrmex/templating/loaders/__init__.py                                   1      0   100%
src/codomyrmex/templating/loaders/template_manager.py                          81     56    31%   36-38, 50-53, 58-62, 66-70, 74, 78, 84, 88, 108-122, 131, 143, 159-172, 182-189, 197, 203, 207
src/codomyrmex/terminal_interface/__init__.py                                  29     10    66%   15-16, 21-22, 26-28, 33-35
src/codomyrmex/terminal_interface/commands/__init__.py                          1      0   100%
src/codomyrmex/terminal_interface/completions/__init__.py                       1      0   100%
src/codomyrmex/terminal_interface/rendering/__init__.py                         1      0   100%
src/codomyrmex/terminal_interface/shells/__init__.py                          189    122    35%   44-56, 73, 76, 90-92, 102-149, 158-173, 177, 181, 188-192, 196-216, 220-228, 232-236, 240-251, 256-263, 267-279, 283, 290-294, 298-299, 303-307, 311-312, 316-317, 321-323, 327-328, 332-333, 337-349, 354-368
src/codomyrmex/terminal_interface/shells/interactive_shell.py                 408    363    11%   28-30, 56-84, 88, 92-93, 106-120, 124-154, 158-217, 228-280, 291-318, 322-345, 349-352, 356-391, 395-408, 412-438, 446-466, 476-517, 528-602, 612-619, 627-652, 660-670, 678, 682-683, 691-705, 713-722, 730-742, 752-754, 764-779, 783-790
src/codomyrmex/terminal_interface/utils/__init__.py                             1      0   100%
src/codomyrmex/terminal_interface/utils/terminal_utils.py                     199    136    32%   73-81, 140, 155-200, 206-234, 243, 264-349, 365-369, 373, 377-389, 393-416, 430-455
src/codomyrmex/testing/__init__.py                                             14      3    79%   14-16
src/codomyrmex/testing/chaos/__init__.py                                      152     82    46%   22-24, 55-56, 60-64, 68-71, 75-87, 91-92, 137-183, 203, 207-211, 215-220, 224, 233-238, 244-261
src/codomyrmex/testing/chaos/scenarios.py                                     127    127     0%   7-234
src/codomyrmex/testing/fixture_utils.py                                        73     43    41%   30-31, 41, 45-50, 54-64, 69-73, 81-82, 86-87, 91-92, 99-103, 108-127
src/codomyrmex/testing/fixtures/__init__.py                                   131      8    94%   100, 104, 122, 135-136, 196, 219, 231
src/codomyrmex/testing/fuzzing.py                                              58     34    41%   41-43, 51-64, 68-79, 88-94, 98-104, 108
src/codomyrmex/testing/generators/__init__.py                                 126      1    99%   256
src/codomyrmex/testing/property_testing.py                                     32      3    91%   47-49
src/codomyrmex/testing/strategies.py                                           47     18    62%   52-54, 57-58, 70-72, 75-76, 89-92, 95-96, 106, 109
src/codomyrmex/testing/workflow/__init__.py                                    11      4    64%   26-28, 33
src/codomyrmex/testing/workflow/executors.py                                   50      5    90%   46-47, 58-60
src/codomyrmex/testing/workflow/models.py                                      82      0   100%
src/codomyrmex/testing/workflow/runner.py                                      38      1    97%   105
src/codomyrmex/tool_use/__init__.py                                             5      0   100%
src/codomyrmex/tool_use/chains.py                                              94     11    88%   46, 73, 94, 97, 146, 171-172, 179, 219-220, 249
src/codomyrmex/tool_use/registry.py                                            89      4    96%   43, 230-232
src/codomyrmex/tool_use/validation.py                                          79      2    97%   65, 196
src/codomyrmex/utils/__init__.py                                               98      4    96%   89-90, 287-288
src/codomyrmex/utils/cli_helpers.py                                           238    118    50%   43-48, 91, 124, 182-189, 202-210, 222-242, 256-267, 322-324, 348, 380, 401-411, 434-445, 463, 476-479, 494-499, 509-512, 521, 539-570, 652-659
src/codomyrmex/utils/hashing.py                                                55     55     0%   7-97
src/codomyrmex/utils/i18n/__init__.py                                          39     23    41%   17-19, 34, 41-63
src/codomyrmex/utils/i18n/date_formatter.py                                    34      1    97%   42
src/codomyrmex/utils/i18n/formatters.py                                        29      0   100%
src/codomyrmex/utils/i18n/models.py                                            18      0   100%
src/codomyrmex/utils/i18n/translator.py                                        68      0   100%
src/codomyrmex/utils/integration.py                                           174     24    86%   77-83, 144, 160-176, 243-244
src/codomyrmex/utils/metrics.py                                               121      0   100%
src/codomyrmex/utils/refined.py                                                38      1    97%   36
src/codomyrmex/utils/retry.py                                                  60     60     0%   7-132
src/codomyrmex/utils/script_base.py                                           304    225    26%   56-74, 170-183, 187-268, 272, 293, 310-340, 344-355, 359-379, 383-396, 401-413, 417-420, 424-426, 430-434, 438-441, 445-448, 452, 456-476, 480-499, 525-609, 625-644, 659-662, 685-694
src/codomyrmex/utils/subprocess.py                                            308    255    17%   99-106, 110-118, 155, 160-165, 170-172, 176, 199-210, 226-235, 251-260, 275-284, 339-493, 537-638, 701-839, 891-935, 955-957, 977-983, 999-1001, 1017
src/codomyrmex/validation/__init__.py                                           2      0   100%
src/codomyrmex/validation/contextual.py                                       107     62    42%   29, 62-67, 80-85, 89, 95, 102-111, 116-124, 129-137, 142-164, 169-181, 186-195
src/codomyrmex/validation/examples_validator.py                               203    135    33%   15-16, 103, 108-111, 127-168, 172-197, 206-235, 239-255, 259-294, 298-324, 328-357, 383-390, 394-401, 406-466
src/codomyrmex/validation/exceptions.py                                        75     75     0%   8-255
src/codomyrmex/validation/pai.py                                               89     82     8%   15-19, 28-136
src/codomyrmex/validation/parser.py                                            14      0   100%
src/codomyrmex/validation/rules/__init__.py                                     2      0   100%
src/codomyrmex/validation/sanitizers/__init__.py                                2      0   100%
src/codomyrmex/validation/schemas/__init__.py                                   5      0   100%
src/codomyrmex/validation/schemas/code.py                                      82      0   100%
src/codomyrmex/validation/schemas/core.py                                      77      0   100%
src/codomyrmex/validation/schemas/infra.py                                    102      0   100%
src/codomyrmex/validation/summary.py                                           82     48    41%   35, 39, 64-67, 71-74, 82-86, 90-95, 113-119, 123-138, 143-146
src/codomyrmex/validation/validation_manager.py                                74     24    68%   68, 112, 118, 122-123, 134, 138-148, 154, 159-161, 165-168
src/codomyrmex/validation/validator.py                                        104      7    93%   119-120, 139, 142-143, 203, 205
src/codomyrmex/vector_store/__init__.py                                        22     13    41%   23-25, 33-36, 40-45
src/codomyrmex/vector_store/models.py                                          87     29    67%   29, 47, 51, 55-56, 60, 72, 86, 98, 105, 111-113, 118-120, 141-143, 158, 167-175
src/codomyrmex/vector_store/persistent.py                                     129      3    98%   97-98, 190
src/codomyrmex/vector_store/store.py                                          102     35    66%   64-71, 81-91, 103, 115, 134, 158, 166, 170, 183, 187, 191, 195-201, 208-211
src/codomyrmex/video/__init__.py                                               39     15    62%   49-51, 90-94, 100-102, 108-110, 178
src/codomyrmex/video/analysis/__init__.py                                       2      0   100%
src/codomyrmex/video/analysis/video_analyzer.py                               113     82    27%   19, 27, 60, 64-65, 78-90, 101-113, 117-144, 148-160, 174-175, 186-187, 198-199, 210-211, 222-223, 234-245, 256-282, 300-308, 332-333
src/codomyrmex/video/config.py                                                 78     33    58%   50-53, 58-63, 67-78, 82-83, 90, 101, 113, 122, 179, 181, 183, 185, 189
src/codomyrmex/video/exceptions.py                                             45      3    93%   186-188
src/codomyrmex/video/extraction/__init__.py                                     2      0   100%
src/codomyrmex/video/extraction/frame_extractor.py                            161    128    20%   23-25, 30-31, 40, 82-83, 87-92, 105-117, 136-143, 147-171, 175-190, 214-256, 272-282, 306-331, 354-391, 411-420
src/codomyrmex/video/models.py                                                106      4    96%   15-17, 104
src/codomyrmex/video/processing/__init__.py                                     2      0   100%
src/codomyrmex/video/processing/video_processor.py                            211    180    15%   28, 36-37, 78-79, 83-84, 102-114, 132-135, 157-204, 237-270, 299-334, 367-428, 457-517, 546-592, 621-669
src/codomyrmex/wallet/__init__.py                                              21      3    86%   25-27
src/codomyrmex/wallet/backup.py                                                 2      2     0%   3-4
src/codomyrmex/wallet/contracts/__init__.py                                    33     22    33%   25-27, 33-55
src/codomyrmex/wallet/contracts/builders.py                                    83     34    59%   37-45, 96-97, 100-101, 105-106, 110-121, 163-175
src/codomyrmex/wallet/contracts/contract.py                                    55     10    82%   35, 39, 43, 47-52, 55
src/codomyrmex/wallet/contracts/events.py                                      97     24    75%   32, 71-72, 85-86, 100, 118, 122-125, 129-132, 136-139, 143, 146, 150, 154-155
src/codomyrmex/wallet/contracts/models.py                                      50      0   100%
src/codomyrmex/wallet/contracts/registry.py                                    77     27    65%   74, 91-96, 100-104, 108-112, 116-120, 126, 130, 134, 138, 142
src/codomyrmex/wallet/contracts/utils.py                                       39     20    49%   19, 24-26, 40-41, 46-48, 53-54, 59, 72, 87-89, 102-110
src/codomyrmex/wallet/core.py                                                  71      3    96%   69, 114, 167
src/codomyrmex/wallet/encrypted_storage.py                                      1      0   100%
src/codomyrmex/wallet/exceptions.py                                            43     12    72%   30, 72-75, 91-93, 105-107, 117
src/codomyrmex/wallet/key_rotation.py                                           2      0   100%
src/codomyrmex/wallet/recovery.py                                               2      0   100%
src/codomyrmex/wallet/security/__init__.py                                      5      0   100%
src/codomyrmex/wallet/security/backup.py                                       60      3    95%   105-106, 134
src/codomyrmex/wallet/security/encrypted_storage.py                            84      2    98%   137-138
src/codomyrmex/wallet/security/key_rotation.py                                 69      4    94%   107-108, 139, 178
src/codomyrmex/wallet/security/recovery.py                                     71      0   100%
src/codomyrmex/wallet/wallet.py                                                41      0   100%
src/codomyrmex/website/__init__.py                                              6      0   100%
src/codomyrmex/website/accessibility/__init__.py                               13      4    69%   23-25, 30
src/codomyrmex/website/accessibility/checker.py                                31      1    97%   94
src/codomyrmex/website/accessibility/models.py                                 45      0   100%
src/codomyrmex/website/accessibility/reporters.py                              27      0   100%
src/codomyrmex/website/accessibility/utils.py                                  25      0   100%
src/codomyrmex/website/data_provider.py                                       655     95    85%   71, 74-75, 132, 194-196, 239-240, 259-262, 281-282, 299-301, 325-326, 351, 356, 451, 497-498, 521, 532, 536, 553-554, 626-630, 701-705, 743-744, 756-757, 832, 834, 836, 840-846, 861-864, 869-870, 885, 888, 893-894, 902-903, 930, 933, 938-939, 947-948, 982-983, 1015-1017, 1039-1040, 1049-1051, 1065-1066, 1121-1122, 1130-1131, 1134-1135, 1138-1139, 1142-1143, 1171-1172, 1180-1181, 1211-1212
src/codomyrmex/website/generator.py                                            41      2    95%   73-74
src/codomyrmex/website/server.py                                              491    106    78%   86-88, 158, 166, 174, 181-185, 191-192, 199-201, 207, 218, 228, 231-234, 240-241, 263-266, 274, 282, 288-289, 294, 297-298, 306, 312-313, 323-324, 334, 342, 348-349, 351-352, 401-408, 414-415, 422-424, 449, 469-478, 491, 499, 507, 513-514, 521-523, 529, 534-535, 578-593, 610-612, 621-622, 624-625, 629-631, 686-687, 696-697, 704-706, 722, 741-742, 752-753, 770-783
---------------------------------------------------------------------------------------------------------
TOTAL                                                                      106819  42157    61%
Coverage HTML written to dir htmlcov
Coverage JSON written to file coverage.json
{"timestamp": "2026-02-22T14:34:47.131352", "level": "DEBUG", "name": "codomyrmex.ide.antigravity.agent_relay", "message": "Appended message 6c28836e-8fc5-4622-bc63-2dcc7f283c40 at cursor 5", "module": "agent_relay", "function": "_append", "line": 191, "taskName": null}
{"timestamp": "2026-02-22T14:34:47.131352", "level": "DEBUG", "name": "codomyrmex.ide.antigravity.agent_relay", "message": "Appended message 6c28836e-8fc5-4622-bc63-2dcc7f283c40 at cursor 5", "module": "agent_relay", "function": "_append", "line": 191, "taskName": null}
2026-02-22 14:34:47,131 - codomyrmex.ide.antigravity.agent_relay - DEBUG - Appended message 6c28836e-8fc5-4622-bc63-2dcc7f283c40 at cursor 5
{"timestamp": "2026-02-22T14:34:47.134748", "level": "INFO", "name": "codomyrmex.ide.antigravity.agent_relay", "message": "[reviewer] posted chat: It seems like there are several aspects that could impact its feasibility, such ...", "module": "agent_relay", "function": "post_message", "line": 218, "taskName": null}
{"timestamp": "2026-02-22T14:34:47.134748", "level": "INFO", "name": "codomyrmex.ide.antigravity.agent_relay", "message": "[reviewer] posted chat: It seems like there are several aspects that could impact its feasibility, such ...", "module": "agent_relay", "function": "post_message", "line": 218, "taskName": null}
2026-02-22 14:34:47,134 - codomyrmex.ide.antigravity.agent_relay - INFO - [reviewer] posted chat: It seems like there are several aspects that could impact its feasibility, such ...
{"timestamp": "2026-02-22T14:34:47.134999", "level": "INFO", "name": "codomyrmex.agents.orchestrator", "message": "[Turn 4] [reviewer] (2.9s, ~75 tokens): It seems like there are several aspects that could impact its feasibility, such ...", "module": "orchestrator", "function": "_execute_turn", "line": 616, "taskName": null}
{"timestamp": "2026-02-22T14:34:47.134999", "level": "INFO", "name": "codomyrmex.agents.orchestrator", "message": "[Turn 4] [reviewer] (2.9s, ~75 tokens): It seems like there are several aspects that could impact its feasibility, such ...", "module": "orchestrator", "function": "_execute_turn", "line": 616, "taskName": null}
2026-02-22 14:34:47,134 - codomyrmex.agents.orchestrator - INFO - [Turn 4] [reviewer] (2.9s, ~75 tokens): It seems like there are several aspects that could impact its feasibility, such ...
{"timestamp": "2026-02-22T14:34:49.843199", "level": "DEBUG", "name": "codomyrmex.ide.antigravity.agent_relay", "message": "Appended message a780c914-a172-452a-9af5-e761f0b2bd21 at cursor 6", "module": "agent_relay", "function": "_append", "line": 191, "taskName": null}
{"timestamp": "2026-02-22T14:34:49.843199", "level": "DEBUG", "name": "codomyrmex.ide.antigravity.agent_relay", "message": "Appended message a780c914-a172-452a-9af5-e761f0b2bd21 at cursor 6", "module": "agent_relay", "function": "_append", "line": 191, "taskName": null}
2026-02-22 14:34:49,843 - codomyrmex.ide.antigravity.agent_relay - DEBUG - Appended message a780c914-a172-452a-9af5-e761f0b2bd21 at cursor 6
{"timestamp": "2026-02-22T14:34:49.850436", "level": "INFO", "name": "codomyrmex.ide.antigravity.agent_relay", "message": "[architect] posted chat: [architect]: Our detailed budget breakdown includes contingencies and potential ...", "module": "agent_relay", "function": "post_message", "line": 218, "taskName": null}
{"timestamp": "2026-02-22T14:34:49.850436", "level": "INFO", "name": "codomyrmex.ide.antigravity.agent_relay", "message": "[architect] posted chat: [architect]: Our detailed budget breakdown includes contingencies and potential ...", "module": "agent_relay", "function": "post_message", "line": 218, "taskName": null}
2026-02-22 14:34:49,850 - codomyrmex.ide.antigravity.agent_relay - INFO - [architect] posted chat: [architect]: Our detailed budget breakdown includes contingencies and potential ...
{"timestamp": "2026-02-22T14:34:49.858906", "level": "INFO", "name": "codomyrmex.agents.orchestrator", "message": "[Turn 5] [architect] (2.7s, ~39 tokens): [architect]: Our detailed budget breakdown includes contingencies and potential ...", "module": "orchestrator", "function": "_execute_turn", "line": 616, "taskName": null}
{"timestamp": "2026-02-22T14:34:49.858906", "level": "INFO", "name": "codomyrmex.agents.orchestrator", "message": "[Turn 5] [architect] (2.7s, ~39 tokens): [architect]: Our detailed budget breakdown includes contingencies and potential ...", "module": "orchestrator", "function": "_execute_turn", "line": 616, "taskName": null}
2026-02-22 14:34:49,858 - codomyrmex.agents.orchestrator - INFO - [Turn 5] [architect] (2.7s, ~39 tokens): [architect]: Our detailed budget breakdown includes contingencies and potential ...
{"timestamp": "2026-02-22T14:34:56.062330", "level": "DEBUG", "name": "codomyrmex.ide.antigravity.agent_relay", "message": "Appended message 933e1f79-439a-47c7-a736-9d9126435753 at cursor 7", "module": "agent_relay", "function": "_append", "line": 191, "taskName": null}
{"timestamp": "2026-02-22T14:34:56.062330", "level": "DEBUG", "name": "codomyrmex.ide.antigravity.agent_relay", "message": "Appended message 933e1f79-439a-47c7-a736-9d9126435753 at cursor 7", "module": "agent_relay", "function": "_append", "line": 191, "taskName": null}
2026-02-22 14:34:56,062 - codomyrmex.ide.antigravity.agent_relay - DEBUG - Appended message 933e1f79-439a-47c7-a736-9d9126435753 at cursor 7
{"timestamp": "2026-02-22T14:34:56.074093", "level": "INFO", "name": "codomyrmex.ide.antigravity.agent_relay", "message": "[reviewer] posted chat: You're interested in the construction cost estimate. Let me provide a rough brea...", "module": "agent_relay", "function": "post_message", "line": 218, "taskName": null}
{"timestamp": "2026-02-22T14:34:56.074093", "level": "INFO", "name": "codomyrmex.ide.antigravity.agent_relay", "message": "[reviewer] posted chat: You're interested in the construction cost estimate. Let me provide a rough brea...", "module": "agent_relay", "function": "post_message", "line": 218, "taskName": null}
2026-02-22 14:34:56,074 - codomyrmex.ide.antigravity.agent_relay - INFO - [reviewer] posted chat: You're interested in the construction cost estimate. Let me provide a rough brea...
{"timestamp": "2026-02-22T14:34:56.074418", "level": "INFO", "name": "codomyrmex.agents.orchestrator", "message": "[Turn 6] [reviewer] (6.2s, ~134 tokens): You're interested in the construction cost estimate. Let me provide a rough brea...", "module": "orchestrator", "function": "_execute_turn", "line": 616, "taskName": null}
{"timestamp": "2026-02-22T14:34:56.074418", "level": "INFO", "name": "codomyrmex.agents.orchestrator", "message": "[Turn 6] [reviewer] (6.2s, ~134 tokens): You're interested in the construction cost estimate. Let me provide a rough brea...", "module": "orchestrator", "function": "_execute_turn", "line": 616, "taskName": null}
2026-02-22 14:34:56,074 - codomyrmex.agents.orchestrator - INFO - [Turn 6] [reviewer] (6.2s, ~134 tokens): You're interested in the construction cost estimate. Let me provide a rough brea...
{"timestamp": "2026-02-22T14:34:56.074598", "level": "INFO", "name": "codomyrmex.agents.orchestrator", "message": "[Orchestrator] Conversation ended \u2014 6 turns, 3 rounds", "module": "orchestrator", "function": "_run_loop", "line": 413, "taskName": null}
{"timestamp": "2026-02-22T14:34:56.074598", "level": "INFO", "name": "codomyrmex.agents.orchestrator", "message": "[Orchestrator] Conversation ended \u2014 6 turns, 3 rounds", "module": "orchestrator", "function": "_run_loop", "line": 413, "taskName": null}
2026-02-22 14:34:56,074 - codomyrmex.agents.orchestrator - INFO - [Orchestrator] Conversation ended — 6 turns, 3 rounds

---------------------------------------------------------------------------------------------------------- benchmark: 13 tests ----------------------------------------------------------------------------------------------------------
Name (time in ns)                           Min                       Max                    Mean                  StdDev                  Median                     IQR            Outliers  OPS (Kops/s)            Rounds  Iterations
-----------------------------------------------------------------------------------------------------------------------------------------------------------------------------------------------------------------------------------------
test_sync_no_retry_overhead             84.0000 (1.0)            291.0001 (1.0)          157.3720 (1.0)           25.0044 (1.07)         166.0001 (1.0)           41.9996 (1.0)         177;5    6,354.3707 (1.0)         500           1
test_on_tool_call_end_overhead         250.0001 (2.98)         5,957.9997 (20.47)        348.3330 (2.21)         179.7106 (7.68)         333.0006 (2.01)          41.9996 (1.0)          3;10    2,870.8162 (0.45)       1000           1
test_validation_empty_schema           290.9992 (3.46)           457.9997 (1.57)         341.9200 (2.17)          27.0886 (1.16)         333.9992 (2.01)          41.9996 (1.0)          73;1    2,924.6610 (0.46)        200           1
test_tool_registration_speed           374.9992 (4.46)           459.0001 (1.58)         408.6299 (2.60)          23.3950 (1.0)          416.0001 (2.51)          41.9996 (1.0)          35;0    2,447.2020 (0.39)        100           1
test_validation_overhead             9,249.9995 (110.12)      53,542.0004 (183.99)     9,878.3400 (62.77)      3,117.5554 (133.26)     9,624.9996 (57.98)        187.5001 (4.46)          1;9      101.2316 (0.02)        200           1
test_server_creation_speed          11,792.0008 (140.38)      18,624.9999 (64.00)     12,680.8201 (80.58)      1,223.2125 (52.29)     12,250.0005 (73.80)        748.9998 (17.83)         5;5       78.8593 (0.01)         50           1
test_get_metrics_overhead           19,166.9997 (228.18)      24,791.9997 (85.20)     19,744.5800 (125.46)       623.1577 (26.64)     19,582.9998 (117.97)       353.5006 (8.42)          9;9       50.6468 (0.01)        200           1
test_async_no_retry_overhead        27,500.0002 (327.38)      55,292.0001 (190.01)    32,630.0600 (207.34)     6,089.3960 (260.29)    30,374.9998 (182.98)     6,062.0005 (144.33)       17;8       30.6466 (0.00)        100           1
test_module_import_time            111,250.0004 (>1000.0)  1,476,625.0006 (>1000.0)  231,756.3785 (>1000.0)  221,029.1757 (>1000.0)  140,332.9998 (845.38)    38,510.7503 (916.93)     99;160        4.3149 (0.00)        811           1
test_runner_10_noop_tasks          123,709.0000 (>1000.0)    201,916.9997 (693.87)   147,341.7000 (936.26)    23,975.2822 (>1000.0)  137,500.4999 (828.32)    14,145.9991 (336.81)        3;3        6.7869 (0.00)         20           1
test_scheduler_10_jobs             135,959.0005 (>1000.0)    255,625.0001 (878.44)   166,554.3002 (>1000.0)   32,127.6727 (>1000.0)  154,542.0005 (930.98)    35,937.5003 (855.66)        3;1        6.0040 (0.00)         20           1
test_runner_100_noop_tasks         401,125.0003 (>1000.0)    629,375.0002 (>1000.0)  457,041.7002 (>1000.0)   67,433.2917 (>1000.0)  446,083.5003 (>1000.0)   50,957.9995 (>1000.0)       1;1        2.1880 (0.00)         10           1
test_scheduler_100_jobs            762,333.0002 (>1000.0)  1,194,665.9997 (>1000.0)  957,266.3997 (>1000.0)  169,478.6570 (>1000.0)  954,874.9995 (>1000.0)  257,051.2502 (>1000.0)       2;0        1.0446 (0.00)          5           1
-----------------------------------------------------------------------------------------------------------------------------------------------------------------------------------------------------------------------------------------

Legend:
  Outliers: 1 Standard Deviation from Mean; 1.5 IQR (InterQuartile Range) from 1st Quartile and 3rd Quartile.
  OPS: Operations Per Second, computed as 1 / Mean
=========================== short test summary info ============================
FAILED src/codomyrmex/tests/unit/agents/test_cli_orchestration.py::TestGeminiCommands::test_gemini_check_availability
FAILED src/codomyrmex/tests/unit/agents/test_cli_orchestration.py::TestGeminiCommands::test_gemini_chat_operations
FAILED src/codomyrmex/tests/unit/website/unit/test_server.py::TestAgentDispatchStopEndpoint::test_no_active_dispatch_returns_200
FAILED src/codomyrmex/tests/unit/website/unit/test_server.py::TestAgentDispatchStopEndpoint::test_stop_clears_orch
= 4 failed, 9699 passed, 161 skipped, 4 xfailed, 3 xpassed, 189 warnings, 17 subtests passed in 634.59s (0:10:34) =
